Microchip MPLAB XC8 Compiler V2.10 ()

Linker command line:

-W-3 --edf=/Applications/microchip/xc8/v2.10/pic/dat/en_msgs.txt -cs \
  -h+dist/default/production/WeatherStation_g8.x.production.sym \
  --cmf=dist/default/production/WeatherStation_g8.x.production.cmf -z \
  -Q16F18875 -o/tmp/xcBWveJaI --defsym=__MPLAB_BUILD=1 \
  -Mdist/default/production/WeatherStation_g8.x.production.map -E1 -ver=XC8 \
  --acfsm=1493 -ASTACK=02046h-023EFh -pstack=STACK -ACODE=00h-07FFhx4 \
  -ASTRCODE=00h-01FFFh -ASTRING=00h-0FFhx32 -ACONST=00h-0FFhx32 \
  -AENTRY=00h-0FFhx32 -ACOMMON=070h-07Fh -ABANK0=020h-06Fh \
  -ABANK1=0A0h-0EFh -ABANK2=0120h-016Fh -ABANK3=01A0h-01EFh \
  -ABANK4=0220h-026Fh -ABANK5=02A0h-02EFh -ABANK6=0320h-036Fh \
  -ABANK7=03A0h-03EFh -ABANK8=0420h-046Fh -ABANK9=04A0h-04EFh \
  -ABANK10=0520h-056Fh -ABANK11=05A0h-05EFh -ABANK12=0620h-064Fh \
  -ABIGRAM=02000h-023EFh \
  -ARAM=020h-06Fh,0A0h-0EFh,0120h-016Fh,01A0h-01EFh,0220h-026Fh,02A0h-02EFh,0320h-036Fh,03A0h-03EFh,0420h-046Fh,04A0h-04EFh,0520h-056Fh,05A0h-05EFh,0620h-064Fh \
  -AABS1=020h-07Fh,0A0h-0EFh,0120h-016Fh,01A0h-01EFh,0220h-026Fh,02A0h-02EFh,0320h-036Fh,03A0h-03EFh,0420h-046Fh,04A0h-04EFh,0520h-056Fh,05A0h-05EFh,0620h-064Fh \
  -ASFR0=00h-01Fh -ASFR1=080h-09Fh -ASFR2=0100h-011Fh -ASFR3=0180h-019Fh \
  -ASFR4=0200h-021Fh -ASFR5=0280h-029Fh -ASFR6=0300h-031Fh \
  -ASFR7=0380h-039Fh -ASFR8=0400h-041Fh -ASFR9=0480h-049Fh \
  -ASFR10=0500h-051Fh -ASFR11=0580h-059Fh -ASFR12=0600h-061Fh \
  -ASFR13=0680h-06EFh -ASFR14=0700h-076Fh -ASFR15=0780h-07EFh \
  -ASFR16=0800h-086Fh -ASFR17=0880h-08EFh -ASFR18=0900h-096Fh \
  -ASFR19=0980h-09EFh -ASFR20=0A00h-0A6Fh -ASFR21=0A80h-0AEFh \
  -ASFR22=0B00h-0B6Fh -ASFR23=0B80h-0BEFh -ASFR24=0C00h-0C6Fh \
  -ASFR25=0C80h-0CEFh -ASFR26=0D00h-0D6Fh -ASFR27=0D80h-0DEFh \
  -ASFR28=0E00h-0E6Fh -ASFR29=0E80h-0EEFh -ASFR30=0F00h-0F6Fh \
  -ASFR31=0F80h-0FEFh -preset_vec=00h,intentry=04h,init,end_init \
  -ppowerup=CODE -pcinit=CODE -pfunctab=ENTRY -ACONFIG=08007h-0800Bh \
  -pconfig=CONFIG -DCONFIG=2 -AIDLOC=08000h-08003h -pidloc=IDLOC -DIDLOC=2 \
  -AEEDATA=00h-0FFh/0F000h -peeprom_data=EEDATA -DEEDATA=2 -DCODE=2 \
  -DSTRCODE=2 -DSTRING=2 -DCONST=2 -DENTRY=2 -k /tmp/xcME48pd3.o \
  dist/default/production/WeatherStation_g8.x.production.o 

Object code version is 3.11

Machine type is 16F18875



                Name                               Link     Load   Length Selector   Space Scale
/tmp/xcME48pd3.o
                end_init                             37       37        2        8       0
                reset_vec                             0        0        2        0       0
                config                             8007     8007        5    1000E       0
dist/default/production/WeatherStation_g8.x.production.o
                cinit                                39       39       1D        8       0
                intentry                              4        4       33        8       0
                text73                              ED4      ED4        F     1DA8       0
                text72                              E12      E12        7     1C24       0
                text71                              EE3      EE3        F     1DC6       0
                text70                              DE6      DE6        1     1BCC       0
                text69                              E9F      E9F        D     1D3E       0
                text68                              DFA      DFA        6     1BF4       0
                text67                              F40      F40       11     1E80       0
                text66                              3D0      3D0       5C        8       0
                text65                              DE7      DE7        1     1BCE       0
                text64                              4CB      4CB       49        8       0
                text63                              FB6      FB6       17     1F6C       0
                text61                              F8A      F8A       16     1F14       0
                text60                              F10      F10       10     1E20       0
                text59                              DE8      DE8        3     1BD0       0
                text58                              DF1      DF1        4     1BE2       0
                text57                              734      734       22        8       0
                text56                              5A0      5A0       43        8       0
                text55                              EF2      EF2        F     1DE4       0
                text54                              E19      E19        7     1C32       0
                text53                              DEB      DEB        3     1BD6       0
                text52                              DEE      DEE        3     1BDC       0
                text51                              E7B      E7B        C     1CF6       0
                text50                              7B2      7B2       1E        8       0
                text49                              794      794       1E        8       0
                text48                              6E4      6E4       2A        8       0
                text47                              E87      E87        C     1D0E       0
                text46                              756      756       20        8       0
                text45                              6B6      6B6       2E        8       0
                text44                              F20      F20       10     1E40       0
                text43                              314      314       60        8       0
                text42                              42C      42C       54        8       0
                text41                              F75      F75       15     1EEA       0
                text40                              FE6      FE6       1A     1FCC       0
                text39                              E71      E71        A     1CE2       0
                text38                              145      145       B5        8       0
                text37                              688      688       2E        8       0
                text36                              F51      F51       12     1EA2       0
                text35                              65A      65A       2E        8       0
                text34                              374      374       5C        8       0
                text33                              625      625       35        8       0
                text32                              E00      E00        6     1C00       0
                text31                              5E3      5E3       42        8       0
                text30                              F63      F63       12     1EC6       0
                text29                              F30      F30       10     1E60       0
                text28                              7D0      7D0       1A        8       0
                text27                              480      480       4B        8       0
                text26                                2        2        2        0       0
                text25                              FA0      FA0       16     1F40       0
                text24                              E06      E06        6     1C0C       0
                text23                              EAC      EAC        D     1D58       0
                text22                              E68      E68        9     1CD0       0
                text21                              514      514       47        8       0
                text20                              E20      E20        8     1C40       0
                text19                              EB9      EB9        D     1D72       0
                text18                              776      776       1E        8       0
                text17                              EC6      EC6        E     1D8C       0
                text16                              FCD      FCD       19     1F9A       0
                text15                              E93      E93        C     1D26       0
                text14                              298      298       7C        8       0
                text13                              70E      70E       26        8       0
                text12                              E28      E28        8     1C50       0
                text11                              E30      E30        8     1C60       0
                text10                              E38      E38        8     1C70       0
                text9                               E40      E40        8     1C80       0
                text8                               E48      E48        8     1C90       0
                text7                               E50      E50        8     1CA0       0
                text6                               E58      E58        8     1CB0       0
                text5                               E60      E60        8     1CC0       0
                text4                               F01      F01        F     1E02       0
                text3                               55B      55B       45        8       0
                text2                               1FA      1FA       9E        8       0
                text1                               7EA      7EA       16        8       0
                maintext                             56       56       EF        8       0
                cstackBANK0                          20       20       23       20       1
                cstackCOMMON                         70       70        8       70       1
                clrtext                             E0C      E0C        6     1C18       0
                dataBANK0                            61       61        5       20       1
                bssBANK0                             43       43       18       20       1
                bssCOMMON                            78       78        3       70       1
                nvBANK0                              5B       5B        6       20       1
                idataBANK0                          DF5      DF5        5     1BEA       0

TOTAL           Name                               Link     Load   Length     Space
        CLASS   STACK          

        CLASS   CODE           
                end_init                             37       37        2         0
                cinit                                39       39       1D         0
                intentry                              4        4       33         0
                reset_vec                             0        0        2         0
                text73                              ED4      ED4        F         0
                text72                              E12      E12        7         0
                text71                              EE3      EE3        F         0
                text70                              DE6      DE6        1         0
                text69                              E9F      E9F        D         0
                text68                              DFA      DFA        6         0
                text67                              F40      F40       11         0
                text66                              3D0      3D0       5C         0
                text65                              DE7      DE7        1         0
                text64                              4CB      4CB       49         0
                text63                              FB6      FB6       17         0
                text61                              F8A      F8A       16         0
                text60                              F10      F10       10         0
                text59                              DE8      DE8        3         0
                text58                              DF1      DF1        4         0
                text57                              734      734       22         0
                text56                              5A0      5A0       43         0
                text55                              EF2      EF2        F         0
                text54                              E19      E19        7         0
                text53                              DEB      DEB        3         0
                text52                              DEE      DEE        3         0
                text51                              E7B      E7B        C         0
                text50                              7B2      7B2       1E         0
                text49                              794      794       1E         0
                text48                              6E4      6E4       2A         0
                text47                              E87      E87        C         0
                text46                              756      756       20         0
                text45                              6B6      6B6       2E         0
                text44                              F20      F20       10         0
                text43                              314      314       60         0
                text42                              42C      42C       54         0
                text41                              F75      F75       15         0
                text40                              FE6      FE6       1A         0
                text39                              E71      E71        A         0
                text38                              145      145       B5         0
                text37                              688      688       2E         0
                text36                              F51      F51       12         0
                text35                              65A      65A       2E         0
                text34                              374      374       5C         0
                text33                              625      625       35         0
                text32                              E00      E00        6         0
                text31                              5E3      5E3       42         0
                text30                              F63      F63       12         0
                text29                              F30      F30       10         0
                text28                              7D0      7D0       1A         0
                text27                              480      480       4B         0
                text26                                2        2        2         0
                text25                              FA0      FA0       16         0
                text24                              E06      E06        6         0
                text23                              EAC      EAC        D         0
                text22                              E68      E68        9         0
                text21                              514      514       47         0
                text20                              E20      E20        8         0
                text19                              EB9      EB9        D         0
                text18                              776      776       1E         0
                text17                              EC6      EC6        E         0
                text16                              FCD      FCD       19         0
                text15                              E93      E93        C         0
                text14                              298      298       7C         0
                text13                              70E      70E       26         0
                text12                              E28      E28        8         0
                text11                              E30      E30        8         0
                text10                              E38      E38        8         0
                text9                               E40      E40        8         0
                text8                               E48      E48        8         0
                text7                               E50      E50        8         0
                text6                               E58      E58        8         0
                text5                               E60      E60        8         0
                text4                               F01      F01        F         0
                text3                               55B      55B       45         0
                text2                               1FA      1FA       9E         0
                text1                               7EA      7EA       16         0
                maintext                             56       56       EF         0
                clrtext                             E0C      E0C        6         0
                idataBANK0                          DF5      DF5        5         0

        CLASS   STRCODE        

        CLASS   STRING         

        CLASS   CONST          

        CLASS   ENTRY          

        CLASS   COMMON         
                cstackCOMMON                         70       70        8         1
                bssCOMMON                            78       78        3         1

        CLASS   BANK0          
                cstackBANK0                          20       20       23         1
                dataBANK0                            61       61        5         1
                bssBANK0                             43       43       18         1
                nvBANK0                              5B       5B        6         1

        CLASS   BANK1          

        CLASS   BANK2          

        CLASS   BANK3          

        CLASS   BANK4          

        CLASS   BANK5          

        CLASS   BANK6          

        CLASS   BANK7          

        CLASS   BANK8          

        CLASS   BANK9          

        CLASS   BANK10         

        CLASS   BANK11         

        CLASS   BANK12         

        CLASS   BIGRAM         

        CLASS   RAM            

        CLASS   ABS1           
                abs_s1                               7E       7E        2         1

        CLASS   SFR0           

        CLASS   SFR1           

        CLASS   SFR2           

        CLASS   SFR3           

        CLASS   SFR4           

        CLASS   SFR5           

        CLASS   SFR6           

        CLASS   SFR7           

        CLASS   SFR8           

        CLASS   SFR9           

        CLASS   SFR10          

        CLASS   SFR11          

        CLASS   SFR12          

        CLASS   SFR13          

        CLASS   SFR14          

        CLASS   SFR15          

        CLASS   SFR16          

        CLASS   SFR17          

        CLASS   SFR18          

        CLASS   SFR19          

        CLASS   SFR20          

        CLASS   SFR21          

        CLASS   SFR22          

        CLASS   SFR23          

        CLASS   SFR24          

        CLASS   SFR25          

        CLASS   SFR26          

        CLASS   SFR27          

        CLASS   SFR28          

        CLASS   SFR29          

        CLASS   SFR30          

        CLASS   SFR31          

        CLASS   CONFIG         
                config                             8007     8007        5         0

        CLASS   IDLOC          

        CLASS   EEDATA         

        CLASS   BANK31         

        CLASS   BANK30         

        CLASS   BANK29         

        CLASS   BANK28         

        CLASS   BANK27         

        CLASS   BANK26         

        CLASS   BANK25         

        CLASS   BANK24         

        CLASS   BANK23         

        CLASS   BANK22         

        CLASS   BANK21         

        CLASS   BANK20         

        CLASS   BANK19         

        CLASS   BANK18         

        CLASS   BANK17         

        CLASS   BANK16         

        CLASS   BANK15         

        CLASS   BANK14         

        CLASS   BANK13         



SEGMENTS        Name                           Load    Length   Top    Selector   Space  Class     Delta

                text10                         000E38  000008  000E40      1C70       0  CODE        2
                text7                          000E50  000008  000E58      1CA0       0  CODE        2
                text6                          000E58  000008  000E60      1CB0       0  CODE        2
                text9                          000E40  000008  000E48      1C80       0  CODE        2
                text8                          000E48  000008  000E50      1C90       0  CODE        2
                text20                         000E20  000008  000E28      1C40       0  CODE        2
                reset_vec                      000000  000004  000004         0       0  CODE        2
                text11                         000E30  000008  000E38      1C60       0  CODE        2
                text12                         000E28  000008  000E30      1C50       0  CODE        2
                text5                          000E60  000008  000E68      1CC0       0  CODE        2
                text39                         000E71  00000A  000E7B      1CE2       0  CODE        2
                text22                         000E68  000009  000E71      1CD0       0  CODE        2
                text54                         000E19  000007  000E20      1C32       0  CODE        2
                clrtext                        000E0C  000006  000E12      1C18       0  CODE        2
                text32                         000E00  000006  000E06      1C00       0  CODE        2
                text24                         000E06  000006  000E0C      1C0C       0  CODE        2
                text72                         000E12  000007  000E19      1C24       0  CODE        2
                text69                         000E9F  00000D  000EAC      1D3E       0  CODE        2
                text23                         000EAC  00000D  000EB9      1D58       0  CODE        2
                text47                         000E87  00000C  000E93      1D0E       0  CODE        2
                text15                         000E93  00000C  000E9F      1D26       0  CODE        2
                text51                         000E7B  00000C  000E87      1CF6       0  CODE        2
                text68                         000DFA  000006  000E00      1BF4       0  CODE        2
                text53                         000DEB  000003  000DEE      1BD6       0  CODE        2
                text59                         000DE8  000003  000DEB      1BD0       0  CODE        2
                text65                         000DE7  000001  000DE8      1BCE       0  CODE        2
                text70                         000DE6  000001  000DE7      1BCC       0  CODE        2
                text58                         000DF1  000004  000DF5      1BE2       0  CODE        2
                text52                         000DEE  000003  000DF1      1BDC       0  CODE        2
                idataBANK0                     000DF5  000005  000DFA      1BEA       0  CODE        2
                text63                         000FB6  000017  000FCD      1F6C       0  CODE        2
                text16                         000FCD  000019  000FE6      1F9A       0  CODE        2
                text40                         000FE6  00001A  001000      1FCC       0  CODE        2
                config                         008007  000005  00800C     1000E       0  CONFIG      2
                cstackCOMMON                   000070  00000B  00007B        70       1  COMMON      1
                intentry                       000004  0007FC  000800         8       0  CODE        2
                cstackBANK0                    000020  000046  000066        20       1  BANK0       1
                text25                         000FA0  000016  000FB6      1F40       0  CODE        2
                text55                         000EF2  00000F  000F01      1DE4       0  CODE        2
                text4                          000F01  00000F  000F10      1E02       0  CODE        2
                text60                         000F10  000010  000F20      1E20       0  CODE        2
                text71                         000EE3  00000F  000EF2      1DC6       0  CODE        2
                text19                         000EB9  00000D  000EC6      1D72       0  CODE        2
                text17                         000EC6  00000E  000ED4      1D8C       0  CODE        2
                text73                         000ED4  00000F  000EE3      1DA8       0  CODE        2
                text30                         000F63  000012  000F75      1EC6       0  CODE        2
                text41                         000F75  000015  000F8A      1EEA       0  CODE        2
                text61                         000F8A  000016  000FA0      1F14       0  CODE        2
                text36                         000F51  000012  000F63      1EA2       0  CODE        2
                text44                         000F20  000010  000F30      1E40       0  CODE        2
                text29                         000F30  000010  000F40      1E60       0  CODE        2
                text67                         000F40  000011  000F51      1E80       0  CODE        2


UNUSED ADDRESS RANGES

        Name                Unused          Largest block    Delta
        BANK0            00066-0006F               A           1
        BANK1            000A0-000EF              50           1
        BANK10           00520-0056F              50           1
        BANK11           005A0-005EF              50           1
        BANK12           00620-0064F              30           1
        BANK2            00120-0016F              50           1
        BANK3            001A0-001EF              50           1
        BANK4            00220-0026F              50           1
        BANK5            002A0-002EF              50           1
        BANK6            00320-0036F              50           1
        BANK7            003A0-003EF              50           1
        BANK8            00420-0046F              50           1
        BANK9            004A0-004EF              50           1
        BIGRAM           02000-023EF             3F0           1
        CODE             00800-00DE5             5E6           2
                         01000-01FFF             800
        COMMON           0007B-0007D               3           1
        CONST            00800-00DE5             100           2
                         01000-01FFF             100
        EEDATA           0F000-0F0FF             100           2
        ENTRY            00800-00DE5             100           2
                         01000-01FFF             100
        IDLOC            08000-08003               4           2
        RAM              00066-0006F               A           1
                         000A0-000EF              50
                         00120-0016F              50
                         001A0-001EF              50
                         00220-0026F              50
                         002A0-002EF              50
                         00320-0036F              50
                         003A0-003EF              50
                         00420-0046F              50
                         004A0-004EF              50
                         00520-0056F              50
                         005A0-005EF              50
                         00620-0064F              30
        SFR0             00000-0001F              20           1
        SFR1             00080-0009F              20           1
        SFR10            00500-0051F              20           1
        SFR11            00580-0059F              20           1
        SFR12            00600-0061F              20           1
        SFR13            00680-006EF              70           1
        SFR14            00700-0076F              70           1
        SFR15            00780-007EF              70           1
        SFR16            00800-0086F              70           1
        SFR17            00880-008EF              70           1
        SFR18            00900-0096F              70           1
        SFR19            00980-009EF              70           1
        SFR2             00100-0011F              20           1
        SFR20            00A00-00A6F              70           1
        SFR21            00A80-00AEF              70           1
        SFR22            00B00-00B6F              70           1
        SFR23            00B80-00BEF              70           1
        SFR24            00C00-00C6F              70           1
        SFR25            00C80-00CEF              70           1
        SFR26            00D00-00D6F              70           1
        SFR27            00D80-00DEF              70           1
        SFR28            00E00-00E6F              70           1
        SFR29            00E80-00EEF              70           1
        SFR3             00180-0019F              20           1
        SFR30            00F00-00F6F              70           1
        SFR31            00F80-00FEF              70           1
        SFR4             00200-0021F              20           1
        SFR5             00280-0029F              20           1
        SFR6             00300-0031F              20           1
        SFR7             00380-0039F              20           1
        SFR8             00400-0041F              20           1
        SFR9             00480-0049F              20           1
        STACK            02046-023EF             3AA           1
        STRCODE          00800-00DE5             5E6           2
                         01000-01FFF            1000
        STRING           00800-00DE5             100           2
                         01000-01FFF             100

                                  Symbol Table

?_ADCC_GetSingleConversion                cstackCOMMON 00073
?___awdiv                                 cstackCOMMON 00073
?___awmod                                 cstackCOMMON 00073
?___wmul                                  cstackCOMMON 00073
ADCC_GetSingleConversion@channel          cstackCOMMON 00076
DATAEE_ReadByte@bAdd                      cstackCOMMON 00073
DATAEE_WriteByte@GIEBitValue              cstackBANK0  00020
DATAEE_WriteByte@bAdd                     cstackCOMMON 00075
DATAEE_WriteByte@bData                    cstackCOMMON 00077
INT_SetInterruptHandler@InterruptHandler  cstackCOMMON 00073
Menu@mode                                 cstackBANK0  0002E
PWM6_LoadDutyValue@dutyValue              cstackCOMMON 00073
ShowOnLEDs@num                            cstackCOMMON 00074
TMR1_SetInterruptHandler@InterruptHandler cstackCOMMON 00073
TMR1_WriteTimer@timerVal                  cstackCOMMON 00070
Update@thr                                cstackCOMMON 00075
Update@var                                cstackCOMMON 00077
WriteI2C@data_out                         cstackCOMMON 00074
_ADACCH                                   (abs)        00091
_ADACCL                                   (abs)        00090
_ADACQ                                    (abs)        0009D
_ADACT                                    (abs)        00099
_ADCAP                                    (abs)        0009B
_ADCC_GetSingleConversion                 text30       00F63
_ADCC_Initialize                          text25       00FA0
_ADCLK                                    (abs)        00098
_ADCNT                                    (abs)        0010C
_ADCON0                                   (abs)        00093
_ADCON0bits                               (abs)        00093
_ADCON1                                   (abs)        00094
_ADCON1bits                               (abs)        00094
_ADCON2                                   (abs)        00095
_ADCON2bits                               (abs)        00095
_ADCON3                                   (abs)        00096
_ADCON3bits                               (abs)        00096
_ADERRH                                   (abs)        00117
_ADERRL                                   (abs)        00116
_ADFLTRH                                  (abs)        00115
_ADFLTRL                                  (abs)        00114
_ADLTHH                                   (abs)        0010F
_ADLTHL                                   (abs)        0010E
_ADPCH                                    (abs)        0009E
_ADPRE                                    (abs)        0009C
_ADPREVH                                  (abs)        0008F
_ADPREVL                                  (abs)        0008E
_ADREF                                    (abs)        0009A
_ADRESH                                   (abs)        0008D
_ADRESL                                   (abs)        0008C
_ADRPT                                    (abs)        0010D
_ADSTAT                                   (abs)        00097
_ADSTATbits                               (abs)        00097
_ADSTPTH                                  (abs)        00113
_ADSTPTL                                  (abs)        00112
_ADUTHH                                   (abs)        00111
_ADUTHL                                   (abs)        00110
_ALAF                                     bssBANK0     00053
_ALAL                                     dataBANK0    00061
_ALAT                                     dataBANK0    00062
_ANSELA                                   (abs)        00F38
_ANSELB                                   (abs)        00F43
_ANSELC                                   (abs)        00F4E
_ANSELD                                   (abs)        00F59
_ANSELE                                   (abs)        00F64
_Alarm                                    text56       005A0
_Blink                                    text64       004CB
_CCPTMRS1bits                             (abs)        0021F
_CLKH                                     bssCOMMON    0007A
_CLKM                                     bssCOMMON    00079
_ClearAlarm                               text54       00E19
_DATAEE_ReadByte                          text47       00E87
_DATAEE_WriteByte                         text46       00756
_EXT_INT_Initialize                       text23       00EAC
_INLVLA                                   (abs)        00F3C
_INLVLB                                   (abs)        00F47
_INLVLC                                   (abs)        00F52
_INLVLD                                   (abs)        00F5D
_INLVLE                                   (abs)        00F68
_INTCONbits                               (abs)        0000B
_INTERRUPT_InterruptManager               intentry     00004
_INTPPS                                   (abs)        00E90
_INT_CallBack                             text69       00E9F
_INT_DefaultInterruptHandler              text70       00DE6
_INT_ISR                                  text68       00DFA
_INT_InterruptHandler                     nvBANK0      0005B
_INT_SetInterruptHandler                  text24       00E06
_LATA                                     (abs)        00016
_LATAbits                                 (abs)        00016
_LATB                                     (abs)        00017
_LATBbits                                 (abs)        00017
_LATC                                     (abs)        00018
_LATD                                     (abs)        00019
_LATE                                     (abs)        0001A
_Menu                                     text33       00625
_Menus                                    text31       005E3
_NREG                                     dataBANK0    00064
_NVMADRH                                  (abs)        0081B
_NVMADRL                                  (abs)        0081A
_NVMCON1bits                              (abs)        0081E
_NVMCON2                                  (abs)        0081F
_NVMDATH                                  (abs)        0081D
_NVMDATL                                  (abs)        0081C
_ODCONA                                   (abs)        00F3A
_ODCONB                                   (abs)        00F45
_ODCONC                                   (abs)        00F50
_ODCOND                                   (abs)        00F5B
_ODCONE                                   (abs)        00F66
_OSCCON1                                  (abs)        0088D
_OSCCON3                                  (abs)        0088F
_OSCEN                                    (abs)        00891
_OSCFRQ                                   (abs)        00893
_OSCILLATOR_Initialize                    text22       00E68
_OSCTUNE                                  (abs)        00892
_PIE0bits                                 (abs)        00716
_PIE3bits                                 (abs)        00719
_PIE4bits                                 (abs)        0071A
_PIN_MANAGER_Initialize                   text21       00514
_PIR0bits                                 (abs)        0070C
_PIR3bits                                 (abs)        0070F
_PIR4bits                                 (abs)        00710
_PMD0                                     (abs)        00796
_PMD1                                     (abs)        00797
_PMD2                                     (abs)        00798
_PMD3                                     (abs)        00799
_PMD4                                     (abs)        0079A
_PMD5                                     (abs)        0079B
_PMD_Initialize                           text20       00E20
_PMON                                     dataBANK0    00065
_PORTBbits                                (abs)        0000D
_PORTCbits                                (abs)        0000E
_PPSLOCK                                  (abs)        00E8F
_PPSLOCKbits                              (abs)        00E8F
_PR2                                      (abs)        0028D
_PWM6CON                                  (abs)        0038E
_PWM6DCH                                  (abs)        0038D
_PWM6DCL                                  (abs)        0038C
_PWM6_Initialize                          text19       00EB9
_PWM6_LoadDutyValue                       text61       00F8A
_PWM_Output_D4_Disable                    text55       00EF2
_PWM_Output_D4_Enable                     text60       00F10
_RA6PPS                                   (abs)        00F16
_RC3PPS                                   (abs)        00F23
_RC4PPS                                   (abs)        00F24
_ReadI2C                                  text28       007D0
_ReadIllum                                text29       00F30
_ReadTemp                                 text26       00002
_SLRCONA                                  (abs)        00F3B
_SLRCONB                                  (abs)        00F46
_SLRCONC                                  (abs)        00F51
_SLRCOND                                  (abs)        00F5C
_SLRCONE                                  (abs)        00F67
_SSP1ADD                                  (abs)        0018D
_SSP1BUF                                  (abs)        0018C
_SSP1CLKPPS                               (abs)        00EC5
_SSP1CON1                                 (abs)        00190
_SSP1CON1bits                             (abs)        00190
_SSP1CON2                                 (abs)        00191
_SSP1CON2bits                             (abs)        00191
_SSP1DATPPS                               (abs)        00EC6
_SSP1MSK                                  (abs)        0018E
_SSP1STAT                                 (abs)        0018F
_SSP1STATbits                             (abs)        0018F
_SYSTEM_Initialize                        text16       00FCD
_ShowOnLEDs                               text51       00E7B
_Switch1                                  text71       00EE3
_T1CLK                                    (abs)        00211
_T1CON                                    (abs)        0020E
_T1CONbits                                (abs)        0020E
_T1GATE                                   (abs)        00210
_T1GCON                                   (abs)        0020F
_T1GCONbits                               (abs)        0020F
_T2CLKCON                                 (abs)        00290
_T2CON                                    (abs)        0028E
_T2CONbits                                (abs)        0028E
_T2HLT                                    (abs)        0028F
_T2HLTbits                                (abs)        0028F
_T2PR                                     (abs)        0028D
_T2RST                                    (abs)        00291
_T2RSTbits                                (abs)        00291
_T2TMR                                    (abs)        0028C
_TALA                                     dataBANK0    00063
_TMR1H                                    (abs)        0020D
_TMR1L                                    (abs)        0020C
_TMR1_DefaultInterruptHandler             text65       00DE7
_TMR1_ISR                                 text63       00FB6
_TMR1_Initialize                          text18       00776
_TMR1_InterruptHandler                    nvBANK0      0005D
_TMR1_SetInterruptHandler                 text32       00E00
_TMR1_StartTimer                          text53       00DEB
_TMR1_StopTimer                           text52       00DEE
_TMR1_WriteTimer                          text67       00F40
_TMR2                                     (abs)        0028C
_TMR2_Initialize                          text17       00EC6
_TMR2_Start                               text59       00DE8
_TMR2_StartTimer                          text58       00DF1
_TRISA                                    (abs)        00011
_TRISB                                    (abs)        00012
_TRISC                                    (abs)        00013
_TRISCbits                                (abs)        00013
_TRISD                                    (abs)        00014
_TRISE                                    (abs)        00015
_Timer                                    text66       003D0
_Update                                   text48       006E4
_WPUA                                     (abs)        00F39
_WPUB                                     (abs)        00F44
_WPUC                                     (abs)        00F4F
_WPUC3                                    (abs)        07A7B
_WPUC4                                    (abs)        07A7C
_WPUD                                     (abs)        00F5A
_WPUE                                     (abs)        00F65
_WriteI2C                                 text27       00480
__CFG_BOREN$ON                            (abs)        00000
__CFG_BORV$LO                             (abs)        00000
__CFG_CLKOUTEN$OFF                        (abs)        00000
__CFG_CP$OFF                              (abs)        00000
__CFG_CPD$OFF                             (abs)        00000
__CFG_CSWEN$ON                            (abs)        00000
__CFG_DEBUG$OFF                           (abs)        00000
__CFG_FCMEN$ON                            (abs)        00000
__CFG_FEXTOSC$OFF                         (abs)        00000
__CFG_LPBOREN$OFF                         (abs)        00000
__CFG_LVP$ON                              (abs)        00000
__CFG_MCLRE$ON                            (abs)        00000
__CFG_PPS1WAY$OFF                         (abs)        00000
__CFG_PWRTE$OFF                           (abs)        00000
__CFG_RSTOSC$HFINT1                       (abs)        00000
__CFG_SCANE$available                     (abs)        00000
__CFG_STVREN$ON                           (abs)        00000
__CFG_WDTCCS$SC                           (abs)        00000
__CFG_WDTCPS$WDTCPS_31                    (abs)        00000
__CFG_WDTCWS$WDTCWS_7                     (abs)        00000
__CFG_WDTE$OFF                            (abs)        00000
__CFG_WRT$OFF                             (abs)        00000
__CFG_ZCD$OFF                             (abs)        00000
__Habs1                                   abs1         00000
__Hbank0                                  bank0        00000
__Hbank1                                  bank1        00000
__Hbank10                                 bank10       00000
__Hbank11                                 bank11       00000
__Hbank12                                 bank12       00000
__Hbank13                                 bank13       00000
__Hbank14                                 bank14       00000
__Hbank15                                 bank15       00000
__Hbank16                                 bank16       00000
__Hbank17                                 bank17       00000
__Hbank18                                 bank18       00000
__Hbank19                                 bank19       00000
__Hbank2                                  bank2        00000
__Hbank20                                 bank20       00000
__Hbank21                                 bank21       00000
__Hbank22                                 bank22       00000
__Hbank23                                 bank23       00000
__Hbank24                                 bank24       00000
__Hbank25                                 bank25       00000
__Hbank26                                 bank26       00000
__Hbank27                                 bank27       00000
__Hbank28                                 bank28       00000
__Hbank29                                 bank29       00000
__Hbank3                                  bank3        00000
__Hbank30                                 bank30       00000
__Hbank31                                 bank31       00000
__Hbank4                                  bank4        00000
__Hbank5                                  bank5        00000
__Hbank6                                  bank6        00000
__Hbank7                                  bank7        00000
__Hbank8                                  bank8        00000
__Hbank9                                  bank9        00000
__Hbigram                                 bigram       00000
__HbssBANK0                               bssBANK0     00000
__HbssCOMMON                              bssCOMMON    00000
__Hcinit                                  cinit        00056
__Hclrtext                                clrtext      00000
__Hcode                                   code         00000
__Hcommon                                 common       00000
__Hconfig                                 config       0800C
__HcstackBANK0                            cstackBANK0  00000
__HcstackCOMMON                           cstackCOMMON 00000
__HdataBANK0                              dataBANK0    00000
__Heeprom_data                            eeprom_data  00000
__Hend_init                               end_init     00039
__Hfunctab                                functab      00000
__HidataBANK0                             idataBANK0   00000
__Hidloc                                  idloc        00000
__Hinit                                   init         00037
__Hintentry                               intentry     00037
__Hmaintext                               maintext     00000
__HnvBANK0                                nvBANK0      00000
__Hpowerup                                powerup      00000
__Hram                                    ram          00000
__Hreset_vec                              reset_vec    00002
__Hsfr0                                   sfr0         00000
__Hsfr1                                   sfr1         00000
__Hsfr10                                  sfr10        00000
__Hsfr11                                  sfr11        00000
__Hsfr12                                  sfr12        00000
__Hsfr13                                  sfr13        00000
__Hsfr14                                  sfr14        00000
__Hsfr15                                  sfr15        00000
__Hsfr16                                  sfr16        00000
__Hsfr17                                  sfr17        00000
__Hsfr18                                  sfr18        00000
__Hsfr19                                  sfr19        00000
__Hsfr2                                   sfr2         00000
__Hsfr20                                  sfr20        00000
__Hsfr21                                  sfr21        00000
__Hsfr22                                  sfr22        00000
__Hsfr23                                  sfr23        00000
__Hsfr24                                  sfr24        00000
__Hsfr25                                  sfr25        00000
__Hsfr26                                  sfr26        00000
__Hsfr27                                  sfr27        00000
__Hsfr28                                  sfr28        00000
__Hsfr29                                  sfr29        00000
__Hsfr3                                   sfr3         00000
__Hsfr30                                  sfr30        00000
__Hsfr31                                  sfr31        00000
__Hsfr4                                   sfr4         00000
__Hsfr5                                   sfr5         00000
__Hsfr6                                   sfr6         00000
__Hsfr7                                   sfr7         00000
__Hsfr8                                   sfr8         00000
__Hsfr9                                   sfr9         00000
__Hspace_0                                (abs)        0800C
__Hspace_1                                (abs)        0007B
__Hspace_2                                (abs)        00000
__Hspace_3                                (abs)        00000
__Hstack                                  stack        00000
__Hstrings                                strings      00000
__Htext                                   text         00000
__Labs1                                   abs1         00000
__Lbank0                                  bank0        00000
__Lbank1                                  bank1        00000
__Lbank10                                 bank10       00000
__Lbank11                                 bank11       00000
__Lbank12                                 bank12       00000
__Lbank13                                 bank13       00000
__Lbank14                                 bank14       00000
__Lbank15                                 bank15       00000
__Lbank16                                 bank16       00000
__Lbank17                                 bank17       00000
__Lbank18                                 bank18       00000
__Lbank19                                 bank19       00000
__Lbank2                                  bank2        00000
__Lbank20                                 bank20       00000
__Lbank21                                 bank21       00000
__Lbank22                                 bank22       00000
__Lbank23                                 bank23       00000
__Lbank24                                 bank24       00000
__Lbank25                                 bank25       00000
__Lbank26                                 bank26       00000
__Lbank27                                 bank27       00000
__Lbank28                                 bank28       00000
__Lbank29                                 bank29       00000
__Lbank3                                  bank3        00000
__Lbank30                                 bank30       00000
__Lbank31                                 bank31       00000
__Lbank4                                  bank4        00000
__Lbank5                                  bank5        00000
__Lbank6                                  bank6        00000
__Lbank7                                  bank7        00000
__Lbank8                                  bank8        00000
__Lbank9                                  bank9        00000
__Lbigram                                 bigram       00000
__LbssBANK0                               bssBANK0     00000
__LbssCOMMON                              bssCOMMON    00000
__Lcinit                                  cinit        00039
__Lclrtext                                clrtext      00000
__Lcode                                   code         00000
__Lcommon                                 common       00000
__Lconfig                                 config       08007
__LcstackBANK0                            cstackBANK0  00000
__LcstackCOMMON                           cstackCOMMON 00000
__LdataBANK0                              dataBANK0    00000
__Leeprom_data                            eeprom_data  00000
__Lend_init                               end_init     00037
__Lfunctab                                functab      00000
__LidataBANK0                             idataBANK0   00000
__Lidloc                                  idloc        00000
__Linit                                   init         00037
__Lintentry                               intentry     00004
__Lmaintext                               maintext     00000
__LnvBANK0                                nvBANK0      00000
__Lpowerup                                powerup      00000
__Lram                                    ram          00000
__Lreset_vec                              reset_vec    00000
__Lsfr0                                   sfr0         00000
__Lsfr1                                   sfr1         00000
__Lsfr10                                  sfr10        00000
__Lsfr11                                  sfr11        00000
__Lsfr12                                  sfr12        00000
__Lsfr13                                  sfr13        00000
__Lsfr14                                  sfr14        00000
__Lsfr15                                  sfr15        00000
__Lsfr16                                  sfr16        00000
__Lsfr17                                  sfr17        00000
__Lsfr18                                  sfr18        00000
__Lsfr19                                  sfr19        00000
__Lsfr2                                   sfr2         00000
__Lsfr20                                  sfr20        00000
__Lsfr21                                  sfr21        00000
__Lsfr22                                  sfr22        00000
__Lsfr23                                  sfr23        00000
__Lsfr24                                  sfr24        00000
__Lsfr25                                  sfr25        00000
__Lsfr26                                  sfr26        00000
__Lsfr27                                  sfr27        00000
__Lsfr28                                  sfr28        00000
__Lsfr29                                  sfr29        00000
__Lsfr3                                   sfr3         00000
__Lsfr30                                  sfr30        00000
__Lsfr31                                  sfr31        00000
__Lsfr4                                   sfr4         00000
__Lsfr5                                   sfr5         00000
__Lsfr6                                   sfr6         00000
__Lsfr7                                   sfr7         00000
__Lsfr8                                   sfr8         00000
__Lsfr9                                   sfr9         00000
__Lspace_0                                (abs)        00000
__Lspace_1                                (abs)        00000
__Lspace_2                                (abs)        00000
__Lspace_3                                (abs)        00000
__Lstack                                  stack        00000
__Lstrings                                strings      00000
__Ltext                                   text         00000
__S0                                      (abs)        0800C
__S1                                      (abs)        0007B
__S2                                      (abs)        00000
__S3                                      (abs)        00000
___awdiv                                  text43       00314
___awdiv@counter                          cstackBANK0  00020
___awdiv@dividend                         cstackCOMMON 00075
___awdiv@divisor                          cstackCOMMON 00073
___awdiv@quotient                         cstackBANK0  00022
___awdiv@sign                             cstackBANK0  00021
___awmod                                  text42       0042C
___awmod@counter                          cstackBANK0  00020
___awmod@dividend                         cstackCOMMON 00075
___awmod@divisor                          cstackCOMMON 00073
___awmod@sign                             cstackBANK0  00021
___bmul                                   text41       00F75
___bmul@multiplicand                      cstackCOMMON 00073
___bmul@multiplier                        cstackCOMMON 00076
___bmul@product                           cstackCOMMON 00075
___int_sp                                 stack        00000
___latbits                                (abs)        00002
___sp                                     stack        00000
___stackhi                                (abs)        023EF
___stacklo                                (abs)        02046
___wmul                                   text57       00734
___wmul@multiplicand                      cstackCOMMON 00075
___wmul@multiplier                        cstackCOMMON 00073
___wmul@product                           cstackBANK0  00020
__end_of_ADCC_GetSingleConversion         text30       00F75
__end_of_ADCC_Initialize                  text25       00FB6
__end_of_Alarm                            text56       005E3
__end_of_Blink                            text64       00514
__end_of_ClearAlarm                       text54       00E20
__end_of_DATAEE_ReadByte                  text47       00E93
__end_of_DATAEE_WriteByte                 text46       00776
__end_of_EXT_INT_Initialize               text23       00EB9
__end_of_INTERRUPT_InterruptManager       intentry     00037
__end_of_INT_CallBack                     text69       00EAC
__end_of_INT_DefaultInterruptHandler      text70       00DE7
__end_of_INT_ISR                          text68       00E00
__end_of_INT_SetInterruptHandler          text24       00E0C
__end_of_Menu                             text33       0065A
__end_of_Menus                            text31       00625
__end_of_OSCILLATOR_Initialize            text22       00E71
__end_of_PIN_MANAGER_Initialize           text21       0055B
__end_of_PMD_Initialize                   text20       00E28
__end_of_PWM6_Initialize                  text19       00EC6
__end_of_PWM6_LoadDutyValue               text61       00FA0
__end_of_PWM_Output_D4_Disable            text55       00F01
__end_of_PWM_Output_D4_Enable             text60       00F20
__end_of_ReadI2C                          text28       007EA
__end_of_ReadIllum                        text29       00F40
__end_of_ReadTemp                         text26       00004
__end_of_SYSTEM_Initialize                text16       00FE6
__end_of_ShowOnLEDs                       text51       00E87
__end_of_Switch1                          text71       00EF2
__end_of_TMR1_DefaultInterruptHandler     text65       00DE8
__end_of_TMR1_ISR                         text63       00FCD
__end_of_TMR1_Initialize                  text18       00794
__end_of_TMR1_SetInterruptHandler         text32       00E06
__end_of_TMR1_StartTimer                  text53       00DEE
__end_of_TMR1_StopTimer                   text52       00DF1
__end_of_TMR1_WriteTimer                  text67       00F51
__end_of_TMR2_Initialize                  text17       00ED4
__end_of_TMR2_Start                       text59       00DEB
__end_of_TMR2_StartTimer                  text58       00DF5
__end_of_Timer                            text66       0042C
__end_of_Update                           text48       0070E
__end_of_WriteI2C                         text27       004CB
__end_of___awdiv                          text43       00374
__end_of___awmod                          text42       00480
__end_of___bmul                           text41       00F8A
__end_of___wmul                           text57       00756
__end_of__initialization                  cinit        00052
__end_of_checkButtonS1                    text50       007D0
__end_of_checkButtonS2                    text49       007B2
__end_of_eeprom_clk_update                text40       01000
__end_of_eeprom_default_setup             text13       00734
__end_of_eeprom_setup                     text14       00314
__end_of_i2c1_driver_open                 text15       00E9F
__end_of_load_eeprom                      text3        005A0
__end_of_main                             maintext     00145
__end_of_read_alaf                        text12       00E30
__end_of_read_alal                        text11       00E38
__end_of_read_alat                        text10       00E40
__end_of_read_clkh                        text9        00E48
__end_of_read_clkm                        text8        00E50
__end_of_read_nreg                        text7        00E58
__end_of_read_pmon                        text6        00E60
__end_of_read_tala                        text5        00E68
__end_of_ring_buffer                      text1        00800
__end_of_ring_buffer_write                text2        00298
__end_of_submenu_alarm                    text44       00F30
__end_of_submenu_clock                    text38       001FA
__end_of_submenu_illum                    text36       00F63
__end_of_submenu_temp                     text34       003D0
__end_of_update_clk                       text39       00E7B
__end_of_used                             text4        00F10
__end_of_write_alaf                       text45       006E4
__end_of_write_alal                       text37       006B6
__end_of_write_alat                       text35       00688
__end_ofi1_ClearAlarm                     text72       00E19
__end_ofi1_PWM_Output_D4_Disable          text73       00EE3
__initialization                          cinit        00039
__pbssBANK0                               bssBANK0     00043
__pbssCOMMON                              bssCOMMON    00078
__pcstackBANK0                            cstackBANK0  00020
__pcstackCOMMON                           cstackCOMMON 00070
__pdataBANK0                              dataBANK0    00061
__pidataBANK0                             idataBANK0   00DF5
__pintentry                               intentry     00004
__pmaintext                               maintext     00056
__pnvBANK0                                nvBANK0      0005B
__ptext1                                  text1        007EA
__ptext10                                 text10       00E38
__ptext11                                 text11       00E30
__ptext12                                 text12       00E28
__ptext13                                 text13       0070E
__ptext14                                 text14       00298
__ptext15                                 text15       00E93
__ptext16                                 text16       00FCD
__ptext17                                 text17       00EC6
__ptext18                                 text18       00776
__ptext19                                 text19       00EB9
__ptext2                                  text2        001FA
__ptext20                                 text20       00E20
__ptext21                                 text21       00514
__ptext22                                 text22       00E68
__ptext23                                 text23       00EAC
__ptext24                                 text24       00E06
__ptext25                                 text25       00FA0
__ptext26                                 text26       00002
__ptext27                                 text27       00480
__ptext28                                 text28       007D0
__ptext29                                 text29       00F30
__ptext3                                  text3        0055B
__ptext30                                 text30       00F63
__ptext31                                 text31       005E3
__ptext32                                 text32       00E00
__ptext33                                 text33       00625
__ptext34                                 text34       00374
__ptext35                                 text35       0065A
__ptext36                                 text36       00F51
__ptext37                                 text37       00688
__ptext38                                 text38       00145
__ptext39                                 text39       00E71
__ptext4                                  text4        00F01
__ptext40                                 text40       00FE6
__ptext41                                 text41       00F75
__ptext42                                 text42       0042C
__ptext43                                 text43       00314
__ptext44                                 text44       00F20
__ptext45                                 text45       006B6
__ptext46                                 text46       00756
__ptext47                                 text47       00E87
__ptext48                                 text48       006E4
__ptext49                                 text49       00794
__ptext5                                  text5        00E60
__ptext50                                 text50       007B2
__ptext51                                 text51       00E7B
__ptext52                                 text52       00DEE
__ptext53                                 text53       00DEB
__ptext54                                 text54       00E19
__ptext55                                 text55       00EF2
__ptext56                                 text56       005A0
__ptext57                                 text57       00734
__ptext58                                 text58       00DF1
__ptext59                                 text59       00DE8
__ptext6                                  text6        00E58
__ptext60                                 text60       00F10
__ptext61                                 text61       00F8A
__ptext63                                 text63       00FB6
__ptext64                                 text64       004CB
__ptext65                                 text65       00DE7
__ptext66                                 text66       003D0
__ptext67                                 text67       00F40
__ptext68                                 text68       00DFA
__ptext69                                 text69       00E9F
__ptext7                                  text7        00E50
__ptext70                                 text70       00DE6
__ptext71                                 text71       00EE3
__ptext72                                 text72       00E12
__ptext73                                 text73       00ED4
__ptext8                                  text8        00E48
__ptext9                                  text9        00E40
__size_of_ADCC_GetSingleConversion        (abs)        00000
__size_of_ADCC_Initialize                 (abs)        00000
__size_of_Alarm                           (abs)        00000
__size_of_Blink                           (abs)        00000
__size_of_ClearAlarm                      (abs)        00000
__size_of_DATAEE_ReadByte                 (abs)        00000
__size_of_DATAEE_WriteByte                (abs)        00000
__size_of_EXT_INT_Initialize              (abs)        00000
__size_of_INTERRUPT_InterruptManager      (abs)        00000
__size_of_INT_CallBack                    (abs)        00000
__size_of_INT_DefaultInterruptHandler     (abs)        00000
__size_of_INT_ISR                         (abs)        00000
__size_of_INT_SetInterruptHandler         (abs)        00000
__size_of_Menu                            (abs)        00000
__size_of_Menus                           (abs)        00000
__size_of_OSCILLATOR_Initialize           (abs)        00000
__size_of_PIN_MANAGER_Initialize          (abs)        00000
__size_of_PMD_Initialize                  (abs)        00000
__size_of_PWM6_Initialize                 (abs)        00000
__size_of_PWM6_LoadDutyValue              (abs)        00000
__size_of_PWM_Output_D4_Disable           (abs)        00000
__size_of_PWM_Output_D4_Enable            (abs)        00000
__size_of_ReadI2C                         (abs)        00000
__size_of_ReadIllum                       (abs)        00000
__size_of_ReadTemp                        (abs)        00000
__size_of_SYSTEM_Initialize               (abs)        00000
__size_of_ShowOnLEDs                      (abs)        00000
__size_of_Switch1                         (abs)        00000
__size_of_TMR1_DefaultInterruptHandler    (abs)        00000
__size_of_TMR1_ISR                        (abs)        00000
__size_of_TMR1_Initialize                 (abs)        00000
__size_of_TMR1_SetInterruptHandler        (abs)        00000
__size_of_TMR1_StartTimer                 (abs)        00000
__size_of_TMR1_StopTimer                  (abs)        00000
__size_of_TMR1_WriteTimer                 (abs)        00000
__size_of_TMR2_Initialize                 (abs)        00000
__size_of_TMR2_Start                      (abs)        00000
__size_of_TMR2_StartTimer                 (abs)        00000
__size_of_Timer                           (abs)        00000
__size_of_Update                          (abs)        00000
__size_of_WriteI2C                        (abs)        00000
__size_of___awdiv                         (abs)        00000
__size_of___awmod                         (abs)        00000
__size_of___bmul                          (abs)        00000
__size_of___wmul                          (abs)        00000
__size_of_checkButtonS1                   (abs)        00000
__size_of_checkButtonS2                   (abs)        00000
__size_of_eeprom_clk_update               (abs)        00000
__size_of_eeprom_default_setup            (abs)        00000
__size_of_eeprom_setup                    (abs)        00000
__size_of_i2c1_driver_open                (abs)        00000
__size_of_load_eeprom                     (abs)        00000
__size_of_main                            (abs)        00000
__size_of_read_alaf                       (abs)        00000
__size_of_read_alal                       (abs)        00000
__size_of_read_alat                       (abs)        00000
__size_of_read_clkh                       (abs)        00000
__size_of_read_clkm                       (abs)        00000
__size_of_read_nreg                       (abs)        00000
__size_of_read_pmon                       (abs)        00000
__size_of_read_tala                       (abs)        00000
__size_of_ring_buffer                     (abs)        00000
__size_of_ring_buffer_write               (abs)        00000
__size_of_submenu_alarm                   (abs)        00000
__size_of_submenu_clock                   (abs)        00000
__size_of_submenu_illum                   (abs)        00000
__size_of_submenu_temp                    (abs)        00000
__size_of_update_clk                      (abs)        00000
__size_of_used                            (abs)        00000
__size_of_write_alaf                      (abs)        00000
__size_of_write_alal                      (abs)        00000
__size_of_write_alat                      (abs)        00000
__size_ofi1_ClearAlarm                    (abs)        00000
__size_ofi1_PWM_Output_D4_Disable         (abs)        00000
_alarm                                    bssBANK0     00050
_btn1State                                bssBANK0     0005A
_btn2State                                bssBANK0     00059
_checkButtonS1                            text50       007B2
_checkButtonS2                            text49       00794
_eeprom_clk_update                        text40       00FE6
_eeprom_default_setup                     text13       0070E
_eeprom_setup                             text14       00298
_flag_timer                               bssBANK0     00054
_i2c1_driver_busCollisionISR              bssBANK0     0004D
_i2c1_driver_i2cISR                       bssBANK0     0004B
_i2c1_driver_open                         text15       00E93
_illum                                    bssBANK0     00051
_initial_time                             bssBANK0     00047
_load_eeprom                              text3        0055B
_main                                     maintext     00056
_mode                                     bssBANK0     00058
_read_alaf                                text12       00E28
_read_alal                                text11       00E30
_read_alat                                text10       00E38
_read_clkh                                text9        00E40
_read_clkm                                text8        00E48
_read_nreg                                text7        00E50
_read_pmon                                text6        00E58
_read_tala                                text5        00E60
_ring_buffer                              text1        007EA
_ring_buffer_write                        text2        001FA
_s1flag                                   bssBANK0     00057
_s2flag                                   bssBANK0     00056
_seconds                                  bssCOMMON    00078
_submenu_alarm                            text44       00F20
_submenu_clock                            text38       00145
_submenu_illum                            text36       00F51
_submenu_temp                             text34       00374
_switch1                                  bssBANK0     00055
_temp                                     bssBANK0     00052
_timer                                    bssBANK0     00049
_timer1                                   bssBANK0     0004F
_timer1ReloadVal                          nvBANK0      0005F
_update_clk                               text39       00E71
_used                                     text4        00F01
_write_alaf                               text45       006B6
_write_alal                               text37       00688
_write_alat                               text35       0065A
btemp                                     (abs)        0007E
clear_ram0                                clrtext      00E0C
eeprom_clk_update@clkh                    cstackBANK0  00023
eeprom_clk_update@clkm                    cstackBANK0  00021
eeprom_setup@alaf                         cstackBANK0  00026
eeprom_setup@alal                         cstackBANK0  00025
eeprom_setup@alat                         cstackBANK0  00024
eeprom_setup@clkh                         cstackBANK0  00027
eeprom_setup@clkm                         cstackBANK0  00028
eeprom_setup@nreg                         cstackBANK0  00021
eeprom_setup@pmon                         cstackBANK0  00022
eeprom_setup@reset_buffer                 cstackBANK0  0002A
eeprom_setup@tala                         cstackBANK0  00023
end_of_initialization                     cinit        00052
i1_ClearAlarm                             text72       00E12
i1_PWM_Output_D4_Disable                  text73       00ED4
int$flags                                 (abs)        0007E
intlevel0                                 functab      00000
intlevel1                                 functab      00000
intlevel2                                 functab      00000
intlevel3                                 functab      00000
intlevel4                                 functab      00000
intlevel5                                 functab      00000
reset_vec                                 reset_vec    00000
ring_buffer_write@L                       cstackBANK0  00024
ring_buffer_write@T                       cstackBANK0  00023
ring_buffer_write@h                       cstackBANK0  00027
ring_buffer_write@m                       cstackBANK0  00021
ring_buffer_write@ring_pos                cstackBANK0  00028
ring_buffer_write@s                       cstackBANK0  00022
start                                     init         00037
start_initialization                      cinit        00039
submenu_clock@hours_tens                  cstackBANK0  0002A
submenu_clock@hours_units                 cstackBANK0  0002B
submenu_clock@minutes_tens                cstackBANK0  00028
submenu_clock@minutes_units               cstackBANK0  00029
submenu_temp@temperature_tens             cstackBANK0  00029
submenu_temp@temperature_units            cstackBANK0  00028
write_alaf@x                              cstackBANK0  00024
write_alal@x                              cstackBANK0  00024
write_alat@x                              cstackBANK0  00024
wtemp0                                    (abs)        0007E


FUNCTION INFORMATION:

 *************** function _main *****************
 Defined at:
		line 138 in file "main.c"
 Parameters:    Size  Location     Type
		None
 Auto vars:     Size  Location     Type
		None
 Return value:  Size  Location     Type
                  1    wreg      void 
 Registers used:
		wreg, fsr0l, fsr0h, status,2, status,0, pclath, cstack
 Tracked objects:
		On entry : 
		On exit  : 
		Unchanged: 
 Data sizes:     COMMON   BANK0   BANK1   BANK2   BANK3   BANK4   BANK5   BANK6   BANK7   BANK8   BANK9  BANK10  BANK11  BANK12
      Params:         0       0       0       0       0       0       0       0       0       0       0       0       0       0
      Locals:         0       0       0       0       0       0       0       0       0       0       0       0       0       0
      Temps:          0      15       0       0       0       0       0       0       0       0       0       0       0       0
      Totals:         0      15       0       0       0       0       0       0       0       0       0       0       0       0
Total ram usage:       15 bytes
 Hardware stack levels required when called:   12
 This function calls:
		_Alarm
		_ClearAlarm
		_INT_SetInterruptHandler
		_Menus
		_PWM_Output_D4_Disable
		_ReadIllum
		_ReadTemp
		_SYSTEM_Initialize
		_TMR1_SetInterruptHandler
		___wmul
		_i2c1_driver_open
		_load_eeprom
		_ring_buffer
		_update_clk
 This function is called by:
		Startup code after reset
 This function uses a non-reentrant model


 *************** function _ring_buffer *****************
 Defined at:
		line 120 in file "utils.c"
 Parameters:    Size  Location     Type
		None
 Auto vars:     Size  Location     Type
		None
 Return value:  Size  Location     Type
                  1    wreg      _Bool 
 Registers used:
		wreg, status,2, status,0, pclath, cstack
 Tracked objects:
		On entry : 
		On exit  : 
		Unchanged: 
 Data sizes:     COMMON   BANK0   BANK1   BANK2   BANK3   BANK4   BANK5   BANK6   BANK7   BANK8   BANK9  BANK10  BANK11  BANK12
      Params:         0       0       0       0       0       0       0       0       0       0       0       0       0       0
      Locals:         0       0       0       0       0       0       0       0       0       0       0       0       0       0
      Temps:          0       4       0       0       0       0       0       0       0       0       0       0       0       0
      Totals:         0       4       0       0       0       0       0       0       0       0       0       0       0       0
Total ram usage:        4 bytes
 Hardware stack levels used:    1
 Hardware stack levels required when called:    8
 This function calls:
		_ring_buffer_write
 This function is called by:
		_main
[...]
      Temps:          0       0       0       0       0       0       0       0       0       0       0       0       0       0
      Totals:         0       0       0       0       0       0       0       0       0       0       0       0       0       0
Total ram usage:        0 bytes
 Hardware stack levels used:    1
 Hardware stack levels required when called:    5
 This function calls:
		_INT_ISR
		_TMR1_ISR
 This function is called by:
		Interrupt level 1
 This function uses a non-reentrant model


 *************** function _TMR1_ISR *****************
 Defined at:
		line 164 in file "mcc_generated_files/tmr1.c"
 Parameters:    Size  Location     Type
		None
 Auto vars:     Size  Location     Type
		None
 Return value:  Size  Location     Type
                  1    wreg      void 
 Registers used:
		wreg, fsr0l, fsr0h, status,2, status,0, pclath, cstack
 Tracked objects:
		On entry : 
		On exit  : 
		Unchanged: 
 Data sizes:     COMMON   BANK0   BANK1   BANK2   BANK3   BANK4   BANK5   BANK6   BANK7   BANK8   BANK9  BANK10  BANK11  BANK12
      Params:         0       0       0       0       0       0       0       0       0       0       0       0       0       0
      Locals:         0       0       0       0       0       0       0       0       0       0       0       0       0       0
      Temps:          0       0       0       0       0       0       0       0       0       0       0       0       0       0
      Totals:         0       0       0       0       0       0       0       0       0       0       0       0       0       0
Total ram usage:        0 bytes
 Hardware stack levels used:    1
 Hardware stack levels required when called:    1
 This function calls:
		Absolute function
		_Blink
		_TMR1_DefaultInterruptHandler
		_TMR1_WriteTimer
		_Timer
 This function is called by:
		_INTERRUPT_InterruptManager
 This function uses a non-reentrant model


 *************** function _Blink *****************
 Defined at:
		line 114 in file "menus.c"
 Parameters:    Size  Location     Type
		None
 Auto vars:     Size  Location     Type
		None
 Return value:  Size  Location     Type
                  1    wreg      void 
 Registers used:
		wreg, fsr0l, fsr0h, status,2, status,0
 Tracked objects:
		On entry : 
		On exit  : 
		Unchanged: 
 Data sizes:     COMMON   BANK0   BANK1   BANK2   BANK3   BANK4   BANK5   BANK6   BANK7   BANK8   BANK9  BANK10  BANK11  BANK12
      Params:         0       0       0       0       0       0       0       0       0       0       0       0       0       0
      Locals:         0       0       0       0       0       0       0       0       0       0       0       0       0       0
      Temps:          2       0       0       0       0       0       0       0       0       0       0       0       0       0
      Totals:         2       0       0       0       0       0       0       0       0       0       0       0       0       0
Total ram usage:        2 bytes
 Hardware stack levels used:    1
 This function calls:
		Nothing
 This function is called by:
		_Menus
		_TMR1_ISR
 This function uses a non-reentrant model


 *************** function _TMR1_DefaultInterruptHandler *****************
 Defined at:
		line 182 in file "mcc_generated_files/tmr1.c"
 Parameters:    Size  Location     Type
		None
 Auto vars:     Size  Location     Type
		None
 Return value:  Size  Location     Type
                  1    wreg      void 
 Registers used:
		None
 Tracked objects:
		On entry : 
		On exit  : 
		Unchanged: 
 Data sizes:     COMMON   BANK0   BANK1   BANK2   BANK3   BANK4   BANK5   BANK6   BANK7   BANK8   BANK9  BANK10  BANK11  BANK12
      Params:         0       0       0       0       0       0       0       0       0       0       0       0       0       0
      Locals:         0       0       0       0       0       0       0       0       0       0       0       0       0       0
      Temps:          0       0       0       0       0       0       0       0       0       0       0       0       0       0
      Totals:         0       0       0       0       0       0       0       0       0       0       0       0       0       0
Total ram usage:        0 bytes
 Hardware stack levels used:    1
 This function calls:
		Nothing
 This function is called by:
		_TMR1_Initialize
		_TMR1_ISR
 This function uses a non-reentrant model


 *************** function _Timer *****************
 Defined at:
		line 81 in file "main.c"
 Parameters:    Size  Location     Type
		None
 Auto vars:     Size  Location     Type
		None
 Return value:  Size  Location     Type
                  1    wreg      void 
 Registers used:
		wreg, status,2, status,0
 Tracked objects:
		On entry : 
		On exit  : 
		Unchanged: 
 Data sizes:     COMMON   BANK0   BANK1   BANK2   BANK3   BANK4   BANK5   BANK6   BANK7   BANK8   BANK9  BANK10  BANK11  BANK12
      Params:         0       0       0       0       0       0       0       0       0       0       0       0       0       0
      Locals:         0       0       0       0       0       0       0       0       0       0       0       0       0       0
      Temps:          3       0       0       0       0       0       0       0       0       0       0       0       0       0
      Totals:         3       0       0       0       0       0       0       0       0       0       0       0       0       0
Total ram usage:        3 bytes
 Hardware stack levels used:    1
 This function calls:
		Nothing
 This function is called by:
		_main
		_TMR1_ISR
 This function uses a non-reentrant model


 *************** function _TMR1_WriteTimer *****************
 Defined at:
		line 127 in file "mcc_generated_files/tmr1.c"
 Parameters:    Size  Location     Type
  timerVal        2    0[COMMON] unsigned short 
 Auto vars:     Size  Location     Type
		None
 Return value:  Size  Location     Type
                  1    wreg      void 
 Registers used:
		wreg, status,2
 Tracked objects:
		On entry : 
		On exit  : 
		Unchanged: 
 Data sizes:     COMMON   BANK0   BANK1   BANK2   BANK3   BANK4   BANK5   BANK6   BANK7   BANK8   BANK9  BANK10  BANK11  BANK12
      Params:         2       0       0       0       0       0       0       0       0       0       0       0       0       0
      Locals:         0       0       0       0       0       0       0       0       0       0       0       0       0       0
      Temps:          0       0       0       0       0       0       0       0       0       0       0       0       0       0
      Totals:         2       0       0       0       0       0       0       0       0       0       0       0       0       0
Total ram usage:        2 bytes
 Hardware stack levels used:    1
 This function calls:
		Nothing
 This function is called by:
		_TMR1_ISR
		_TMR1_Reload
 This function uses a non-reentrant model


 *************** function _INT_ISR *****************
 Defined at:
		line 32 in file "mcc_generated_files/ext_int.c"
 Parameters:    Size  Location     Type
		None
 Auto vars:     Size  Location     Type
		None
 Return value:  Size  Location     Type
                  1    wreg      void 
 Registers used:
		wreg, status,2, status,0, pclath, cstack
 Tracked objects:
		On entry : 
		On exit  : 
		Unchanged: 
 Data sizes:     COMMON   BANK0   BANK1   BANK2   BANK3   BANK4   BANK5   BANK6   BANK7   BANK8   BANK9  BANK10  BANK11  BANK12
      Params:         0       0       0       0       0       0       0       0       0       0       0       0       0       0
      Locals:         0       0       0       0       0       0       0       0       0       0       0       0       0       0
      Temps:          0       0       0       0       0       0       0       0       0       0       0       0       0       0
      Totals:         0       0       0       0       0       0       0       0       0       0       0       0       0       0
Total ram usage:        0 bytes
 Hardware stack levels used:    1
 Hardware stack levels required when called:    4
 This function calls:
		_INT_CallBack
 This function is called by:
		_INTERRUPT_InterruptManager
 This function uses a non-reentrant model


 *************** function _INT_CallBack *****************
 Defined at:
		line 41 in file "mcc_generated_files/ext_int.c"
 Parameters:    Size  Location     Type
		None
 Auto vars:     Size  Location     Type
		None
 Return value:  Size  Location     Type
                  1    wreg      void 
 Registers used:
		wreg, status,2, status,0, pclath, cstack
 Tracked objects:
		On entry : 
		On exit  : 
		Unchanged: 
 Data sizes:     COMMON   BANK0   BANK1   BANK2   BANK3   BANK4   BANK5   BANK6   BANK7   BANK8   BANK9  BANK10  BANK11  BANK12
      Params:         0       0       0       0       0       0       0       0       0       0       0       0       0       0
      Locals:         0       0       0       0       0       0       0       0       0       0       0       0       0       0
      Temps:          0       0       0       0       0       0       0       0       0       0       0       0       0       0
      Totals:         0       0       0       0       0       0       0       0       0       0       0       0       0       0
Total ram usage:        0 bytes
 Hardware stack levels used:    1
 Hardware stack levels required when called:    3
 This function calls:
		Absolute function
		_INT_DefaultInterruptHandler
		_Switch1
 This function is called by:
		_INT_ISR
 This function uses a non-reentrant model


 *************** function _INT_DefaultInterruptHandler *****************
 Defined at:
		line 54 in file "mcc_generated_files/ext_int.c"
 Parameters:    Size  Location     Type
		None
 Auto vars:     Size  Location     Type
		None
 Return value:  Size  Location     Type
                  1    wreg      void 
 Registers used:
		None
 Tracked objects:
		On entry : 
		On exit  : 
		Unchanged: 
 Data sizes:     COMMON   BANK0   BANK1   BANK2   BANK3   BANK4   BANK5   BANK6   BANK7   BANK8   BANK9  BANK10  BANK11  BANK12
      Params:         0       0       0       0       0       0       0       0       0       0       0       0       0       0
      Locals:         0       0       0       0       0       0       0       0       0       0       0       0       0       0
      Temps:          0       0       0       0       0       0       0       0       0       0       0       0       0       0
      Totals:         0       0       0       0       0       0       0       0       0       0       0       0       0       0
Total ram usage:        0 bytes
 Hardware stack levels used:    1
 This function calls:
		Nothing
 This function is called by:
		_EXT_INT_Initialize
		_INT_CallBack
 This function uses a non-reentrant model


 *************** function _Switch1 *****************
 Defined at:
		line 119 in file "main.c"
 Parameters:    Size  Location     Type
		None
 Auto vars:     Size  Location     Type
		None
 Return value:  Size  Location     Type
                  1    wreg      void 
 Registers used:
		wreg, status,2, status,0, pclath, cstack
 Tracked objects:
		On entry : 
		On exit  : 
		Unchanged: 
 Data sizes:     COMMON   BANK0   BANK1   BANK2   BANK3   BANK4   BANK5   BANK6   BANK7   BANK8   BANK9  BANK10  BANK11  BANK12
      Params:         0       0       0       0       0       0       0       0       0       0       0       0       0       0
      Locals:         0       0       0       0       0       0       0       0       0       0       0       0       0       0
      Temps:          1       0       0       0       0       0       0       0       0       0       0       0       0       0
      Totals:         1       0       0       0       0       0       0       0       0       0       0       0       0       0
Total ram usage:        1 bytes
 Hardware stack levels used:    1
 Hardware stack levels required when called:    2
 This function calls:
		i1_ClearAlarm
 This function is called by:
		_main
		_INT_CallBack
 This function uses a non-reentrant model


 *************** function i1_ClearAlarm *****************
 Defined at:
		line 112 in file "main.c"
 Parameters:    Size  Location     Type
		None
 Auto vars:     Size  Location     Type
		None
 Return value:  Size  Location     Type
                  1    wreg      void 
 Registers used:
		wreg, status,2, status,0, pclath, cstack
 Tracked objects:
		On entry : 
		On exit  : 
		Unchanged: 
 Data sizes:     COMMON   BANK0   BANK1   BANK2   BANK3   BANK4   BANK5   BANK6   BANK7   BANK8   BANK9  BANK10  BANK11  BANK12
      Params:         0       0       0       0       0       0       0       0       0       0       0       0       0       0
      Locals:         0       0       0       0       0       0       0       0       0       0       0       0       0       0
      Temps:          0       0       0       0       0       0       0       0       0       0       0       0       0       0
      Totals:         0       0       0       0       0       0       0       0       0       0       0       0       0       0
Total ram usage:        0 bytes
 Hardware stack levels used:    1
 Hardware stack levels required when called:    1
 This function calls:
		i1_PWM_Output_D4_Disable
 This function is called by:
		_Switch1
 This function uses a non-reentrant model


 *************** function i1_PWM_Output_D4_Disable *****************
 Defined at:
		line 57 in file "utils.c"
 Parameters:    Size  Location     Type
		None
 Auto vars:     Size  Location     Type
		None
 Return value:  Size  Location     Type
                  1    wreg      void 
 Registers used:
		wreg, status,2
 Tracked objects:
		On entry : 
		On exit  : 
		Unchanged: 
 Data sizes:     COMMON   BANK0   BANK1   BANK2   BANK3   BANK4   BANK5   BANK6   BANK7   BANK8   BANK9  BANK10  BANK11  BANK12
      Params:         0       0       0       0       0       0       0       0       0       0       0       0       0       0
      Locals:         0       0       0       0       0       0       0       0       0       0       0       0       0       0
      Temps:          0       0       0       0       0       0       0       0       0       0       0       0       0       0
      Totals:         0       0       0       0       0       0       0       0       0       0       0       0       0       0
Total ram usage:        0 bytes
 Hardware stack levels used:    1
 This function calls:
		Nothing
 This function is called by:
		i1_ClearAlarm
 This function uses a non-reentrant model



MODULE INFORMATION

Module		Function		Class		Link	Load	Size
/Applications/microchip/xc8/v2.10/pic/sources/c99/common/awdiv.c
		___awdiv       		CODE           	0314	0000	97

/Applications/microchip/xc8/v2.10/pic/sources/c99/common/awdiv.c estimated size: 97

mcc_generated_files/pwm6.c
		_PWM6_LoadDutyValue		CODE           	0F8A	0000	23
		_PWM6_Initialize		CODE           	0EB9	0000	14

mcc_generated_files/pwm6.c estimated size: 37

/Applications/microchip/xc8/v2.10/pic/sources/c99/common/Umul8.c
		___bmul        		CODE           	0F75	0000	22

/Applications/microchip/xc8/v2.10/pic/sources/c99/common/Umul8.c estimated size: 22

mcc_generated_files/tmr2.c
		_TMR2_Initialize		CODE           	0EC6	0000	15
		_TMR2_Start    		CODE           	0DE8	0000	4
		_TMR2_StartTimer		CODE           	0DF1	0000	5

mcc_generated_files/tmr2.c estimated size: 24

mcc_generated_files/interrupt_manager.c
		_INTERRUPT_InterruptManager		CODE           	0004	0000	52

mcc_generated_files/interrupt_manager.c estimated size: 52

mcc_generated_files/pin_manager.c
		_PIN_MANAGER_Initialize		CODE           	0514	0000	72

mcc_generated_files/pin_manager.c estimated size: 72

I2C/i2c.c
		_ReadI2C       		CODE           	07D0	0000	27
		_WriteI2C      		CODE           	0480	0000	76

I2C/i2c.c estimated size: 103

menus.c
		_submenu_temp  		CODE           	0374	0000	93
		_submenu_clock 		CODE           	0145	0000	182
		_submenu_alarm 		CODE           	0F20	0000	17
		_submenu_illum 		CODE           	0F51	0000	19
		_Blink         		CODE           	04CB	0000	74
		_Menus         		CODE           	05E3	0000	67
		_Update        		CODE           	06E4	0000	43
		_Menu          		CODE           	0625	0000	54

menus.c estimated size: 549

eeprom.c
		_write_alaf    		CODE           	06B6	0000	47
		_write_alal    		CODE           	0688	0000	47
		_write_alat    		CODE           	065A	0000	47
		_read_pmon     		CODE           	0E58	0000	9
		_eeprom_clk_update		CODE           	0FE6	0000	27
		_read_tala     		CODE           	0E60	0000	9
		_read_alaf     		CODE           	0E28	0000	9
		_read_alal     		CODE           	0E30	0000	9
		_read_alat     		CODE           	0E38	0000	9
		_used          		CODE           	0F01	0000	16
		_read_nreg     		CODE           	0E50	0000	9
		_read_clkh     		CODE           	0E40	0000	9
		_read_clkm     		CODE           	0E48	0000	9
		_eeprom_setup  		CODE           	0298	0000	125
		_ring_buffer_write		CODE           	01FA	0000	159

eeprom.c estimated size: 540

/Applications/microchip/xc8/v2.10/pic/sources/c99/common/Umul16.c
		___wmul        		CODE           	0734	0000	35

/Applications/microchip/xc8/v2.10/pic/sources/c99/common/Umul16.c estimated size: 35

mcc_generated_files/ext_int.c
		_INT_DefaultInterruptHandler		CODE           	0DE6	0000	2
		_EXT_INT_Initialize		CODE           	0EAC	0000	14
		_INT_SetInterruptHandler		CODE           	0E06	0000	7
		_INT_CallBack  		CODE           	0E9F	0000	14
		_INT_ISR       		CODE           	0DFA	0000	7

mcc_generated_files/ext_int.c estimated size: 44

shared
		i1_ClearAlarm  		CODE           	0E12	0000	8
		__initialization		CODE           	0039	0000	26
		i1_PWM_Output_D4_Disable		CODE           	0ED4	0000	16

shared estimated size: 50

mcc_generated_files/mcc.c
		_PMD_Initialize		CODE           	0E20	0000	9
		_OSCILLATOR_Initialize		CODE           	0E68	0000	10
		_SYSTEM_Initialize		CODE           	0FCD	0000	26

mcc_generated_files/mcc.c estimated size: 45

/Applications/microchip/xc8/v2.10/pic/sources/c99/common/awmod.c
		___awmod       		CODE           	042C	0000	85

/Applications/microchip/xc8/v2.10/pic/sources/c99/common/awmod.c estimated size: 85

mcc_generated_files/tmr1.c
		_TMR1_Initialize		CODE           	0776	0000	31
		_TMR1_SetInterruptHandler		CODE           	0E00	0000	7
		_TMR1_StopTimer		CODE           	0DEE	0000	4
		_TMR1_DefaultInterruptHandler		CODE           	0DE7	0000	2
		_TMR1_WriteTimer		CODE           	0F40	0000	18
		_TMR1_StartTimer		CODE           	0DEB	0000	4
		_TMR1_ISR      		CODE           	0FB6	0000	24

mcc_generated_files/tmr1.c estimated size: 90

utils.c
		_ReadTemp      		CODE           	0002	0000	3
		_PWM_Output_D4_Disable		CODE           	0EF2	0000	16
		_eeprom_default_setup		CODE           	070E	0000	39
		_PWM_Output_D4_Enable		CODE           	0F10	0000	17
		_update_clk    		CODE           	0E71	0000	11
		_ring_buffer   		CODE           	07EA	0000	23
		_ReadIllum     		CODE           	0F30	0000	17
		_checkButtonS1 		CODE           	07B2	0000	31
		_checkButtonS2 		CODE           	0794	0000	31
		_ShowOnLEDs    		CODE           	0E7B	0000	13
		_load_eeprom   		CODE           	055B	0000	70

utils.c estimated size: 271

mcc_generated_files/memory.c
		_DATAEE_WriteByte		CODE           	0756	0000	33
		_DATAEE_ReadByte		CODE           	0E87	0000	13

mcc_generated_files/memory.c estimated size: 46

mcc_generated_files/i2c1_driver.c
		_i2c1_driver_open		CODE           	0E93	0000	13

mcc_generated_files/i2c1_driver.c estimated size: 13

mcc_generated_files/adcc.c
		_ADCC_GetSingleConversion		CODE           	0F63	0000	19
		_ADCC_Initialize		CODE           	0FA0	0000	23

mcc_generated_files/adcc.c estimated size: 42

main.c
		_ClearAlarm    		CODE           	0E19	0000	8
		_Timer         		CODE           	03D0	0000	93
		_main          		CODE           	0056	0000	240
		_Switch1       		CODE           	0EE3	0000	16
		_Alarm         		CODE           	05A0	0000	68

main.c estimated size: 425

