Microchip MPLAB XC8 Compiler V2.10 ()

Linker command line:

-W-3 --edf=/Applications/microchip/xc8/v2.10/pic/dat/en_msgs.txt -cs \
  -h+dist/default/production/WeatherStation_g8.x.production.sym \
  --cmf=dist/default/production/WeatherStation_g8.x.production.cmf -z \
  -Q16F18875 -o/tmp/xcOPJvBLk --defsym=__MPLAB_BUILD=1 \
  -Mdist/default/production/WeatherStation_g8.x.production.map -E1 -ver=XC8 \
  --acfsm=1493 -ASTACK=020B8h-023EFh -pstack=STACK -ACODE=00h-07FFhx4 \
  -ASTRCODE=00h-01FFFh -ASTRING=00h-0FFhx32 -ACONST=00h-0FFhx32 \
  -AENTRY=00h-0FFhx32 -ACOMMON=070h-07Fh -ABANK0=020h-06Fh \
  -ABANK1=0A0h-0EFh -ABANK2=0120h-016Fh -ABANK3=01A0h-01EFh \
  -ABANK4=0220h-026Fh -ABANK5=02A0h-02EFh -ABANK6=0320h-036Fh \
  -ABANK7=03A0h-03EFh -ABANK8=0420h-046Fh -ABANK9=04A0h-04EFh \
  -ABANK10=0520h-056Fh -ABANK11=05A0h-05EFh -ABANK12=0620h-064Fh \
  -ABIGRAM=02000h-023EFh \
  -ARAM=020h-06Fh,0A0h-0EFh,0120h-016Fh,01A0h-01EFh,0220h-026Fh,02A0h-02EFh,0320h-036Fh,03A0h-03EFh,0420h-046Fh,04A0h-04EFh,0520h-056Fh,05A0h-05EFh,0620h-064Fh \
  -AABS1=020h-07Fh,0A0h-0EFh,0120h-016Fh,01A0h-01EFh,0220h-026Fh,02A0h-02EFh,0320h-036Fh,03A0h-03EFh,0420h-046Fh,04A0h-04EFh,0520h-056Fh,05A0h-05EFh,0620h-064Fh \
  -ASFR0=00h-01Fh -ASFR1=080h-09Fh -ASFR2=0100h-011Fh -ASFR3=0180h-019Fh \
  -ASFR4=0200h-021Fh -ASFR5=0280h-029Fh -ASFR6=0300h-031Fh \
  -ASFR7=0380h-039Fh -ASFR8=0400h-041Fh -ASFR9=0480h-049Fh \
  -ASFR10=0500h-051Fh -ASFR11=0580h-059Fh -ASFR12=0600h-061Fh \
  -ASFR13=0680h-06EFh -ASFR14=0700h-076Fh -ASFR15=0780h-07EFh \
  -ASFR16=0800h-086Fh -ASFR17=0880h-08EFh -ASFR18=0900h-096Fh \
  -ASFR19=0980h-09EFh -ASFR20=0A00h-0A6Fh -ASFR21=0A80h-0AEFh \
  -ASFR22=0B00h-0B6Fh -ASFR23=0B80h-0BEFh -ASFR24=0C00h-0C6Fh \
  -ASFR25=0C80h-0CEFh -ASFR26=0D00h-0D6Fh -ASFR27=0D80h-0DEFh \
  -ASFR28=0E00h-0E6Fh -ASFR29=0E80h-0EEFh -ASFR30=0F00h-0F6Fh \
  -ASFR31=0F80h-0FEFh -preset_vec=00h,intentry=04h,init,end_init \
  -ppowerup=CODE -pcinit=CODE -pfunctab=ENTRY -ACONFIG=08007h-0800Bh \
  -pconfig=CONFIG -DCONFIG=2 -AIDLOC=08000h-08003h -pidloc=IDLOC -DIDLOC=2 \
  -AEEDATA=00h-0FFh/0F000h -peeprom_data=EEDATA -DEEDATA=2 -DCODE=2 \
  -DSTRCODE=2 -DSTRING=2 -DCONST=2 -DENTRY=2 -k /tmp/xclGPjMsC.o \
  dist/default/production/WeatherStation_g8.x.production.o 

Object code version is 3.11

Machine type is 16F18875



                Name                               Link     Load   Length Selector   Space Scale
/tmp/xclGPjMsC.o
                end_init                             55       55        2        8       0
                reset_vec                             0        0        2        0       0
                config                             8007     8007        5    1000E       0
dist/default/production/WeatherStation_g8.x.production.o
                cinit                                57       57       1E        8       0
                intentry                              4        4       51        8       0
                text118                            1698     1698       22     2D30       0
                text117                            1406     1406        F     280C       0
                text116                            1334     1334        8     2668       0
                text115                            1415     1415        F     282A       0
                text114                               2        2        1        0       0
                text113                            13DF     13DF        D     27BE       0
                text112                            12F2     12F2        6     25E4       0
                text111                            1471     1471       11     28E2       0
                text110                             B87      B87       46     170E       0
                text109                               3        3        1        6       0
                text108                             C5C      C5C       49     18B8       0
                text107                            1525     1525       17     2A4A       0
                text106                            12F8     12F8        6     25F0       0
                text105                            1555     1555       1A     2AAA       0
                text104                            12EA     12EA        4     25D4       0
                text103                             7FF      7FF        1        8       0
                text102                            12EE     12EE        4     25DC       0
                text101                            1482     1482       11     2904       0
                text100                             9CD      9CD       39     139A       0
                text98                             14E3     14E3       16     29C6       0
                text97                             1451     1451       10     28A2       0
                text96                             15FB     15FB       1F     2BF6       0
                text95                              B42      B42       45     1684       0
                text94                             12E4     12E4        3     25C8       0
                text93                             12E7     12E7        3     25CE       0
                text92                             13BB     13BB        C     2776       0
                text91                             1658     1658       20     2CB0       0
                text90                             1678     1678       20     2CF0       0
                text89                             1724     1724       2A     2E48       0
                text88                             13C7     13C7        C     278E       0
                text87                             1700     1700       24     2E00       0
                text86                             17D2     17D2       2E     2FA4       0
                text85                             1461     1461       10     28C2       0
                text84                              F3D      F3D       60     1E7A       0
                text83                              D8B      D8B       53     1B16       0
                text82                             14B9     14B9       15     2972       0
                text81                              BCD      BCD       47     179A       0
                text80                             13A6     13A6        A     274C       0
                text79                              501      501       B5        8       0
                text78                              80E      80E       2E     101C       0
                text77                             14A5     14A5       14     294A       0
                text76                              83C      83C       2E     1078       0
                text75                              E84      E84       5C     1D08       0
                text74                              8F5      8F5       35     11EA       0
                text73                             12FE     12FE        6     25FC       0
                text72                              AFF      AFF       43     15FE       0
                text71                             1493     1493       12     2926       0
                text70                             1424     1424        F     2848       0
                text69                             156F     156F       1A     2ADE       0
                text68                              CA5      CA5       4B     194A       0
                text67                              329      329      10D        8       0
                text66                             14F9     14F9       16     29F2       0
                text65                             1304     1304        6     2608       0
                text64                             130A     130A        6     2614       0
                text63                             1310     1310        6     2620       0
                text62                             1316     1316        6     262C       0
                text61                             131C     131C        6     2638       0
                text60                              A7C      A7C       41     14F8       0
                text59                             1322     1322        6     2644       0
                text58                             13EC     13EC        D     27D8       0
                text57                             1394     1394        9     2728       0
                text56                              CF0      CF0       4B     19E0       0
                text55                             133C     133C        8     2678       0
                text54                             13F9     13F9        D     27F2       0
                text53                             15DD     15DD       1E     2BBA       0
                text52                              800      800        E     1000       0
                text51                             15A4     15A4       1C     2B48       0
                text50                             1433     1433        F     2866       0
                text49                             1344     1344        8     2688       0
                text48                             13D3     13D3        C     27A6       0
                text47                              EE0      EE0       5D     1DC0       0
                text46                             14CE     14CE       15     299C       0
                text45                              652      652       8F        8       0
                text44                              A06      A06       3A     140C       0
                text43                             134C     134C        8     2698       0
                text42                             1354     1354        8     26A8       0
                text41                             135C     135C        8     26B8       0
                text40                             1364     1364        8     26C8       0
                text39                             136C     136C        8     26D8       0
                text38                             1374     1374        8     26E8       0
                text37                             137C     137C        8     26F8       0
                text36                             1384     1384        8     2708       0
                text35                             1589     1589       1B     2B12       0
                text34                              D3B      D3B       50     1A76       0
                text33                             138C     138C        8     2718       0
                text32                             1442     1442        F     2884       0
                text31                             174E     174E       2A     2E9C       0
                text30                             153C     153C       19     2A78       0
                text29                             1778     1778       2D     2EF0       0
                text28                              DDE      DDE       53     1BBC       0
                text27                             17A5     17A5       2D     2F4A       0
                text26                             139D     139D        9     273A       0
                text25                             150F     150F       16     2A1E       0
                text24                              ABD      ABD       42     157A       0
                text23                              86A      86A       2E     10D4       0
                text22                              92A      92A       36     1254       0
                text21                              898      898       2E     1130       0
                text20                              996      996       37     132C       0
                text19                             16BA     16BA       23     2D74       0
                text18                              8C6      8C6       2F     118C       0
                text17                             15C0     15C0       1D     2B80       0
                text16                             161A     161A       1F     2C34       0
                text15                              E31      E31       53     1C62       0
                text14                              76D      76D       6E        8       0
                text13                              960      960       36     12C0       0
                text12                             1328     1328        6     2650       0
                text11                              7DB      7DB       24        8       0
                text10                             16DD     16DD       23     2DBA       0
                text9                               436      436       CB        8       0
                text8                               F9D      F9D       63     1F3A       0
                text7                               5B6      5B6       9C        8       0
                text6                               6E1      6E1       8C        8       0
                text5                               C14      C14       48     1828       0
                text4                               A40      A40       3C     1480       0
                text3                              1639     1639       1F     2C72       0
                text2                               1FE      1FE      12B        8       0
                text1                              13B0     13B0        B     2760       0
                maintext                             75       75      189        8       0
                cstackBANK0                          20       20       48       20       1
                cstackCOMMON                         70       70        A       70       1
                cstackBANK2                         136      136        2      120       1
                clrtext                            132E     132E        6     265C       0
                bssBANK2                            120      120       16      120       1
                bssBANK1                             A0       A0       3F       A0       1
                bssBANK0                             68       68        8       20       1
                bssCOMMON                            7A       7A        2       70       1
                nvBANK1                              DF       DF       11       A0       1

TOTAL           Name                               Link     Load   Length     Space
        CLASS   STACK          

        CLASS   CODE           
                end_init                             55       55        2         0
                cinit                                57       57       1E         0
                intentry                              4        4       51         0
                reset_vec                             0        0        2         0
                text118                            1698     1698       22         0
                text117                            1406     1406        F         0
                text116                            1334     1334        8         0
                text115                            1415     1415        F         0
                text114                               2        2        1         0
                text113                            13DF     13DF        D         0
                text112                            12F2     12F2        6         0
                text111                            1471     1471       11         0
                text110                             B87      B87       46         0
                text109                               3        3        1         0
                text108                             C5C      C5C       49         0
                text107                            1525     1525       17         0
                text106                            12F8     12F8        6         0
                text105                            1555     1555       1A         0
                text104                            12EA     12EA        4         0
                text103                             7FF      7FF        1         0
                text102                            12EE     12EE        4         0
                text101                            1482     1482       11         0
                text100                             9CD      9CD       39         0
                text98                             14E3     14E3       16         0
                text97                             1451     1451       10         0
                text96                             15FB     15FB       1F         0
                text95                              B42      B42       45         0
                text94                             12E4     12E4        3         0
                text93                             12E7     12E7        3         0
                text92                             13BB     13BB        C         0
                text91                             1658     1658       20         0
                text90                             1678     1678       20         0
                text89                             1724     1724       2A         0
                text88                             13C7     13C7        C         0
                text87                             1700     1700       24         0
                text86                             17D2     17D2       2E         0
                text85                             1461     1461       10         0
                text84                              F3D      F3D       60         0
                text83                              D8B      D8B       53         0
                text82                             14B9     14B9       15         0
                text81                              BCD      BCD       47         0
                text80                             13A6     13A6        A         0
                text79                              501      501       B5         0
                text78                              80E      80E       2E         0
                text77                             14A5     14A5       14         0
                text76                              83C      83C       2E         0
                text75                              E84      E84       5C         0
                text74                              8F5      8F5       35         0
                text73                             12FE     12FE        6         0
                text72                              AFF      AFF       43         0
                text71                             1493     1493       12         0
                text70                             1424     1424        F         0
                text69                             156F     156F       1A         0
                text68                              CA5      CA5       4B         0
                text67                              329      329      10D         0
                text66                             14F9     14F9       16         0
                text65                             1304     1304        6         0
                text64                             130A     130A        6         0
                text63                             1310     1310        6         0
                text62                             1316     1316        6         0
                text61                             131C     131C        6         0
                text60                              A7C      A7C       41         0
                text59                             1322     1322        6         0
                text58                             13EC     13EC        D         0
                text57                             1394     1394        9         0
                text56                              CF0      CF0       4B         0
                text55                             133C     133C        8         0
                text54                             13F9     13F9        D         0
                text53                             15DD     15DD       1E         0
                text52                              800      800        E         0
                text51                             15A4     15A4       1C         0
                text50                             1433     1433        F         0
                text49                             1344     1344        8         0
                text48                             13D3     13D3        C         0
                text47                              EE0      EE0       5D         0
                text46                             14CE     14CE       15         0
                text45                              652      652       8F         0
                text44                              A06      A06       3A         0
                text43                             134C     134C        8         0
                text42                             1354     1354        8         0
                text41                             135C     135C        8         0
                text40                             1364     1364        8         0
                text39                             136C     136C        8         0
                text38                             1374     1374        8         0
                text37                             137C     137C        8         0
                text36                             1384     1384        8         0
                text35                             1589     1589       1B         0
                text34                              D3B      D3B       50         0
                text33                             138C     138C        8         0
                text32                             1442     1442        F         0
                text31                             174E     174E       2A         0
                text30                             153C     153C       19         0
                text29                             1778     1778       2D         0
                text28                              DDE      DDE       53         0
                text27                             17A5     17A5       2D         0
                text26                             139D     139D        9         0
                text25                             150F     150F       16         0
                text24                              ABD      ABD       42         0
                text23                              86A      86A       2E         0
                text22                              92A      92A       36         0
                text21                              898      898       2E         0
                text20                              996      996       37         0
                text19                             16BA     16BA       23         0
                text18                              8C6      8C6       2F         0
                text17                             15C0     15C0       1D         0
                text16                             161A     161A       1F         0
                text15                              E31      E31       53         0
                text14                              76D      76D       6E         0
                text13                              960      960       36         0
                text12                             1328     1328        6         0
                text11                              7DB      7DB       24         0
                text10                             16DD     16DD       23         0
                text9                               436      436       CB         0
                text8                               F9D      F9D       63         0
                text7                               5B6      5B6       9C         0
                text6                               6E1      6E1       8C         0
                text5                               C14      C14       48         0
                text4                               A40      A40       3C         0
                text3                              1639     1639       1F         0
                text2                               1FE      1FE      12B         0
                text1                              13B0     13B0        B         0
                maintext                             75       75      189         0
                clrtext                            132E     132E        6         0

        CLASS   STRCODE        

        CLASS   STRING         

        CLASS   CONST          

        CLASS   ENTRY          

        CLASS   COMMON         
                cstackCOMMON                         70       70        A         1
                bssCOMMON                            7A       7A        2         1

        CLASS   BANK0          
                cstackBANK0                          20       20       48         1
                bssBANK0                             68       68        8         1

        CLASS   BANK1          
                bssBANK1                             A0       A0       3F         1
                nvBANK1                              DF       DF       11         1

        CLASS   BANK2          
                cstackBANK2                         136      136        2         1
                bssBANK2                            120      120       16         1

        CLASS   BANK3          

        CLASS   BANK4          

        CLASS   BANK5          

        CLASS   BANK6          

        CLASS   BANK7          

        CLASS   BANK8          

        CLASS   BANK9          

        CLASS   BANK10         

        CLASS   BANK11         

        CLASS   BANK12         

        CLASS   BIGRAM         

        CLASS   RAM            

        CLASS   ABS1           
                abs_s1                               7E       7E        2         1

        CLASS   SFR0           

        CLASS   SFR1           

        CLASS   SFR2           

        CLASS   SFR3           

        CLASS   SFR4           

        CLASS   SFR5           

        CLASS   SFR6           

        CLASS   SFR7           

        CLASS   SFR8           

        CLASS   SFR9           

        CLASS   SFR10          

        CLASS   SFR11          

        CLASS   SFR12          

        CLASS   SFR13          

        CLASS   SFR14          

        CLASS   SFR15          

        CLASS   SFR16          

        CLASS   SFR17          

        CLASS   SFR18          

        CLASS   SFR19          

        CLASS   SFR20          

        CLASS   SFR21          

        CLASS   SFR22          

        CLASS   SFR23          

        CLASS   SFR24          

        CLASS   SFR25          

        CLASS   SFR26          

        CLASS   SFR27          

        CLASS   SFR28          

        CLASS   SFR29          

        CLASS   SFR30          

        CLASS   SFR31          

        CLASS   CONFIG         
                config                             8007     8007        5         0

        CLASS   IDLOC          

        CLASS   EEDATA         

        CLASS   BANK31         

        CLASS   BANK30         

        CLASS   BANK29         

        CLASS   BANK28         

        CLASS   BANK27         

        CLASS   BANK26         

        CLASS   BANK25         

        CLASS   BANK24         

        CLASS   BANK23         

        CLASS   BANK22         

        CLASS   BANK21         

        CLASS   BANK20         

        CLASS   BANK19         

        CLASS   BANK18         

        CLASS   BANK17         

        CLASS   BANK16         

        CLASS   BANK15         

        CLASS   BANK14         

        CLASS   BANK13         



SEGMENTS        Name                           Load    Length   Top    Selector   Space  Class     Delta

                text30                         00153C  000019  001555      2A78       0  CODE        2
                text105                        001555  00001A  00156F      2AAA       0  CODE        2
                text107                        001525  000017  00153C      2A4A       0  CODE        2
                text66                         0014F9  000016  00150F      29F2       0  CODE        2
                text25                         00150F  000016  001525      2A1E       0  CODE        2
                text17                         0015C0  00001D  0015DD      2B80       0  CODE        2
                text53                         0015DD  00001E  0015FB      2BBA       0  CODE        2
                text51                         0015A4  00001C  0015C0      2B48       0  CODE        2
                text69                         00156F  00001A  001589      2ADE       0  CODE        2
                text35                         001589  00001B  0015A4      2B12       0  CODE        2
                text98                         0014E3  000016  0014F9      29C6       0  CODE        2
                text85                         001461  000010  001471      28C2       0  CODE        2
                text111                        001471  000011  001482      28E2       0  CODE        2
                text97                         001451  000010  001461      28A2       0  CODE        2
                text50                         001433  00000F  001442      2866       0  CODE        2
                text32                         001442  00000F  001451      2884       0  CODE        2
                text82                         0014B9  000015  0014CE      2972       0  CODE        2
                text46                         0014CE  000015  0014E3      299C       0  CODE        2
                text77                         0014A5  000014  0014B9      294A       0  CODE        2
                text101                        001482  000011  001493      2904       0  CODE        2
                text71                         001493  000012  0014A5      2926       0  CODE        2
                text78                         00080E  00002E  00083C      101C       0  CODE        2
                text76                         00083C  00002E  00086A      1078       0  CODE        2
                text86                         0017D2  00002E  001800      2FA4       0  CODE        2
                text29                         001778  00002D  0017A5      2EF0       0  CODE        2
                text27                         0017A5  00002D  0017D2      2F4A       0  CODE        2
                text74                         0008F5  000035  00092A      11EA       0  CODE        2
                text22                         00092A  000036  000960      1254       0  CODE        2
                text18                         0008C6  00002F  0008F5      118C       0  CODE        2
                text23                         00086A  00002E  000898      10D4       0  CODE        2
                text21                         000898  00002E  0008C6      1130       0  CODE        2
                text31                         00174E  00002A  001778      2E9C       0  CODE        2
                text91                         001658  000020  001678      2CB0       0  CODE        2
                text90                         001678  000020  001698      2CF0       0  CODE        2
                text3                          001639  00001F  001658      2C72       0  CODE        2
                text96                         0015FB  00001F  00161A      2BF6       0  CODE        2
                text16                         00161A  00001F  001639      2C34       0  CODE        2
                text87                         001700  000024  001724      2E00       0  CODE        2
                text89                         001724  00002A  00174E      2E48       0  CODE        2
                text10                         0016DD  000023  001700      2DBA       0  CODE        2
                text118                        001698  000022  0016BA      2D30       0  CODE        2
                text19                         0016BA  000023  0016DD      2D74       0  CODE        2
                text12                         001328  000006  00132E      2650       0  CODE        2
                clrtext                        00132E  000006  001334      265C       0  CODE        2
                text59                         001322  000006  001328      2644       0  CODE        2
                text62                         001316  000006  00131C      262C       0  CODE        2
                text61                         00131C  000006  001322      2638       0  CODE        2
                text43                         00134C  000008  001354      2698       0  CODE        2
                text42                         001354  000008  00135C      26A8       0  CODE        2
                text49                         001344  000008  00134C      2688       0  CODE        2
                text116                        001334  000008  00133C      2668       0  CODE        2
                text55                         00133C  000008  001344      2678       0  CODE        2
                text63                         001310  000006  001316      2620       0  CODE        2
                text104                        0012EA  000004  0012EE      25D4       0  CODE        2
                text102                        0012EE  000004  0012F2      25DC       0  CODE        2
                text93                         0012E7  000003  0012EA      25CE       0  CODE        2
                text109                        000003  000001  000004         6       0  CODE        2
                text94                         0012E4  000003  0012E7      25C8       0  CODE        2
                text65                         001304  000006  00130A      2608       0  CODE        2
                text64                         00130A  000006  001310      2614       0  CODE        2
                text73                         0012FE  000006  001304      25FC       0  CODE        2
                text112                        0012F2  000006  0012F8      25E4       0  CODE        2
                text106                        0012F8  000006  0012FE      25F0       0  CODE        2
                text113                        0013DF  00000D  0013EC      27BE       0  CODE        2
                text58                         0013EC  00000D  0013F9      27D8       0  CODE        2
                text48                         0013D3  00000C  0013DF      27A6       0  CODE        2
                text92                         0013BB  00000C  0013C7      2776       0  CODE        2
                text88                         0013C7  00000C  0013D3      278E       0  CODE        2
                text115                        001415  00000F  001424      282A       0  CODE        2
                text70                         001424  00000F  001433      2848       0  CODE        2
                text117                        001406  00000F  001415      280C       0  CODE        2
                text54                         0013F9  00000D  001406      27F2       0  CODE        2
                text52                         000800  00000E  00080E      1000       0  CODE        2
                text1                          0013B0  00000B  0013BB      2760       0  CODE        2
                text38                         001374  000008  00137C      26E8       0  CODE        2
                text37                         00137C  000008  001384      26F8       0  CODE        2
                text39                         00136C  000008  001374      26D8       0  CODE        2
                text41                         00135C  000008  001364      26B8       0  CODE        2
                text40                         001364  000008  00136C      26C8       0  CODE        2
                text26                         00139D  000009  0013A6      273A       0  CODE        2
                text80                         0013A6  00000A  0013B0      274C       0  CODE        2
                text57                         001394  000009  00139D      2728       0  CODE        2
                text36                         001384  000008  00138C      2708       0  CODE        2
                text33                         00138C  000008  001394      2718       0  CODE        2
                cstackBANK0                    000020  000050  000070        20       1  BANK0       1
                reset_vec                      000000  000003  000003         0       0  CODE        2
                bssBANK2                       000120  000018  000138       120       1  BANK2       1
                bssBANK1                       0000A0  000050  0000F0        A0       1  BANK1       1
                intentry                       000004  0007FC  000800         8       0  CODE        2
                cstackCOMMON                   000070  00000C  00007C        70       1  COMMON      1
                config                         008007  000005  00800C     1000E       0  CONFIG      2
                text56                         000CF0  00004B  000D3B      19E0       0  CODE        2
                text34                         000D3B  000050  000D8B      1A76       0  CODE        2
                text68                         000CA5  00004B  000CF0      194A       0  CODE        2
                text5                          000C14  000048  000C5C      1828       0  CODE        2
                text108                        000C5C  000049  000CA5      18B8       0  CODE        2
                text75                         000E84  00005C  000EE0      1D08       0  CODE        2
                text47                         000EE0  00005D  000F3D      1DC0       0  CODE        2
                text15                         000E31  000053  000E84      1C62       0  CODE        2
                text83                         000D8B  000053  000DDE      1B16       0  CODE        2
                text28                         000DDE  000053  000E31      1BBC       0  CODE        2
                text81                         000BCD  000047  000C14      179A       0  CODE        2
                text44                         000A06  00003A  000A40      140C       0  CODE        2
                text4                          000A40  00003C  000A7C      1480       0  CODE        2
                text100                        0009CD  000039  000A06      139A       0  CODE        2
                text13                         000960  000036  000996      12C0       0  CODE        2
                text20                         000996  000037  0009CD      132C       0  CODE        2
                text95                         000B42  000045  000B87      1684       0  CODE        2
                text110                        000B87  000046  000BCD      170E       0  CODE        2
                text72                         000AFF  000043  000B42      15FE       0  CODE        2
                text60                         000A7C  000041  000ABD      14F8       0  CODE        2
                text24                         000ABD  000042  000AFF      157A       0  CODE        2
                text84                         000F3D  000060  000F9D      1E7A       0  CODE        2
                text8                          000F9D  000063  001000      1F3A       0  CODE        2


UNUSED ADDRESS RANGES

        Name                Unused          Largest block    Delta
        BANK10           00520-0056F              50           1
        BANK11           005A0-005EF              50           1
        BANK12           00620-0064F              30           1
        BANK2            00138-0016F              38           1
        BANK3            001A0-001EF              50           1
        BANK4            00220-0026F              50           1
        BANK5            002A0-002EF              50           1
        BANK6            00320-0036F              50           1
        BANK7            003A0-003EF              50           1
        BANK8            00420-0046F              50           1
        BANK9            004A0-004EF              50           1
        BIGRAM           02000-023EF             3F0           1
        CODE             01000-012E3             2E4           2
                         01800-01FFF             800
        COMMON           0007C-0007D               2           1
        CONST            01000-012E3             100           2
                         01800-01FFF             100
        EEDATA           0F000-0F0FF             100           2
        ENTRY            01000-012E3             100           2
                         01800-01FFF             100
        IDLOC            08000-08003               4           2
        RAM              00138-0016F              38           1
                         001A0-001EF              50
                         00220-0026F              50
                         002A0-002EF              50
                         00320-0036F              50
                         003A0-003EF              50
                         00420-0046F              50
                         004A0-004EF              50
                         00520-0056F              50
                         005A0-005EF              50
                         00620-0064F              30
        SFR0             00000-0001F              20           1
        SFR1             00080-0009F              20           1
        SFR10            00500-0051F              20           1
        SFR11            00580-0059F              20           1
        SFR12            00600-0061F              20           1
        SFR13            00680-006EF              70           1
        SFR14            00700-0076F              70           1
        SFR15            00780-007EF              70           1
        SFR16            00800-0086F              70           1
        SFR17            00880-008EF              70           1
        SFR18            00900-0096F              70           1
        SFR19            00980-009EF              70           1
        SFR2             00100-0011F              20           1
        SFR20            00A00-00A6F              70           1
        SFR21            00A80-00AEF              70           1
        SFR22            00B00-00B6F              70           1
        SFR23            00B80-00BEF              70           1
        SFR24            00C00-00C6F              70           1
        SFR25            00C80-00CEF              70           1
        SFR26            00D00-00D6F              70           1
        SFR27            00D80-00DEF              70           1
        SFR28            00E00-00E6F              70           1
        SFR29            00E80-00EEF              70           1
        SFR3             00180-0019F              20           1
        SFR30            00F00-00F6F              70           1
        SFR31            00F80-00FEF              70           1
        SFR4             00200-0021F              20           1
        SFR5             00280-0029F              20           1
        SFR6             00300-0031F              20           1
        SFR7             00380-0039F              20           1
        SFR8             00400-0041F              20           1
        SFR9             00480-0049F              20           1
        STACK            020B8-023EF             338           1
        STRCODE          01000-012E3             2E4           2
                         01800-01FFF             800
        STRING           01000-012E3             100           2
                         01800-01FFF             100

                                  Symbol Table

?_ADCC_GetSingleConversion                     cstackCOMMON 00072
?___awdiv                                      cstackCOMMON 00074
?___awmod                                      cstackCOMMON 00072
?___lwdiv                                      cstackCOMMON 00072
?___wmul                                       cstackCOMMON 00074
?_strlen                                       cstackCOMMON 00072
ADCC_GetSingleConversion@channel               cstackCOMMON 00075
Alarm@h                                        cstackBANK0  0002C
Alarm@m                                        cstackBANK0  00020
Alarm@s                                        cstackBANK0  00021
DATAEE_ReadByte@bAdd                           cstackCOMMON 00072
DATAEE_WriteByte@GIEBitValue                   cstackBANK0  00023
DATAEE_WriteByte@bAdd                          cstackBANK0  00020
DATAEE_WriteByte@bData                         cstackBANK0  00022
EUSART_Read@readValue                          cstackCOMMON 00073
EUSART_SetErrorHandler@interruptHandler        cstackCOMMON 00072
EUSART_SetFramingErrorHandler@interruptHandler cstackCOMMON 00072
EUSART_SetOverrunErrorHandler@interruptHandler cstackCOMMON 00072
EUSART_SetRxInterruptHandler@interruptHandler  cstackCOMMON 00072
EUSART_SetTxInterruptHandler@interruptHandler  cstackCOMMON 00072
EUSART_Write@txData                            cstackCOMMON 00073
INT_SetInterruptHandler@InterruptHandler       cstackCOMMON 00072
Menu@mode                                      cstackBANK0  00035
PWM6_LoadDutyValue@dutyValue                   cstackCOMMON 00072
ReadTemp@value                                 cstackCOMMON 00075
ShowOnLEDs@num                                 cstackCOMMON 00073
TMR1_SetInterruptHandler@InterruptHandler      cstackCOMMON 00072
TMR1_WriteTimer@timerVal                       cstackCOMMON 00070
Update@thr                                     cstackCOMMON 00074
Update@var                                     cstackCOMMON 00076
WriteI2C@data_out                              cstackCOMMON 00073
_ADACCH                                        (abs)        00091
_ADACCL                                        (abs)        00090
_ADACQ                                         (abs)        0009D
_ADACT                                         (abs)        00099
_ADCAP                                         (abs)        0009B
_ADCC_GetSingleConversion                      text71       01493
_ADCC_Initialize                               text66       014F9
_ADCLK                                         (abs)        00098
_ADCNT                                         (abs)        0010C
_ADCON0                                        (abs)        00093
_ADCON0bits                                    (abs)        00093
_ADCON1                                        (abs)        00094
_ADCON1bits                                    (abs)        00094
_ADCON2                                        (abs)        00095
_ADCON2bits                                    (abs)        00095
_ADCON3                                        (abs)        00096
_ADCON3bits                                    (abs)        00096
_ADERRH                                        (abs)        00117
_ADERRL                                        (abs)        00116
_ADFLTRH                                       (abs)        00115
_ADFLTRL                                       (abs)        00114
_ADLTHH                                        (abs)        0010F
_ADLTHL                                        (abs)        0010E
_ADPCH                                         (abs)        0009E
_ADPRE                                         (abs)        0009C
_ADPREVH                                       (abs)        0008F
_ADPREVL                                       (abs)        0008E
_ADREF                                         (abs)        0009A
_ADRESH                                        (abs)        0008D
_ADRESL                                        (abs)        0008C
_ADRPT                                         (abs)        0010D
_ADSTAT                                        (abs)        00097
_ADSTATbits                                    (abs)        00097
_ADSTPTH                                       (abs)        00113
_ADSTPTL                                       (abs)        00112
_ADUTHH                                        (abs)        00111
_ADUTHL                                        (abs)        00110
_ANSELA                                        (abs)        00F38
_ANSELB                                        (abs)        00F43
_ANSELC                                        (abs)        00F4E
_ANSELD                                        (abs)        00F59
_ANSELE                                        (abs)        00F64
_Alarm                                         text95       00B42
_BAUD1CON                                      (abs)        0011F
_Blink                                         text108      00C5C
_CCPTMRS1bits                                  (abs)        0021F
_DATAEE_ReadByte                               text88       013C7
_DATAEE_WriteByte                              text87       01700
_EUSART_DefaultErrorHandler                    text104      012EA
_EUSART_DefaultFramingErrorHandler             text103      007FF
_EUSART_DefaultOverrunErrorHandler             text102      012EE
_EUSART_ErrorHandler                           nvBANK1      000DF
_EUSART_FramingErrorHandler                    nvBANK1      000E3
_EUSART_Initialize                             text60       00A7C
_EUSART_LastByte                               text106      012F8
_EUSART_OverrunErrorHandler                    nvBANK1      000E1
_EUSART_Read                                   text27       017A5
_EUSART_Receive_ISR                            text100      009CD
_EUSART_RxDataHandler                          text105      01555
_EUSART_RxDefaultInterruptHandler              nvBANK1      000E5
_EUSART_SetErrorHandler                        text65       01304
_EUSART_SetFramingErrorHandler                 text64       0130A
_EUSART_SetOverrunErrorHandler                 text63       01310
_EUSART_SetRxInterruptHandler                  text62       01316
_EUSART_SetTxInterruptHandler                  text61       0131C
_EUSART_Transmit_ISR                           text118      01698
_EUSART_TxDefaultInterruptHandler              nvBANK1      000E7
_EUSART_Write                                  text31       0174E
_EUSART_is_rx_ready                            text26       0139D
_EXT_INT_Initialize                            text58       013EC
_INLVLA                                        (abs)        00F3C
_INLVLB                                        (abs)        00F47
_INLVLC                                        (abs)        00F52
_INLVLD                                        (abs)        00F5D
_INLVLE                                        (abs)        00F68
_INTCONbits                                    (abs)        0000B
_INTERRUPT_InterruptManager                    intentry     00004
_INTPPS                                        (abs)        00E90
_INT_CallBack                                  text113      013DF
_INT_DefaultInterruptHandler                   text114      00002
_INT_ISR                                       text112      012F2
_INT_InterruptHandler                          nvBANK1      000E9
_INT_SetInterruptHandler                       text59       01322
_LATA                                          (abs)        00016
_LATAbits                                      (abs)        00016
_LATB                                          (abs)        00017
_LATC                                          (abs)        00018
_LATD                                          (abs)        00019
_LATE                                          (abs)        0001A
_Menu                                          text74       008F5
_Menus                                         text72       00AFF
_NVMADRH                                       (abs)        0081B
_NVMADRL                                       (abs)        0081A
_NVMCON1bits                                   (abs)        0081E
_NVMCON2                                       (abs)        0081F
_NVMDATH                                       (abs)        0081D
_NVMDATL                                       (abs)        0081C
_ODCONA                                        (abs)        00F3A
_ODCONB                                        (abs)        00F45
_ODCONC                                        (abs)        00F50
_ODCOND                                        (abs)        00F5B
_ODCONE                                        (abs)        00F66
_OSCCON1                                       (abs)        0088D
_OSCCON3                                       (abs)        0088F
_OSCEN                                         (abs)        00891
_OSCFRQ                                        (abs)        00893
_OSCILLATOR_Initialize                         text57       01394
_OSCTUNE                                       (abs)        00892
_PIE0bits                                      (abs)        00716
_PIE3bits                                      (abs)        00719
_PIE4bits                                      (abs)        0071A
_PIN_MANAGER_Initialize                        text56       00CF0
_PIR0bits                                      (abs)        0070C
_PIR3bits                                      (abs)        0070F
_PIR4bits                                      (abs)        00710
_PMD0                                          (abs)        00796
_PMD1                                          (abs)        00797
_PMD2                                          (abs)        00798
_PMD3                                          (abs)        00799
_PMD4                                          (abs)        0079A
_PMD5                                          (abs)        0079B
_PMD_Initialize                                text55       0133C
_PORTBbits                                     (abs)        0000D
_PORTCbits                                     (abs)        0000E
_PPSLOCK                                       (abs)        00E8F
_PPSLOCKbits                                   (abs)        00E8F
_PR2                                           (abs)        0028D
_PWM6CON                                       (abs)        0038E
_PWM6DCH                                       (abs)        0038D
_PWM6DCL                                       (abs)        0038C
_PWM6_Initialize                               text54       013F9
_PWM6_LoadDutyValue                            text98       014E3
_PWM_Output_D4_Disable                         text50       01433
_PWM_Output_D4_Enable                          text97       01451
_RA6PPS                                        (abs)        00F16
_RC1REG                                        (abs)        00119
_RC1STA                                        (abs)        0011D
_RC1STAbits                                    (abs)        0011D
_RC3PPS                                        (abs)        00F23
_RC4PPS                                        (abs)        00F24
_RC6PPS                                        (abs)        00F26
_RXPPS                                         (abs)        00ECB
_ReadI2C                                       text69       0156F
_ReadIllum                                     text70       01424
_ReadTemp                                      text67       00329
_SLRCONA                                       (abs)        00F3B
_SLRCONB                                       (abs)        00F46
_SLRCONC                                       (abs)        00F51
_SLRCOND                                       (abs)        00F5C
_SLRCONE                                       (abs)        00F67
_SP1BRGH                                       (abs)        0011C
_SP1BRGL                                       (abs)        0011B
_SSP1ADD                                       (abs)        0018D
_SSP1BUF                                       (abs)        0018C
_SSP1CLKPPS                                    (abs)        00EC5
_SSP1CON1                                      (abs)        00190
_SSP1CON1bits                                  (abs)        00190
_SSP1CON2                                      (abs)        00191
_SSP1CON2bits                                  (abs)        00191
_SSP1DATPPS                                    (abs)        00EC6
_SSP1MSK                                       (abs)        0018E
_SSP1STAT                                      (abs)        0018F
_SSP1STATbits                                  (abs)        0018F
_SYSTEM_Initialize                             text51       015A4
_ShowOnLEDs                                    text92       013BB
_Switch1                                       text115      01415
_T1CLK                                         (abs)        00211
_T1CON                                         (abs)        0020E
_T1CONbits                                     (abs)        0020E
_T1GATE                                        (abs)        00210
_T1GCON                                        (abs)        0020F
_T1GCONbits                                    (abs)        0020F
_T2CLKCON                                      (abs)        00290
_T2CON                                         (abs)        0028E
_T2CONbits                                     (abs)        0028E
_T2HLT                                         (abs)        0028F
_T2HLTbits                                     (abs)        0028F
_T2PR                                          (abs)        0028D
_T2RST                                         (abs)        00291
_T2RSTbits                                     (abs)        00291
_T2TMR                                         (abs)        0028C
_TMR1H                                         (abs)        0020D
_TMR1L                                         (abs)        0020C
_TMR1_DefaultInterruptHandler                  text109      00003
_TMR1_ISR                                      text107      01525
_TMR1_Initialize                               text53       015DD
_TMR1_InterruptHandler                         nvBANK1      000EB
_TMR1_SetInterruptHandler                      text73       012FE
_TMR1_StartTimer                               text94       012E4
_TMR1_StopTimer                                text93       012E7
_TMR1_WriteTimer                               text111      01471
_TMR2                                          (abs)        0028C
_TMR2_Initialize                               text52       00800
_TRISA                                         (abs)        00011
_TRISB                                         (abs)        00012
_TRISC                                         (abs)        00013
_TRISCbits                                     (abs)        00013
_TRISD                                         (abs)        00014
_TRISE                                         (abs)        00015
_TX1REG                                        (abs)        0011A
_TX1STA                                        (abs)        0011E
_TX1STAbits                                    (abs)        0011E
_Timer                                         text110      00B87
_Update                                        text89       01724
_WPUA                                          (abs)        00F39
_WPUB                                          (abs)        00F44
_WPUC                                          (abs)        00F4F
_WPUC3                                         (abs)        07A7B
_WPUC4                                         (abs)        07A7C
_WPUD                                          (abs)        00F5A
_WPUE                                          (abs)        00F65
_WriteI2C                                      text68       00CA5
__CFG_BOREN$ON                                 (abs)        00000
__CFG_BORV$LO                                  (abs)        00000
__CFG_CLKOUTEN$OFF                             (abs)        00000
__CFG_CP$OFF                                   (abs)        00000
__CFG_CPD$OFF                                  (abs)        00000
__CFG_CSWEN$ON                                 (abs)        00000
__CFG_DEBUG$OFF                                (abs)        00000
__CFG_FCMEN$ON                                 (abs)        00000
__CFG_FEXTOSC$OFF                              (abs)        00000
__CFG_LPBOREN$OFF                              (abs)        00000
__CFG_LVP$ON                                   (abs)        00000
__CFG_MCLRE$ON                                 (abs)        00000
__CFG_PPS1WAY$OFF                              (abs)        00000
__CFG_PWRTE$OFF                                (abs)        00000
__CFG_RSTOSC$HFINT1                            (abs)        00000
__CFG_SCANE$available                          (abs)        00000
__CFG_STVREN$ON                                (abs)        00000
__CFG_WDTCCS$SC                                (abs)        00000
__CFG_WDTCPS$WDTCPS_31                         (abs)        00000
__CFG_WDTCWS$WDTCWS_7                          (abs)        00000
__CFG_WDTE$OFF                                 (abs)        00000
__CFG_WRT$OFF                                  (abs)        00000
__CFG_ZCD$OFF                                  (abs)        00000
__Habs1                                        abs1         00000
__Hbank0                                       bank0        00000
__Hbank1                                       bank1        00000
__Hbank10                                      bank10       00000
__Hbank11                                      bank11       00000
__Hbank12                                      bank12       00000
__Hbank13                                      bank13       00000
__Hbank14                                      bank14       00000
__Hbank15                                      bank15       00000
__Hbank16                                      bank16       00000
__Hbank17                                      bank17       00000
__Hbank18                                      bank18       00000
__Hbank19                                      bank19       00000
__Hbank2                                       bank2        00000
__Hbank20                                      bank20       00000
__Hbank21                                      bank21       00000
__Hbank22                                      bank22       00000
__Hbank23                                      bank23       00000
__Hbank24                                      bank24       00000
__Hbank25                                      bank25       00000
__Hbank26                                      bank26       00000
__Hbank27                                      bank27       00000
__Hbank28                                      bank28       00000
__Hbank29                                      bank29       00000
__Hbank3                                       bank3        00000
__Hbank30                                      bank30       00000
__Hbank31                                      bank31       00000
__Hbank4                                       bank4        00000
__Hbank5                                       bank5        00000
__Hbank6                                       bank6        00000
__Hbank7                                       bank7        00000
__Hbank8                                       bank8        00000
__Hbank9                                       bank9        00000
__Hbigram                                      bigram       00000
__HbssBANK0                                    bssBANK0     00000
__HbssBANK1                                    bssBANK1     00000
__HbssBANK2                                    bssBANK2     00000
__HbssCOMMON                                   bssCOMMON    00000
__Hcinit                                       cinit        00075
__Hclrtext                                     clrtext      00000
__Hcode                                        code         00000
__Hcommon                                      common       00000
__Hconfig                                      config       0800C
__HcstackBANK0                                 cstackBANK0  00000
__HcstackBANK2                                 cstackBANK2  00000
__HcstackCOMMON                                cstackCOMMON 00000
__Heeprom_data                                 eeprom_data  00000
__Hend_init                                    end_init     00057
__Hfunctab                                     functab      00000
__Hidloc                                       idloc        00000
__Hinit                                        init         00055
__Hintentry                                    intentry     00055
__Hmaintext                                    maintext     00000
__HnvBANK1                                     nvBANK1      00000
__Hpowerup                                     powerup      00000
__Hram                                         ram          00000
__Hreset_vec                                   reset_vec    00002
__Hsfr0                                        sfr0         00000
__Hsfr1                                        sfr1         00000
__Hsfr10                                       sfr10        00000
__Hsfr11                                       sfr11        00000
__Hsfr12                                       sfr12        00000
__Hsfr13                                       sfr13        00000
__Hsfr14                                       sfr14        00000
__Hsfr15                                       sfr15        00000
__Hsfr16                                       sfr16        00000
__Hsfr17                                       sfr17        00000
__Hsfr18                                       sfr18        00000
__Hsfr19                                       sfr19        00000
__Hsfr2                                        sfr2         00000
__Hsfr20                                       sfr20        00000
__Hsfr21                                       sfr21        00000
__Hsfr22                                       sfr22        00000
__Hsfr23                                       sfr23        00000
__Hsfr24                                       sfr24        00000
__Hsfr25                                       sfr25        00000
__Hsfr26                                       sfr26        00000
__Hsfr27                                       sfr27        00000
__Hsfr28                                       sfr28        00000
__Hsfr29                                       sfr29        00000
__Hsfr3                                        sfr3         00000
__Hsfr30                                       sfr30        00000
__Hsfr31                                       sfr31        00000
__Hsfr4                                        sfr4         00000
__Hsfr5                                        sfr5         00000
__Hsfr6                                        sfr6         00000
__Hsfr7                                        sfr7         00000
__Hsfr8                                        sfr8         00000
__Hsfr9                                        sfr9         00000
__Hspace_0                                     (abs)        0800C
__Hspace_1                                     (abs)        00138
__Hspace_2                                     (abs)        00000
__Hspace_3                                     (abs)        00000
__Hstack                                       stack        00000
__Hstrings                                     strings      00000
__Htext                                        text         00000
__Labs1                                        abs1         00000
__Lbank0                                       bank0        00000
__Lbank1                                       bank1        00000
__Lbank10                                      bank10       00000
__Lbank11                                      bank11       00000
__Lbank12                                      bank12       00000
__Lbank13                                      bank13       00000
__Lbank14                                      bank14       00000
__Lbank15                                      bank15       00000
__Lbank16                                      bank16       00000
__Lbank17                                      bank17       00000
__Lbank18                                      bank18       00000
__Lbank19                                      bank19       00000
__Lbank2                                       bank2        00000
__Lbank20                                      bank20       00000
__Lbank21                                      bank21       00000
__Lbank22                                      bank22       00000
__Lbank23                                      bank23       00000
__Lbank24                                      bank24       00000
__Lbank25                                      bank25       00000
__Lbank26                                      bank26       00000
__Lbank27                                      bank27       00000
__Lbank28                                      bank28       00000
__Lbank29                                      bank29       00000
__Lbank3                                       bank3        00000
__Lbank30                                      bank30       00000
__Lbank31                                      bank31       00000
__Lbank4                                       bank4        00000
__Lbank5                                       bank5        00000
__Lbank6                                       bank6        00000
__Lbank7                                       bank7        00000
__Lbank8                                       bank8        00000
__Lbank9                                       bank9        00000
__Lbigram                                      bigram       00000
__LbssBANK0                                    bssBANK0     00000
__LbssBANK1                                    bssBANK1     00000
__LbssBANK2                                    bssBANK2     00000
__LbssCOMMON                                   bssCOMMON    00000
__Lcinit                                       cinit        00057
__Lclrtext                                     clrtext      00000
__Lcode                                        code         00000
__Lcommon                                      common       00000
__Lconfig                                      config       08007
__LcstackBANK0                                 cstackBANK0  00000
__LcstackBANK2                                 cstackBANK2  00000
__LcstackCOMMON                                cstackCOMMON 00000
__Leeprom_data                                 eeprom_data  00000
__Lend_init                                    end_init     00055
__Lfunctab                                     functab      00000
__Lidloc                                       idloc        00000
__Linit                                        init         00055
__Lintentry                                    intentry     00004
__Lmaintext                                    maintext     00000
__LnvBANK1                                     nvBANK1      00000
__Lpowerup                                     powerup      00000
__Lram                                         ram          00000
__Lreset_vec                                   reset_vec    00000
__Lsfr0                                        sfr0         00000
__Lsfr1                                        sfr1         00000
__Lsfr10                                       sfr10        00000
__Lsfr11                                       sfr11        00000
__Lsfr12                                       sfr12        00000
__Lsfr13                                       sfr13        00000
__Lsfr14                                       sfr14        00000
__Lsfr15                                       sfr15        00000
__Lsfr16                                       sfr16        00000
__Lsfr17                                       sfr17        00000
__Lsfr18                                       sfr18        00000
__Lsfr19                                       sfr19        00000
__Lsfr2                                        sfr2         00000
__Lsfr20                                       sfr20        00000
__Lsfr21                                       sfr21        00000
__Lsfr22                                       sfr22        00000
__Lsfr23                                       sfr23        00000
__Lsfr24                                       sfr24        00000
__Lsfr25                                       sfr25        00000
__Lsfr26                                       sfr26        00000
__Lsfr27                                       sfr27        00000
__Lsfr28                                       sfr28        00000
__Lsfr29                                       sfr29        00000
__Lsfr3                                        sfr3         00000
__Lsfr30                                       sfr30        00000
__Lsfr31                                       sfr31        00000
__Lsfr4                                        sfr4         00000
__Lsfr5                                        sfr5         00000
__Lsfr6                                        sfr6         00000
__Lsfr7                                        sfr7         00000
__Lsfr8                                        sfr8         00000
__Lsfr9                                        sfr9         00000
__Lspace_0                                     (abs)        00000
__Lspace_1                                     (abs)        00000
__Lspace_2                                     (abs)        00000
__Lspace_3                                     (abs)        00000
__Lstack                                       stack        00000
__Lstrings                                     strings      00000
__Ltext                                        text         00000
__S0                                           (abs)        0800C
__S1                                           (abs)        00138
__S2                                           (abs)        00000
__S3                                           (abs)        00000
___awdiv                                       text84       00F3D
___awdiv@counter                               cstackBANK0  00020
___awdiv@dividend                              cstackCOMMON 00076
___awdiv@divisor                               cstackCOMMON 00074
___awdiv@quotient                              cstackBANK0  00022
___awdiv@sign                                  cstackBANK0  00021
___awmod                                       text83       00D8B
___awmod@counter                               cstackCOMMON 00077
___awmod@dividend                              cstackCOMMON 00074
___awmod@divisor                               cstackCOMMON 00072
___awmod@sign                                  cstackCOMMON 00078
___bmul                                        text82       014B9
___bmul@multiplicand                           cstackCOMMON 00072
___bmul@multiplier                             cstackCOMMON 00075
___bmul@product                                cstackCOMMON 00074
___int_sp                                      stack        00000
___latbits                                     (abs)        00002
___lwdiv                                       text4        00A40
___lwdiv@counter                               cstackCOMMON 00077
___lwdiv@dividend                              cstackCOMMON 00074
___lwdiv@divisor                               cstackCOMMON 00072
___lwdiv@quotient                              cstackCOMMON 00078
___sp                                          stack        00000
___stackhi                                     (abs)        023EF
___stacklo                                     (abs)        020B8
___wmul                                        text96       015FB
___wmul@multiplicand                           cstackCOMMON 00076
___wmul@multiplier                             cstackCOMMON 00074
___wmul@product                                cstackCOMMON 00078
__end_of_ADCC_GetSingleConversion              text71       014A5
__end_of_ADCC_Initialize                       text66       0150F
__end_of_Alarm                                 text95       00B87
__end_of_Blink                                 text108      00CA5
__end_of_DATAEE_ReadByte                       text88       013D3
__end_of_DATAEE_WriteByte                      text87       01724
__end_of_EUSART_DefaultErrorHandler            text104      012EE
__end_of_EUSART_DefaultFramingErrorHandler     text103      00800
__end_of_EUSART_DefaultOverrunErrorHandler     text102      012F2
__end_of_EUSART_Initialize                     text60       00ABD
__end_of_EUSART_LastByte                       text106      012FE
__end_of_EUSART_Read                           text27       017D2
__end_of_EUSART_Receive_ISR                    text100      00A06
__end_of_EUSART_RxDataHandler                  text105      0156F
__end_of_EUSART_SetErrorHandler                text65       0130A
__end_of_EUSART_SetFramingErrorHandler         text64       01310
__end_of_EUSART_SetOverrunErrorHandler         text63       01316
__end_of_EUSART_SetRxInterruptHandler          text62       0131C
__end_of_EUSART_SetTxInterruptHandler          text61       01322
__end_of_EUSART_Transmit_ISR                   text118      016BA
__end_of_EUSART_Write                          text31       01778
__end_of_EUSART_is_rx_ready                    text26       013A6
__end_of_EXT_INT_Initialize                    text58       013F9
__end_of_INTERRUPT_InterruptManager            intentry     00055
__end_of_INT_CallBack                          text113      013EC
__end_of_INT_DefaultInterruptHandler           text114      00003
__end_of_INT_ISR                               text112      012F8
__end_of_INT_SetInterruptHandler               text59       01328
__end_of_Menu                                  text74       0092A
__end_of_Menus                                 text72       00B42
__end_of_OSCILLATOR_Initialize                 text57       0139D
__end_of_PIN_MANAGER_Initialize                text56       00D3B
__end_of_PMD_Initialize                        text55       01344
__end_of_PWM6_Initialize                       text54       01406
__end_of_PWM6_LoadDutyValue                    text98       014F9
__end_of_PWM_Output_D4_Disable                 text50       01442
__end_of_PWM_Output_D4_Enable                  text97       01461
__end_of_ReadI2C                               text69       01589
__end_of_ReadIllum                             text70       01433
__end_of_ReadTemp                              text67       00436
__end_of_SYSTEM_Initialize                     text51       015C0
__end_of_ShowOnLEDs                            text92       013C7
__end_of_Switch1                               text115      01424
__end_of_TMR1_DefaultInterruptHandler          text109      00004
__end_of_TMR1_ISR                              text107      0153C
[...]
      Totals:         0       0       0       0       0       0       0       0       0       0       0       0       0       0
Total ram usage:        0 bytes
 Hardware stack levels used:    1
 This function calls:
		Nothing
 This function is called by:
		_TMR1_Initialize
		_TMR1_ISR
 This function uses a non-reentrant model


 *************** function _Timer *****************
 Defined at:
		line 49 in file "main.c"
 Parameters:    Size  Location     Type
		None
 Auto vars:     Size  Location     Type
		None
 Return value:  Size  Location     Type
                  1    wreg      void 
 Registers used:
		wreg, status,2, status,0
 Tracked objects:
		On entry : 
		On exit  : 
		Unchanged: 
 Data sizes:     COMMON   BANK0   BANK1   BANK2   BANK3   BANK4   BANK5   BANK6   BANK7   BANK8   BANK9  BANK10  BANK11  BANK12
      Params:         0       0       0       0       0       0       0       0       0       0       0       0       0       0
      Locals:         0       0       0       0       0       0       0       0       0       0       0       0       0       0
      Temps:          1       0       0       0       0       0       0       0       0       0       0       0       0       0
      Totals:         1       0       0       0       0       0       0       0       0       0       0       0       0       0
Total ram usage:        1 bytes
 Hardware stack levels used:    1
 This function calls:
		Nothing
 This function is called by:
		_main
		_TMR1_ISR
 This function uses a non-reentrant model


 *************** function _TMR1_WriteTimer *****************
 Defined at:
		line 127 in file "mcc_generated_files/tmr1.c"
 Parameters:    Size  Location     Type
  timerVal        2    0[COMMON] unsigned short 
 Auto vars:     Size  Location     Type
		None
 Return value:  Size  Location     Type
                  1    wreg      void 
 Registers used:
		wreg, status,2
 Tracked objects:
		On entry : 
		On exit  : 
		Unchanged: 
 Data sizes:     COMMON   BANK0   BANK1   BANK2   BANK3   BANK4   BANK5   BANK6   BANK7   BANK8   BANK9  BANK10  BANK11  BANK12
      Params:         2       0       0       0       0       0       0       0       0       0       0       0       0       0
      Locals:         0       0       0       0       0       0       0       0       0       0       0       0       0       0
      Temps:          0       0       0       0       0       0       0       0       0       0       0       0       0       0
      Totals:         2       0       0       0       0       0       0       0       0       0       0       0       0       0
Total ram usage:        2 bytes
 Hardware stack levels used:    1
 This function calls:
		Nothing
 This function is called by:
		_TMR1_ISR
		_TMR1_Reload
 This function uses a non-reentrant model


 *************** function _INT_ISR *****************
 Defined at:
		line 32 in file "mcc_generated_files/ext_int.c"
 Parameters:    Size  Location     Type
		None
 Auto vars:     Size  Location     Type
		None
 Return value:  Size  Location     Type
                  1    wreg      void 
 Registers used:
		wreg, status,2, status,0, pclath, cstack
 Tracked objects:
		On entry : 
		On exit  : 
		Unchanged: 
 Data sizes:     COMMON   BANK0   BANK1   BANK2   BANK3   BANK4   BANK5   BANK6   BANK7   BANK8   BANK9  BANK10  BANK11  BANK12
      Params:         0       0       0       0       0       0       0       0       0       0       0       0       0       0
      Locals:         0       0       0       0       0       0       0       0       0       0       0       0       0       0
      Temps:          0       0       0       0       0       0       0       0       0       0       0       0       0       0
      Totals:         0       0       0       0       0       0       0       0       0       0       0       0       0       0
Total ram usage:        0 bytes
 Hardware stack levels used:    1
 Hardware stack levels required when called:    4
 This function calls:
		_INT_CallBack
 This function is called by:
		_INTERRUPT_InterruptManager
 This function uses a non-reentrant model


 *************** function _INT_CallBack *****************
 Defined at:
		line 41 in file "mcc_generated_files/ext_int.c"
 Parameters:    Size  Location     Type
		None
 Auto vars:     Size  Location     Type
		None
 Return value:  Size  Location     Type
                  1    wreg      void 
 Registers used:
		wreg, status,2, status,0, pclath, cstack
 Tracked objects:
		On entry : 
		On exit  : 
		Unchanged: 
 Data sizes:     COMMON   BANK0   BANK1   BANK2   BANK3   BANK4   BANK5   BANK6   BANK7   BANK8   BANK9  BANK10  BANK11  BANK12
      Params:         0       0       0       0       0       0       0       0       0       0       0       0       0       0
      Locals:         0       0       0       0       0       0       0       0       0       0       0       0       0       0
      Temps:          0       0       0       0       0       0       0       0       0       0       0       0       0       0
      Totals:         0       0       0       0       0       0       0       0       0       0       0       0       0       0
Total ram usage:        0 bytes
 Hardware stack levels used:    1
 Hardware stack levels required when called:    3
 This function calls:
		Absolute function
		_INT_DefaultInterruptHandler
		_Switch1
 This function is called by:
		_INT_ISR
 This function uses a non-reentrant model


 *************** function _INT_DefaultInterruptHandler *****************
 Defined at:
		line 54 in file "mcc_generated_files/ext_int.c"
 Parameters:    Size  Location     Type
		None
 Auto vars:     Size  Location     Type
		None
 Return value:  Size  Location     Type
                  1    wreg      void 
 Registers used:
		None
 Tracked objects:
		On entry : 
		On exit  : 
		Unchanged: 
 Data sizes:     COMMON   BANK0   BANK1   BANK2   BANK3   BANK4   BANK5   BANK6   BANK7   BANK8   BANK9  BANK10  BANK11  BANK12
      Params:         0       0       0       0       0       0       0       0       0       0       0       0       0       0
      Locals:         0       0       0       0       0       0       0       0       0       0       0       0       0       0
      Temps:          0       0       0       0       0       0       0       0       0       0       0       0       0       0
      Totals:         0       0       0       0       0       0       0       0       0       0       0       0       0       0
Total ram usage:        0 bytes
 Hardware stack levels used:    1
 This function calls:
		Nothing
 This function is called by:
		_EXT_INT_Initialize
		_INT_CallBack
 This function uses a non-reentrant model


 *************** function _Switch1 *****************
 Defined at:
		line 81 in file "main.c"
 Parameters:    Size  Location     Type
		None
 Auto vars:     Size  Location     Type
		None
 Return value:  Size  Location     Type
                  1    wreg      void 
 Registers used:
		wreg, status,2, status,0, pclath, cstack
 Tracked objects:
		On entry : 
		On exit  : 
		Unchanged: 
 Data sizes:     COMMON   BANK0   BANK1   BANK2   BANK3   BANK4   BANK5   BANK6   BANK7   BANK8   BANK9  BANK10  BANK11  BANK12
      Params:         0       0       0       0       0       0       0       0       0       0       0       0       0       0
      Locals:         0       0       0       0       0       0       0       0       0       0       0       0       0       0
      Temps:          1       0       0       0       0       0       0       0       0       0       0       0       0       0
      Totals:         1       0       0       0       0       0       0       0       0       0       0       0       0       0
Total ram usage:        1 bytes
 Hardware stack levels used:    1
 Hardware stack levels required when called:    2
 This function calls:
		i1_clear_alarm
 This function is called by:
		_main
		_INT_CallBack
 This function uses a non-reentrant model


 *************** function i1_clear_alarm *****************
 Defined at:
		line 75 in file "main.c"
 Parameters:    Size  Location     Type
		None
 Auto vars:     Size  Location     Type
		None
 Return value:  Size  Location     Type
                  1    wreg      void 
 Registers used:
		wreg, status,2, status,0, pclath, cstack
 Tracked objects:
		On entry : 
		On exit  : 
		Unchanged: 
 Data sizes:     COMMON   BANK0   BANK1   BANK2   BANK3   BANK4   BANK5   BANK6   BANK7   BANK8   BANK9  BANK10  BANK11  BANK12
      Params:         0       0       0       0       0       0       0       0       0       0       0       0       0       0
      Locals:         0       0       0       0       0       0       0       0       0       0       0       0       0       0
      Temps:          0       0       0       0       0       0       0       0       0       0       0       0       0       0
      Totals:         0       0       0       0       0       0       0       0       0       0       0       0       0       0
Total ram usage:        0 bytes
 Hardware stack levels used:    1
 Hardware stack levels required when called:    1
 This function calls:
		i1_PWM_Output_D4_Disable
 This function is called by:
		_Switch1
 This function uses a non-reentrant model


 *************** function i1_PWM_Output_D4_Disable *****************
 Defined at:
		line 61 in file "utils.c"
 Parameters:    Size  Location     Type
		None
 Auto vars:     Size  Location     Type
		None
 Return value:  Size  Location     Type
                  1    wreg      void 
 Registers used:
		wreg, status,2
 Tracked objects:
		On entry : 
		On exit  : 
		Unchanged: 
 Data sizes:     COMMON   BANK0   BANK1   BANK2   BANK3   BANK4   BANK5   BANK6   BANK7   BANK8   BANK9  BANK10  BANK11  BANK12
      Params:         0       0       0       0       0       0       0       0       0       0       0       0       0       0
      Locals:         0       0       0       0       0       0       0       0       0       0       0       0       0       0
      Temps:          0       0       0       0       0       0       0       0       0       0       0       0       0       0
      Totals:         0       0       0       0       0       0       0       0       0       0       0       0       0       0
Total ram usage:        0 bytes
 Hardware stack levels used:    1
 This function calls:
		Nothing
 This function is called by:
		i1_clear_alarm
 This function uses a non-reentrant model


 *************** function _EUSART_Transmit_ISR *****************
 Defined at:
		line 206 in file "mcc_generated_files/eusart.c"
 Parameters:    Size  Location     Type
		None
 Auto vars:     Size  Location     Type
		None
 Return value:  Size  Location     Type
                  1    wreg      void 
 Registers used:
		wreg, fsr1l, fsr1h, status,2, status,0
 Tracked objects:
		On entry : 
		On exit  : 
		Unchanged: 
 Data sizes:     COMMON   BANK0   BANK1   BANK2   BANK3   BANK4   BANK5   BANK6   BANK7   BANK8   BANK9  BANK10  BANK11  BANK12
      Params:         0       0       0       0       0       0       0       0       0       0       0       0       0       0
      Locals:         0       0       0       0       0       0       0       0       0       0       0       0       0       0
      Temps:          1       0       0       0       0       0       0       0       0       0       0       0       0       0
      Totals:         1       0       0       0       0       0       0       0       0       0       0       0       0       0
Total ram usage:        1 bytes
 Hardware stack levels used:    1
 This function calls:
		Nothing
 This function is called by:
		_EUSART_Initialize
		_INTERRUPT_InterruptManager
 This function uses a non-reentrant model



MODULE INFORMATION

Module		Function		Class		Link	Load	Size
/Applications/microchip/xc8/v2.10/pic/sources/c99/common/lwdiv.c
		___lwdiv       		CODE           	0A40	0000	61

/Applications/microchip/xc8/v2.10/pic/sources/c99/common/lwdiv.c estimated size: 61

/Applications/microchip/xc8/v2.10/pic/sources/c99/common/awdiv.c
		___awdiv       		CODE           	0F3D	0000	97

/Applications/microchip/xc8/v2.10/pic/sources/c99/common/awdiv.c estimated size: 97

mcc_generated_files/pwm6.c
		_PWM6_LoadDutyValue		CODE           	14E3	0000	23
		_PWM6_Initialize		CODE           	13F9	0000	14

mcc_generated_files/pwm6.c estimated size: 37

/Applications/microchip/xc8/v2.10/pic/sources/c99/common/Umul8.c
		___bmul        		CODE           	14B9	0000	22

/Applications/microchip/xc8/v2.10/pic/sources/c99/common/Umul8.c estimated size: 22

mcc_generated_files/tmr2.c
		_TMR2_Initialize		CODE           	0800	0000	15

mcc_generated_files/tmr2.c estimated size: 15

mcc_generated_files/interrupt_manager.c
		_INTERRUPT_InterruptManager		CODE           	0004	0000	82

mcc_generated_files/interrupt_manager.c estimated size: 82

communications.c
		_read_temp_lum 		CODE           	161A	0000	32
		_transfer_n_registers		CODE           	0F9D	0000	100
		_set_clock     		CODE           	076D	0000	111
		_read_msgs     		CODE           	0C14	0000	73
		_read_alarms   		CODE           	16BA	0000	36
		_registers_info		CODE           	0E31	0000	84
		_notification_memory		CODE           	0DDE	0000	84
		_modify_pmon   		CODE           	092A	0000	55
		_countMsg      		CODE           	1482	0000	18
		_switch_alarm  		CODE           	0960	0000	55
		_transfer_registers		CODE           	0436	0000	204
		_transfer_registers_i		CODE           	05B6	0000	157
		_send_msg      		CODE           	1778	0000	46
		_modify_time_alarm		CODE           	0996	0000	56
		_define_alarm  		CODE           	0ABD	0000	67
		_read_param    		CODE           	15C0	0000	30
		_send_confirmation		CODE           	150F	0000	23
		_read_clock    		CODE           	08C6	0000	48
		_send_register 		CODE           	16DD	0000	36
		_interpret_message		CODE           	06E1	0000	141

communications.c estimated size: 1456

mcc_generated_files/pin_manager.c
		_PIN_MANAGER_Initialize		CODE           	0CF0	0000	76

mcc_generated_files/pin_manager.c estimated size: 76

I2C/i2c.c
		_ReadI2C       		CODE           	156F	0000	27
		_WriteI2C      		CODE           	0CA5	0000	76

I2C/i2c.c estimated size: 103

menus.c
		_submenu_temp  		CODE           	0E84	0000	93
		_submenu_clock 		CODE           	0501	0000	182
		_submenu_alarm 		CODE           	1461	0000	17
		_submenu_illum 		CODE           	14A5	0000	21
		_Blink         		CODE           	0C5C	0000	74
		_Menus         		CODE           	0AFF	0000	68
		_Update        		CODE           	1724	0000	43
		_Menu          		CODE           	08F5	0000	54

menus.c estimated size: 552

eeprom.c
		_write_alaf    		CODE           	17D2	0000	47
		_write_alal    		CODE           	080E	0000	47
		_write_alat    		CODE           	083C	0000	47
		_read_pmon     		CODE           	137C	0000	9
		_eeprom_clk_update		CODE           	0BCD	0000	72
		_write_tala    		CODE           	0898	0000	47
		_read_tala     		CODE           	1384	0000	9
		_not_transferred		CODE           	1639	0000	32
		_read_alaf     		CODE           	134C	0000	9
		_read_alal     		CODE           	1354	0000	9
		_read_alat     		CODE           	135C	0000	9
		_get_check_up_value		CODE           	0EE0	0000	94
		_write_pmon    		CODE           	086A	0000	47
		_read_iwrt     		CODE           	138C	0000	9
		_check_corruption		CODE           	14CE	0000	22
		_used          		CODE           	1589	0000	28
		_read_buffer   		CODE           	07DB	0000	37
		_read_nreg     		CODE           	1374	0000	9
		_ring_buffer_laped		CODE           	1442	0000	16
		_read_clkh     		CODE           	1364	0000	9
		_read_clkm     		CODE           	136C	0000	9
		_eeprom_setup  		CODE           	0652	0000	144
		_ring_buffer_write		CODE           	01FE	0000	300

eeprom.c estimated size: 1061

/Applications/microchip/xc8/v2.10/pic/sources/c99/common/Umul16.c
		___wmul        		CODE           	15FB	0000	32

/Applications/microchip/xc8/v2.10/pic/sources/c99/common/Umul16.c estimated size: 32

mcc_generated_files/ext_int.c
		_INT_DefaultInterruptHandler		CODE           	0002	0000	2
		_EXT_INT_Initialize		CODE           	13EC	0000	14
		_INT_SetInterruptHandler		CODE           	1322	0000	7
		_INT_CallBack  		CODE           	13DF	0000	14
		_INT_ISR       		CODE           	12F2	0000	7

mcc_generated_files/ext_int.c estimated size: 44

shared
		__initialization		CODE           	0057	0000	27
		i1_PWM_Output_D4_Disable		CODE           	1406	0000	16
		i1_clear_alarm 		CODE           	1334	0000	9

shared estimated size: 52

mcc_generated_files/mcc.c
		_PMD_Initialize		CODE           	133C	0000	9
		_OSCILLATOR_Initialize		CODE           	1394	0000	10
		_SYSTEM_Initialize		CODE           	15A4	0000	29

mcc_generated_files/mcc.c estimated size: 48

/Applications/microchip/xc8/v2.10/pic/sources/c99/common/awmod.c
		___awmod       		CODE           	0D8B	0000	84

/Applications/microchip/xc8/v2.10/pic/sources/c99/common/awmod.c estimated size: 84

mcc_generated_files/tmr1.c
		_TMR1_Initialize		CODE           	15DD	0000	31
		_TMR1_SetInterruptHandler		CODE           	12FE	0000	7
		_TMR1_StopTimer		CODE           	12E7	0000	4
		_TMR1_DefaultInterruptHandler		CODE           	0003	0000	2
		_TMR1_WriteTimer		CODE           	1471	0000	18
		_TMR1_StartTimer		CODE           	12E4	0000	4
		_TMR1_ISR      		CODE           	1525	0000	24

mcc_generated_files/tmr1.c estimated size: 90

utils.c
		_ReadTemp      		CODE           	0329	0000	270
		_PWM_Output_D4_Disable		CODE           	1433	0000	16
		_default_setup 		CODE           	0A06	0000	59
		_PWM_Output_D4_Enable		CODE           	1451	0000	17
		_update_clk    		CODE           	13A6	0000	11
		_ReadIllum     		CODE           	1424	0000	16
		_checkButtonS1 		CODE           	1658	0000	33
		_checkButtonS2 		CODE           	1678	0000	33
		_ShowOnLEDs    		CODE           	13BB	0000	13
		_load_eeprom   		CODE           	0D3B	0000	81

utils.c estimated size: 549

mcc_generated_files/memory.c
		_DATAEE_WriteByte		CODE           	1700	0000	37
		_DATAEE_ReadByte		CODE           	13C7	0000	13

mcc_generated_files/memory.c estimated size: 50

mcc_generated_files/i2c1_driver.c
		_i2c1_driver_open		CODE           	13D3	0000	13

mcc_generated_files/i2c1_driver.c estimated size: 13

mcc_generated_files/eusart.c
		_EUSART_SetRxInterruptHandler		CODE           	1316	0000	7
		_EUSART_SetTxInterruptHandler		CODE           	131C	0000	7
		_putch         		CODE           	1328	0000	7
		_EUSART_Read   		CODE           	17A5	0000	46
		_EUSART_DefaultOverrunErrorHandler		CODE           	12EE	0000	5
		_EUSART_Write  		CODE           	174E	0000	43
		_EUSART_DefaultErrorHandler		CODE           	12EA	0000	5
		_EUSART_Transmit_ISR		CODE           	1698	0000	35
		_EUSART_Initialize		CODE           	0A7C	0000	66
		_EUSART_SetFramingErrorHandler		CODE           	130A	0000	7
		_EUSART_LastByte		CODE           	12F8	0000	7
		_EUSART_SetErrorHandler		CODE           	1304	0000	7
		_EUSART_SetOverrunErrorHandler		CODE           	1310	0000	7
		_EUSART_Receive_ISR		CODE           	09CD	0000	58
		_EUSART_RxDataHandler		CODE           	1555	0000	27
		_EUSART_DefaultFramingErrorHandler		CODE           	07FF	0000	2
		_EUSART_is_rx_ready		CODE           	139D	0000	10

mcc_generated_files/eusart.c estimated size: 346

mcc_generated_files/adcc.c
		_ADCC_GetSingleConversion		CODE           	1493	0000	19
		_ADCC_Initialize		CODE           	14F9	0000	23

mcc_generated_files/adcc.c estimated size: 42

main.c
		_sys_init      		CODE           	13B0	0000	12
		_clear_alarm   		CODE           	1344	0000	9
		_Timer         		CODE           	0B87	0000	71
		_main          		CODE           	0075	0000	394
		_Switch1       		CODE           	1415	0000	16
		_Alarm         		CODE           	0B42	0000	70

main.c estimated size: 572

/Applications/microchip/xc8/v2.10/pic/sources/c99/common/strlen.c
		_strlen        		CODE           	153C	0000	26

/Applications/microchip/xc8/v2.10/pic/sources/c99/common/strlen.c estimated size: 26

