Microchip MPLAB XC8 Compiler V2.10 ()

Linker command line:

-W-3 --edf=/Applications/microchip/xc8/v2.10/pic/dat/en_msgs.txt -cs \
  -h+dist/default/production/WeatherStation_g8.x.production.sym \
  --cmf=dist/default/production/WeatherStation_g8.x.production.cmf -z \
  -Q16F18875 -o/tmp/xcdgJjp7I --defsym=__MPLAB_BUILD=1 \
  -Mdist/default/production/WeatherStation_g8.x.production.map -E1 -ver=XC8 \
  --acfsm=1493 -ASTACK=02046h-023EFh -pstack=STACK -ACODE=00h-07FFhx4 \
  -ASTRCODE=00h-01FFFh -ASTRING=00h-0FFhx32 -ACONST=00h-0FFhx32 \
  -AENTRY=00h-0FFhx32 -ACOMMON=070h-07Fh -ABANK0=020h-06Fh \
  -ABANK1=0A0h-0EFh -ABANK2=0120h-016Fh -ABANK3=01A0h-01EFh \
  -ABANK4=0220h-026Fh -ABANK5=02A0h-02EFh -ABANK6=0320h-036Fh \
  -ABANK7=03A0h-03EFh -ABANK8=0420h-046Fh -ABANK9=04A0h-04EFh \
  -ABANK10=0520h-056Fh -ABANK11=05A0h-05EFh -ABANK12=0620h-064Fh \
  -ABIGRAM=02000h-023EFh \
  -ARAM=020h-06Fh,0A0h-0EFh,0120h-016Fh,01A0h-01EFh,0220h-026Fh,02A0h-02EFh,0320h-036Fh,03A0h-03EFh,0420h-046Fh,04A0h-04EFh,0520h-056Fh,05A0h-05EFh,0620h-064Fh \
  -AABS1=020h-07Fh,0A0h-0EFh,0120h-016Fh,01A0h-01EFh,0220h-026Fh,02A0h-02EFh,0320h-036Fh,03A0h-03EFh,0420h-046Fh,04A0h-04EFh,0520h-056Fh,05A0h-05EFh,0620h-064Fh \
  -ASFR0=00h-01Fh -ASFR1=080h-09Fh -ASFR2=0100h-011Fh -ASFR3=0180h-019Fh \
  -ASFR4=0200h-021Fh -ASFR5=0280h-029Fh -ASFR6=0300h-031Fh \
  -ASFR7=0380h-039Fh -ASFR8=0400h-041Fh -ASFR9=0480h-049Fh \
  -ASFR10=0500h-051Fh -ASFR11=0580h-059Fh -ASFR12=0600h-061Fh \
  -ASFR13=0680h-06EFh -ASFR14=0700h-076Fh -ASFR15=0780h-07EFh \
  -ASFR16=0800h-086Fh -ASFR17=0880h-08EFh -ASFR18=0900h-096Fh \
  -ASFR19=0980h-09EFh -ASFR20=0A00h-0A6Fh -ASFR21=0A80h-0AEFh \
  -ASFR22=0B00h-0B6Fh -ASFR23=0B80h-0BEFh -ASFR24=0C00h-0C6Fh \
  -ASFR25=0C80h-0CEFh -ASFR26=0D00h-0D6Fh -ASFR27=0D80h-0DEFh \
  -ASFR28=0E00h-0E6Fh -ASFR29=0E80h-0EEFh -ASFR30=0F00h-0F6Fh \
  -ASFR31=0F80h-0FEFh -preset_vec=00h,intentry=04h,init,end_init \
  -ppowerup=CODE -pcinit=CODE -pfunctab=ENTRY -ACONFIG=08007h-0800Bh \
  -pconfig=CONFIG -DCONFIG=2 -AIDLOC=08000h-08003h -pidloc=IDLOC -DIDLOC=2 \
  -AEEDATA=00h-0FFh/0F000h -peeprom_data=EEDATA -DEEDATA=2 -DCODE=2 \
  -DSTRCODE=2 -DSTRING=2 -DCONST=2 -DENTRY=2 -k /tmp/xcYgJKH2H.o \
  dist/default/production/WeatherStation_g8.x.production.o 

Object code version is 3.11

Machine type is 16F18875



                Name                               Link     Load   Length Selector   Space Scale
/tmp/xcYgJKH2H.o
                end_init                             43       43        2        8       0
                reset_vec                             0        0        2        0       0
                config                             8007     8007        5    1000E       0
dist/default/production/WeatherStation_g8.x.production.o
                cinit                                45       45       1D        8       0
                intentry                              4        4       3F        8       0
                text74                              F67      F67        F     1ECE       0
                text73                              E8C      E8C        7     1D18       0
                text72                              F76      F76        F     1EEC       0
                text71                              E53      E53        1     1CA6       0
                text70                              F25      F25        D     1E4A       0
                text69                              E68      E68        6     1CD0       0
                text68                              7EF      7EF       11        8       0
                text67                              37F      37F       5C        8       0
                text66                              E54      E54        1     1CA8       0
                text65                              4D2      4D2       49        8       0
                text64                              796      796       17        8       0
                text63                              E55      E55        1     1CAA       0
                text62                              F32      F32        D     1E64       0
                text61                              E6E      E6E        6     1CDC       0
                text59                              FEA      FEA       16     1FD4       0
                text58                              FA3      FA3       10     1F46       0
                text57                              E56      E56        3     1CAC       0
                text56                              E5F      E5F        4     1CBE       0
                text55                              6AF      6AF       22        8       0
                text54                              5A7      5A7       43        8       0
                text53                              F85      F85        F     1F0A       0
                text52                              E93      E93        7     1D26       0
                text51                              E59      E59        3     1CB2       0
                text50                              E5C      E5C        3     1CB8       0
                text49                              EF5      EF5        C     1DEA       0
                text48                              72B      72B       1E        8       0
                text47                              70D      70D       1E        8       0
                text46                              65F      65F       2A        8       0
                text45                              F01      F01        C     1E02       0
                text44                              31F      31F       60        8       0
                text43                              433      433       54        8       0
                text42                              FD5      FD5       15     1FAA       0
                text41                              6EF      6EF       1E        8       0
                text40                              763      763       1A        8       0
                text39                              EEB      EEB        A     1DD6       0
                text38                              151      151       B5        8       0
                text37                              F59      F59        E     1EB2       0
                text36                              3DB      3DB       58        8       0
                text35                              62A      62A       35        8       0
                text34                              E74      E74        6     1CE8       0
                text33                              5EA      5EA       40        8       0
                text32                              FC3      FC3       12     1F86       0
                text31                              FB3      FB3       10     1F66       0
                text30                              749      749       1A        8       0
                text29                              487      487       4B        8       0
                text28                                2        2        2        0       0
                text27                              7D9      7D9       16        8       0
                text26                              E7A      E7A        6     1CF4       0
                text25                              F3F      F3F        D     1E7E       0
                text24                              EE2      EE2        9     1DC4       0
                text23                              51B      51B       47        8       0
                text22                              E9A      E9A        8     1D34       0
                text21                              F4C      F4C        D     1E98       0
                text20                              6D1      6D1       1E        8       0
                text19                              E80      E80        6     1D00       0
                text18                              7C3      7C3       16        8       0
                text17                              77D      77D       19        8       0
                text16                              F0D      F0D        C     1E1A       0
                text15                              2A4      2A4       7B        8       0
                text14                              689      689       26        8       0
                text13                              F19      F19        C     1E32       0
                text12                              EA2      EA2        8     1D44       0
                text11                              EAA      EAA        8     1D54       0
                text10                              EB2      EB2        8     1D64       0
                text9                               EBA      EBA        8     1D74       0
                text8                               EC2      EC2        8     1D84       0
                text7                               ECA      ECA        8     1D94       0
                text6                               ED2      ED2        8     1DA4       0
                text5                               EDA      EDA        8     1DB4       0
                text4                               F94      F94        F     1F28       0
                text3                               562      562       45        8       0
                text2                               206      206       9E        8       0
                text1                               7AD      7AD       16        8       0
                maintext                             62       62       EF        8       0
                cstackBANK0                          20       20       21       20       1
                cstackCOMMON                         70       70        8       70       1
                clrtext                             E86      E86        6     1D0C       0
                dataBANK0                            61       61        5       20       1
                bssBANK0                             41       41       18       20       1
                bssCOMMON                            78       78        3       70       1
                nvBANK0                              59       59        8       20       1
                idataBANK0                          E63      E63        5     1CC6       0

TOTAL           Name                               Link     Load   Length     Space
        CLASS   STACK          

        CLASS   CODE           
                end_init                             43       43        2         0
                cinit                                45       45       1D         0
                intentry                              4        4       3F         0
                reset_vec                             0        0        2         0
                text74                              F67      F67        F         0
                text73                              E8C      E8C        7         0
                text72                              F76      F76        F         0
                text71                              E53      E53        1         0
                text70                              F25      F25        D         0
                text69                              E68      E68        6         0
                text68                              7EF      7EF       11         0
                text67                              37F      37F       5C         0
                text66                              E54      E54        1         0
                text65                              4D2      4D2       49         0
                text64                              796      796       17         0
                text63                              E55      E55        1         0
                text62                              F32      F32        D         0
                text61                              E6E      E6E        6         0
                text59                              FEA      FEA       16         0
                text58                              FA3      FA3       10         0
                text57                              E56      E56        3         0
                text56                              E5F      E5F        4         0
                text55                              6AF      6AF       22         0
                text54                              5A7      5A7       43         0
                text53                              F85      F85        F         0
                text52                              E93      E93        7         0
                text51                              E59      E59        3         0
                text50                              E5C      E5C        3         0
                text49                              EF5      EF5        C         0
                text48                              72B      72B       1E         0
                text47                              70D      70D       1E         0
                text46                              65F      65F       2A         0
                text45                              F01      F01        C         0
                text44                              31F      31F       60         0
                text43                              433      433       54         0
                text42                              FD5      FD5       15         0
                text41                              6EF      6EF       1E         0
                text40                              763      763       1A         0
                text39                              EEB      EEB        A         0
                text38                              151      151       B5         0
                text37                              F59      F59        E         0
                text36                              3DB      3DB       58         0
                text35                              62A      62A       35         0
                text34                              E74      E74        6         0
                text33                              5EA      5EA       40         0
                text32                              FC3      FC3       12         0
                text31                              FB3      FB3       10         0
                text30                              749      749       1A         0
                text29                              487      487       4B         0
                text28                                2        2        2         0
                text27                              7D9      7D9       16         0
                text26                              E7A      E7A        6         0
                text25                              F3F      F3F        D         0
                text24                              EE2      EE2        9         0
                text23                              51B      51B       47         0
                text22                              E9A      E9A        8         0
                text21                              F4C      F4C        D         0
                text20                              6D1      6D1       1E         0
                text19                              E80      E80        6         0
                text18                              7C3      7C3       16         0
                text17                              77D      77D       19         0
                text16                              F0D      F0D        C         0
                text15                              2A4      2A4       7B         0
                text14                              689      689       26         0
                text13                              F19      F19        C         0
                text12                              EA2      EA2        8         0
                text11                              EAA      EAA        8         0
                text10                              EB2      EB2        8         0
                text9                               EBA      EBA        8         0
                text8                               EC2      EC2        8         0
                text7                               ECA      ECA        8         0
                text6                               ED2      ED2        8         0
                text5                               EDA      EDA        8         0
                text4                               F94      F94        F         0
                text3                               562      562       45         0
                text2                               206      206       9E         0
                text1                               7AD      7AD       16         0
                maintext                             62       62       EF         0
                clrtext                             E86      E86        6         0
                idataBANK0                          E63      E63        5         0

        CLASS   STRCODE        

        CLASS   STRING         

        CLASS   CONST          

        CLASS   ENTRY          

        CLASS   COMMON         
                cstackCOMMON                         70       70        8         1
                bssCOMMON                            78       78        3         1

        CLASS   BANK0          
                cstackBANK0                          20       20       21         1
                dataBANK0                            61       61        5         1
                bssBANK0                             41       41       18         1
                nvBANK0                              59       59        8         1

        CLASS   BANK1          

        CLASS   BANK2          

        CLASS   BANK3          

        CLASS   BANK4          

        CLASS   BANK5          

        CLASS   BANK6          

        CLASS   BANK7          

        CLASS   BANK8          

        CLASS   BANK9          

        CLASS   BANK10         

        CLASS   BANK11         

        CLASS   BANK12         

        CLASS   BIGRAM         

        CLASS   RAM            

        CLASS   ABS1           
                abs_s1                               7E       7E        2         1

        CLASS   SFR0           

        CLASS   SFR1           

        CLASS   SFR2           

        CLASS   SFR3           

        CLASS   SFR4           

        CLASS   SFR5           

        CLASS   SFR6           

        CLASS   SFR7           

        CLASS   SFR8           

        CLASS   SFR9           

        CLASS   SFR10          

        CLASS   SFR11          

        CLASS   SFR12          

        CLASS   SFR13          

        CLASS   SFR14          

        CLASS   SFR15          

        CLASS   SFR16          

        CLASS   SFR17          

        CLASS   SFR18          

        CLASS   SFR19          

        CLASS   SFR20          

        CLASS   SFR21          

        CLASS   SFR22          

        CLASS   SFR23          

        CLASS   SFR24          

        CLASS   SFR25          

        CLASS   SFR26          

        CLASS   SFR27          

        CLASS   SFR28          

        CLASS   SFR29          

        CLASS   SFR30          

        CLASS   SFR31          

        CLASS   CONFIG         
                config                             8007     8007        5         0

        CLASS   IDLOC          

        CLASS   EEDATA         

        CLASS   BANK31         

        CLASS   BANK30         

        CLASS   BANK29         

        CLASS   BANK28         

        CLASS   BANK27         

        CLASS   BANK26         

        CLASS   BANK25         

        CLASS   BANK24         

        CLASS   BANK23         

        CLASS   BANK22         

        CLASS   BANK21         

        CLASS   BANK20         

        CLASS   BANK19         

        CLASS   BANK18         

        CLASS   BANK17         

        CLASS   BANK16         

        CLASS   BANK15         

        CLASS   BANK14         

        CLASS   BANK13         



SEGMENTS        Name                           Load    Length   Top    Selector   Space  Class     Delta

                text52                         000E93  000007  000E9A      1D26       0  CODE        2
                text11                         000EAA  000008  000EB2      1D54       0  CODE        2
                text10                         000EB2  000008  000EBA      1D64       0  CODE        2
                text22                         000E9A  000008  000EA2      1D34       0  CODE        2
                text12                         000EA2  000008  000EAA      1D44       0  CODE        2
                text73                         000E8C  000007  000E93      1D18       0  CODE        2
                text19                         000E80  000006  000E86      1D00       0  CODE        2
                reset_vec                      000000  000004  000004         0       0  CODE        2
                clrtext                        000E86  000006  000E8C      1D0C       0  CODE        2
                text9                          000EBA  000008  000EC2      1D74       0  CODE        2
                text7                          000ECA  000008  000ED2      1D94       0  CODE        2
                text8                          000EC2  000008  000ECA      1D84       0  CODE        2
                text26                         000E7A  000006  000E80      1CF4       0  CODE        2
                text61                         000E6E  000006  000E74      1CDC       0  CODE        2
                idataBANK0                     000E63  000005  000E68      1CC6       0  CODE        2
                text69                         000E68  000006  000E6E      1CD0       0  CODE        2
                text34                         000E74  000006  000E7A      1CE8       0  CODE        2
                text39                         000EEB  00000A  000EF5      1DD6       0  CODE        2
                text49                         000EF5  00000C  000F01      1DEA       0  CODE        2
                text5                          000EDA  000008  000EE2      1DB4       0  CODE        2
                text24                         000EE2  000009  000EEB      1DC4       0  CODE        2
                text6                          000ED2  000008  000EDA      1DA4       0  CODE        2
                text57                         000E56  000003  000E59      1CAC       0  CODE        2
                text63                         000E55  000001  000E56      1CAA       0  CODE        2
                text66                         000E54  000001  000E55      1CA8       0  CODE        2
                text71                         000E53  000001  000E54      1CA6       0  CODE        2
                text50                         000E5C  000003  000E5F      1CB8       0  CODE        2
                text51                         000E59  000003  000E5C      1CB2       0  CODE        2
                text56                         000E5F  000004  000E63      1CBE       0  CODE        2
                text45                         000F01  00000C  000F0D      1E02       0  CODE        2
                text42                         000FD5  000015  000FEA      1FAA       0  CODE        2
                text59                         000FEA  000016  001000      1FD4       0  CODE        2
                intentry                       000004  0007FC  000800         8       0  CODE        2
                config                         008007  000005  00800C     1000E       0  CONFIG      2
                cstackBANK0                    000020  000046  000066        20       1  BANK0       1
                cstackCOMMON                   000070  00000B  00007B        70       1  COMMON      1
                text25                         000F3F  00000D  000F4C      1E7E       0  CODE        2
                text21                         000F4C  00000D  000F59      1E98       0  CODE        2
                text37                         000F59  00000E  000F67      1EB2       0  CODE        2
                text62                         000F32  00000D  000F3F      1E64       0  CODE        2
                text16                         000F0D  00000C  000F19      1E1A       0  CODE        2
                text13                         000F19  00000C  000F25      1E32       0  CODE        2
                text70                         000F25  00000D  000F32      1E4A       0  CODE        2
                text58                         000FA3  000010  000FB3      1F46       0  CODE        2
                text31                         000FB3  000010  000FC3      1F66       0  CODE        2
                text32                         000FC3  000012  000FD5      1F86       0  CODE        2
                text4                          000F94  00000F  000FA3      1F28       0  CODE        2
                text74                         000F67  00000F  000F76      1ECE       0  CODE        2
                text72                         000F76  00000F  000F85      1EEC       0  CODE        2
                text53                         000F85  00000F  000F94      1F0A       0  CODE        2


UNUSED ADDRESS RANGES

        Name                Unused          Largest block    Delta
        BANK0            00066-0006F               A           1
        BANK1            000A0-000EF              50           1
        BANK10           00520-0056F              50           1
        BANK11           005A0-005EF              50           1
        BANK12           00620-0064F              30           1
        BANK2            00120-0016F              50           1
        BANK3            001A0-001EF              50           1
        BANK4            00220-0026F              50           1
        BANK5            002A0-002EF              50           1
        BANK6            00320-0036F              50           1
        BANK7            003A0-003EF              50           1
        BANK8            00420-0046F              50           1
        BANK9            004A0-004EF              50           1
        BIGRAM           02000-023EF             3F0           1
        CODE             00800-00E52             653           2
                         01000-01FFF             800
        COMMON           0007B-0007D               3           1
        CONST            00800-00E52             100           2
                         01000-01FFF             100
        EEDATA           0F000-0F0FF             100           2
        ENTRY            00800-00E52             100           2
                         01000-01FFF             100
        IDLOC            08000-08003               4           2
        RAM              00066-0006F               A           1
                         000A0-000EF              50
                         00120-0016F              50
                         001A0-001EF              50
                         00220-0026F              50
                         002A0-002EF              50
                         00320-0036F              50
                         003A0-003EF              50
                         00420-0046F              50
                         004A0-004EF              50
                         00520-0056F              50
                         005A0-005EF              50
                         00620-0064F              30
        SFR0             00000-0001F              20           1
        SFR1             00080-0009F              20           1
        SFR10            00500-0051F              20           1
        SFR11            00580-0059F              20           1
        SFR12            00600-0061F              20           1
        SFR13            00680-006EF              70           1
        SFR14            00700-0076F              70           1
        SFR15            00780-007EF              70           1
        SFR16            00800-0086F              70           1
        SFR17            00880-008EF              70           1
        SFR18            00900-0096F              70           1
        SFR19            00980-009EF              70           1
        SFR2             00100-0011F              20           1
        SFR20            00A00-00A6F              70           1
        SFR21            00A80-00AEF              70           1
        SFR22            00B00-00B6F              70           1
        SFR23            00B80-00BEF              70           1
        SFR24            00C00-00C6F              70           1
        SFR25            00C80-00CEF              70           1
        SFR26            00D00-00D6F              70           1
        SFR27            00D80-00DEF              70           1
        SFR28            00E00-00E6F              70           1
        SFR29            00E80-00EEF              70           1
        SFR3             00180-0019F              20           1
        SFR30            00F00-00F6F              70           1
        SFR31            00F80-00FEF              70           1
        SFR4             00200-0021F              20           1
        SFR5             00280-0029F              20           1
        SFR6             00300-0031F              20           1
        SFR7             00380-0039F              20           1
        SFR8             00400-0041F              20           1
        SFR9             00480-0049F              20           1
        STACK            02046-023EF             3AA           1
        STRCODE          00800-00E52             653           2
                         01000-01FFF            1000
        STRING           00800-00E52             100           2
                         01000-01FFF             100

                                  Symbol Table

?_ADCC_GetSingleConversion                cstackCOMMON 00073
?___awdiv                                 cstackCOMMON 00073
?___awmod                                 cstackCOMMON 00073
?___wmul                                  cstackCOMMON 00073
ADCC_GetSingleConversion@channel          cstackCOMMON 00076
DATAEE_ReadByte@bAdd                      cstackCOMMON 00073
DATAEE_WriteByte@GIEBitValue              cstackCOMMON 00076
DATAEE_WriteByte@bAdd                     cstackCOMMON 00073
DATAEE_WriteByte@bData                    cstackCOMMON 00075
INT_SetInterruptHandler@InterruptHandler  cstackCOMMON 00073
Menu@mode                                 cstackBANK0  0002D
PWM6_LoadDutyValue@dutyValue              cstackCOMMON 00073
ShowOnLEDs@num                            cstackCOMMON 00074
TMR1_SetInterruptHandler@InterruptHandler cstackCOMMON 00073
TMR1_WriteTimer@timerVal                  cstackCOMMON 00070
TMR2_SetInterruptHandler@InterruptHandler cstackCOMMON 00073
Update@thr                                cstackCOMMON 00075
Update@var                                cstackCOMMON 00077
WriteI2C@data_out                         cstackCOMMON 00074
_ADACCH                                   (abs)        00091
_ADACCL                                   (abs)        00090
_ADACQ                                    (abs)        0009D
_ADACT                                    (abs)        00099
_ADCAP                                    (abs)        0009B
_ADCC_GetSingleConversion                 text32       00FC3
_ADCC_Initialize                          text27       007D9
_ADCLK                                    (abs)        00098
_ADCNT                                    (abs)        0010C
_ADCON0                                   (abs)        00093
_ADCON0bits                               (abs)        00093
_ADCON1                                   (abs)        00094
_ADCON1bits                               (abs)        00094
_ADCON2                                   (abs)        00095
_ADCON2bits                               (abs)        00095
_ADCON3                                   (abs)        00096
_ADCON3bits                               (abs)        00096
_ADERRH                                   (abs)        00117
_ADERRL                                   (abs)        00116
_ADFLTRH                                  (abs)        00115
_ADFLTRL                                  (abs)        00114
_ADLTHH                                   (abs)        0010F
_ADLTHL                                   (abs)        0010E
_ADPCH                                    (abs)        0009E
_ADPRE                                    (abs)        0009C
_ADPREVH                                  (abs)        0008F
_ADPREVL                                  (abs)        0008E
_ADREF                                    (abs)        0009A
_ADRESH                                   (abs)        0008D
_ADRESL                                   (abs)        0008C
_ADRPT                                    (abs)        0010D
_ADSTAT                                   (abs)        00097
_ADSTATbits                               (abs)        00097
_ADSTPTH                                  (abs)        00113
_ADSTPTL                                  (abs)        00112
_ADUTHH                                   (abs)        00111
_ADUTHL                                   (abs)        00110
_ALAF                                     bssBANK0     00051
_ALAL                                     dataBANK0    00061
_ALAT                                     dataBANK0    00062
_ANSELA                                   (abs)        00F38
_ANSELB                                   (abs)        00F43
_ANSELC                                   (abs)        00F4E
_ANSELD                                   (abs)        00F59
_ANSELE                                   (abs)        00F64
_Alarm                                    text54       005A7
_Blink                                    text65       004D2
_CCPTMRS1bits                             (abs)        0021F
_CLKH                                     bssCOMMON    0007A
_CLKM                                     bssCOMMON    00079
_ClearAlarm                               text52       00E93
_DATAEE_ReadByte                          text13       00F19
_DATAEE_WriteByte                         text41       006EF
_EXT_INT_Initialize                       text25       00F3F
_INLVLA                                   (abs)        00F3C
_INLVLB                                   (abs)        00F47
_INLVLC                                   (abs)        00F52
_INLVLD                                   (abs)        00F5D
_INLVLE                                   (abs)        00F68
_INTCONbits                               (abs)        0000B
_INTERRUPT_InterruptManager               intentry     00004
_INTPPS                                   (abs)        00E90
_INT_CallBack                             text70       00F25
_INT_DefaultInterruptHandler              text71       00E53
_INT_ISR                                  text69       00E68
_INT_InterruptHandler                     nvBANK0      0005B
_INT_SetInterruptHandler                  text26       00E7A
_LATA                                     (abs)        00016
_LATAbits                                 (abs)        00016
_LATB                                     (abs)        00017
_LATBbits                                 (abs)        00017
_LATC                                     (abs)        00018
_LATD                                     (abs)        00019
_LATE                                     (abs)        0001A
_Menu                                     text35       0062A
_Menus                                    text33       005EA
_NREG                                     dataBANK0    00064
_NVMADRH                                  (abs)        0081B
_NVMADRL                                  (abs)        0081A
_NVMCON1bits                              (abs)        0081E
_NVMCON2                                  (abs)        0081F
_NVMDATH                                  (abs)        0081D
_NVMDATL                                  (abs)        0081C
_ODCONA                                   (abs)        00F3A
_ODCONB                                   (abs)        00F45
_ODCONC                                   (abs)        00F50
_ODCOND                                   (abs)        00F5B
_ODCONE                                   (abs)        00F66
_OSCCON1                                  (abs)        0088D
_OSCCON3                                  (abs)        0088F
_OSCEN                                    (abs)        00891
_OSCFRQ                                   (abs)        00893
_OSCILLATOR_Initialize                    text24       00EE2
_OSCTUNE                                  (abs)        00892
_PIE0bits                                 (abs)        00716
_PIE3bits                                 (abs)        00719
_PIE4bits                                 (abs)        0071A
_PIN_MANAGER_Initialize                   text23       0051B
_PIR0bits                                 (abs)        0070C
_PIR3bits                                 (abs)        0070F
_PIR4bits                                 (abs)        00710
_PMD0                                     (abs)        00796
_PMD1                                     (abs)        00797
_PMD2                                     (abs)        00798
_PMD3                                     (abs)        00799
_PMD4                                     (abs)        0079A
_PMD5                                     (abs)        0079B
_PMD_Initialize                           text22       00E9A
_PMON                                     dataBANK0    00065
_PORTBbits                                (abs)        0000D
_PORTCbits                                (abs)        0000E
_PPSLOCK                                  (abs)        00E8F
_PPSLOCKbits                              (abs)        00E8F
_PR2                                      (abs)        0028D
_PWM6CON                                  (abs)        0038E
_PWM6DCH                                  (abs)        0038D
_PWM6DCL                                  (abs)        0038C
_PWM6_Initialize                          text21       00F4C
_PWM6_LoadDutyValue                       text59       00FEA
_PWM_Output_D4_Disable                    text53       00F85
_PWM_Output_D4_Enable                     text58       00FA3
_RA6PPS                                   (abs)        00F16
_RC3PPS                                   (abs)        00F23
_RC4PPS                                   (abs)        00F24
_ReadI2C                                  text30       00749
_ReadIllum                                text31       00FB3
_ReadTemp                                 text28       00002
_SLRCONA                                  (abs)        00F3B
_SLRCONB                                  (abs)        00F46
_SLRCONC                                  (abs)        00F51
_SLRCOND                                  (abs)        00F5C
_SLRCONE                                  (abs)        00F67
_SSP1ADD                                  (abs)        0018D
_SSP1BUF                                  (abs)        0018C
_SSP1CLKPPS                               (abs)        00EC5
_SSP1CON1                                 (abs)        00190
_SSP1CON1bits                             (abs)        00190
_SSP1CON2                                 (abs)        00191
_SSP1CON2bits                             (abs)        00191
_SSP1DATPPS                               (abs)        00EC6
_SSP1MSK                                  (abs)        0018E
_SSP1STAT                                 (abs)        0018F
_SSP1STATbits                             (abs)        0018F
_SYSTEM_Initialize                        text17       0077D
_ShowOnLEDs                               text49       00EF5
_Switch1                                  text72       00F76
_T1CLK                                    (abs)        00211
_T1CON                                    (abs)        0020E
_T1CONbits                                (abs)        0020E
_T1GATE                                   (abs)        00210
_T1GCON                                   (abs)        0020F
_T1GCONbits                               (abs)        0020F
_T2CLKCON                                 (abs)        00290
_T2CON                                    (abs)        0028E
_T2CONbits                                (abs)        0028E
_T2HLT                                    (abs)        0028F
_T2HLTbits                                (abs)        0028F
_T2PR                                     (abs)        0028D
_T2RST                                    (abs)        00291
_T2RSTbits                                (abs)        00291
_T2TMR                                    (abs)        0028C
_TALA                                     dataBANK0    00063
_TMR1H                                    (abs)        0020D
_TMR1L                                    (abs)        0020C
_TMR1_DefaultInterruptHandler             text66       00E54
_TMR1_ISR                                 text64       00796
_TMR1_Initialize                          text20       006D1
_TMR1_InterruptHandler                    nvBANK0      0005D
_TMR1_SetInterruptHandler                 text34       00E74
_TMR1_StartTimer                          text51       00E59
_TMR1_StopTimer                           text50       00E5C
_TMR1_WriteTimer                          text68       007EF
_TMR2                                     (abs)        0028C
_TMR2_CallBack                            text62       00F32
_TMR2_DefaultInterruptHandler             text63       00E55
_TMR2_ISR                                 text61       00E6E
_TMR2_Initialize                          text18       007C3
_TMR2_InterruptHandler                    nvBANK0      00059
_TMR2_SetInterruptHandler                 text19       00E80
_TMR2_Start                               text57       00E56
_TMR2_StartTimer                          text56       00E5F
_TRISA                                    (abs)        00011
_TRISB                                    (abs)        00012
_TRISC                                    (abs)        00013
_TRISCbits                                (abs)        00013
_TRISD                                    (abs)        00014
_TRISE                                    (abs)        00015
_Timer                                    text67       0037F
_Update                                   text46       0065F
_WPUA                                     (abs)        00F39
_WPUB                                     (abs)        00F44
_WPUC                                     (abs)        00F4F
_WPUC3                                    (abs)        07A7B
_WPUC4                                    (abs)        07A7C
_WPUD                                     (abs)        00F5A
_WPUE                                     (abs)        00F65
_WriteI2C                                 text29       00487
__CFG_BOREN$ON                            (abs)        00000
__CFG_BORV$LO                             (abs)        00000
__CFG_CLKOUTEN$OFF                        (abs)        00000
__CFG_CP$OFF                              (abs)        00000
__CFG_CPD$OFF                             (abs)        00000
__CFG_CSWEN$ON                            (abs)        00000
__CFG_DEBUG$OFF                           (abs)        00000
__CFG_FCMEN$ON                            (abs)        00000
__CFG_FEXTOSC$OFF                         (abs)        00000
__CFG_LPBOREN$OFF                         (abs)        00000
__CFG_LVP$ON                              (abs)        00000
__CFG_MCLRE$ON                            (abs)        00000
__CFG_PPS1WAY$OFF                         (abs)        00000
__CFG_PWRTE$OFF                           (abs)        00000
__CFG_RSTOSC$HFINT1                       (abs)        00000
__CFG_SCANE$available                     (abs)        00000
__CFG_STVREN$ON                           (abs)        00000
__CFG_WDTCCS$SC                           (abs)        00000
__CFG_WDTCPS$WDTCPS_31                    (abs)        00000
__CFG_WDTCWS$WDTCWS_7                     (abs)        00000
__CFG_WDTE$OFF                            (abs)        00000
__CFG_WRT$OFF                             (abs)        00000
__CFG_ZCD$OFF                             (abs)        00000
__Habs1                                   abs1         00000
__Hbank0                                  bank0        00000
__Hbank1                                  bank1        00000
__Hbank10                                 bank10       00000
__Hbank11                                 bank11       00000
__Hbank12                                 bank12       00000
__Hbank13                                 bank13       00000
__Hbank14                                 bank14       00000
__Hbank15                                 bank15       00000
__Hbank16                                 bank16       00000
__Hbank17                                 bank17       00000
__Hbank18                                 bank18       00000
__Hbank19                                 bank19       00000
__Hbank2                                  bank2        00000
__Hbank20                                 bank20       00000
__Hbank21                                 bank21       00000
__Hbank22                                 bank22       00000
__Hbank23                                 bank23       00000
__Hbank24                                 bank24       00000
__Hbank25                                 bank25       00000
__Hbank26                                 bank26       00000
__Hbank27                                 bank27       00000
__Hbank28                                 bank28       00000
__Hbank29                                 bank29       00000
__Hbank3                                  bank3        00000
__Hbank30                                 bank30       00000
__Hbank31                                 bank31       00000
__Hbank4                                  bank4        00000
__Hbank5                                  bank5        00000
__Hbank6                                  bank6        00000
__Hbank7                                  bank7        00000
__Hbank8                                  bank8        00000
__Hbank9                                  bank9        00000
__Hbigram                                 bigram       00000
__HbssBANK0                               bssBANK0     00000
__HbssCOMMON                              bssCOMMON    00000
__Hcinit                                  cinit        00062
__Hclrtext                                clrtext      00000
__Hcode                                   code         00000
__Hcommon                                 common       00000
__Hconfig                                 config       0800C
__HcstackBANK0                            cstackBANK0  00000
__HcstackCOMMON                           cstackCOMMON 00000
__HdataBANK0                              dataBANK0    00000
__Heeprom_data                            eeprom_data  00000
__Hend_init                               end_init     00045
__Hfunctab                                functab      00000
__HidataBANK0                             idataBANK0   00000
__Hidloc                                  idloc        00000
__Hinit                                   init         00043
__Hintentry                               intentry     00043
__Hmaintext                               maintext     00000
__HnvBANK0                                nvBANK0      00000
__Hpowerup                                powerup      00000
__Hram                                    ram          00000
__Hreset_vec                              reset_vec    00002
__Hsfr0                                   sfr0         00000
__Hsfr1                                   sfr1         00000
__Hsfr10                                  sfr10        00000
__Hsfr11                                  sfr11        00000
__Hsfr12                                  sfr12        00000
__Hsfr13                                  sfr13        00000
__Hsfr14                                  sfr14        00000
__Hsfr15                                  sfr15        00000
__Hsfr16                                  sfr16        00000
__Hsfr17                                  sfr17        00000
__Hsfr18                                  sfr18        00000
__Hsfr19                                  sfr19        00000
__Hsfr2                                   sfr2         00000
__Hsfr20                                  sfr20        00000
__Hsfr21                                  sfr21        00000
__Hsfr22                                  sfr22        00000
__Hsfr23                                  sfr23        00000
__Hsfr24                                  sfr24        00000
__Hsfr25                                  sfr25        00000
__Hsfr26                                  sfr26        00000
__Hsfr27                                  sfr27        00000
__Hsfr28                                  sfr28        00000
__Hsfr29                                  sfr29        00000
__Hsfr3                                   sfr3         00000
__Hsfr30                                  sfr30        00000
__Hsfr31                                  sfr31        00000
__Hsfr4                                   sfr4         00000
__Hsfr5                                   sfr5         00000
__Hsfr6                                   sfr6         00000
__Hsfr7                                   sfr7         00000
__Hsfr8                                   sfr8         00000
__Hsfr9                                   sfr9         00000
__Hspace_0                                (abs)        0800C
__Hspace_1                                (abs)        0007B
__Hspace_2                                (abs)        00000
__Hspace_3                                (abs)        00000
__Hstack                                  stack        00000
__Hstrings                                strings      00000
__Htext                                   text         00000
__Labs1                                   abs1         00000
__Lbank0                                  bank0        00000
__Lbank1                                  bank1        00000
__Lbank10                                 bank10       00000
__Lbank11                                 bank11       00000
__Lbank12                                 bank12       00000
__Lbank13                                 bank13       00000
__Lbank14                                 bank14       00000
__Lbank15                                 bank15       00000
__Lbank16                                 bank16       00000
__Lbank17                                 bank17       00000
__Lbank18                                 bank18       00000
__Lbank19                                 bank19       00000
__Lbank2                                  bank2        00000
__Lbank20                                 bank20       00000
__Lbank21                                 bank21       00000
__Lbank22                                 bank22       00000
__Lbank23                                 bank23       00000
__Lbank24                                 bank24       00000
__Lbank25                                 bank25       00000
__Lbank26                                 bank26       00000
__Lbank27                                 bank27       00000
__Lbank28                                 bank28       00000
__Lbank29                                 bank29       00000
__Lbank3                                  bank3        00000
__Lbank30                                 bank30       00000
__Lbank31                                 bank31       00000
__Lbank4                                  bank4        00000
__Lbank5                                  bank5        00000
__Lbank6                                  bank6        00000
__Lbank7                                  bank7        00000
__Lbank8                                  bank8        00000
__Lbank9                                  bank9        00000
__Lbigram                                 bigram       00000
__LbssBANK0                               bssBANK0     00000
__LbssCOMMON                              bssCOMMON    00000
__Lcinit                                  cinit        00045
__Lclrtext                                clrtext      00000
__Lcode                                   code         00000
__Lcommon                                 common       00000
__Lconfig                                 config       08007
__LcstackBANK0                            cstackBANK0  00000
__LcstackCOMMON                           cstackCOMMON 00000
__LdataBANK0                              dataBANK0    00000
__Leeprom_data                            eeprom_data  00000
__Lend_init                               end_init     00043
__Lfunctab                                functab      00000
__LidataBANK0                             idataBANK0   00000
__Lidloc                                  idloc        00000
__Linit                                   init         00043
__Lintentry                               intentry     00004
__Lmaintext                               maintext     00000
__LnvBANK0                                nvBANK0      00000
__Lpowerup                                powerup      00000
__Lram                                    ram          00000
__Lreset_vec                              reset_vec    00000
__Lsfr0                                   sfr0         00000
__Lsfr1                                   sfr1         00000
__Lsfr10                                  sfr10        00000
__Lsfr11                                  sfr11        00000
__Lsfr12                                  sfr12        00000
__Lsfr13                                  sfr13        00000
__Lsfr14                                  sfr14        00000
__Lsfr15                                  sfr15        00000
__Lsfr16                                  sfr16        00000
__Lsfr17                                  sfr17        00000
__Lsfr18                                  sfr18        00000
__Lsfr19                                  sfr19        00000
__Lsfr2                                   sfr2         00000
__Lsfr20                                  sfr20        00000
__Lsfr21                                  sfr21        00000
__Lsfr22                                  sfr22        00000
__Lsfr23                                  sfr23        00000
__Lsfr24                                  sfr24        00000
__Lsfr25                                  sfr25        00000
__Lsfr26                                  sfr26        00000
__Lsfr27                                  sfr27        00000
__Lsfr28                                  sfr28        00000
__Lsfr29                                  sfr29        00000
__Lsfr3                                   sfr3         00000
__Lsfr30                                  sfr30        00000
__Lsfr31                                  sfr31        00000
__Lsfr4                                   sfr4         00000
__Lsfr5                                   sfr5         00000
__Lsfr6                                   sfr6         00000
__Lsfr7                                   sfr7         00000
__Lsfr8                                   sfr8         00000
__Lsfr9                                   sfr9         00000
__Lspace_0                                (abs)        00000
__Lspace_1                                (abs)        00000
__Lspace_2                                (abs)        00000
__Lspace_3                                (abs)        00000
__Lstack                                  stack        00000
__Lstrings                                strings      00000
__Ltext                                   text         00000
__S0                                      (abs)        0800C
__S1                                      (abs)        0007B
__S2                                      (abs)        00000
__S3                                      (abs)        00000
___awdiv                                  text44       0031F
___awdiv@counter                          cstackBANK0  00020
___awdiv@dividend                         cstackCOMMON 00075
___awdiv@divisor                          cstackCOMMON 00073
___awdiv@quotient                         cstackBANK0  00022
___awdiv@sign                             cstackBANK0  00021
___awmod                                  text43       00433
___awmod@counter                          cstackBANK0  00020
___awmod@dividend                         cstackCOMMON 00075
___awmod@divisor                          cstackCOMMON 00073
___awmod@sign                             cstackBANK0  00021
___bmul                                   text42       00FD5
___bmul@multiplicand                      cstackCOMMON 00073
___bmul@multiplier                        cstackCOMMON 00076
___bmul@product                           cstackCOMMON 00075
___int_sp                                 stack        00000
___latbits                                (abs)        00002
___sp                                     stack        00000
___stackhi                                (abs)        023EF
___stacklo                                (abs)        02046
___wmul                                   text55       006AF
___wmul@multiplicand                      cstackCOMMON 00075
___wmul@multiplier                        cstackCOMMON 00073
___wmul@product                           cstackBANK0  00020
__end_of_ADCC_GetSingleConversion         text32       00FD5
__end_of_ADCC_Initialize                  text27       007EF
__end_of_Alarm                            text54       005EA
__end_of_Blink                            text65       0051B
__end_of_ClearAlarm                       text52       00E9A
__end_of_DATAEE_ReadByte                  text13       00F25
__end_of_DATAEE_WriteByte                 text41       0070D
__end_of_EXT_INT_Initialize               text25       00F4C
__end_of_INTERRUPT_InterruptManager       intentry     00043
__end_of_INT_CallBack                     text70       00F32
__end_of_INT_DefaultInterruptHandler      text71       00E54
__end_of_INT_ISR                          text69       00E6E
__end_of_INT_SetInterruptHandler          text26       00E80
__end_of_Menu                             text35       0065F
__end_of_Menus                            text33       0062A
__end_of_OSCILLATOR_Initialize            text24       00EEB
__end_of_PIN_MANAGER_Initialize           text23       00562
__end_of_PMD_Initialize                   text22       00EA2
__end_of_PWM6_Initialize                  text21       00F59
__end_of_PWM6_LoadDutyValue               text59       01000
__end_of_PWM_Output_D4_Disable            text53       00F94
__end_of_PWM_Output_D4_Enable             text58       00FB3
__end_of_ReadI2C                          text30       00763
__end_of_ReadIllum                        text31       00FC3
__end_of_ReadTemp                         text28       00004
__end_of_SYSTEM_Initialize                text17       00796
__end_of_ShowOnLEDs                       text49       00F01
__end_of_Switch1                          text72       00F85
__end_of_TMR1_DefaultInterruptHandler     text66       00E55
__end_of_TMR1_ISR                         text64       007AD
__end_of_TMR1_Initialize                  text20       006EF
__end_of_TMR1_SetInterruptHandler         text34       00E7A
__end_of_TMR1_StartTimer                  text51       00E5C
__end_of_TMR1_StopTimer                   text50       00E5F
__end_of_TMR1_WriteTimer                  text68       00800
__end_of_TMR2_CallBack                    text62       00F3F
__end_of_TMR2_DefaultInterruptHandler     text63       00E56
__end_of_TMR2_ISR                         text61       00E74
__end_of_TMR2_Initialize                  text18       007D9
__end_of_TMR2_SetInterruptHandler         text19       00E86
__end_of_TMR2_Start                       text57       00E59
__end_of_TMR2_StartTimer                  text56       00E63
__end_of_Timer                            text67       003DB
__end_of_Update                           text46       00689
__end_of_WriteI2C                         text29       004D2
__end_of___awdiv                          text44       0037F
__end_of___awmod                          text43       00487
__end_of___bmul                           text42       00FEA
__end_of___wmul                           text55       006D1
__end_of__initialization                  cinit        0005E
__end_of_checkButtonS1                    text48       00749
__end_of_checkButtonS2                    text47       0072B
__end_of_eeprom_clk_update                text40       0077D
__end_of_eeprom_default_setup             text14       006AF
__end_of_eeprom_setup                     text15       0031F
__end_of_i2c1_driver_open                 text16       00F19
__end_of_load_eeprom                      text3        005A7
__end_of_main                             maintext     00151
__end_of_read_alaf                        text12       00EAA
__end_of_read_alal                        text11       00EB2
__end_of_read_alat                        text10       00EBA
__end_of_read_clkh                        text9        00EC2
__end_of_read_clkm                        text8        00ECA
__end_of_read_nreg                        text7        00ED2
__end_of_read_pmon                        text6        00EDA
__end_of_read_tala                        text5        00EE2
__end_of_ring_buffer                      text1        007C3
__end_of_ring_buffer_write                text2        002A4
__end_of_submenu_alarm                    text45       00F0D
__end_of_submenu_clock                    text38       00206
__end_of_submenu_illum                    text37       00F67
__end_of_submenu_temp                     text36       00433
__end_of_update_clk                       text39       00EF5
__end_of_used                             text4        00FA3
__end_ofi1_ClearAlarm                     text73       00E93
__end_ofi1_PWM_Output_D4_Disable          text74       00F76
__initialization                          cinit        00045
__pbssBANK0                               bssBANK0     00041
__pbssCOMMON                              bssCOMMON    00078
__pcstackBANK0                            cstackBANK0  00020
__pcstackCOMMON                           cstackCOMMON 00070
__pdataBANK0                              dataBANK0    00061
__pidataBANK0                             idataBANK0   00E63
__pintentry                               intentry     00004
__pmaintext                               maintext     00062
__pnvBANK0                                nvBANK0      00059
__ptext1                                  text1        007AD
__ptext10                                 text10       00EB2
__ptext11                                 text11       00EAA
__ptext12                                 text12       00EA2
__ptext13                                 text13       00F19
__ptext14                                 text14       00689
__ptext15                                 text15       002A4
__ptext16                                 text16       00F0D
__ptext17                                 text17       0077D
__ptext18                                 text18       007C3
__ptext19                                 text19       00E80
__ptext2                                  text2        00206
__ptext20                                 text20       006D1
__ptext21                                 text21       00F4C
__ptext22                                 text22       00E9A
__ptext23                                 text23       0051B
__ptext24                                 text24       00EE2
__ptext25                                 text25       00F3F
__ptext26                                 text26       00E7A
__ptext27                                 text27       007D9
__ptext28                                 text28       00002
__ptext29                                 text29       00487
__ptext3                                  text3        00562
__ptext30                                 text30       00749
__ptext31                                 text31       00FB3
__ptext32                                 text32       00FC3
__ptext33                                 text33       005EA
__ptext34                                 text34       00E74
__ptext35                                 text35       0062A
__ptext36                                 text36       003DB
__ptext37                                 text37       00F59
__ptext38                                 text38       00151
__ptext39                                 text39       00EEB
__ptext4                                  text4        00F94
__ptext40                                 text40       00763
__ptext41                                 text41       006EF
__ptext42                                 text42       00FD5
__ptext43                                 text43       00433
__ptext44                                 text44       0031F
__ptext45                                 text45       00F01
__ptext46                                 text46       0065F
__ptext47                                 text47       0070D
__ptext48                                 text48       0072B
__ptext49                                 text49       00EF5
__ptext5                                  text5        00EDA
__ptext50                                 text50       00E5C
__ptext51                                 text51       00E59
__ptext52                                 text52       00E93
__ptext53                                 text53       00F85
__ptext54                                 text54       005A7
__ptext55                                 text55       006AF
__ptext56                                 text56       00E5F
__ptext57                                 text57       00E56
__ptext58                                 text58       00FA3
__ptext59                                 text59       00FEA
__ptext6                                  text6        00ED2
__ptext61                                 text61       00E6E
__ptext62                                 text62       00F32
__ptext63                                 text63       00E55
__ptext64                                 text64       00796
__ptext65                                 text65       004D2
__ptext66                                 text66       00E54
__ptext67                                 text67       0037F
__ptext68                                 text68       007EF
__ptext69                                 text69       00E68
__ptext7                                  text7        00ECA
__ptext70                                 text70       00F25
__ptext71                                 text71       00E53
__ptext72                                 text72       00F76
__ptext73                                 text73       00E8C
__ptext74                                 text74       00F67
__ptext8                                  text8        00EC2
__ptext9                                  text9        00EBA
__size_of_ADCC_GetSingleConversion        (abs)        00000
__size_of_ADCC_Initialize                 (abs)        00000
__size_of_Alarm                           (abs)        00000
__size_of_Blink                           (abs)        00000
__size_of_ClearAlarm                      (abs)        00000
__size_of_DATAEE_ReadByte                 (abs)        00000
__size_of_DATAEE_WriteByte                (abs)        00000
__size_of_EXT_INT_Initialize              (abs)        00000
__size_of_INTERRUPT_InterruptManager      (abs)        00000
__size_of_INT_CallBack                    (abs)        00000
__size_of_INT_DefaultInterruptHandler     (abs)        00000
__size_of_INT_ISR                         (abs)        00000
__size_of_INT_SetInterruptHandler         (abs)        00000
__size_of_Menu                            (abs)        00000
__size_of_Menus                           (abs)        00000
__size_of_OSCILLATOR_Initialize           (abs)        00000
__size_of_PIN_MANAGER_Initialize          (abs)        00000
__size_of_PMD_Initialize                  (abs)        00000
__size_of_PWM6_Initialize                 (abs)        00000
__size_of_PWM6_LoadDutyValue              (abs)        00000
__size_of_PWM_Output_D4_Disable           (abs)        00000
__size_of_PWM_Output_D4_Enable            (abs)        00000
__size_of_ReadI2C                         (abs)        00000
__size_of_ReadIllum                       (abs)        00000
__size_of_ReadTemp                        (abs)        00000
__size_of_SYSTEM_Initialize               (abs)        00000
__size_of_ShowOnLEDs                      (abs)        00000
__size_of_Switch1                         (abs)        00000
__size_of_TMR1_DefaultInterruptHandler    (abs)        00000
__size_of_TMR1_ISR                        (abs)        00000
__size_of_TMR1_Initialize                 (abs)        00000
__size_of_TMR1_SetInterruptHandler        (abs)        00000
__size_of_TMR1_StartTimer                 (abs)        00000
__size_of_TMR1_StopTimer                  (abs)        00000
__size_of_TMR1_WriteTimer                 (abs)        00000
__size_of_TMR2_CallBack                   (abs)        00000
__size_of_TMR2_DefaultInterruptHandler    (abs)        00000
__size_of_TMR2_ISR                        (abs)        00000
__size_of_TMR2_Initialize                 (abs)        00000
__size_of_TMR2_SetInterruptHandler        (abs)        00000
__size_of_TMR2_Start                      (abs)        00000
__size_of_TMR2_StartTimer                 (abs)        00000
__size_of_Timer                           (abs)        00000
__size_of_Update                          (abs)        00000
__size_of_WriteI2C                        (abs)        00000
__size_of___awdiv                         (abs)        00000
__size_of___awmod                         (abs)        00000
__size_of___bmul                          (abs)        00000
__size_of___wmul                          (abs)        00000
__size_of_checkButtonS1                   (abs)        00000
__size_of_checkButtonS2                   (abs)        00000
__size_of_eeprom_clk_update               (abs)        00000
__size_of_eeprom_default_setup            (abs)        00000
__size_of_eeprom_setup                    (abs)        00000
__size_of_i2c1_driver_open                (abs)        00000
__size_of_load_eeprom                     (abs)        00000
__size_of_main                            (abs)        00000
__size_of_read_alaf                       (abs)        00000
__size_of_read_alal                       (abs)        00000
__size_of_read_alat                       (abs)        00000
__size_of_read_clkh                       (abs)        00000
__size_of_read_clkm                       (abs)        00000
__size_of_read_nreg                       (abs)        00000
__size_of_read_pmon                       (abs)        00000
__size_of_read_tala                       (abs)        00000
__size_of_ring_buffer                     (abs)        00000
__size_of_ring_buffer_write               (abs)        00000
__size_of_submenu_alarm                   (abs)        00000
__size_of_submenu_clock                   (abs)        00000
__size_of_submenu_illum                   (abs)        00000
__size_of_submenu_temp                    (abs)        00000
__size_of_update_clk                      (abs)        00000
__size_of_used                            (abs)        00000
__size_ofi1_ClearAlarm                    (abs)        00000
__size_ofi1_PWM_Output_D4_Disable         (abs)        00000
_alarm                                    bssBANK0     0004E
_btn1State                                bssBANK0     00058
_btn2State                                bssBANK0     00057
_checkButtonS1                            text48       0072B
_checkButtonS2                            text47       0070D
_eeprom_clk_update                        text40       00763
_eeprom_default_setup                     text14       00689
_eeprom_setup                             text15       002A4
_flag_timer                               bssBANK0     00052
_i2c1_driver_busCollisionISR              bssBANK0     0004B
_i2c1_driver_i2cISR                       bssBANK0     00049
_i2c1_driver_open                         text16       00F0D
_illum                                    bssBANK0     0004F
_initial_time                             bssBANK0     00045
_load_eeprom                              text3        00562
_main                                     maintext     00062
_mode                                     bssBANK0     00056
_read_alaf                                text12       00EA2
_read_alal                                text11       00EAA
_read_alat                                text10       00EB2
_read_clkh                                text9        00EBA
_read_clkm                                text8        00EC2
_read_nreg                                text7        00ECA
_read_pmon                                text6        00ED2
_read_tala                                text5        00EDA
_ring_buffer                              text1        007AD
_ring_buffer_write                        text2        00206
_s1flag                                   bssBANK0     00055
_s2flag                                   bssBANK0     00054
_seconds                                  bssCOMMON    00078
_submenu_alarm                            text45       00F01
_submenu_clock                            text38       00151
_submenu_illum                            text37       00F59
_submenu_temp                             text36       003DB
_switch1                                  bssBANK0     00053
_temp                                     bssBANK0     00050
_timer                                    bssBANK0     00047
_timer1                                   bssBANK0     0004D
_timer1ReloadVal                          nvBANK0      0005F
_update_clk                               text39       00EEB
_used                                     text4        00F94
btemp                                     (abs)        0007E
clear_ram0                                clrtext      00E86
eeprom_clk_update@clkh                    cstackBANK0  00021
eeprom_clk_update@clkm                    cstackCOMMON 00077
eeprom_setup@alaf                         cstackBANK0  00025
eeprom_setup@alal                         cstackBANK0  00024
eeprom_setup@alat                         cstackBANK0  00023
eeprom_setup@clkh                         cstackBANK0  00026
eeprom_setup@clkm                         cstackBANK0  00027
eeprom_setup@nreg                         cstackBANK0  00020
eeprom_setup@pmon                         cstackBANK0  00021
eeprom_setup@reset_buffer                 cstackBANK0  00028
eeprom_setup@tala                         cstackBANK0  00022
end_of_initialization                     cinit        0005E
i1_ClearAlarm                             text73       00E8C
i1_PWM_Output_D4_Disable                  text74       00F67
int$flags                                 (abs)        0007E
intlevel0                                 functab      00000
intlevel1                                 functab      00000
intlevel2                                 functab      00000
intlevel3                                 functab      00000
intlevel4                                 functab      00000
intlevel5                                 functab      00000
reset_vec                                 reset_vec    00000
ring_buffer_write@L                       cstackBANK0  00023
ring_buffer_write@T                       cstackBANK0  00022
ring_buffer_write@h                       cstackBANK0  00026
ring_buffer_write@m                       cstackBANK0  00020
ring_buffer_write@ring_pos                cstackBANK0  00027
ring_buffer_write@s                       cstackBANK0  00021
start                                     init         00043
start_initialization                      cinit        00045
submenu_clock@hours_tens                  cstackBANK0  00029
submenu_clock@hours_units                 cstackBANK0  0002A
submenu_clock@minutes_tens                cstackBANK0  00027
submenu_clock@minutes_units               cstackBANK0  00028
submenu_temp@temperature_tens             cstackBANK0  00028
submenu_temp@temperature_units            cstackBANK0  00027
wtemp0                                    (abs)        0007E


FUNCTION INFORMATION:

 *************** function _main *****************
 Defined at:
		line 138 in file "main.c"
 Parameters:    Size  Location     Type
		None
 Auto vars:     Size  Location     Type
		None
 Return value:  Size  Location     Type
                  1    wreg      void 
 Registers used:
		wreg, fsr0l, fsr0h, status,2, status,0, pclath, cstack
 Tracked objects:
		On entry : 
		On exit  : 
		Unchanged: 
 Data sizes:     COMMON   BANK0   BANK1   BANK2   BANK3   BANK4   BANK5   BANK6   BANK7   BANK8   BANK9  BANK10  BANK11  BANK12
      Params:         0       0       0       0       0       0       0       0       0       0       0       0       0       0
      Locals:         0       0       0       0       0       0       0       0       0       0       0       0       0       0
      Temps:          0      15       0       0       0       0       0       0       0       0       0       0       0       0
      Totals:         0      15       0       0       0       0       0       0       0       0       0       0       0       0
Total ram usage:       15 bytes
 Hardware stack levels required when called:   12
 This function calls:
		_Alarm
		_ClearAlarm
		_INT_SetInterruptHandler
		_Menus
		_PWM_Output_D4_Disable
		_ReadIllum
		_ReadTemp
		_SYSTEM_Initialize
		_TMR1_SetInterruptHandler
		___wmul
		_i2c1_driver_open
		_load_eeprom
		_ring_buffer
		_update_clk
 This function is called by:
		Startup code after reset
 This function uses a non-reentrant model


 *************** function _ring_buffer *****************
 Defined at:
		line 120 in file "utils.c"
 Parameters:    Size  Location     Type
		None
 Auto vars:     Size  Location     Type
		None
 Return value:  Size  Location     Type
                  1    wreg      _Bool 
 Registers used:
		wreg, status,2, status,0, pclath, cstack
 Tracked objects:
		On entry : 
		On exit  : 
		Unchanged: 
 Data sizes:     COMMON   BANK0   BANK1   BANK2   BANK3   BANK4   BANK5   BANK6   BANK7   BANK8   BANK9  BANK10  BANK11  BANK12
      Params:         0       0       0       0       0       0       0       0       0       0       0       0       0       0
      Locals:         0       0       0       0       0       0       0       0       0       0       0       0       0       0
      Temps:          0       4       0       0       0       0       0       0       0       0       0       0       0       0
      Totals:         0       4       0       0       0       0       0       0       0       0       0       0       0       0
Total ram usage:        4 bytes
[...]
      Temps:          0       0       0       0       0       0       0       0       0       0       0       0       0       0
      Totals:         0       0       0       0       0       0       0       0       0       0       0       0       0       0
Total ram usage:        0 bytes
 Hardware stack levels used:    1
 This function calls:
		Nothing
 This function is called by:
		_TMR2_Initialize
		_TMR2_CallBack
 This function uses a non-reentrant model


 *************** function _TMR1_ISR *****************
 Defined at:
		line 164 in file "mcc_generated_files/tmr1.c"
 Parameters:    Size  Location     Type
		None
 Auto vars:     Size  Location     Type
		None
 Return value:  Size  Location     Type
                  1    wreg      void 
 Registers used:
		wreg, fsr0l, fsr0h, status,2, status,0, pclath, cstack
 Tracked objects:
		On entry : 
		On exit  : 
		Unchanged: 
 Data sizes:     COMMON   BANK0   BANK1   BANK2   BANK3   BANK4   BANK5   BANK6   BANK7   BANK8   BANK9  BANK10  BANK11  BANK12
      Params:         0       0       0       0       0       0       0       0       0       0       0       0       0       0
      Locals:         0       0       0       0       0       0       0       0       0       0       0       0       0       0
      Temps:          0       0       0       0       0       0       0       0       0       0       0       0       0       0
      Totals:         0       0       0       0       0       0       0       0       0       0       0       0       0       0
Total ram usage:        0 bytes
 Hardware stack levels used:    1
 Hardware stack levels required when called:    1
 This function calls:
		Absolute function
		_Blink
		_TMR1_DefaultInterruptHandler
		_TMR1_WriteTimer
		_Timer
 This function is called by:
		_INTERRUPT_InterruptManager
 This function uses a non-reentrant model


 *************** function _Blink *****************
 Defined at:
		line 110 in file "menus.c"
 Parameters:    Size  Location     Type
		None
 Auto vars:     Size  Location     Type
		None
 Return value:  Size  Location     Type
                  1    wreg      void 
 Registers used:
		wreg, fsr0l, fsr0h, status,2, status,0
 Tracked objects:
		On entry : 
		On exit  : 
		Unchanged: 
 Data sizes:     COMMON   BANK0   BANK1   BANK2   BANK3   BANK4   BANK5   BANK6   BANK7   BANK8   BANK9  BANK10  BANK11  BANK12
      Params:         0       0       0       0       0       0       0       0       0       0       0       0       0       0
      Locals:         0       0       0       0       0       0       0       0       0       0       0       0       0       0
      Temps:          2       0       0       0       0       0       0       0       0       0       0       0       0       0
      Totals:         2       0       0       0       0       0       0       0       0       0       0       0       0       0
Total ram usage:        2 bytes
 Hardware stack levels used:    1
 This function calls:
		Nothing
 This function is called by:
		_Menus
		_TMR1_ISR
 This function uses a non-reentrant model


 *************** function _TMR1_DefaultInterruptHandler *****************
 Defined at:
		line 182 in file "mcc_generated_files/tmr1.c"
 Parameters:    Size  Location     Type
		None
 Auto vars:     Size  Location     Type
		None
 Return value:  Size  Location     Type
                  1    wreg      void 
 Registers used:
		None
 Tracked objects:
		On entry : 
		On exit  : 
		Unchanged: 
 Data sizes:     COMMON   BANK0   BANK1   BANK2   BANK3   BANK4   BANK5   BANK6   BANK7   BANK8   BANK9  BANK10  BANK11  BANK12
      Params:         0       0       0       0       0       0       0       0       0       0       0       0       0       0
      Locals:         0       0       0       0       0       0       0       0       0       0       0       0       0       0
      Temps:          0       0       0       0       0       0       0       0       0       0       0       0       0       0
      Totals:         0       0       0       0       0       0       0       0       0       0       0       0       0       0
Total ram usage:        0 bytes
 Hardware stack levels used:    1
 This function calls:
		Nothing
 This function is called by:
		_TMR1_Initialize
		_TMR1_ISR
 This function uses a non-reentrant model


 *************** function _Timer *****************
 Defined at:
		line 81 in file "main.c"
 Parameters:    Size  Location     Type
		None
 Auto vars:     Size  Location     Type
		None
 Return value:  Size  Location     Type
                  1    wreg      void 
 Registers used:
		wreg, status,2, status,0
 Tracked objects:
		On entry : 
		On exit  : 
		Unchanged: 
 Data sizes:     COMMON   BANK0   BANK1   BANK2   BANK3   BANK4   BANK5   BANK6   BANK7   BANK8   BANK9  BANK10  BANK11  BANK12
      Params:         0       0       0       0       0       0       0       0       0       0       0       0       0       0
      Locals:         0       0       0       0       0       0       0       0       0       0       0       0       0       0
      Temps:          3       0       0       0       0       0       0       0       0       0       0       0       0       0
      Totals:         3       0       0       0       0       0       0       0       0       0       0       0       0       0
Total ram usage:        3 bytes
 Hardware stack levels used:    1
 This function calls:
		Nothing
 This function is called by:
		_main
		_TMR1_ISR
 This function uses a non-reentrant model


 *************** function _TMR1_WriteTimer *****************
 Defined at:
		line 127 in file "mcc_generated_files/tmr1.c"
 Parameters:    Size  Location     Type
  timerVal        2    0[COMMON] unsigned short 
 Auto vars:     Size  Location     Type
		None
 Return value:  Size  Location     Type
                  1    wreg      void 
 Registers used:
		wreg, status,2
 Tracked objects:
		On entry : 
		On exit  : 
		Unchanged: 
 Data sizes:     COMMON   BANK0   BANK1   BANK2   BANK3   BANK4   BANK5   BANK6   BANK7   BANK8   BANK9  BANK10  BANK11  BANK12
      Params:         2       0       0       0       0       0       0       0       0       0       0       0       0       0
      Locals:         0       0       0       0       0       0       0       0       0       0       0       0       0       0
      Temps:          0       0       0       0       0       0       0       0       0       0       0       0       0       0
      Totals:         2       0       0       0       0       0       0       0       0       0       0       0       0       0
Total ram usage:        2 bytes
 Hardware stack levels used:    1
 This function calls:
		Nothing
 This function is called by:
		_TMR1_ISR
		_TMR1_Reload
 This function uses a non-reentrant model


 *************** function _INT_ISR *****************
 Defined at:
		line 32 in file "mcc_generated_files/ext_int.c"
 Parameters:    Size  Location     Type
		None
 Auto vars:     Size  Location     Type
		None
 Return value:  Size  Location     Type
                  1    wreg      void 
 Registers used:
		wreg, status,2, status,0, pclath, cstack
 Tracked objects:
		On entry : 
		On exit  : 
		Unchanged: 
 Data sizes:     COMMON   BANK0   BANK1   BANK2   BANK3   BANK4   BANK5   BANK6   BANK7   BANK8   BANK9  BANK10  BANK11  BANK12
      Params:         0       0       0       0       0       0       0       0       0       0       0       0       0       0
      Locals:         0       0       0       0       0       0       0       0       0       0       0       0       0       0
      Temps:          0       0       0       0       0       0       0       0       0       0       0       0       0       0
      Totals:         0       0       0       0       0       0       0       0       0       0       0       0       0       0
Total ram usage:        0 bytes
 Hardware stack levels used:    1
 Hardware stack levels required when called:    4
 This function calls:
		_INT_CallBack
 This function is called by:
		_INTERRUPT_InterruptManager
 This function uses a non-reentrant model


 *************** function _INT_CallBack *****************
 Defined at:
		line 41 in file "mcc_generated_files/ext_int.c"
 Parameters:    Size  Location     Type
		None
 Auto vars:     Size  Location     Type
		None
 Return value:  Size  Location     Type
                  1    wreg      void 
 Registers used:
		wreg, status,2, status,0, pclath, cstack
 Tracked objects:
		On entry : 
		On exit  : 
		Unchanged: 
 Data sizes:     COMMON   BANK0   BANK1   BANK2   BANK3   BANK4   BANK5   BANK6   BANK7   BANK8   BANK9  BANK10  BANK11  BANK12
      Params:         0       0       0       0       0       0       0       0       0       0       0       0       0       0
      Locals:         0       0       0       0       0       0       0       0       0       0       0       0       0       0
      Temps:          0       0       0       0       0       0       0       0       0       0       0       0       0       0
      Totals:         0       0       0       0       0       0       0       0       0       0       0       0       0       0
Total ram usage:        0 bytes
 Hardware stack levels used:    1
 Hardware stack levels required when called:    3
 This function calls:
		Absolute function
		_INT_DefaultInterruptHandler
		_Switch1
 This function is called by:
		_INT_ISR
 This function uses a non-reentrant model


 *************** function _INT_DefaultInterruptHandler *****************
 Defined at:
		line 54 in file "mcc_generated_files/ext_int.c"
 Parameters:    Size  Location     Type
		None
 Auto vars:     Size  Location     Type
		None
 Return value:  Size  Location     Type
                  1    wreg      void 
 Registers used:
		None
 Tracked objects:
		On entry : 
		On exit  : 
		Unchanged: 
 Data sizes:     COMMON   BANK0   BANK1   BANK2   BANK3   BANK4   BANK5   BANK6   BANK7   BANK8   BANK9  BANK10  BANK11  BANK12
      Params:         0       0       0       0       0       0       0       0       0       0       0       0       0       0
      Locals:         0       0       0       0       0       0       0       0       0       0       0       0       0       0
      Temps:          0       0       0       0       0       0       0       0       0       0       0       0       0       0
      Totals:         0       0       0       0       0       0       0       0       0       0       0       0       0       0
Total ram usage:        0 bytes
 Hardware stack levels used:    1
 This function calls:
		Nothing
 This function is called by:
		_EXT_INT_Initialize
		_INT_CallBack
 This function uses a non-reentrant model


 *************** function _Switch1 *****************
 Defined at:
		line 119 in file "main.c"
 Parameters:    Size  Location     Type
		None
 Auto vars:     Size  Location     Type
		None
 Return value:  Size  Location     Type
                  1    wreg      void 
 Registers used:
		wreg, status,2, status,0, pclath, cstack
 Tracked objects:
		On entry : 
		On exit  : 
		Unchanged: 
 Data sizes:     COMMON   BANK0   BANK1   BANK2   BANK3   BANK4   BANK5   BANK6   BANK7   BANK8   BANK9  BANK10  BANK11  BANK12
      Params:         0       0       0       0       0       0       0       0       0       0       0       0       0       0
      Locals:         0       0       0       0       0       0       0       0       0       0       0       0       0       0
      Temps:          1       0       0       0       0       0       0       0       0       0       0       0       0       0
      Totals:         1       0       0       0       0       0       0       0       0       0       0       0       0       0
Total ram usage:        1 bytes
 Hardware stack levels used:    1
 Hardware stack levels required when called:    2
 This function calls:
		i1_ClearAlarm
 This function is called by:
		_main
		_INT_CallBack
 This function uses a non-reentrant model


 *************** function i1_ClearAlarm *****************
 Defined at:
		line 112 in file "main.c"
 Parameters:    Size  Location     Type
		None
 Auto vars:     Size  Location     Type
		None
 Return value:  Size  Location     Type
                  1    wreg      void 
 Registers used:
		wreg, status,2, status,0, pclath, cstack
 Tracked objects:
		On entry : 
		On exit  : 
		Unchanged: 
 Data sizes:     COMMON   BANK0   BANK1   BANK2   BANK3   BANK4   BANK5   BANK6   BANK7   BANK8   BANK9  BANK10  BANK11  BANK12
      Params:         0       0       0       0       0       0       0       0       0       0       0       0       0       0
      Locals:         0       0       0       0       0       0       0       0       0       0       0       0       0       0
      Temps:          0       0       0       0       0       0       0       0       0       0       0       0       0       0
      Totals:         0       0       0       0       0       0       0       0       0       0       0       0       0       0
Total ram usage:        0 bytes
 Hardware stack levels used:    1
 Hardware stack levels required when called:    1
 This function calls:
		i1_PWM_Output_D4_Disable
 This function is called by:
		_Switch1
 This function uses a non-reentrant model


 *************** function i1_PWM_Output_D4_Disable *****************
 Defined at:
		line 57 in file "utils.c"
 Parameters:    Size  Location     Type
		None
 Auto vars:     Size  Location     Type
		None
 Return value:  Size  Location     Type
                  1    wreg      void 
 Registers used:
		wreg, status,2
 Tracked objects:
		On entry : 
		On exit  : 
		Unchanged: 
 Data sizes:     COMMON   BANK0   BANK1   BANK2   BANK3   BANK4   BANK5   BANK6   BANK7   BANK8   BANK9  BANK10  BANK11  BANK12
      Params:         0       0       0       0       0       0       0       0       0       0       0       0       0       0
      Locals:         0       0       0       0       0       0       0       0       0       0       0       0       0       0
      Temps:          0       0       0       0       0       0       0       0       0       0       0       0       0       0
      Totals:         0       0       0       0       0       0       0       0       0       0       0       0       0       0
Total ram usage:        0 bytes
 Hardware stack levels used:    1
 This function calls:
		Nothing
 This function is called by:
		i1_ClearAlarm
 This function uses a non-reentrant model



MODULE INFORMATION

Module		Function		Class		Link	Load	Size
/Applications/microchip/xc8/v2.10/pic/sources/c99/common/awdiv.c
		___awdiv       		CODE           	031F	0000	97

/Applications/microchip/xc8/v2.10/pic/sources/c99/common/awdiv.c estimated size: 97

mcc_generated_files/pwm6.c
		_PWM6_LoadDutyValue		CODE           	0FEA	0000	23
		_PWM6_Initialize		CODE           	0F4C	0000	14

mcc_generated_files/pwm6.c estimated size: 37

/Applications/microchip/xc8/v2.10/pic/sources/c99/common/Umul8.c
		___bmul        		CODE           	0FD5	0000	22

/Applications/microchip/xc8/v2.10/pic/sources/c99/common/Umul8.c estimated size: 22

mcc_generated_files/tmr2.c
		_TMR2_ISR      		CODE           	0E6E	0000	7
		_TMR2_Initialize		CODE           	07C3	0000	23
		_TMR2_Start    		CODE           	0E56	0000	4
		_TMR2_SetInterruptHandler		CODE           	0E80	0000	7
		_TMR2_DefaultInterruptHandler		CODE           	0E55	0000	2
		_TMR2_CallBack 		CODE           	0F32	0000	14
		_TMR2_StartTimer		CODE           	0E5F	0000	5

mcc_generated_files/tmr2.c estimated size: 62

mcc_generated_files/interrupt_manager.c
		_INTERRUPT_InterruptManager		CODE           	0004	0000	64

mcc_generated_files/interrupt_manager.c estimated size: 64

mcc_generated_files/pin_manager.c
		_PIN_MANAGER_Initialize		CODE           	051B	0000	72

mcc_generated_files/pin_manager.c estimated size: 72

I2C/i2c.c
		_ReadI2C       		CODE           	0749	0000	27
		_WriteI2C      		CODE           	0487	0000	76

I2C/i2c.c estimated size: 103

menus.c
		_submenu_temp  		CODE           	03DB	0000	89
		_submenu_clock 		CODE           	0151	0000	182
		_submenu_alarm 		CODE           	0F01	0000	13
		_submenu_illum 		CODE           	0F59	0000	15
		_Blink         		CODE           	04D2	0000	74
		_Menus         		CODE           	05EA	0000	65
		_Update        		CODE           	065F	0000	43
		_Menu          		CODE           	062A	0000	54

menus.c estimated size: 535

eeprom.c
		_read_pmon     		CODE           	0ED2	0000	9
		_eeprom_clk_update		CODE           	0763	0000	27
		_read_tala     		CODE           	0EDA	0000	9
		_read_alaf     		CODE           	0EA2	0000	9
		_read_alal     		CODE           	0EAA	0000	9
		_read_alat     		CODE           	0EB2	0000	9
		_used          		CODE           	0F94	0000	16
		_read_nreg     		CODE           	0ECA	0000	9
		_read_clkh     		CODE           	0EBA	0000	9
		_read_clkm     		CODE           	0EC2	0000	9
		_eeprom_setup  		CODE           	02A4	0000	124
		_ring_buffer_write		CODE           	0206	0000	159

eeprom.c estimated size: 398

/Applications/microchip/xc8/v2.10/pic/sources/c99/common/Umul16.c
		___wmul        		CODE           	06AF	0000	35

/Applications/microchip/xc8/v2.10/pic/sources/c99/common/Umul16.c estimated size: 35

mcc_generated_files/ext_int.c
		_INT_DefaultInterruptHandler		CODE           	0E53	0000	2
		_EXT_INT_Initialize		CODE           	0F3F	0000	14
		_INT_SetInterruptHandler		CODE           	0E7A	0000	7
		_INT_CallBack  		CODE           	0F25	0000	14
		_INT_ISR       		CODE           	0E68	0000	7

mcc_generated_files/ext_int.c estimated size: 44

shared
		i1_ClearAlarm  		CODE           	0E8C	0000	8
		__initialization		CODE           	0045	0000	26
		i1_PWM_Output_D4_Disable		CODE           	0F67	0000	16

shared estimated size: 50

mcc_generated_files/mcc.c
		_PMD_Initialize		CODE           	0E9A	0000	9
		_OSCILLATOR_Initialize		CODE           	0EE2	0000	10
		_SYSTEM_Initialize		CODE           	077D	0000	26

mcc_generated_files/mcc.c estimated size: 45

/Applications/microchip/xc8/v2.10/pic/sources/c99/common/awmod.c
		___awmod       		CODE           	0433	0000	85

/Applications/microchip/xc8/v2.10/pic/sources/c99/common/awmod.c estimated size: 85

mcc_generated_files/tmr1.c
		_TMR1_Initialize		CODE           	06D1	0000	31
		_TMR1_SetInterruptHandler		CODE           	0E74	0000	7
		_TMR1_StopTimer		CODE           	0E5C	0000	4
		_TMR1_DefaultInterruptHandler		CODE           	0E54	0000	2
		_TMR1_WriteTimer		CODE           	07EF	0000	18
		_TMR1_StartTimer		CODE           	0E59	0000	4
		_TMR1_ISR      		CODE           	0796	0000	24

mcc_generated_files/tmr1.c estimated size: 90

utils.c
		_ReadTemp      		CODE           	0002	0000	3
		_PWM_Output_D4_Disable		CODE           	0F85	0000	16
		_eeprom_default_setup		CODE           	0689	0000	39
		_PWM_Output_D4_Enable		CODE           	0FA3	0000	17
		_update_clk    		CODE           	0EEB	0000	11
		_ring_buffer   		CODE           	07AD	0000	23
		_ReadIllum     		CODE           	0FB3	0000	17
		_checkButtonS1 		CODE           	072B	0000	31
		_checkButtonS2 		CODE           	070D	0000	31
		_ShowOnLEDs    		CODE           	0EF5	0000	13
		_load_eeprom   		CODE           	0562	0000	70

utils.c estimated size: 271

mcc_generated_files/memory.c
		_DATAEE_WriteByte		CODE           	06EF	0000	31
		_DATAEE_ReadByte		CODE           	0F19	0000	13

mcc_generated_files/memory.c estimated size: 44

mcc_generated_files/i2c1_driver.c
		_i2c1_driver_open		CODE           	0F0D	0000	13

mcc_generated_files/i2c1_driver.c estimated size: 13

mcc_generated_files/adcc.c
		_ADCC_GetSingleConversion		CODE           	0FC3	0000	19
		_ADCC_Initialize		CODE           	07D9	0000	23

mcc_generated_files/adcc.c estimated size: 42

main.c
		_ClearAlarm    		CODE           	0E93	0000	8
		_Timer         		CODE           	037F	0000	93
		_main          		CODE           	0062	0000	240
		_Switch1       		CODE           	0F76	0000	16
		_Alarm         		CODE           	05A7	0000	68

main.c estimated size: 425

