Microchip MPLAB XC8 Compiler V2.10 ()

Linker command line:

-W-3 --edf=/Applications/microchip/xc8/v2.10/pic/dat/en_msgs.txt -cs \
  -h+dist/default/production/WeatherStation_g8.x.production.sym \
  --cmf=dist/default/production/WeatherStation_g8.x.production.cmf -z \
  -Q16F18875 -o/tmp/xcjXPx7EU --defsym=__MPLAB_BUILD=1 \
  -Mdist/default/production/WeatherStation_g8.x.production.map -E1 -ver=XC8 \
  --acfsm=1493 -ASTACK=02045h-023EFh -pstack=STACK -ACODE=00h-07FFhx4 \
  -ASTRCODE=00h-01FFFh -ASTRING=00h-0FFhx32 -ACONST=00h-0FFhx32 \
  -AENTRY=00h-0FFhx32 -ACOMMON=070h-07Fh -ABANK0=020h-06Fh \
  -ABANK1=0A0h-0EFh -ABANK2=0120h-016Fh -ABANK3=01A0h-01EFh \
  -ABANK4=0220h-026Fh -ABANK5=02A0h-02EFh -ABANK6=0320h-036Fh \
  -ABANK7=03A0h-03EFh -ABANK8=0420h-046Fh -ABANK9=04A0h-04EFh \
  -ABANK10=0520h-056Fh -ABANK11=05A0h-05EFh -ABANK12=0620h-064Fh \
  -ABIGRAM=02000h-023EFh \
  -ARAM=020h-06Fh,0A0h-0EFh,0120h-016Fh,01A0h-01EFh,0220h-026Fh,02A0h-02EFh,0320h-036Fh,03A0h-03EFh,0420h-046Fh,04A0h-04EFh,0520h-056Fh,05A0h-05EFh,0620h-064Fh \
  -AABS1=020h-07Fh,0A0h-0EFh,0120h-016Fh,01A0h-01EFh,0220h-026Fh,02A0h-02EFh,0320h-036Fh,03A0h-03EFh,0420h-046Fh,04A0h-04EFh,0520h-056Fh,05A0h-05EFh,0620h-064Fh \
  -ASFR0=00h-01Fh -ASFR1=080h-09Fh -ASFR2=0100h-011Fh -ASFR3=0180h-019Fh \
  -ASFR4=0200h-021Fh -ASFR5=0280h-029Fh -ASFR6=0300h-031Fh \
  -ASFR7=0380h-039Fh -ASFR8=0400h-041Fh -ASFR9=0480h-049Fh \
  -ASFR10=0500h-051Fh -ASFR11=0580h-059Fh -ASFR12=0600h-061Fh \
  -ASFR13=0680h-06EFh -ASFR14=0700h-076Fh -ASFR15=0780h-07EFh \
  -ASFR16=0800h-086Fh -ASFR17=0880h-08EFh -ASFR18=0900h-096Fh \
  -ASFR19=0980h-09EFh -ASFR20=0A00h-0A6Fh -ASFR21=0A80h-0AEFh \
  -ASFR22=0B00h-0B6Fh -ASFR23=0B80h-0BEFh -ASFR24=0C00h-0C6Fh \
  -ASFR25=0C80h-0CEFh -ASFR26=0D00h-0D6Fh -ASFR27=0D80h-0DEFh \
  -ASFR28=0E00h-0E6Fh -ASFR29=0E80h-0EEFh -ASFR30=0F00h-0F6Fh \
  -ASFR31=0F80h-0FEFh -preset_vec=00h,intentry=04h,init,end_init \
  -ppowerup=CODE -pcinit=CODE -pfunctab=ENTRY -ACONFIG=08007h-0800Bh \
  -pconfig=CONFIG -DCONFIG=2 -AIDLOC=08000h-08003h -pidloc=IDLOC -DIDLOC=2 \
  -AEEDATA=00h-0FFh/0F000h -peeprom_data=EEDATA -DEEDATA=2 -DCODE=2 \
  -DSTRCODE=2 -DSTRING=2 -DCONST=2 -DENTRY=2 -k /tmp/xcnTPEURf.o \
  dist/default/production/WeatherStation_g8.x.production.o 

Object code version is 3.11

Machine type is 16F18875



                Name                               Link     Load   Length Selector   Space Scale
/tmp/xcnTPEURf.o
                end_init                             37       37        2        8       0
                reset_vec                             0        0        2        0       0
                config                             8007     8007        5    1000E       0
dist/default/production/WeatherStation_g8.x.production.o
                cinit                                39       39        E        8       0
                intentry                              4        4       33        8       0
                text73                              E0E      E0E        F     1C1C       0
                text72                              D42      D42        7     1A84       0
                text71                              E1D      E1D        F     1C3A       0
                text70                              D22      D22        1     1A44       0
                text69                              DD9      DD9        D     1BB2       0
                text68                              D2A      D2A        6     1A54       0
                text67                              E6A      E6A       11     1CD4       0
                text66                              634      634       43        8       0
                text65                              D23      D23        1     1A46       0
                text64                              510      510       4C        8       0
                text63                              EF5      EF5       17     1DEA       0
                text61                              EC9      EC9       16     1D92       0
                text60                              E4A      E4A       10     1C94       0
                text59                              FB7      FB7       1F     1F6E       0
                text58                              677      677       41        8       0
                text57                              D24      D24        3     1A48       0
                text56                              D27      D27        3     1A4E       0
                text55                              DB5      DB5        C     1B6A       0
                text54                              F41      F41       1D     1E82       0
                text53                              F5E      F5E       1D     1EBC       0
                text52                              FD6      FD6       2A     1FAC       0
                text51                              DC1      DC1        C     1B82       0
                text50                              F7B      F7B       1E     1EF6       0
                text49                              7BA      7BA       2D        8       0
                text48                              E5A      E5A       10     1CB4       0
                text47                              357      357       60        8       0
                text46                              470      470       53        8       0
                text45                              E9F      E9F       15     1D3E       0
                text44                              5EE      5EE       46        8       0
                text43                              DA1      DA1        A     1B42       0
                text42                              161      161       B5        8       0
                text41                              78D      78D       2D        8       0
                text40                              E7B      E7B       12     1CF6       0
                text39                              760      760       2D        8       0
                text38                              414      414       5C        8       0
                text37                              6F7      6F7       35        8       0
                text36                              D30      D30        6     1A60       0
                text35                              6B8      6B8       3F        8       0
                text34                              E8D      E8D       12     1D1A       0
                text33                              E2C      E2C        F     1C58       0
                text32                              F0C      F0C       1A     1E18       0
                text31                              55C      55C       4B        8       0
                text30                                2        2        2        0       0
                text29                              EDF      EDF       16     1DBE       0
                text28                              D36      D36        6     1A6C       0
                text27                              DE6      DE6        D     1BCC       0
                text26                              D98      D98        9     1B30       0
                text25                              5A7      5A7       47        8       0
                text24                              D50      D50        8     1AA0       0
                text23                              DF3      DF3        D     1BE6       0
                text22                              F99      F99       1E     1F32       0
                text21                              E00      E00        E     1C00       0
                text20                              7E7      7E7       19        8       0
                text19                              E3B      E3B        F     1C76       0
                text18                              D49      D49        7     1A92       0
                text17                              DCD      DCD        C     1B9A       0
                text16                              3B7      3B7       5D        8       0
                text15                              EB4      EB4       15     1D68       0
                text14                              2CA      2CA       8D        8       0
                text13                              72C      72C       34        8       0
                text12                              D58      D58        8     1AB0       0
                text11                              D60      D60        8     1AC0       0
                text10                              D68      D68        8     1AD0       0
                text9                               D70      D70        8     1AE0       0
                text8                               D78      D78        8     1AF0       0
                text7                               D80      D80        8     1B00       0
                text6                               D88      D88        8     1B10       0
                text5                               D90      D90        8     1B20       0
                text4                               F26      F26       1B     1E4C       0
                text3                               4C3      4C3       4D        8       0
                text2                               216      216       B4        8       0
                text1                               DAB      DAB        A     1B56       0
                maintext                             47       47      11A        8       0
                cstackBANK0                          20       20       20       20       1
                cstackCOMMON                         70       70        A       70       1
                clrtext                             D3C      D3C        6     1A78       0
                bssBANK0                             40       40       1F       20       1
                bssCOMMON                            7A       7A        2       70       1
                nvBANK0                              5F       5F        6       20       1

TOTAL           Name                               Link     Load   Length     Space
        CLASS   STACK          

        CLASS   CODE           
                end_init                             37       37        2         0
                cinit                                39       39        E         0
                intentry                              4        4       33         0
                reset_vec                             0        0        2         0
                text73                              E0E      E0E        F         0
                text72                              D42      D42        7         0
                text71                              E1D      E1D        F         0
                text70                              D22      D22        1         0
                text69                              DD9      DD9        D         0
                text68                              D2A      D2A        6         0
                text67                              E6A      E6A       11         0
                text66                              634      634       43         0
                text65                              D23      D23        1         0
                text64                              510      510       4C         0
                text63                              EF5      EF5       17         0
                text61                              EC9      EC9       16         0
                text60                              E4A      E4A       10         0
                text59                              FB7      FB7       1F         0
                text58                              677      677       41         0
                text57                              D24      D24        3         0
                text56                              D27      D27        3         0
                text55                              DB5      DB5        C         0
                text54                              F41      F41       1D         0
                text53                              F5E      F5E       1D         0
                text52                              FD6      FD6       2A         0
                text51                              DC1      DC1        C         0
                text50                              F7B      F7B       1E         0
                text49                              7BA      7BA       2D         0
                text48                              E5A      E5A       10         0
                text47                              357      357       60         0
                text46                              470      470       53         0
                text45                              E9F      E9F       15         0
                text44                              5EE      5EE       46         0
                text43                              DA1      DA1        A         0
                text42                              161      161       B5         0
                text41                              78D      78D       2D         0
                text40                              E7B      E7B       12         0
                text39                              760      760       2D         0
                text38                              414      414       5C         0
                text37                              6F7      6F7       35         0
                text36                              D30      D30        6         0
                text35                              6B8      6B8       3F         0
                text34                              E8D      E8D       12         0
                text33                              E2C      E2C        F         0
                text32                              F0C      F0C       1A         0
                text31                              55C      55C       4B         0
                text30                                2        2        2         0
                text29                              EDF      EDF       16         0
                text28                              D36      D36        6         0
                text27                              DE6      DE6        D         0
                text26                              D98      D98        9         0
                text25                              5A7      5A7       47         0
                text24                              D50      D50        8         0
                text23                              DF3      DF3        D         0
                text22                              F99      F99       1E         0
                text21                              E00      E00        E         0
                text20                              7E7      7E7       19         0
                text19                              E3B      E3B        F         0
                text18                              D49      D49        7         0
                text17                              DCD      DCD        C         0
                text16                              3B7      3B7       5D         0
                text15                              EB4      EB4       15         0
                text14                              2CA      2CA       8D         0
                text13                              72C      72C       34         0
                text12                              D58      D58        8         0
                text11                              D60      D60        8         0
                text10                              D68      D68        8         0
                text9                               D70      D70        8         0
                text8                               D78      D78        8         0
                text7                               D80      D80        8         0
                text6                               D88      D88        8         0
                text5                               D90      D90        8         0
                text4                               F26      F26       1B         0
                text3                               4C3      4C3       4D         0
                text2                               216      216       B4         0
                text1                               DAB      DAB        A         0
                maintext                             47       47      11A         0
                clrtext                             D3C      D3C        6         0

        CLASS   STRCODE        

        CLASS   STRING         

        CLASS   CONST          

        CLASS   ENTRY          

        CLASS   COMMON         
                cstackCOMMON                         70       70        A         1
                bssCOMMON                            7A       7A        2         1

        CLASS   BANK0          
                cstackBANK0                          20       20       20         1
                bssBANK0                             40       40       1F         1
                nvBANK0                              5F       5F        6         1

        CLASS   BANK1          

        CLASS   BANK2          

        CLASS   BANK3          

        CLASS   BANK4          

        CLASS   BANK5          

        CLASS   BANK6          

        CLASS   BANK7          

        CLASS   BANK8          

        CLASS   BANK9          

        CLASS   BANK10         

        CLASS   BANK11         

        CLASS   BANK12         

        CLASS   BIGRAM         

        CLASS   RAM            

        CLASS   ABS1           
                abs_s1                               7E       7E        2         1

        CLASS   SFR0           

        CLASS   SFR1           

        CLASS   SFR2           

        CLASS   SFR3           

        CLASS   SFR4           

        CLASS   SFR5           

        CLASS   SFR6           

        CLASS   SFR7           

        CLASS   SFR8           

        CLASS   SFR9           

        CLASS   SFR10          

        CLASS   SFR11          

        CLASS   SFR12          

        CLASS   SFR13          

        CLASS   SFR14          

        CLASS   SFR15          

        CLASS   SFR16          

        CLASS   SFR17          

        CLASS   SFR18          

        CLASS   SFR19          

        CLASS   SFR20          

        CLASS   SFR21          

        CLASS   SFR22          

        CLASS   SFR23          

        CLASS   SFR24          

        CLASS   SFR25          

        CLASS   SFR26          

        CLASS   SFR27          

        CLASS   SFR28          

        CLASS   SFR29          

        CLASS   SFR30          

        CLASS   SFR31          

        CLASS   CONFIG         
                config                             8007     8007        5         0

        CLASS   IDLOC          

        CLASS   EEDATA         

        CLASS   BANK31         

        CLASS   BANK30         

        CLASS   BANK29         

        CLASS   BANK28         

        CLASS   BANK27         

        CLASS   BANK26         

        CLASS   BANK25         

        CLASS   BANK24         

        CLASS   BANK23         

        CLASS   BANK22         

        CLASS   BANK21         

        CLASS   BANK20         

        CLASS   BANK19         

        CLASS   BANK18         

        CLASS   BANK17         

        CLASS   BANK16         

        CLASS   BANK15         

        CLASS   BANK14         

        CLASS   BANK13         



SEGMENTS        Name                           Load    Length   Top    Selector   Space  Class     Delta

                text5                          000D90  000008  000D98      1B20       0  CODE        2
                text8                          000D78  000008  000D80      1AF0       0  CODE        2
                text7                          000D80  000008  000D88      1B00       0  CODE        2
                text6                          000D88  000008  000D90      1B10       0  CODE        2
                text43                         000DA1  00000A  000DAB      1B42       0  CODE        2
                reset_vec                      000000  000004  000004         0       0  CODE        2
                text26                         000D98  000009  000DA1      1B30       0  CODE        2
                text9                          000D70  000008  000D78      1AE0       0  CODE        2
                text10                         000D68  000008  000D70      1AD0       0  CODE        2
                text11                         000D60  000008  000D68      1AC0       0  CODE        2
                text1                          000DAB  00000A  000DB5      1B56       0  CODE        2
                text51                         000DC1  00000C  000DCD      1B82       0  CODE        2
                text55                         000DB5  00000C  000DC1      1B6A       0  CODE        2
                text72                         000D42  000007  000D49      1A84       0  CODE        2
                text18                         000D49  000007  000D50      1A92       0  CODE        2
                text24                         000D50  000008  000D58      1AA0       0  CODE        2
                text12                         000D58  000008  000D60      1AB0       0  CODE        2
                text17                         000DCD  00000C  000DD9      1B9A       0  CODE        2
                text21                         000E00  00000E  000E0E      1C00       0  CODE        2
                text73                         000E0E  00000F  000E1D      1C1C       0  CODE        2
                text27                         000DE6  00000D  000DF3      1BCC       0  CODE        2
                text23                         000DF3  00000D  000E00      1BE6       0  CODE        2
                text69                         000DD9  00000D  000DE6      1BB2       0  CODE        2
                clrtext                        000D3C  000006  000D42      1A78       0  CODE        2
                text56                         000D27  000003  000D2A      1A4E       0  CODE        2
                text70                         000D22  000001  000D23      1A44       0  CODE        2
                text57                         000D24  000003  000D27      1A48       0  CODE        2
                text65                         000D23  000001  000D24      1A46       0  CODE        2
                text36                         000D30  000006  000D36      1A60       0  CODE        2
                text68                         000D2A  000006  000D30      1A54       0  CODE        2
                text28                         000D36  000006  000D3C      1A6C       0  CODE        2
                text59                         000FB7  00001F  000FD6      1F6E       0  CODE        2
                text52                         000FD6  00002A  001000      1FAC       0  CODE        2
                text22                         000F99  00001E  000FB7      1F32       0  CODE        2
                text53                         000F5E  00001D  000F7B      1EBC       0  CODE        2
                text54                         000F41  00001D  000F5E      1E82       0  CODE        2
                text50                         000F7B  00001E  000F99      1EF6       0  CODE        2
                cstackCOMMON                   000070  00000C  00007C        70       1  COMMON      1
                config                         008007  000005  00800C     1000E       0  CONFIG      2
                intentry                       000004  0007FC  000800         8       0  CODE        2
                cstackBANK0                    000020  000045  000065        20       1  BANK0       1
                text48                         000E5A  000010  000E6A      1CB4       0  CODE        2
                text67                         000E6A  000011  000E7B      1CD4       0  CODE        2
                text40                         000E7B  000012  000E8D      1CF6       0  CODE        2
                text60                         000E4A  000010  000E5A      1C94       0  CODE        2
                text71                         000E1D  00000F  000E2C      1C3A       0  CODE        2
                text33                         000E2C  00000F  000E3B      1C58       0  CODE        2
                text19                         000E3B  00000F  000E4A      1C76       0  CODE        2
                text34                         000E8D  000012  000E9F      1D1A       0  CODE        2
                text63                         000EF5  000017  000F0C      1DEA       0  CODE        2
                text32                         000F0C  00001A  000F26      1E18       0  CODE        2
                text4                          000F26  00001B  000F41      1E4C       0  CODE        2
                text29                         000EDF  000016  000EF5      1DBE       0  CODE        2
                text45                         000E9F  000015  000EB4      1D3E       0  CODE        2
                text15                         000EB4  000015  000EC9      1D68       0  CODE        2
                text61                         000EC9  000016  000EDF      1D92       0  CODE        2


UNUSED ADDRESS RANGES

        Name                Unused          Largest block    Delta
        BANK0            00065-0006F               B           1
        BANK1            000A0-000EF              50           1
        BANK10           00520-0056F              50           1
        BANK11           005A0-005EF              50           1
        BANK12           00620-0064F              30           1
        BANK2            00120-0016F              50           1
        BANK3            001A0-001EF              50           1
        BANK4            00220-0026F              50           1
        BANK5            002A0-002EF              50           1
        BANK6            00320-0036F              50           1
        BANK7            003A0-003EF              50           1
        BANK8            00420-0046F              50           1
        BANK9            004A0-004EF              50           1
        BIGRAM           02000-023EF             3F0           1
        CODE             00800-00D21             522           2
                         01000-01FFF             800
        COMMON           0007C-0007D               2           1
        CONST            00800-00D21             100           2
                         01000-01FFF             100
        EEDATA           0F000-0F0FF             100           2
        ENTRY            00800-00D21             100           2
                         01000-01FFF             100
        IDLOC            08000-08003               4           2
        RAM              00065-0006F               B           1
                         000A0-000EF              50
                         00120-0016F              50
                         001A0-001EF              50
                         00220-0026F              50
                         002A0-002EF              50
                         00320-0036F              50
                         003A0-003EF              50
                         00420-0046F              50
                         004A0-004EF              50
                         00520-0056F              50
                         005A0-005EF              50
                         00620-0064F              30
        SFR0             00000-0001F              20           1
        SFR1             00080-0009F              20           1
        SFR10            00500-0051F              20           1
        SFR11            00580-0059F              20           1
        SFR12            00600-0061F              20           1
        SFR13            00680-006EF              70           1
        SFR14            00700-0076F              70           1
        SFR15            00780-007EF              70           1
        SFR16            00800-0086F              70           1
        SFR17            00880-008EF              70           1
        SFR18            00900-0096F              70           1
        SFR19            00980-009EF              70           1
        SFR2             00100-0011F              20           1
        SFR20            00A00-00A6F              70           1
        SFR21            00A80-00AEF              70           1
        SFR22            00B00-00B6F              70           1
        SFR23            00B80-00BEF              70           1
        SFR24            00C00-00C6F              70           1
        SFR25            00C80-00CEF              70           1
        SFR26            00D00-00D6F              70           1
        SFR27            00D80-00DEF              70           1
        SFR28            00E00-00E6F              70           1
        SFR29            00E80-00EEF              70           1
        SFR3             00180-0019F              20           1
        SFR30            00F00-00F6F              70           1
        SFR31            00F80-00FEF              70           1
        SFR4             00200-0021F              20           1
        SFR5             00280-0029F              20           1
        SFR6             00300-0031F              20           1
        SFR7             00380-0039F              20           1
        SFR8             00400-0041F              20           1
        SFR9             00480-0049F              20           1
        STACK            02045-023EF             3AB           1
        STRCODE          00800-00D21             522           2
                         01000-01FFF            1000
        STRING           00800-00D21             100           2
                         01000-01FFF             100

                                  Symbol Table

?_ADCC_GetSingleConversion                cstackCOMMON 00072
?___awdiv                                 cstackCOMMON 00072
?___awmod                                 cstackCOMMON 00072
?___wmul                                  cstackCOMMON 00074
ADCC_GetSingleConversion@channel          cstackCOMMON 00075
Alarm@h                                   cstackBANK0  0002C
Alarm@m                                   cstackBANK0  00020
Alarm@s                                   cstackBANK0  00021
DATAEE_ReadByte@bAdd                      cstackCOMMON 00072
DATAEE_WriteByte@GIEBitValue              cstackCOMMON 00077
DATAEE_WriteByte@bAdd                     cstackCOMMON 00074
DATAEE_WriteByte@bData                    cstackCOMMON 00076
INT_SetInterruptHandler@InterruptHandler  cstackCOMMON 00072
Menu@mode                                 cstackBANK0  0002F
PWM6_LoadDutyValue@dutyValue              cstackCOMMON 00072
ShowOnLEDs@num                            cstackCOMMON 00073
TMR1_SetInterruptHandler@InterruptHandler cstackCOMMON 00072
TMR1_WriteTimer@timerVal                  cstackCOMMON 00070
Update@thr                                cstackCOMMON 00074
Update@var                                cstackCOMMON 00076
WriteI2C@data_out                         cstackCOMMON 00073
_ADACCH                                   (abs)        00091
_ADACCL                                   (abs)        00090
_ADACQ                                    (abs)        0009D
_ADACT                                    (abs)        00099
_ADCAP                                    (abs)        0009B
_ADCC_GetSingleConversion                 text34       00E8D
_ADCC_Initialize                          text29       00EDF
_ADCLK                                    (abs)        00098
_ADCNT                                    (abs)        0010C
_ADCON0                                   (abs)        00093
_ADCON0bits                               (abs)        00093
_ADCON1                                   (abs)        00094
_ADCON1bits                               (abs)        00094
_ADCON2                                   (abs)        00095
_ADCON2bits                               (abs)        00095
_ADCON3                                   (abs)        00096
_ADCON3bits                               (abs)        00096
_ADERRH                                   (abs)        00117
_ADERRL                                   (abs)        00116
_ADFLTRH                                  (abs)        00115
_ADFLTRL                                  (abs)        00114
_ADLTHH                                   (abs)        0010F
_ADLTHL                                   (abs)        0010E
_ADPCH                                    (abs)        0009E
_ADPRE                                    (abs)        0009C
_ADPREVH                                  (abs)        0008F
_ADPREVL                                  (abs)        0008E
_ADREF                                    (abs)        0009A
_ADRESH                                   (abs)        0008D
_ADRESL                                   (abs)        0008C
_ADRPT                                    (abs)        0010D
_ADSTAT                                   (abs)        00097
_ADSTATbits                               (abs)        00097
_ADSTPTH                                  (abs)        00113
_ADSTPTL                                  (abs)        00112
_ADUTHH                                   (abs)        00111
_ADUTHL                                   (abs)        00110
_ANSELA                                   (abs)        00F38
_ANSELB                                   (abs)        00F43
_ANSELC                                   (abs)        00F4E
_ANSELD                                   (abs)        00F59
_ANSELE                                   (abs)        00F64
_Alarm                                    text58       00677
_Blink                                    text64       00510
_CCPTMRS1bits                             (abs)        0021F
_DATAEE_ReadByte                          text51       00DC1
_DATAEE_WriteByte                         text50       00F7B
_EXT_INT_Initialize                       text27       00DE6
_INLVLA                                   (abs)        00F3C
_INLVLB                                   (abs)        00F47
_INLVLC                                   (abs)        00F52
_INLVLD                                   (abs)        00F5D
_INLVLE                                   (abs)        00F68
_INTCONbits                               (abs)        0000B
_INTERRUPT_InterruptManager               intentry     00004
_INTPPS                                   (abs)        00E90
_INT_CallBack                             text69       00DD9
_INT_DefaultInterruptHandler              text70       00D22
_INT_ISR                                  text68       00D2A
_INT_InterruptHandler                     nvBANK0      0005F
_INT_SetInterruptHandler                  text28       00D36
_LATA                                     (abs)        00016
_LATAbits                                 (abs)        00016
_LATB                                     (abs)        00017
_LATC                                     (abs)        00018
_LATD                                     (abs)        00019
_LATE                                     (abs)        0001A
_Menu                                     text37       006F7
_Menus                                    text35       006B8
_NVMADRH                                  (abs)        0081B
_NVMADRL                                  (abs)        0081A
_NVMCON1bits                              (abs)        0081E
_NVMCON2                                  (abs)        0081F
_NVMDATH                                  (abs)        0081D
_NVMDATL                                  (abs)        0081C
_ODCONA                                   (abs)        00F3A
_ODCONB                                   (abs)        00F45
_ODCONC                                   (abs)        00F50
_ODCOND                                   (abs)        00F5B
_ODCONE                                   (abs)        00F66
_OSCCON1                                  (abs)        0088D
_OSCCON3                                  (abs)        0088F
_OSCEN                                    (abs)        00891
_OSCFRQ                                   (abs)        00893
_OSCILLATOR_Initialize                    text26       00D98
_OSCTUNE                                  (abs)        00892
_PIE0bits                                 (abs)        00716
_PIE3bits                                 (abs)        00719
_PIE4bits                                 (abs)        0071A
_PIN_MANAGER_Initialize                   text25       005A7
_PIR0bits                                 (abs)        0070C
_PIR3bits                                 (abs)        0070F
_PIR4bits                                 (abs)        00710
_PMD0                                     (abs)        00796
_PMD1                                     (abs)        00797
_PMD2                                     (abs)        00798
_PMD3                                     (abs)        00799
_PMD4                                     (abs)        0079A
_PMD5                                     (abs)        0079B
_PMD_Initialize                           text24       00D50
_PORTBbits                                (abs)        0000D
_PORTCbits                                (abs)        0000E
_PPSLOCK                                  (abs)        00E8F
_PPSLOCKbits                              (abs)        00E8F
_PR2                                      (abs)        0028D
_PWM6CON                                  (abs)        0038E
_PWM6DCH                                  (abs)        0038D
_PWM6DCL                                  (abs)        0038C
_PWM6_Initialize                          text23       00DF3
_PWM6_LoadDutyValue                       text61       00EC9
_PWM_Output_D4_Disable                    text19       00E3B
_PWM_Output_D4_Enable                     text60       00E4A
_RA6PPS                                   (abs)        00F16
_RC3PPS                                   (abs)        00F23
_RC4PPS                                   (abs)        00F24
_ReadI2C                                  text32       00F0C
_ReadIllum                                text33       00E2C
_ReadTemp                                 text30       00002
_SLRCONA                                  (abs)        00F3B
_SLRCONB                                  (abs)        00F46
_SLRCONC                                  (abs)        00F51
_SLRCOND                                  (abs)        00F5C
_SLRCONE                                  (abs)        00F67
_SSP1ADD                                  (abs)        0018D
_SSP1BUF                                  (abs)        0018C
_SSP1CLKPPS                               (abs)        00EC5
_SSP1CON1                                 (abs)        00190
_SSP1CON1bits                             (abs)        00190
_SSP1CON2                                 (abs)        00191
_SSP1CON2bits                             (abs)        00191
_SSP1DATPPS                               (abs)        00EC6
_SSP1MSK                                  (abs)        0018E
_SSP1STAT                                 (abs)        0018F
_SSP1STATbits                             (abs)        0018F
_SYSTEM_Initialize                        text20       007E7
_ShowOnLEDs                               text55       00DB5
_Switch1                                  text71       00E1D
_T1CLK                                    (abs)        00211
_T1CON                                    (abs)        0020E
_T1CONbits                                (abs)        0020E
_T1GATE                                   (abs)        00210
_T1GCON                                   (abs)        0020F
_T1GCONbits                               (abs)        0020F
_T2CLKCON                                 (abs)        00290
_T2CON                                    (abs)        0028E
_T2CONbits                                (abs)        0028E
_T2HLT                                    (abs)        0028F
_T2HLTbits                                (abs)        0028F
_T2PR                                     (abs)        0028D
_T2RST                                    (abs)        00291
_T2RSTbits                                (abs)        00291
_T2TMR                                    (abs)        0028C
_TMR1H                                    (abs)        0020D
_TMR1L                                    (abs)        0020C
_TMR1_DefaultInterruptHandler             text65       00D23
_TMR1_ISR                                 text63       00EF5
_TMR1_Initialize                          text22       00F99
_TMR1_InterruptHandler                    nvBANK0      00061
_TMR1_SetInterruptHandler                 text36       00D30
_TMR1_StartTimer                          text57       00D24
_TMR1_StopTimer                           text56       00D27
_TMR1_WriteTimer                          text67       00E6A
_TMR2                                     (abs)        0028C
_TMR2_Initialize                          text21       00E00
_TRISA                                    (abs)        00011
_TRISB                                    (abs)        00012
_TRISC                                    (abs)        00013
_TRISCbits                                (abs)        00013
_TRISD                                    (abs)        00014
_TRISE                                    (abs)        00015
_Timer                                    text66       00634
_Update                                   text52       00FD6
_WPUA                                     (abs)        00F39
_WPUB                                     (abs)        00F44
_WPUC                                     (abs)        00F4F
_WPUC3                                    (abs)        07A7B
_WPUC4                                    (abs)        07A7C
_WPUD                                     (abs)        00F5A
_WPUE                                     (abs)        00F65
_WriteI2C                                 text31       0055C
__CFG_BOREN$ON                            (abs)        00000
__CFG_BORV$LO                             (abs)        00000
__CFG_CLKOUTEN$OFF                        (abs)        00000
__CFG_CP$OFF                              (abs)        00000
__CFG_CPD$OFF                             (abs)        00000
__CFG_CSWEN$ON                            (abs)        00000
__CFG_DEBUG$OFF                           (abs)        00000
__CFG_FCMEN$ON                            (abs)        00000
__CFG_FEXTOSC$OFF                         (abs)        00000
__CFG_LPBOREN$OFF                         (abs)        00000
__CFG_LVP$ON                              (abs)        00000
__CFG_MCLRE$ON                            (abs)        00000
__CFG_PPS1WAY$OFF                         (abs)        00000
__CFG_PWRTE$OFF                           (abs)        00000
__CFG_RSTOSC$HFINT1                       (abs)        00000
__CFG_SCANE$available                     (abs)        00000
__CFG_STVREN$ON                           (abs)        00000
__CFG_WDTCCS$SC                           (abs)        00000
__CFG_WDTCPS$WDTCPS_31                    (abs)        00000
__CFG_WDTCWS$WDTCWS_7                     (abs)        00000
__CFG_WDTE$OFF                            (abs)        00000
__CFG_WRT$OFF                             (abs)        00000
__CFG_ZCD$OFF                             (abs)        00000
__Habs1                                   abs1         00000
__Hbank0                                  bank0        00000
__Hbank1                                  bank1        00000
__Hbank10                                 bank10       00000
__Hbank11                                 bank11       00000
__Hbank12                                 bank12       00000
__Hbank13                                 bank13       00000
__Hbank14                                 bank14       00000
__Hbank15                                 bank15       00000
__Hbank16                                 bank16       00000
__Hbank17                                 bank17       00000
__Hbank18                                 bank18       00000
__Hbank19                                 bank19       00000
__Hbank2                                  bank2        00000
__Hbank20                                 bank20       00000
__Hbank21                                 bank21       00000
__Hbank22                                 bank22       00000
__Hbank23                                 bank23       00000
__Hbank24                                 bank24       00000
__Hbank25                                 bank25       00000
__Hbank26                                 bank26       00000
__Hbank27                                 bank27       00000
__Hbank28                                 bank28       00000
__Hbank29                                 bank29       00000
__Hbank3                                  bank3        00000
__Hbank30                                 bank30       00000
__Hbank31                                 bank31       00000
__Hbank4                                  bank4        00000
__Hbank5                                  bank5        00000
__Hbank6                                  bank6        00000
__Hbank7                                  bank7        00000
__Hbank8                                  bank8        00000
__Hbank9                                  bank9        00000
__Hbigram                                 bigram       00000
__HbssBANK0                               bssBANK0     00000
__HbssCOMMON                              bssCOMMON    00000
__Hcinit                                  cinit        00047
__Hclrtext                                clrtext      00000
__Hcode                                   code         00000
__Hcommon                                 common       00000
__Hconfig                                 config       0800C
__HcstackBANK0                            cstackBANK0  00000
__HcstackCOMMON                           cstackCOMMON 00000
__Heeprom_data                            eeprom_data  00000
__Hend_init                               end_init     00039
__Hfunctab                                functab      00000
__Hidloc                                  idloc        00000
__Hinit                                   init         00037
__Hintentry                               intentry     00037
__Hmaintext                               maintext     00000
__HnvBANK0                                nvBANK0      00000
__Hpowerup                                powerup      00000
__Hram                                    ram          00000
__Hreset_vec                              reset_vec    00002
__Hsfr0                                   sfr0         00000
__Hsfr1                                   sfr1         00000
__Hsfr10                                  sfr10        00000
__Hsfr11                                  sfr11        00000
__Hsfr12                                  sfr12        00000
__Hsfr13                                  sfr13        00000
__Hsfr14                                  sfr14        00000
__Hsfr15                                  sfr15        00000
__Hsfr16                                  sfr16        00000
__Hsfr17                                  sfr17        00000
__Hsfr18                                  sfr18        00000
__Hsfr19                                  sfr19        00000
__Hsfr2                                   sfr2         00000
__Hsfr20                                  sfr20        00000
__Hsfr21                                  sfr21        00000
__Hsfr22                                  sfr22        00000
__Hsfr23                                  sfr23        00000
__Hsfr24                                  sfr24        00000
__Hsfr25                                  sfr25        00000
__Hsfr26                                  sfr26        00000
__Hsfr27                                  sfr27        00000
__Hsfr28                                  sfr28        00000
__Hsfr29                                  sfr29        00000
__Hsfr3                                   sfr3         00000
__Hsfr30                                  sfr30        00000
__Hsfr31                                  sfr31        00000
__Hsfr4                                   sfr4         00000
__Hsfr5                                   sfr5         00000
__Hsfr6                                   sfr6         00000
__Hsfr7                                   sfr7         00000
__Hsfr8                                   sfr8         00000
__Hsfr9                                   sfr9         00000
__Hspace_0                                (abs)        0800C
__Hspace_1                                (abs)        0007C
__Hspace_2                                (abs)        00000
__Hspace_3                                (abs)        00000
__Hstack                                  stack        00000
__Hstrings                                strings      00000
__Htext                                   text         00000
__Labs1                                   abs1         00000
__Lbank0                                  bank0        00000
__Lbank1                                  bank1        00000
__Lbank10                                 bank10       00000
__Lbank11                                 bank11       00000
__Lbank12                                 bank12       00000
__Lbank13                                 bank13       00000
__Lbank14                                 bank14       00000
__Lbank15                                 bank15       00000
__Lbank16                                 bank16       00000
__Lbank17                                 bank17       00000
__Lbank18                                 bank18       00000
__Lbank19                                 bank19       00000
__Lbank2                                  bank2        00000
__Lbank20                                 bank20       00000
__Lbank21                                 bank21       00000
__Lbank22                                 bank22       00000
__Lbank23                                 bank23       00000
__Lbank24                                 bank24       00000
__Lbank25                                 bank25       00000
__Lbank26                                 bank26       00000
__Lbank27                                 bank27       00000
__Lbank28                                 bank28       00000
__Lbank29                                 bank29       00000
__Lbank3                                  bank3        00000
__Lbank30                                 bank30       00000
__Lbank31                                 bank31       00000
__Lbank4                                  bank4        00000
__Lbank5                                  bank5        00000
__Lbank6                                  bank6        00000
__Lbank7                                  bank7        00000
__Lbank8                                  bank8        00000
__Lbank9                                  bank9        00000
__Lbigram                                 bigram       00000
__LbssBANK0                               bssBANK0     00000
__LbssCOMMON                              bssCOMMON    00000
__Lcinit                                  cinit        00039
__Lclrtext                                clrtext      00000
__Lcode                                   code         00000
__Lcommon                                 common       00000
__Lconfig                                 config       08007
__LcstackBANK0                            cstackBANK0  00000
__LcstackCOMMON                           cstackCOMMON 00000
__Leeprom_data                            eeprom_data  00000
__Lend_init                               end_init     00037
__Lfunctab                                functab      00000
__Lidloc                                  idloc        00000
__Linit                                   init         00037
__Lintentry                               intentry     00004
__Lmaintext                               maintext     00000
__LnvBANK0                                nvBANK0      00000
__Lpowerup                                powerup      00000
__Lram                                    ram          00000
__Lreset_vec                              reset_vec    00000
__Lsfr0                                   sfr0         00000
__Lsfr1                                   sfr1         00000
__Lsfr10                                  sfr10        00000
__Lsfr11                                  sfr11        00000
__Lsfr12                                  sfr12        00000
__Lsfr13                                  sfr13        00000
__Lsfr14                                  sfr14        00000
__Lsfr15                                  sfr15        00000
__Lsfr16                                  sfr16        00000
__Lsfr17                                  sfr17        00000
__Lsfr18                                  sfr18        00000
__Lsfr19                                  sfr19        00000
__Lsfr2                                   sfr2         00000
__Lsfr20                                  sfr20        00000
__Lsfr21                                  sfr21        00000
__Lsfr22                                  sfr22        00000
__Lsfr23                                  sfr23        00000
__Lsfr24                                  sfr24        00000
__Lsfr25                                  sfr25        00000
__Lsfr26                                  sfr26        00000
__Lsfr27                                  sfr27        00000
__Lsfr28                                  sfr28        00000
__Lsfr29                                  sfr29        00000
__Lsfr3                                   sfr3         00000
__Lsfr30                                  sfr30        00000
__Lsfr31                                  sfr31        00000
__Lsfr4                                   sfr4         00000
__Lsfr5                                   sfr5         00000
__Lsfr6                                   sfr6         00000
__Lsfr7                                   sfr7         00000
__Lsfr8                                   sfr8         00000
__Lsfr9                                   sfr9         00000
__Lspace_0                                (abs)        00000
__Lspace_1                                (abs)        00000
__Lspace_2                                (abs)        00000
__Lspace_3                                (abs)        00000
__Lstack                                  stack        00000
__Lstrings                                strings      00000
__Ltext                                   text         00000
__S0                                      (abs)        0800C
__S1                                      (abs)        0007C
__S2                                      (abs)        00000
__S3                                      (abs)        00000
___awdiv                                  text47       00357
___awdiv@counter                          cstackBANK0  00020
___awdiv@dividend                         cstackCOMMON 00074
___awdiv@divisor                          cstackCOMMON 00072
___awdiv@quotient                         cstackBANK0  00022
___awdiv@sign                             cstackBANK0  00021
___awmod                                  text46       00470
___awmod@counter                          cstackCOMMON 00077
___awmod@dividend                         cstackCOMMON 00074
___awmod@divisor                          cstackCOMMON 00072
___awmod@sign                             cstackCOMMON 00078
___bmul                                   text45       00E9F
___bmul@multiplicand                      cstackCOMMON 00072
___bmul@multiplier                        cstackCOMMON 00075
___bmul@product                           cstackCOMMON 00074
___int_sp                                 stack        00000
___latbits                                (abs)        00002
___sp                                     stack        00000
___stackhi                                (abs)        023EF
___stacklo                                (abs)        02045
___wmul                                   text59       00FB7
___wmul@multiplicand                      cstackCOMMON 00076
___wmul@multiplier                        cstackCOMMON 00074
___wmul@product                           cstackCOMMON 00078
__end_of_ADCC_GetSingleConversion         text34       00E9F
__end_of_ADCC_Initialize                  text29       00EF5
__end_of_Alarm                            text58       006B8
__end_of_Blink                            text64       0055C
__end_of_DATAEE_ReadByte                  text51       00DCD
__end_of_DATAEE_WriteByte                 text50       00F99
__end_of_EXT_INT_Initialize               text27       00DF3
__end_of_INTERRUPT_InterruptManager       intentry     00037
__end_of_INT_CallBack                     text69       00DE6
__end_of_INT_DefaultInterruptHandler      text70       00D23
__end_of_INT_ISR                          text68       00D30
__end_of_INT_SetInterruptHandler          text28       00D3C
__end_of_Menu                             text37       0072C
__end_of_Menus                            text35       006F7
__end_of_OSCILLATOR_Initialize            text26       00DA1
__end_of_PIN_MANAGER_Initialize           text25       005EE
__end_of_PMD_Initialize                   text24       00D58
__end_of_PWM6_Initialize                  text23       00E00
__end_of_PWM6_LoadDutyValue               text61       00EDF
__end_of_PWM_Output_D4_Disable            text19       00E4A
__end_of_PWM_Output_D4_Enable             text60       00E5A
__end_of_ReadI2C                          text32       00F26
__end_of_ReadIllum                        text33       00E3B
__end_of_ReadTemp                         text30       00004
__end_of_SYSTEM_Initialize                text20       00800
__end_of_ShowOnLEDs                       text55       00DC1
__end_of_Switch1                          text71       00E2C
__end_of_TMR1_DefaultInterruptHandler     text65       00D24
__end_of_TMR1_ISR                         text63       00F0C
__end_of_TMR1_Initialize                  text22       00FB7
__end_of_TMR1_SetInterruptHandler         text36       00D36
__end_of_TMR1_StartTimer                  text57       00D27
__end_of_TMR1_StopTimer                   text56       00D2A
__end_of_TMR1_WriteTimer                  text67       00E7B
__end_of_TMR2_Initialize                  text21       00E0E
__end_of_Timer                            text66       00677
__end_of_Update                           text52       01000
__end_of_WriteI2C                         text31       005A7
__end_of___awdiv                          text47       003B7
__end_of___awmod                          text46       004C3
__end_of___bmul                           text45       00EB4
__end_of___wmul                           text59       00FD6
__end_of__initialization                  cinit        00043
__end_of_checkButtonS1                    text54       00F5E
__end_of_checkButtonS2                    text53       00F7B
__end_of_check_corruption                 text15       00EC9
__end_of_clear_alarm                      text18       00D50
__end_of_default_setup                    text13       00760
__end_of_eeprom_clk_update                text44       00634
__end_of_eeprom_setup                     text14       00357
__end_of_get_check_up_value               text16       00414
__end_of_i2c1_driver_open                 text17       00DD9
__end_of_load_eeprom                      text3        00510
__end_of_main                             maintext     00161
__end_of_read_alaf                        text12       00D60
__end_of_read_alal                        text11       00D68
__end_of_read_alat                        text10       00D70
__end_of_read_clkh                        text9        00D78
__end_of_read_clkm                        text8        00D80
__end_of_read_nreg                        text7        00D88
__end_of_read_pmon                        text6        00D90
__end_of_read_tala                        text5        00D98
__end_of_ring_buffer_write                text2        002CA
__end_of_submenu_alarm                    text48       00E6A
__end_of_submenu_clock                    text42       00216
__end_of_submenu_illum                    text40       00E8D
__end_of_submenu_temp                     text38       00470
__end_of_sys_init                         text1        00DB5
__end_of_update_clk                       text43       00DAB
__end_of_used                             text4        00F41
__end_of_write_alaf                       text49       007E7
__end_of_write_alal                       text41       007BA
__end_of_write_alat                       text39       0078D
__end_ofi1_PWM_Output_D4_Disable          text73       00E1D
__end_ofi1_clear_alarm                    text72       00D49
__initialization                          cinit        00039
__pbssBANK0                               bssBANK0     00040
__pbssCOMMON                              bssCOMMON    0007A
__pcstackBANK0                            cstackBANK0  00020
__pcstackCOMMON                           cstackCOMMON 00070
__pintentry                               intentry     00004
__pmaintext                               maintext     00047
__pnvBANK0                                nvBANK0      0005F
__ptext1                                  text1        00DAB
__ptext10                                 text10       00D68
__ptext11                                 text11       00D60
__ptext12                                 text12       00D58
__ptext13                                 text13       0072C
__ptext14                                 text14       002CA
__ptext15                                 text15       00EB4
__ptext16                                 text16       003B7
__ptext17                                 text17       00DCD
__ptext18                                 text18       00D49
__ptext19                                 text19       00E3B
__ptext2                                  text2        00216
__ptext20                                 text20       007E7
__ptext21                                 text21       00E00
__ptext22                                 text22       00F99
__ptext23                                 text23       00DF3
__ptext24                                 text24       00D50
__ptext25                                 text25       005A7
__ptext26                                 text26       00D98
__ptext27                                 text27       00DE6
__ptext28                                 text28       00D36
__ptext29                                 text29       00EDF
__ptext3                                  text3        004C3
__ptext30                                 text30       00002
__ptext31                                 text31       0055C
__ptext32                                 text32       00F0C
__ptext33                                 text33       00E2C
__ptext34                                 text34       00E8D
__ptext35                                 text35       006B8
__ptext36                                 text36       00D30
__ptext37                                 text37       006F7
__ptext38                                 text38       00414
__ptext39                                 text39       00760
__ptext4                                  text4        00F26
__ptext40                                 text40       00E7B
__ptext41                                 text41       0078D
__ptext42                                 text42       00161
__ptext43                                 text43       00DA1
__ptext44                                 text44       005EE
__ptext45                                 text45       00E9F
__ptext46                                 text46       00470
__ptext47                                 text47       00357
__ptext48                                 text48       00E5A
__ptext49                                 text49       007BA
__ptext5                                  text5        00D90
__ptext50                                 text50       00F7B
__ptext51                                 text51       00DC1
__ptext52                                 text52       00FD6
__ptext53                                 text53       00F5E
__ptext54                                 text54       00F41
__ptext55                                 text55       00DB5
__ptext56                                 text56       00D27
__ptext57                                 text57       00D24
__ptext58                                 text58       00677
__ptext59                                 text59       00FB7
__ptext6                                  text6        00D88
__ptext60                                 text60       00E4A
__ptext61                                 text61       00EC9
__ptext63                                 text63       00EF5
__ptext64                                 text64       00510
__ptext65                                 text65       00D23
__ptext66                                 text66       00634
__ptext67                                 text67       00E6A
__ptext68                                 text68       00D2A
__ptext69                                 text69       00DD9
__ptext7                                  text7        00D80
__ptext70                                 text70       00D22
__ptext71                                 text71       00E1D
__ptext72                                 text72       00D42
__ptext73                                 text73       00E0E
__ptext8                                  text8        00D78
__ptext9                                  text9        00D70
__size_of_ADCC_GetSingleConversion        (abs)        00000
__size_of_ADCC_Initialize                 (abs)        00000
__size_of_Alarm                           (abs)        00000
__size_of_Blink                           (abs)        00000
__size_of_DATAEE_ReadByte                 (abs)        00000
__size_of_DATAEE_WriteByte                (abs)        00000
__size_of_EXT_INT_Initialize              (abs)        00000
__size_of_INTERRUPT_InterruptManager      (abs)        00000
__size_of_INT_CallBack                    (abs)        00000
__size_of_INT_DefaultInterruptHandler     (abs)        00000
__size_of_INT_ISR                         (abs)        00000
__size_of_INT_SetInterruptHandler         (abs)        00000
__size_of_Menu                            (abs)        00000
__size_of_Menus                           (abs)        00000
__size_of_OSCILLATOR_Initialize           (abs)        00000
__size_of_PIN_MANAGER_Initialize          (abs)        00000
__size_of_PMD_Initialize                  (abs)        00000
__size_of_PWM6_Initialize                 (abs)        00000
__size_of_PWM6_LoadDutyValue              (abs)        00000
__size_of_PWM_Output_D4_Disable           (abs)        00000
__size_of_PWM_Output_D4_Enable            (abs)        00000
__size_of_ReadI2C                         (abs)        00000
__size_of_ReadIllum                       (abs)        00000
__size_of_ReadTemp                        (abs)        00000
__size_of_SYSTEM_Initialize               (abs)        00000
__size_of_ShowOnLEDs                      (abs)        00000
__size_of_Switch1                         (abs)        00000
__size_of_TMR1_DefaultInterruptHandler    (abs)        00000
__size_of_TMR1_ISR                        (abs)        00000
__size_of_TMR1_Initialize                 (abs)        00000
__size_of_TMR1_SetInterruptHandler        (abs)        00000
__size_of_TMR1_StartTimer                 (abs)        00000
__size_of_TMR1_StopTimer                  (abs)        00000
__size_of_TMR1_WriteTimer                 (abs)        00000
__size_of_TMR2_Initialize                 (abs)        00000
__size_of_Timer                           (abs)        00000
__size_of_Update                          (abs)        00000
__size_of_WriteI2C                        (abs)        00000
__size_of___awdiv                         (abs)        00000
__size_of___awmod                         (abs)        00000
__size_of___bmul                          (abs)        00000
__size_of___wmul                          (abs)        00000
__size_of_checkButtonS1                   (abs)        00000
__size_of_checkButtonS2                   (abs)        00000
__size_of_check_corruption                (abs)        00000
__size_of_clear_alarm                     (abs)        00000
__size_of_default_setup                   (abs)        00000
__size_of_eeprom_clk_update               (abs)        00000
__size_of_eeprom_setup                    (abs)        00000
__size_of_get_check_up_value              (abs)        00000
__size_of_i2c1_driver_open                (abs)        00000
__size_of_load_eeprom                     (abs)        00000
__size_of_main                            (abs)        00000
__size_of_read_alaf                       (abs)        00000
__size_of_read_alal                       (abs)        00000
__size_of_read_alat                       (abs)        00000
__size_of_read_clkh                       (abs)        00000
__size_of_read_clkm                       (abs)        00000
__size_of_read_nreg                       (abs)        00000
__size_of_read_pmon                       (abs)        00000
__size_of_read_tala                       (abs)        00000
__size_of_ring_buffer_write               (abs)        00000
__size_of_submenu_alarm                   (abs)        00000
__size_of_submenu_clock                   (abs)        00000
__size_of_submenu_illum                   (abs)        00000
__size_of_submenu_temp                    (abs)        00000
__size_of_sys_init                        (abs)        00000
__size_of_update_clk                      (abs)        00000
__size_of_used                            (abs)        00000
__size_of_write_alaf                      (abs)        00000
__size_of_write_alal                      (abs)        00000
__size_of_write_alat                      (abs)        00000
__size_ofi1_PWM_Output_D4_Disable         (abs)        00000
__size_ofi1_clear_alarm                   (abs)        00000
_alaf                                     bssBANK0     00057
_alal                                     bssBANK0     00058
_alarm                                    bssBANK0     0004C
_alat                                     bssBANK0     00059
_btn1State                                bssBANK0     0004E
_btn2State                                bssBANK0     0004D
_checkButtonS1                            text54       00F41
_checkButtonS2                            text53       00F5E
_check_corruption                         text15       00EB4
_clear_alarm                              text18       00D49
_clkh                                     bssBANK0     00056
_clkm                                     bssBANK0     00055
_clks                                     bssBANK0     00054
_default_setup                            text13       0072C
_eeprom_clk_update                        text44       005EE
_eeprom_setup                             text14       002CA
_flag_timer                               bssBANK0     0005C
_get_check_up_value                       text16       003B7
_hours                                    bssBANK0     00053
_i2c1_driver_busCollisionISR              bssBANK0     00048
_i2c1_driver_i2cISR                       bssBANK0     00046
_i2c1_driver_open                         text17       00DCD
_illum                                    bssBANK0     0004F
_initial_time                             bssBANK0     00044
_load_eeprom                              text3        004C3
_main                                     maintext     00047
_minutes                                  bssBANK0     00052
_mode                                     bssCOMMON    0007B
_nreg                                     bssBANK0     0004A
_pmon                                     bssBANK0     0005B
_read_alaf                                text12       00D58
_read_alal                                text11       00D60
_read_alat                                text10       00D68
_read_clkh                                text9        00D70
_read_clkm                                text8        00D78
_read_nreg                                text7        00D80
_read_pmon                                text6        00D88
_read_tala                                text5        00D90
_ring_buffer_write                        text2        00216
_s1flag                                   bssBANK0     0004B
_s2flag                                   bssCOMMON    0007A
_seconds                                  bssBANK0     00051
_submenu_alarm                            text48       00E5A
_submenu_clock                            text42       00161
_submenu_illum                            text40       00E7B
_submenu_temp                             text38       00414
_switch1                                  bssBANK0     0005D
_sys_init                                 text1        00DAB
_tala                                     bssBANK0     0005A
_temp                                     bssBANK0     00050
_timer                                    bssBANK0     0005E
_timer1ReloadVal                          nvBANK0      00063
_update_clk                               text43       00DA1
_used                                     text4        00F26
_used$2376                                cstackCOMMON 00075
_write_alaf                               text49       007BA
_write_alal                               text41       0078D
_write_alat                               text39       00760
btemp                                     (abs)        0007E
check_corruption@check                    cstackCOMMON 00076
clear_ram0                                clrtext      00D3C
eeprom_clk_update@clkh                    cstackCOMMON 00079
eeprom_clk_update@clkm                    cstackCOMMON 00078
eeprom_setup@alaf                         cstackBANK0  00025
eeprom_setup@alal                         cstackBANK0  00024
eeprom_setup@alat                         cstackBANK0  00023
eeprom_setup@clkh                         cstackBANK0  00026
eeprom_setup@clkm                         cstackBANK0  00027
eeprom_setup@nreg                         cstackBANK0  00020
eeprom_setup@pmon                         cstackBANK0  00021
eeprom_setup@reset_buffer                 cstackCOMMON 00079
eeprom_setup@tala                         cstackBANK0  00022
end_of_initialization                     cinit        00043
get_check_up_value@check                  cstackCOMMON 00074
i1_PWM_Output_D4_Disable                  text73       00E0E
i1_clear_alarm                            text72       00D42
int$flags                                 (abs)        0007E
intlevel0                                 functab      00000
intlevel1                                 functab      00000
intlevel2                                 functab      00000
intlevel3                                 functab      00000
intlevel4                                 functab      00000
intlevel5                                 functab      00000
reset_vec                                 reset_vec    00000
ring_buffer_write@L                       cstackBANK0  00023
ring_buffer_write@T                       cstackBANK0  00022
ring_buffer_write@h                       cstackBANK0  00028
ring_buffer_write@m                       cstackBANK0  00020
ring_buffer_write@ring_pos                cstackBANK0  0002B
ring_buffer_write@ring_pos_               cstackBANK0  00029
ring_buffer_write@s                       cstackBANK0  00021
start                                     init         00037
start_initialization                      cinit        00039
submenu_clock@hours_tens                  cstackBANK0  0002B
submenu_clock@hours_units                 cstackBANK0  0002C
submenu_clock@minutes_tens                cstackBANK0  00029
submenu_clock@minutes_units               cstackBANK0  0002A
submenu_temp@temperature_tens             cstackBANK0  00028
submenu_temp@temperature_units            cstackBANK0  00027
used@val                                  cstackCOMMON 00076
write_alaf@x                              cstackCOMMON 00078
write_alal@x                              cstackCOMMON 00078
write_alat@x                              cstackCOMMON 00078
wtemp0                                    (abs)        0007E


FUNCTION INFORMATION:

 *************** function _main *****************
 Defined at:
		line 139 in file "main.c"
 Parameters:    Size  Location     Type
		None
 Auto vars:     Size  Location     Type
		None
 Return value:  Size  Location     Type
                  1    wreg      void 
 Registers used:
		wreg, fsr0l, fsr0h, status,2, status,0, pclath, cstack
 Tracked objects:
		On entry : 
		On exit  : 
		Unchanged: 
 Data sizes:     COMMON   BANK0   BANK1   BANK2   BANK3   BANK4   BANK5   BANK6   BANK7   BANK8   BANK9  BANK10  BANK11  BANK12
      Params:         0       0       0       0       0       0       0       0       0       0       0       0       0       0
      Locals:         0       0       0       0       0       0       0       0       0       0       0       0       0       0
      Temps:          0      15       0       0       0       0       0       0       0       0       0       0       0       0
      Totals:         0      15       0       0       0       0       0       0       0       0       0       0       0       0
Total ram usage:       15 bytes
 Hardware stack levels required when called:   12
 This function calls:
		_Alarm
		_INT_SetInterruptHandler
		_Menus
		_PWM_Output_D4_Disable
		_ReadIllum
		_ReadTemp
		_SYSTEM_Initialize
		_TMR1_SetInterruptHandler
		___wmul
		_clear_alarm
		_i2c1_driver_open
		_load_eeprom
		_ring_buffer_write
		_sys_init
		_update_clk
 This function is called by:
		Startup code after reset
 This function uses a non-reentrant model


 *************** function _sys_init *****************
 Defined at:
		line 79 in file "main.c"
 Parameters:    Size  Location     Type
		None
 Auto vars:     Size  Location     Type
		None
 Return value:  Size  Location     Type
                  1    wreg      void 
 Registers used:
		status,2
 Tracked objects:
		On entry : 
		On exit  : 
		Unchanged: 
 Data sizes:     COMMON   BANK0   BANK1   BANK2   BANK3   BANK4   BANK5   BANK6   BANK7   BANK8   BANK9  BANK10  BANK11  BANK12
      Params:         0       0       0       0       0       0       0       0       0       0       0       0       0       0
      Locals:         0       0       0       0       0       0       0       0       0       0       0       0       0       0
      Temps:          0       0       0       0       0       0       0       0       0       0       0       0       0       0
[...]
      Temps:          0       0       0       0       0       0       0       0       0       0       0       0       0       0
      Totals:         0       0       0       0       0       0       0       0       0       0       0       0       0       0
Total ram usage:        0 bytes
 Hardware stack levels used:    1
 Hardware stack levels required when called:    5
 This function calls:
		_INT_ISR
		_TMR1_ISR
 This function is called by:
		Interrupt level 1
 This function uses a non-reentrant model


 *************** function _TMR1_ISR *****************
 Defined at:
		line 164 in file "mcc_generated_files/tmr1.c"
 Parameters:    Size  Location     Type
		None
 Auto vars:     Size  Location     Type
		None
 Return value:  Size  Location     Type
                  1    wreg      void 
 Registers used:
		wreg, fsr0l, fsr0h, status,2, status,0, pclath, cstack
 Tracked objects:
		On entry : 
		On exit  : 
		Unchanged: 
 Data sizes:     COMMON   BANK0   BANK1   BANK2   BANK3   BANK4   BANK5   BANK6   BANK7   BANK8   BANK9  BANK10  BANK11  BANK12
      Params:         0       0       0       0       0       0       0       0       0       0       0       0       0       0
      Locals:         0       0       0       0       0       0       0       0       0       0       0       0       0       0
      Temps:          0       0       0       0       0       0       0       0       0       0       0       0       0       0
      Totals:         0       0       0       0       0       0       0       0       0       0       0       0       0       0
Total ram usage:        0 bytes
 Hardware stack levels used:    1
 Hardware stack levels required when called:    1
 This function calls:
		Absolute function
		_Blink
		_TMR1_DefaultInterruptHandler
		_TMR1_WriteTimer
		_Timer
 This function is called by:
		_INTERRUPT_InterruptManager
 This function uses a non-reentrant model


 *************** function _Blink *****************
 Defined at:
		line 112 in file "menus.c"
 Parameters:    Size  Location     Type
		None
 Auto vars:     Size  Location     Type
		None
 Return value:  Size  Location     Type
                  1    wreg      void 
 Registers used:
		wreg, fsr0l, fsr0h, status,2, status,0
 Tracked objects:
		On entry : 
		On exit  : 
		Unchanged: 
 Data sizes:     COMMON   BANK0   BANK1   BANK2   BANK3   BANK4   BANK5   BANK6   BANK7   BANK8   BANK9  BANK10  BANK11  BANK12
      Params:         0       0       0       0       0       0       0       0       0       0       0       0       0       0
      Locals:         0       0       0       0       0       0       0       0       0       0       0       0       0       0
      Temps:          2       0       0       0       0       0       0       0       0       0       0       0       0       0
      Totals:         2       0       0       0       0       0       0       0       0       0       0       0       0       0
Total ram usage:        2 bytes
 Hardware stack levels used:    1
 This function calls:
		Nothing
 This function is called by:
		_Menus
		_TMR1_ISR
 This function uses a non-reentrant model


 *************** function _TMR1_DefaultInterruptHandler *****************
 Defined at:
		line 182 in file "mcc_generated_files/tmr1.c"
 Parameters:    Size  Location     Type
		None
 Auto vars:     Size  Location     Type
		None
 Return value:  Size  Location     Type
                  1    wreg      void 
 Registers used:
		None
 Tracked objects:
		On entry : 
		On exit  : 
		Unchanged: 
 Data sizes:     COMMON   BANK0   BANK1   BANK2   BANK3   BANK4   BANK5   BANK6   BANK7   BANK8   BANK9  BANK10  BANK11  BANK12
      Params:         0       0       0       0       0       0       0       0       0       0       0       0       0       0
      Locals:         0       0       0       0       0       0       0       0       0       0       0       0       0       0
      Temps:          0       0       0       0       0       0       0       0       0       0       0       0       0       0
      Totals:         0       0       0       0       0       0       0       0       0       0       0       0       0       0
Total ram usage:        0 bytes
 Hardware stack levels used:    1
 This function calls:
		Nothing
 This function is called by:
		_TMR1_Initialize
		_TMR1_ISR
 This function uses a non-reentrant model


 *************** function _Timer *****************
 Defined at:
		line 89 in file "main.c"
 Parameters:    Size  Location     Type
		None
 Auto vars:     Size  Location     Type
		None
 Return value:  Size  Location     Type
                  1    wreg      void 
 Registers used:
		wreg, status,2, status,0
 Tracked objects:
		On entry : 
		On exit  : 
		Unchanged: 
 Data sizes:     COMMON   BANK0   BANK1   BANK2   BANK3   BANK4   BANK5   BANK6   BANK7   BANK8   BANK9  BANK10  BANK11  BANK12
      Params:         0       0       0       0       0       0       0       0       0       0       0       0       0       0
      Locals:         0       0       0       0       0       0       0       0       0       0       0       0       0       0
      Temps:          1       0       0       0       0       0       0       0       0       0       0       0       0       0
      Totals:         1       0       0       0       0       0       0       0       0       0       0       0       0       0
Total ram usage:        1 bytes
 Hardware stack levels used:    1
 This function calls:
		Nothing
 This function is called by:
		_main
		_TMR1_ISR
 This function uses a non-reentrant model


 *************** function _TMR1_WriteTimer *****************
 Defined at:
		line 127 in file "mcc_generated_files/tmr1.c"
 Parameters:    Size  Location     Type
  timerVal        2    0[COMMON] unsigned short 
 Auto vars:     Size  Location     Type
		None
 Return value:  Size  Location     Type
                  1    wreg      void 
 Registers used:
		wreg, status,2
 Tracked objects:
		On entry : 
		On exit  : 
		Unchanged: 
 Data sizes:     COMMON   BANK0   BANK1   BANK2   BANK3   BANK4   BANK5   BANK6   BANK7   BANK8   BANK9  BANK10  BANK11  BANK12
      Params:         2       0       0       0       0       0       0       0       0       0       0       0       0       0
      Locals:         0       0       0       0       0       0       0       0       0       0       0       0       0       0
      Temps:          0       0       0       0       0       0       0       0       0       0       0       0       0       0
      Totals:         2       0       0       0       0       0       0       0       0       0       0       0       0       0
Total ram usage:        2 bytes
 Hardware stack levels used:    1
 This function calls:
		Nothing
 This function is called by:
		_TMR1_ISR
		_TMR1_Reload
 This function uses a non-reentrant model


 *************** function _INT_ISR *****************
 Defined at:
		line 32 in file "mcc_generated_files/ext_int.c"
 Parameters:    Size  Location     Type
		None
 Auto vars:     Size  Location     Type
		None
 Return value:  Size  Location     Type
                  1    wreg      void 
 Registers used:
		wreg, status,2, status,0, pclath, cstack
 Tracked objects:
		On entry : 
		On exit  : 
		Unchanged: 
 Data sizes:     COMMON   BANK0   BANK1   BANK2   BANK3   BANK4   BANK5   BANK6   BANK7   BANK8   BANK9  BANK10  BANK11  BANK12
      Params:         0       0       0       0       0       0       0       0       0       0       0       0       0       0
      Locals:         0       0       0       0       0       0       0       0       0       0       0       0       0       0
      Temps:          0       0       0       0       0       0       0       0       0       0       0       0       0       0
      Totals:         0       0       0       0       0       0       0       0       0       0       0       0       0       0
Total ram usage:        0 bytes
 Hardware stack levels used:    1
 Hardware stack levels required when called:    4
 This function calls:
		_INT_CallBack
 This function is called by:
		_INTERRUPT_InterruptManager
 This function uses a non-reentrant model


 *************** function _INT_CallBack *****************
 Defined at:
		line 41 in file "mcc_generated_files/ext_int.c"
 Parameters:    Size  Location     Type
		None
 Auto vars:     Size  Location     Type
		None
 Return value:  Size  Location     Type
                  1    wreg      void 
 Registers used:
		wreg, status,2, status,0, pclath, cstack
 Tracked objects:
		On entry : 
		On exit  : 
		Unchanged: 
 Data sizes:     COMMON   BANK0   BANK1   BANK2   BANK3   BANK4   BANK5   BANK6   BANK7   BANK8   BANK9  BANK10  BANK11  BANK12
      Params:         0       0       0       0       0       0       0       0       0       0       0       0       0       0
      Locals:         0       0       0       0       0       0       0       0       0       0       0       0       0       0
      Temps:          0       0       0       0       0       0       0       0       0       0       0       0       0       0
      Totals:         0       0       0       0       0       0       0       0       0       0       0       0       0       0
Total ram usage:        0 bytes
 Hardware stack levels used:    1
 Hardware stack levels required when called:    3
 This function calls:
		Absolute function
		_INT_DefaultInterruptHandler
		_Switch1
 This function is called by:
		_INT_ISR
 This function uses a non-reentrant model


 *************** function _INT_DefaultInterruptHandler *****************
 Defined at:
		line 54 in file "mcc_generated_files/ext_int.c"
 Parameters:    Size  Location     Type
		None
 Auto vars:     Size  Location     Type
		None
 Return value:  Size  Location     Type
                  1    wreg      void 
 Registers used:
		None
 Tracked objects:
		On entry : 
		On exit  : 
		Unchanged: 
 Data sizes:     COMMON   BANK0   BANK1   BANK2   BANK3   BANK4   BANK5   BANK6   BANK7   BANK8   BANK9  BANK10  BANK11  BANK12
      Params:         0       0       0       0       0       0       0       0       0       0       0       0       0       0
      Locals:         0       0       0       0       0       0       0       0       0       0       0       0       0       0
      Temps:          0       0       0       0       0       0       0       0       0       0       0       0       0       0
      Totals:         0       0       0       0       0       0       0       0       0       0       0       0       0       0
Total ram usage:        0 bytes
 Hardware stack levels used:    1
 This function calls:
		Nothing
 This function is called by:
		_EXT_INT_Initialize
		_INT_CallBack
 This function uses a non-reentrant model


 *************** function _Switch1 *****************
 Defined at:
		line 121 in file "main.c"
 Parameters:    Size  Location     Type
		None
 Auto vars:     Size  Location     Type
		None
 Return value:  Size  Location     Type
                  1    wreg      void 
 Registers used:
		wreg, status,2, status,0, pclath, cstack
 Tracked objects:
		On entry : 
		On exit  : 
		Unchanged: 
 Data sizes:     COMMON   BANK0   BANK1   BANK2   BANK3   BANK4   BANK5   BANK6   BANK7   BANK8   BANK9  BANK10  BANK11  BANK12
      Params:         0       0       0       0       0       0       0       0       0       0       0       0       0       0
      Locals:         0       0       0       0       0       0       0       0       0       0       0       0       0       0
      Temps:          1       0       0       0       0       0       0       0       0       0       0       0       0       0
      Totals:         1       0       0       0       0       0       0       0       0       0       0       0       0       0
Total ram usage:        1 bytes
 Hardware stack levels used:    1
 Hardware stack levels required when called:    2
 This function calls:
		i1_clear_alarm
 This function is called by:
		_main
		_INT_CallBack
 This function uses a non-reentrant model


 *************** function i1_clear_alarm *****************
 Defined at:
		line 115 in file "main.c"
 Parameters:    Size  Location     Type
		None
 Auto vars:     Size  Location     Type
		None
 Return value:  Size  Location     Type
                  1    wreg      void 
 Registers used:
		wreg, status,2, status,0, pclath, cstack
 Tracked objects:
		On entry : 
		On exit  : 
		Unchanged: 
 Data sizes:     COMMON   BANK0   BANK1   BANK2   BANK3   BANK4   BANK5   BANK6   BANK7   BANK8   BANK9  BANK10  BANK11  BANK12
      Params:         0       0       0       0       0       0       0       0       0       0       0       0       0       0
      Locals:         0       0       0       0       0       0       0       0       0       0       0       0       0       0
      Temps:          0       0       0       0       0       0       0       0       0       0       0       0       0       0
      Totals:         0       0       0       0       0       0       0       0       0       0       0       0       0       0
Total ram usage:        0 bytes
 Hardware stack levels used:    1
 Hardware stack levels required when called:    1
 This function calls:
		i1_PWM_Output_D4_Disable
 This function is called by:
		_Switch1
 This function uses a non-reentrant model


 *************** function i1_PWM_Output_D4_Disable *****************
 Defined at:
		line 61 in file "utils.c"
 Parameters:    Size  Location     Type
		None
 Auto vars:     Size  Location     Type
		None
 Return value:  Size  Location     Type
                  1    wreg      void 
 Registers used:
		wreg, status,2
 Tracked objects:
		On entry : 
		On exit  : 
		Unchanged: 
 Data sizes:     COMMON   BANK0   BANK1   BANK2   BANK3   BANK4   BANK5   BANK6   BANK7   BANK8   BANK9  BANK10  BANK11  BANK12
      Params:         0       0       0       0       0       0       0       0       0       0       0       0       0       0
      Locals:         0       0       0       0       0       0       0       0       0       0       0       0       0       0
      Temps:          0       0       0       0       0       0       0       0       0       0       0       0       0       0
      Totals:         0       0       0       0       0       0       0       0       0       0       0       0       0       0
Total ram usage:        0 bytes
 Hardware stack levels used:    1
 This function calls:
		Nothing
 This function is called by:
		i1_clear_alarm
 This function uses a non-reentrant model



MODULE INFORMATION

Module		Function		Class		Link	Load	Size
/Applications/microchip/xc8/v2.10/pic/sources/c99/common/awdiv.c
		___awdiv       		CODE           	0357	0000	97

/Applications/microchip/xc8/v2.10/pic/sources/c99/common/awdiv.c estimated size: 97

mcc_generated_files/pwm6.c
		_PWM6_LoadDutyValue		CODE           	0EC9	0000	23
		_PWM6_Initialize		CODE           	0DF3	0000	14

mcc_generated_files/pwm6.c estimated size: 37

/Applications/microchip/xc8/v2.10/pic/sources/c99/common/Umul8.c
		___bmul        		CODE           	0E9F	0000	22

/Applications/microchip/xc8/v2.10/pic/sources/c99/common/Umul8.c estimated size: 22

mcc_generated_files/tmr2.c
		_TMR2_Initialize		CODE           	0E00	0000	15

mcc_generated_files/tmr2.c estimated size: 15

mcc_generated_files/interrupt_manager.c
		_INTERRUPT_InterruptManager		CODE           	0004	0000	52

mcc_generated_files/interrupt_manager.c estimated size: 52

mcc_generated_files/pin_manager.c
		_PIN_MANAGER_Initialize		CODE           	05A7	0000	72

mcc_generated_files/pin_manager.c estimated size: 72

I2C/i2c.c
		_ReadI2C       		CODE           	0F0C	0000	27
		_WriteI2C      		CODE           	055C	0000	76

I2C/i2c.c estimated size: 103

menus.c
		_submenu_temp  		CODE           	0414	0000	93
		_submenu_clock 		CODE           	0161	0000	182
		_submenu_alarm 		CODE           	0E5A	0000	17
		_submenu_illum 		CODE           	0E7B	0000	19
		_Blink         		CODE           	0510	0000	77
		_Menus         		CODE           	06B8	0000	64
		_Update        		CODE           	0FD6	0000	43
		_Menu          		CODE           	06F7	0000	54

menus.c estimated size: 549

eeprom.c
		_write_alaf    		CODE           	07BA	0000	46
		_write_alal    		CODE           	078D	0000	46
		_write_alat    		CODE           	0760	0000	46
		_read_pmon     		CODE           	0D88	0000	9
		_eeprom_clk_update		CODE           	05EE	0000	71
		_read_tala     		CODE           	0D90	0000	9
		_read_alaf     		CODE           	0D58	0000	9
		_read_alal     		CODE           	0D60	0000	9
		_read_alat     		CODE           	0D68	0000	9
		_get_check_up_value		CODE           	03B7	0000	94
		_check_corruption		CODE           	0EB4	0000	22
		_used          		CODE           	0F26	0000	28
		_read_nreg     		CODE           	0D80	0000	9
		_read_clkh     		CODE           	0D70	0000	9
		_read_clkm     		CODE           	0D78	0000	9
		_eeprom_setup  		CODE           	02CA	0000	142
		_ring_buffer_write		CODE           	0216	0000	181

eeprom.c estimated size: 748

/Applications/microchip/xc8/v2.10/pic/sources/c99/common/Umul16.c
		___wmul        		CODE           	0FB7	0000	32

/Applications/microchip/xc8/v2.10/pic/sources/c99/common/Umul16.c estimated size: 32

mcc_generated_files/ext_int.c
		_INT_DefaultInterruptHandler		CODE           	0D22	0000	2
		_EXT_INT_Initialize		CODE           	0DE6	0000	14
		_INT_SetInterruptHandler		CODE           	0D36	0000	7
		_INT_CallBack  		CODE           	0DD9	0000	14
		_INT_ISR       		CODE           	0D2A	0000	7

mcc_generated_files/ext_int.c estimated size: 44

shared
		__initialization		CODE           	0039	0000	11
		i1_PWM_Output_D4_Disable		CODE           	0E0E	0000	16
		i1_clear_alarm 		CODE           	0D42	0000	8

shared estimated size: 35

mcc_generated_files/mcc.c
		_PMD_Initialize		CODE           	0D50	0000	9
		_OSCILLATOR_Initialize		CODE           	0D98	0000	10
		_SYSTEM_Initialize		CODE           	07E7	0000	26

mcc_generated_files/mcc.c estimated size: 45

/Applications/microchip/xc8/v2.10/pic/sources/c99/common/awmod.c
		___awmod       		CODE           	0470	0000	84

/Applications/microchip/xc8/v2.10/pic/sources/c99/common/awmod.c estimated size: 84

mcc_generated_files/tmr1.c
		_TMR1_Initialize		CODE           	0F99	0000	31
		_TMR1_SetInterruptHandler		CODE           	0D30	0000	7
		_TMR1_StopTimer		CODE           	0D27	0000	4
		_TMR1_DefaultInterruptHandler		CODE           	0D23	0000	2
		_TMR1_WriteTimer		CODE           	0E6A	0000	18
		_TMR1_StartTimer		CODE           	0D24	0000	4
		_TMR1_ISR      		CODE           	0EF5	0000	24

mcc_generated_files/tmr1.c estimated size: 90

utils.c
		_ReadTemp      		CODE           	0002	0000	3
		_PWM_Output_D4_Disable		CODE           	0E3B	0000	16
		_default_setup 		CODE           	072C	0000	53
		_PWM_Output_D4_Enable		CODE           	0E4A	0000	17
		_update_clk    		CODE           	0DA1	0000	11
		_ReadIllum     		CODE           	0E2C	0000	16
		_checkButtonS1 		CODE           	0F41	0000	30
		_checkButtonS2 		CODE           	0F5E	0000	30
		_ShowOnLEDs    		CODE           	0DB5	0000	13
		_load_eeprom   		CODE           	04C3	0000	78

utils.c estimated size: 267

mcc_generated_files/memory.c
		_DATAEE_WriteByte		CODE           	0F7B	0000	31
		_DATAEE_ReadByte		CODE           	0DC1	0000	13

mcc_generated_files/memory.c estimated size: 44

mcc_generated_files/i2c1_driver.c
		_i2c1_driver_open		CODE           	0DCD	0000	13

mcc_generated_files/i2c1_driver.c estimated size: 13

mcc_generated_files/adcc.c
		_ADCC_GetSingleConversion		CODE           	0E8D	0000	19
		_ADCC_Initialize		CODE           	0EDF	0000	23

mcc_generated_files/adcc.c estimated size: 42

main.c
		_sys_init      		CODE           	0DAB	0000	11
		_clear_alarm   		CODE           	0D49	0000	8
		_Timer         		CODE           	0634	0000	68
		_main          		CODE           	0047	0000	283
		_Switch1       		CODE           	0E1D	0000	16
		_Alarm         		CODE           	0677	0000	66

main.c estimated size: 452

