Microchip MPLAB XC8 Compiler V2.10 ()

Linker command line:

-W-3 --edf=C:\Program Files (x86)\Microchip\xc8\v2.10\pic\dat\en_msgs.txt \
  -cs -h+dist/default/production\WeatherStation_g8.x.production.sym \
  --cmf=dist/default/production\WeatherStation_g8.x.production.cmf -z \
  -Q16F18875 -oC:\Users\SCE\AppData\Local\Temp\s8bo.2 \
  --defsym=__MPLAB_BUILD=1 \
  -Mdist/default/production/WeatherStation_g8.x.production.map -E1 -ver=XC8 \
  --acfsm=1493 -ASTACK=02048h-023EFh -pstack=STACK -ACODE=00h-07FFhx4 \
  -ASTRCODE=00h-01FFFh -ASTRING=00h-0FFhx32 -ACONST=00h-0FFhx32 \
  -AENTRY=00h-0FFhx32 -ACOMMON=070h-07Fh -ABANK0=020h-06Fh \
  -ABANK1=0A0h-0EFh -ABANK2=0120h-016Fh -ABANK3=01A0h-01EFh \
  -ABANK4=0220h-026Fh -ABANK5=02A0h-02EFh -ABANK6=0320h-036Fh \
  -ABANK7=03A0h-03EFh -ABANK8=0420h-046Fh -ABANK9=04A0h-04EFh \
  -ABANK10=0520h-056Fh -ABANK11=05A0h-05EFh -ABANK12=0620h-064Fh \
  -ABIGRAM=02000h-023EFh \
  -ARAM=020h-06Fh,0A0h-0EFh,0120h-016Fh,01A0h-01EFh,0220h-026Fh,02A0h-02EFh,0320h-036Fh,03A0h-03EFh,0420h-046Fh,04A0h-04EFh,0520h-056Fh,05A0h-05EFh,0620h-064Fh \
  -AABS1=020h-07Fh,0A0h-0EFh,0120h-016Fh,01A0h-01EFh,0220h-026Fh,02A0h-02EFh,0320h-036Fh,03A0h-03EFh,0420h-046Fh,04A0h-04EFh,0520h-056Fh,05A0h-05EFh,0620h-064Fh \
  -ASFR0=00h-01Fh -ASFR1=080h-09Fh -ASFR2=0100h-011Fh -ASFR3=0180h-019Fh \
  -ASFR4=0200h-021Fh -ASFR5=0280h-029Fh -ASFR6=0300h-031Fh \
  -ASFR7=0380h-039Fh -ASFR8=0400h-041Fh -ASFR9=0480h-049Fh \
  -ASFR10=0500h-051Fh -ASFR11=0580h-059Fh -ASFR12=0600h-061Fh \
  -ASFR13=0680h-06EFh -ASFR14=0700h-076Fh -ASFR15=0780h-07EFh \
  -ASFR16=0800h-086Fh -ASFR17=0880h-08EFh -ASFR18=0900h-096Fh \
  -ASFR19=0980h-09EFh -ASFR20=0A00h-0A6Fh -ASFR21=0A80h-0AEFh \
  -ASFR22=0B00h-0B6Fh -ASFR23=0B80h-0BEFh -ASFR24=0C00h-0C6Fh \
  -ASFR25=0C80h-0CEFh -ASFR26=0D00h-0D6Fh -ASFR27=0D80h-0DEFh \
  -ASFR28=0E00h-0E6Fh -ASFR29=0E80h-0EEFh -ASFR30=0F00h-0F6Fh \
  -ASFR31=0F80h-0FEFh -preset_vec=00h,intentry=04h,init,end_init \
  -ppowerup=CODE -pcinit=CODE -pfunctab=ENTRY -ACONFIG=08007h-0800Bh \
  -pconfig=CONFIG -DCONFIG=2 -AIDLOC=08000h-08003h -pidloc=IDLOC -DIDLOC=2 \
  -AEEDATA=00h-0FFh/0F000h -peeprom_data=EEDATA -DEEDATA=2 -DCODE=2 \
  -DSTRCODE=2 -DSTRING=2 -DCONST=2 -DENTRY=2 -k \
  C:\Users\SCE\AppData\Local\Temp\s8bo.o \
  dist/default/production\WeatherStation_g8.x.production.o 

Object code version is 3.11

Machine type is 16F18875



                Name                               Link     Load   Length Selector   Space Scale
C:\Users\SCE\AppData\Local\Temp\s8bo.o
                end_init                             43       43        2        8       0
                reset_vec                             0        0        2        0       0
                config                             8007     8007        5    1000E       0
dist/default/production\WeatherStation_g8.x.production.o
                cinit                                45       45       1D        8       0
                intentry                              4        4       3F        8       0
                text74                              F3F      F3F        F     1E7E       0
                text73                              E40      E40        3     1C80       0
                text72                              EBD      EBD        9     1D7A       0
                text71                              F4E      F4E        F     1E9C       0
                text70                              E3D      E3D        1     1C7A       0
                text69                              EFD      EFD        D     1DFA       0
                text68                              E51      E51        6     1CA2       0
                text67                              F9C      F9C       11     1F38       0
                text66                              37C      37C       5C        8       0
                text65                              E3E      E3E        1     1C7C       0
                text64                              4CF      4CF       49        8       0
                text63                              7B9      7B9       17        8       0
                text62                              E3F      E3F        1     1C7E       0
                text61                              F0A      F0A        D     1E14       0
                text60                              E57      E57        6     1CAE       0
                text58                              FD4      FD4       16     1FA8       0
                text57                              F6C      F6C       10     1ED8       0
                text56                              E43      E43        3     1C86       0
                text55                              7FC      7FC        4        8       0
                text54                              6D0      6D0       22        8       0
                text53                              5A4      5A4       43        8       0
                text52                              E46      E46        3     1C8C       0
                text51                              E49      E49        3     1C92       0
                text50                              ED9      ED9        C     1DB2       0
                text49                              74E      74E       1E        8       0
                text48                              730      730       1E        8       0
                text47                              65E      65E       2A        8       0
                text46                              EE5      EE5        C     1DCA       0
                text45                              6F2      6F2       20        8       0
                text44                              6AE      6AE       22        8       0
                text43                              F7C      F7C       10     1EF8       0
                text42                              31C      31C       60        8       0
                text41                              430      430       54        8       0
                text40                              FBF      FBF       15     1F7E       0
                text39                              786      786       1A        8       0
                text38                              ECF      ECF        A     1D9E       0
                text37                              14D      14D       B5        8       0
                text36                              F31      F31        E     1E62       0
                text35                              3D8      3D8       58        8       0
                text34                              629      629       35        8       0
                text33                              E5D      E5D        6     1CBA       0
                text32                              5E7      5E7       42        8       0
                text31                              FAD      FAD       12     1F5A       0
                text30                              F8C      F8C       10     1F18       0
                text29                              76C      76C       1A        8       0
                text28                              484      484       4B        8       0
                text27                                2        2        2        0       0
                text26                              FEA      FEA       16     1FD4       0
                text25                              E63      E63        6     1CC6       0
                text24                              F17      F17        D     1E2E       0
                text23                              EC6      EC6        9     1D8C       0
                text22                              518      518       47        8       0
                text21                              E75      E75        8     1CEA       0
                text20                              F24      F24        D     1E48       0
                text19                              712      712       1E        8       0
                text18                              E69      E69        6     1CD2       0
                text17                              7E6      7E6       16        8       0
                text16                              7A0      7A0       19        8       0
                text15                              EF1      EF1        C     1DE2       0
                text14                              2A0      2A0       7C        8       0
                text13                              688      688       26        8       0
                text12                              E7D      E7D        8     1CFA       0
                text11                              E85      E85        8     1D0A       0
                text10                              E8D      E8D        8     1D1A       0
                text9                               E95      E95        8     1D2A       0
                text8                               E9D      E9D        8     1D3A       0
                text7                               EA5      EA5        8     1D4A       0
                text6                               EAD      EAD        8     1D5A       0
                text5                               EB5      EB5        8     1D6A       0
                text4                               F5D      F5D        F     1EBA       0
                text3                               55F      55F       45        8       0
                text2                               202      202       9E        8       0
                text1                               7D0      7D0       16        8       0
                maintext                             62       62       EB        8       0
                cstackBANK0                          20       20       23       20       1
                cstackCOMMON                         70       70        8       70       1
                clrtext                             E6F      E6F        6     1CDE       0
                dataBANK0                            63       63        5       20       1
                bssBANK0                             43       43       18       20       1
                bssCOMMON                            78       78        3       70       1
                nvBANK0                              5B       5B        8       20       1
                idataBANK0                          E4C      E4C        5     1C98       0

TOTAL           Name                               Link     Load   Length     Space
        CLASS   STACK          

        CLASS   CODE           
                end_init                             43       43        2         0
                cinit                                45       45       1D         0
                intentry                              4        4       3F         0
                reset_vec                             0        0        2         0
                text74                              F3F      F3F        F         0
                text73                              E40      E40        3         0
                text72                              EBD      EBD        9         0
                text71                              F4E      F4E        F         0
                text70                              E3D      E3D        1         0
                text69                              EFD      EFD        D         0
                text68                              E51      E51        6         0
                text67                              F9C      F9C       11         0
                text66                              37C      37C       5C         0
                text65                              E3E      E3E        1         0
                text64                              4CF      4CF       49         0
                text63                              7B9      7B9       17         0
                text62                              E3F      E3F        1         0
                text61                              F0A      F0A        D         0
                text60                              E57      E57        6         0
                text58                              FD4      FD4       16         0
                text57                              F6C      F6C       10         0
                text56                              E43      E43        3         0
                text55                              7FC      7FC        4         0
                text54                              6D0      6D0       22         0
                text53                              5A4      5A4       43         0
                text52                              E46      E46        3         0
                text51                              E49      E49        3         0
                text50                              ED9      ED9        C         0
                text49                              74E      74E       1E         0
                text48                              730      730       1E         0
                text47                              65E      65E       2A         0
                text46                              EE5      EE5        C         0
                text45                              6F2      6F2       20         0
                text44                              6AE      6AE       22         0
                text43                              F7C      F7C       10         0
                text42                              31C      31C       60         0
                text41                              430      430       54         0
                text40                              FBF      FBF       15         0
                text39                              786      786       1A         0
                text38                              ECF      ECF        A         0
                text37                              14D      14D       B5         0
                text36                              F31      F31        E         0
                text35                              3D8      3D8       58         0
                text34                              629      629       35         0
                text33                              E5D      E5D        6         0
                text32                              5E7      5E7       42         0
                text31                              FAD      FAD       12         0
                text30                              F8C      F8C       10         0
                text29                              76C      76C       1A         0
                text28                              484      484       4B         0
                text27                                2        2        2         0
                text26                              FEA      FEA       16         0
                text25                              E63      E63        6         0
                text24                              F17      F17        D         0
                text23                              EC6      EC6        9         0
                text22                              518      518       47         0
                text21                              E75      E75        8         0
                text20                              F24      F24        D         0
                text19                              712      712       1E         0
                text18                              E69      E69        6         0
                text17                              7E6      7E6       16         0
                text16                              7A0      7A0       19         0
                text15                              EF1      EF1        C         0
                text14                              2A0      2A0       7C         0
                text13                              688      688       26         0
                text12                              E7D      E7D        8         0
                text11                              E85      E85        8         0
                text10                              E8D      E8D        8         0
                text9                               E95      E95        8         0
                text8                               E9D      E9D        8         0
                text7                               EA5      EA5        8         0
                text6                               EAD      EAD        8         0
                text5                               EB5      EB5        8         0
                text4                               F5D      F5D        F         0
                text3                               55F      55F       45         0
                text2                               202      202       9E         0
                text1                               7D0      7D0       16         0
                maintext                             62       62       EB         0
                clrtext                             E6F      E6F        6         0
                idataBANK0                          E4C      E4C        5         0

        CLASS   STRCODE        

        CLASS   STRING         

        CLASS   CONST          

        CLASS   ENTRY          

        CLASS   COMMON         
                cstackCOMMON                         70       70        8         1
                bssCOMMON                            78       78        3         1

        CLASS   BANK0          
                cstackBANK0                          20       20       23         1
                dataBANK0                            63       63        5         1
                bssBANK0                             43       43       18         1
                nvBANK0                              5B       5B        8         1

        CLASS   BANK1          

        CLASS   BANK2          

        CLASS   BANK3          

        CLASS   BANK4          

        CLASS   BANK5          

        CLASS   BANK6          

        CLASS   BANK7          

        CLASS   BANK8          

        CLASS   BANK9          

        CLASS   BANK10         

        CLASS   BANK11         

        CLASS   BANK12         

        CLASS   BIGRAM         

        CLASS   RAM            

        CLASS   ABS1           
                abs_s1                               7E       7E        2         1

        CLASS   SFR0           

        CLASS   SFR1           

        CLASS   SFR2           

        CLASS   SFR3           

        CLASS   SFR4           

        CLASS   SFR5           

        CLASS   SFR6           

        CLASS   SFR7           

        CLASS   SFR8           

        CLASS   SFR9           

        CLASS   SFR10          

        CLASS   SFR11          

        CLASS   SFR12          

        CLASS   SFR13          

        CLASS   SFR14          

        CLASS   SFR15          

        CLASS   SFR16          

        CLASS   SFR17          

        CLASS   SFR18          

        CLASS   SFR19          

        CLASS   SFR20          

        CLASS   SFR21          

        CLASS   SFR22          

        CLASS   SFR23          

        CLASS   SFR24          

        CLASS   SFR25          

        CLASS   SFR26          

        CLASS   SFR27          

        CLASS   SFR28          

        CLASS   SFR29          

        CLASS   SFR30          

        CLASS   SFR31          

        CLASS   CONFIG         
                config                             8007     8007        5         0

        CLASS   IDLOC          

        CLASS   EEDATA         

        CLASS   BANK31         

        CLASS   BANK30         

        CLASS   BANK29         

        CLASS   BANK28         

        CLASS   BANK27         

        CLASS   BANK26         

        CLASS   BANK25         

        CLASS   BANK24         

        CLASS   BANK23         

        CLASS   BANK22         

        CLASS   BANK21         

        CLASS   BANK20         

        CLASS   BANK19         

        CLASS   BANK18         

        CLASS   BANK17         

        CLASS   BANK16         

        CLASS   BANK15         

        CLASS   BANK14         

        CLASS   BANK13         



SEGMENTS        Name                           Load    Length   Top    Selector   Space  Class     Delta

                reset_vec                      000000  000004  000004         0       0  CODE        2
                intentry                       000004  0007FC  000800         8       0  CODE        2
                cstackBANK0                    000020  000048  000068        20       1  BANK0       1
                cstackCOMMON                   000070  00000B  00007B        70       1  COMMON      1
                text70                         000E3D  000001  000E3E      1C7A       0  CODE        2
                text65                         000E3E  000001  000E3F      1C7C       0  CODE        2
                text62                         000E3F  000001  000E40      1C7E       0  CODE        2
                text73                         000E40  000003  000E43      1C80       0  CODE        2
                text56                         000E43  000003  000E46      1C86       0  CODE        2
                text52                         000E46  000003  000E49      1C8C       0  CODE        2
                text51                         000E49  000003  000E4C      1C92       0  CODE        2
                idataBANK0                     000E4C  000005  000E51      1C98       0  CODE        2
                text68                         000E51  000006  000E57      1CA2       0  CODE        2
                text60                         000E57  000006  000E5D      1CAE       0  CODE        2
                text33                         000E5D  000006  000E63      1CBA       0  CODE        2
                text25                         000E63  000006  000E69      1CC6       0  CODE        2
                text18                         000E69  000006  000E6F      1CD2       0  CODE        2
                clrtext                        000E6F  000006  000E75      1CDE       0  CODE        2
                text21                         000E75  000008  000E7D      1CEA       0  CODE        2
                text12                         000E7D  000008  000E85      1CFA       0  CODE        2
                text11                         000E85  000008  000E8D      1D0A       0  CODE        2
                text10                         000E8D  000008  000E95      1D1A       0  CODE        2
                text9                          000E95  000008  000E9D      1D2A       0  CODE        2
                text8                          000E9D  000008  000EA5      1D3A       0  CODE        2
                text7                          000EA5  000008  000EAD      1D4A       0  CODE        2
                text6                          000EAD  000008  000EB5      1D5A       0  CODE        2
                text5                          000EB5  000008  000EBD      1D6A       0  CODE        2
                text72                         000EBD  000009  000EC6      1D7A       0  CODE        2
                text23                         000EC6  000009  000ECF      1D8C       0  CODE        2
                text38                         000ECF  00000A  000ED9      1D9E       0  CODE        2
                text50                         000ED9  00000C  000EE5      1DB2       0  CODE        2
                text46                         000EE5  00000C  000EF1      1DCA       0  CODE        2
                text15                         000EF1  00000C  000EFD      1DE2       0  CODE        2
                text69                         000EFD  00000D  000F0A      1DFA       0  CODE        2
                text61                         000F0A  00000D  000F17      1E14       0  CODE        2
                text24                         000F17  00000D  000F24      1E2E       0  CODE        2
                text20                         000F24  00000D  000F31      1E48       0  CODE        2
                text36                         000F31  00000E  000F3F      1E62       0  CODE        2
                text74                         000F3F  00000F  000F4E      1E7E       0  CODE        2
                text71                         000F4E  00000F  000F5D      1E9C       0  CODE        2
                text4                          000F5D  00000F  000F6C      1EBA       0  CODE        2
                text57                         000F6C  000010  000F7C      1ED8       0  CODE        2
                text43                         000F7C  000010  000F8C      1EF8       0  CODE        2
                text30                         000F8C  000010  000F9C      1F18       0  CODE        2
                text67                         000F9C  000011  000FAD      1F38       0  CODE        2
                text31                         000FAD  000012  000FBF      1F5A       0  CODE        2
                text40                         000FBF  000015  000FD4      1F7E       0  CODE        2
                text58                         000FD4  000016  000FEA      1FA8       0  CODE        2
                text26                         000FEA  000016  001000      1FD4       0  CODE        2
                config                         008007  000005  00800C     1000E       0  CONFIG      2


UNUSED ADDRESS RANGES

        Name                Unused          Largest block    Delta
        BANK0            00068-0006F               8           1
        BANK1            000A0-000EF              50           1
        BANK10           00520-0056F              50           1
        BANK11           005A0-005EF              50           1
        BANK12           00620-0064F              30           1
        BANK2            00120-0016F              50           1
        BANK3            001A0-001EF              50           1
        BANK4            00220-0026F              50           1
        BANK5            002A0-002EF              50           1
        BANK6            00320-0036F              50           1
        BANK7            003A0-003EF              50           1
        BANK8            00420-0046F              50           1
        BANK9            004A0-004EF              50           1
        BIGRAM           02000-023EF             3F0           1
        CODE             00800-00E3C             63D           2
                         01000-01FFF             800
        COMMON           0007B-0007D               3           1
        CONST            00800-00E3C             100           2
                         01000-01FFF             100
        EEDATA           0F000-0F0FF             100           2
        ENTRY            00800-00E3C             100           2
                         01000-01FFF             100
        IDLOC            08000-08003               4           2
        RAM              00068-0006F               8           1
                         000A0-000EF              50
                         00120-0016F              50
                         001A0-001EF              50
                         00220-0026F              50
                         002A0-002EF              50
                         00320-0036F              50
                         003A0-003EF              50
                         00420-0046F              50
                         004A0-004EF              50
                         00520-0056F              50
                         005A0-005EF              50
                         00620-0064F              30
        SFR0             00000-0001F              20           1
        SFR1             00080-0009F              20           1
        SFR10            00500-0051F              20           1
        SFR11            00580-0059F              20           1
        SFR12            00600-0061F              20           1
        SFR13            00680-006EF              70           1
        SFR14            00700-0076F              70           1
        SFR15            00780-007EF              70           1
        SFR16            00800-0086F              70           1
        SFR17            00880-008EF              70           1
        SFR18            00900-0096F              70           1
        SFR19            00980-009EF              70           1
        SFR2             00100-0011F              20           1
        SFR20            00A00-00A6F              70           1
        SFR21            00A80-00AEF              70           1
        SFR22            00B00-00B6F              70           1
        SFR23            00B80-00BEF              70           1
        SFR24            00C00-00C6F              70           1
        SFR25            00C80-00CEF              70           1
        SFR26            00D00-00D6F              70           1
        SFR27            00D80-00DEF              70           1
        SFR28            00E00-00E6F              70           1
        SFR29            00E80-00EEF              70           1
        SFR3             00180-0019F              20           1
        SFR30            00F00-00F6F              70           1
        SFR31            00F80-00FEF              70           1
        SFR4             00200-0021F              20           1
        SFR5             00280-0029F              20           1
        SFR6             00300-0031F              20           1
        SFR7             00380-0039F              20           1
        SFR8             00400-0041F              20           1
        SFR9             00480-0049F              20           1
        STACK            02048-023EF             3A8           1
        STRCODE          00800-00E3C             63D           2
                         01000-01FFF            1000
        STRING           00800-00E3C             100           2
                         01000-01FFF             100

                                  Symbol Table

?_ADCC_GetSingleConversion                cstackCOMMON 00073
?___awdiv                                 cstackCOMMON 00073
?___awmod                                 cstackCOMMON 00073
?___wmul                                  cstackCOMMON 00073
ADCC_GetSingleConversion@channel          cstackCOMMON 00076
DATAEE_ReadByte@bAdd                      cstackCOMMON 00073
DATAEE_WriteByte@GIEBitValue              cstackBANK0  00020
DATAEE_WriteByte@bAdd                     cstackCOMMON 00075
DATAEE_WriteByte@bData                    cstackCOMMON 00077
INT_SetInterruptHandler@InterruptHandler  cstackCOMMON 00073
Menu@mode                                 cstackBANK0  0002E
PWM6_LoadDutyValue@dutyValue              cstackCOMMON 00073
ShowOnLEDs@num                            cstackCOMMON 00074
TMR1_SetInterruptHandler@InterruptHandler cstackCOMMON 00073
TMR1_WriteTimer@timerVal                  cstackCOMMON 00070
TMR2_SetInterruptHandler@InterruptHandler cstackCOMMON 00073
Update@thr                                cstackCOMMON 00075
Update@var                                cstackCOMMON 00077
WriteI2C@data_out                         cstackCOMMON 00074
_ADACCH                                   (abs)        00091
_ADACCL                                   (abs)        00090
_ADACQ                                    (abs)        0009D
_ADACT                                    (abs)        00099
_ADCAP                                    (abs)        0009B
_ADCC_GetSingleConversion                 text31       00FAD
_ADCC_Initialize                          text26       00FEA
_ADCLK                                    (abs)        00098
_ADCNT                                    (abs)        0010C
_ADCON0                                   (abs)        00093
_ADCON0bits                               (abs)        00093
_ADCON1                                   (abs)        00094
_ADCON1bits                               (abs)        00094
_ADCON2                                   (abs)        00095
_ADCON2bits                               (abs)        00095
_ADCON3                                   (abs)        00096
_ADCON3bits                               (abs)        00096
_ADERRH                                   (abs)        00117
_ADERRL                                   (abs)        00116
_ADFLTRH                                  (abs)        00115
_ADFLTRL                                  (abs)        00114
_ADLTHH                                   (abs)        0010F
_ADLTHL                                   (abs)        0010E
_ADPCH                                    (abs)        0009E
_ADPRE                                    (abs)        0009C
_ADPREVH                                  (abs)        0008F
_ADPREVL                                  (abs)        0008E
_ADREF                                    (abs)        0009A
_ADRESH                                   (abs)        0008D
_ADRESL                                   (abs)        0008C
_ADRPT                                    (abs)        0010D
_ADSTAT                                   (abs)        00097
_ADSTATbits                               (abs)        00097
_ADSTPTH                                  (abs)        00113
_ADSTPTL                                  (abs)        00112
_ADUTHH                                   (abs)        00111
_ADUTHL                                   (abs)        00110
_ALAF                                     bssBANK0     00053
_ALAL                                     dataBANK0    00063
_ALAT                                     dataBANK0    00064
_ANSELA                                   (abs)        00F38
_ANSELB                                   (abs)        00F43
_ANSELC                                   (abs)        00F4E
_ANSELD                                   (abs)        00F59
_ANSELE                                   (abs)        00F64
_Alarm                                    text53       005A4
_Blink                                    text64       004CF
_CCPTMRS1bits                             (abs)        0021F
_CLKH                                     bssCOMMON    0007A
_CLKM                                     bssCOMMON    00079
_ClearAlarm                               text72       00EBD
_DATAEE_ReadByte                          text46       00EE5
_DATAEE_WriteByte                         text45       006F2
_EXT_INT_Initialize                       text24       00F17
_INLVLA                                   (abs)        00F3C
_INLVLB                                   (abs)        00F47
_INLVLC                                   (abs)        00F52
_INLVLD                                   (abs)        00F5D
_INLVLE                                   (abs)        00F68
_INTCONbits                               (abs)        0000B
_INTERRUPT_InterruptManager               intentry     00004
_INTPPS                                   (abs)        00E90
_INT_CallBack                             text69       00EFD
_INT_DefaultInterruptHandler              text70       00E3D
_INT_ISR                                  text68       00E51
_INT_InterruptHandler                     nvBANK0      0005D
_INT_SetInterruptHandler                  text25       00E63
_LATA                                     (abs)        00016
_LATAbits                                 (abs)        00016
_LATB                                     (abs)        00017
_LATBbits                                 (abs)        00017
_LATC                                     (abs)        00018
_LATD                                     (abs)        00019
_LATE                                     (abs)        0001A
_Menu                                     text34       00629
_Menus                                    text32       005E7
_NREG                                     dataBANK0    00066
_NVMADRH                                  (abs)        0081B
_NVMADRL                                  (abs)        0081A
_NVMCON1bits                              (abs)        0081E
_NVMCON2                                  (abs)        0081F
_NVMDATH                                  (abs)        0081D
_NVMDATL                                  (abs)        0081C
_ODCONA                                   (abs)        00F3A
_ODCONB                                   (abs)        00F45
_ODCONC                                   (abs)        00F50
_ODCOND                                   (abs)        00F5B
_ODCONE                                   (abs)        00F66
_OSCCON1                                  (abs)        0088D
_OSCCON3                                  (abs)        0088F
_OSCEN                                    (abs)        00891
_OSCFRQ                                   (abs)        00893
_OSCILLATOR_Initialize                    text23       00EC6
_OSCTUNE                                  (abs)        00892
_PIE0bits                                 (abs)        00716
_PIE3bits                                 (abs)        00719
_PIE4bits                                 (abs)        0071A
_PIN_MANAGER_Initialize                   text22       00518
_PIR0bits                                 (abs)        0070C
_PIR3bits                                 (abs)        0070F
_PIR4bits                                 (abs)        00710
_PMD0                                     (abs)        00796
_PMD1                                     (abs)        00797
_PMD2                                     (abs)        00798
_PMD3                                     (abs)        00799
_PMD4                                     (abs)        0079A
_PMD5                                     (abs)        0079B
_PMD_Initialize                           text21       00E75
_PMON                                     dataBANK0    00067
_PORTBbits                                (abs)        0000D
_PORTCbits                                (abs)        0000E
_PPSLOCK                                  (abs)        00E8F
_PPSLOCKbits                              (abs)        00E8F
_PR2                                      (abs)        0028D
_PWM6CON                                  (abs)        0038E
_PWM6DCH                                  (abs)        0038D
_PWM6DCL                                  (abs)        0038C
_PWM6_Initialize                          text20       00F24
_PWM6_LoadDutyValue                       text58       00FD4
_PWM_Output_D4_Disable                    text74       00F3F
_PWM_Output_D4_Enable                     text57       00F6C
_RA6PPS                                   (abs)        00F16
_RC3PPS                                   (abs)        00F23
_RC4PPS                                   (abs)        00F24
_ReadI2C                                  text29       0076C
_ReadIllum                                text30       00F8C
_ReadTemp                                 text27       00002
_SLRCONA                                  (abs)        00F3B
_SLRCONB                                  (abs)        00F46
_SLRCONC                                  (abs)        00F51
_SLRCOND                                  (abs)        00F5C
_SLRCONE                                  (abs)        00F67
_SSP1ADD                                  (abs)        0018D
_SSP1BUF                                  (abs)        0018C
_SSP1CLKPPS                               (abs)        00EC5
_SSP1CON1                                 (abs)        00190
_SSP1CON1bits                             (abs)        00190
_SSP1CON2                                 (abs)        00191
_SSP1CON2bits                             (abs)        00191
_SSP1DATPPS                               (abs)        00EC6
_SSP1MSK                                  (abs)        0018E
_SSP1STAT                                 (abs)        0018F
_SSP1STATbits                             (abs)        0018F
_SYSTEM_Initialize                        text16       007A0
_ShowOnLEDs                               text50       00ED9
_Switch1                                  text71       00F4E
_T1CLK                                    (abs)        00211
_T1CON                                    (abs)        0020E
_T1CONbits                                (abs)        0020E
_T1GATE                                   (abs)        00210
_T1GCON                                   (abs)        0020F
_T1GCONbits                               (abs)        0020F
_T2CLKCON                                 (abs)        00290
_T2CON                                    (abs)        0028E
_T2CONbits                                (abs)        0028E
_T2HLT                                    (abs)        0028F
_T2HLTbits                                (abs)        0028F
_T2PR                                     (abs)        0028D
_T2RST                                    (abs)        00291
_T2RSTbits                                (abs)        00291
_T2TMR                                    (abs)        0028C
_TALA                                     dataBANK0    00065
_TMR1H                                    (abs)        0020D
_TMR1L                                    (abs)        0020C
_TMR1_DefaultInterruptHandler             text65       00E3E
_TMR1_ISR                                 text63       007B9
_TMR1_Initialize                          text19       00712
_TMR1_InterruptHandler                    nvBANK0      0005F
_TMR1_SetInterruptHandler                 text33       00E5D
_TMR1_StartTimer                          text52       00E46
_TMR1_StopTimer                           text51       00E49
_TMR1_WriteTimer                          text67       00F9C
_TMR2                                     (abs)        0028C
_TMR2_CallBack                            text61       00F0A
_TMR2_DefaultInterruptHandler             text62       00E3F
_TMR2_ISR                                 text60       00E57
_TMR2_Initialize                          text17       007E6
_TMR2_InterruptHandler                    nvBANK0      0005B
_TMR2_SetInterruptHandler                 text18       00E69
_TMR2_Start                               text56       00E43
_TMR2_StartTimer                          text55       007FC
_TMR2_Stop                                text73       00E40
_TRISA                                    (abs)        00011
_TRISB                                    (abs)        00012
_TRISC                                    (abs)        00013
_TRISCbits                                (abs)        00013
_TRISD                                    (abs)        00014
_TRISE                                    (abs)        00015
_Timer                                    text66       0037C
_Update                                   text47       0065E
_WPUA                                     (abs)        00F39
_WPUB                                     (abs)        00F44
_WPUC                                     (abs)        00F4F
_WPUC3                                    (abs)        07A7B
_WPUC4                                    (abs)        07A7C
_WPUD                                     (abs)        00F5A
_WPUE                                     (abs)        00F65
_WriteI2C                                 text28       00484
__CFG_BOREN$ON                            (abs)        00000
__CFG_BORV$LO                             (abs)        00000
__CFG_CLKOUTEN$OFF                        (abs)        00000
__CFG_CP$OFF                              (abs)        00000
__CFG_CPD$OFF                             (abs)        00000
__CFG_CSWEN$ON                            (abs)        00000
__CFG_DEBUG$OFF                           (abs)        00000
__CFG_FCMEN$ON                            (abs)        00000
__CFG_FEXTOSC$OFF                         (abs)        00000
__CFG_LPBOREN$OFF                         (abs)        00000
__CFG_LVP$ON                              (abs)        00000
__CFG_MCLRE$ON                            (abs)        00000
__CFG_PPS1WAY$OFF                         (abs)        00000
__CFG_PWRTE$OFF                           (abs)        00000
__CFG_RSTOSC$HFINT1                       (abs)        00000
__CFG_SCANE$available                     (abs)        00000
__CFG_STVREN$ON                           (abs)        00000
__CFG_WDTCCS$SC                           (abs)        00000
__CFG_WDTCPS$WDTCPS_31                    (abs)        00000
__CFG_WDTCWS$WDTCWS_7                     (abs)        00000
__CFG_WDTE$OFF                            (abs)        00000
__CFG_WRT$OFF                             (abs)        00000
__CFG_ZCD$OFF                             (abs)        00000
__Habs1                                   abs1         00000
__Hbank0                                  bank0        00000
__Hbank1                                  bank1        00000
__Hbank10                                 bank10       00000
__Hbank11                                 bank11       00000
__Hbank12                                 bank12       00000
__Hbank13                                 bank13       00000
__Hbank14                                 bank14       00000
__Hbank15                                 bank15       00000
__Hbank16                                 bank16       00000
__Hbank17                                 bank17       00000
__Hbank18                                 bank18       00000
__Hbank19                                 bank19       00000
__Hbank2                                  bank2        00000
__Hbank20                                 bank20       00000
__Hbank21                                 bank21       00000
__Hbank22                                 bank22       00000
__Hbank23                                 bank23       00000
__Hbank24                                 bank24       00000
__Hbank25                                 bank25       00000
__Hbank26                                 bank26       00000
__Hbank27                                 bank27       00000
__Hbank28                                 bank28       00000
__Hbank29                                 bank29       00000
__Hbank3                                  bank3        00000
__Hbank30                                 bank30       00000
__Hbank31                                 bank31       00000
__Hbank4                                  bank4        00000
__Hbank5                                  bank5        00000
__Hbank6                                  bank6        00000
__Hbank7                                  bank7        00000
__Hbank8                                  bank8        00000
__Hbank9                                  bank9        00000
__Hbigram                                 bigram       00000
__HbssBANK0                               bssBANK0     00000
__HbssCOMMON                              bssCOMMON    00000
__Hcinit                                  cinit        00062
__Hclrtext                                clrtext      00000
__Hcode                                   code         00000
__Hcommon                                 common       00000
__Hconfig                                 config       0800C
__HcstackBANK0                            cstackBANK0  00000
__HcstackCOMMON                           cstackCOMMON 00000
__HdataBANK0                              dataBANK0    00000
__Heeprom_data                            eeprom_data  00000
__Hend_init                               end_init     00045
__Hfunctab                                functab      00000
__HidataBANK0                             idataBANK0   00000
__Hidloc                                  idloc        00000
__Hinit                                   init         00043
__Hintentry                               intentry     00043
__Hmaintext                               maintext     00000
__HnvBANK0                                nvBANK0      00000
__Hpowerup                                powerup      00000
__Hram                                    ram          00000
__Hreset_vec                              reset_vec    00002
__Hsfr0                                   sfr0         00000
__Hsfr1                                   sfr1         00000
__Hsfr10                                  sfr10        00000
__Hsfr11                                  sfr11        00000
__Hsfr12                                  sfr12        00000
__Hsfr13                                  sfr13        00000
__Hsfr14                                  sfr14        00000
__Hsfr15                                  sfr15        00000
__Hsfr16                                  sfr16        00000
__Hsfr17                                  sfr17        00000
__Hsfr18                                  sfr18        00000
__Hsfr19                                  sfr19        00000
__Hsfr2                                   sfr2         00000
__Hsfr20                                  sfr20        00000
__Hsfr21                                  sfr21        00000
__Hsfr22                                  sfr22        00000
__Hsfr23                                  sfr23        00000
__Hsfr24                                  sfr24        00000
__Hsfr25                                  sfr25        00000
__Hsfr26                                  sfr26        00000
__Hsfr27                                  sfr27        00000
__Hsfr28                                  sfr28        00000
__Hsfr29                                  sfr29        00000
__Hsfr3                                   sfr3         00000
__Hsfr30                                  sfr30        00000
__Hsfr31                                  sfr31        00000
__Hsfr4                                   sfr4         00000
__Hsfr5                                   sfr5         00000
__Hsfr6                                   sfr6         00000
__Hsfr7                                   sfr7         00000
__Hsfr8                                   sfr8         00000
__Hsfr9                                   sfr9         00000
__Hspace_0                                (abs)        0800C
__Hspace_1                                (abs)        0007B
__Hspace_2                                (abs)        00000
__Hspace_3                                (abs)        00000
__Hstack                                  stack        00000
__Hstrings                                strings      00000
__Htext                                   text         00000
__Labs1                                   abs1         00000
__Lbank0                                  bank0        00000
__Lbank1                                  bank1        00000
__Lbank10                                 bank10       00000
__Lbank11                                 bank11       00000
__Lbank12                                 bank12       00000
__Lbank13                                 bank13       00000
__Lbank14                                 bank14       00000
__Lbank15                                 bank15       00000
__Lbank16                                 bank16       00000
__Lbank17                                 bank17       00000
__Lbank18                                 bank18       00000
__Lbank19                                 bank19       00000
__Lbank2                                  bank2        00000
__Lbank20                                 bank20       00000
__Lbank21                                 bank21       00000
__Lbank22                                 bank22       00000
__Lbank23                                 bank23       00000
__Lbank24                                 bank24       00000
__Lbank25                                 bank25       00000
__Lbank26                                 bank26       00000
__Lbank27                                 bank27       00000
__Lbank28                                 bank28       00000
__Lbank29                                 bank29       00000
__Lbank3                                  bank3        00000
__Lbank30                                 bank30       00000
__Lbank31                                 bank31       00000
__Lbank4                                  bank4        00000
__Lbank5                                  bank5        00000
__Lbank6                                  bank6        00000
__Lbank7                                  bank7        00000
__Lbank8                                  bank8        00000
__Lbank9                                  bank9        00000
__Lbigram                                 bigram       00000
__LbssBANK0                               bssBANK0     00000
__LbssCOMMON                              bssCOMMON    00000
__Lcinit                                  cinit        00045
__Lclrtext                                clrtext      00000
__Lcode                                   code         00000
__Lcommon                                 common       00000
__Lconfig                                 config       08007
__LcstackBANK0                            cstackBANK0  00000
__LcstackCOMMON                           cstackCOMMON 00000
__LdataBANK0                              dataBANK0    00000
__Leeprom_data                            eeprom_data  00000
__Lend_init                               end_init     00043
__Lfunctab                                functab      00000
__LidataBANK0                             idataBANK0   00000
__Lidloc                                  idloc        00000
__Linit                                   init         00043
__Lintentry                               intentry     00004
__Lmaintext                               maintext     00000
__LnvBANK0                                nvBANK0      00000
__Lpowerup                                powerup      00000
__Lram                                    ram          00000
__Lreset_vec                              reset_vec    00000
__Lsfr0                                   sfr0         00000
__Lsfr1                                   sfr1         00000
__Lsfr10                                  sfr10        00000
__Lsfr11                                  sfr11        00000
__Lsfr12                                  sfr12        00000
__Lsfr13                                  sfr13        00000
__Lsfr14                                  sfr14        00000
__Lsfr15                                  sfr15        00000
__Lsfr16                                  sfr16        00000
__Lsfr17                                  sfr17        00000
__Lsfr18                                  sfr18        00000
__Lsfr19                                  sfr19        00000
__Lsfr2                                   sfr2         00000
__Lsfr20                                  sfr20        00000
__Lsfr21                                  sfr21        00000
__Lsfr22                                  sfr22        00000
__Lsfr23                                  sfr23        00000
__Lsfr24                                  sfr24        00000
__Lsfr25                                  sfr25        00000
__Lsfr26                                  sfr26        00000
__Lsfr27                                  sfr27        00000
__Lsfr28                                  sfr28        00000
__Lsfr29                                  sfr29        00000
__Lsfr3                                   sfr3         00000
__Lsfr30                                  sfr30        00000
__Lsfr31                                  sfr31        00000
__Lsfr4                                   sfr4         00000
__Lsfr5                                   sfr5         00000
__Lsfr6                                   sfr6         00000
__Lsfr7                                   sfr7         00000
__Lsfr8                                   sfr8         00000
__Lsfr9                                   sfr9         00000
__Lspace_0                                (abs)        00000
__Lspace_1                                (abs)        00000
__Lspace_2                                (abs)        00000
__Lspace_3                                (abs)        00000
__Lstack                                  stack        00000
__Lstrings                                strings      00000
__Ltext                                   text         00000
__S0                                      (abs)        0800C
__S1                                      (abs)        0007B
__S2                                      (abs)        00000
__S3                                      (abs)        00000
___awdiv                                  text42       0031C
___awdiv@counter                          cstackBANK0  00020
___awdiv@dividend                         cstackCOMMON 00075
___awdiv@divisor                          cstackCOMMON 00073
___awdiv@quotient                         cstackBANK0  00022
___awdiv@sign                             cstackBANK0  00021
___awmod                                  text41       00430
___awmod@counter                          cstackBANK0  00020
___awmod@dividend                         cstackCOMMON 00075
___awmod@divisor                          cstackCOMMON 00073
___awmod@sign                             cstackBANK0  00021
___bmul                                   text40       00FBF
___bmul@multiplicand                      cstackCOMMON 00073
___bmul@multiplier                        cstackCOMMON 00076
___bmul@product                           cstackCOMMON 00075
___int_sp                                 stack        00000
___latbits                                (abs)        00002
___sp                                     stack        00000
___stackhi                                (abs)        023EF
___stacklo                                (abs)        02048
___wmul                                   text54       006D0
___wmul@multiplicand                      cstackCOMMON 00075
___wmul@multiplier                        cstackCOMMON 00073
___wmul@product                           cstackBANK0  00020
__end_of_ADCC_GetSingleConversion         text31       00FBF
__end_of_ADCC_Initialize                  text26       01000
__end_of_Alarm                            text53       005E7
__end_of_Blink                            text64       00518
__end_of_ClearAlarm                       text72       00EC6
__end_of_DATAEE_ReadByte                  text46       00EF1
__end_of_DATAEE_WriteByte                 text45       00712
__end_of_EXT_INT_Initialize               text24       00F24
__end_of_INTERRUPT_InterruptManager       intentry     00043
__end_of_INT_CallBack                     text69       00F0A
__end_of_INT_DefaultInterruptHandler      text70       00E3E
__end_of_INT_ISR                          text68       00E57
__end_of_INT_SetInterruptHandler          text25       00E69
__end_of_Menu                             text34       0065E
__end_of_Menus                            text32       00629
__end_of_OSCILLATOR_Initialize            text23       00ECF
__end_of_PIN_MANAGER_Initialize           text22       0055F
__end_of_PMD_Initialize                   text21       00E7D
__end_of_PWM6_Initialize                  text20       00F31
__end_of_PWM6_LoadDutyValue               text58       00FEA
__end_of_PWM_Output_D4_Disable            text74       00F4E
__end_of_PWM_Output_D4_Enable             text57       00F7C
__end_of_ReadI2C                          text29       00786
__end_of_ReadIllum                        text30       00F9C
__end_of_ReadTemp                         text27       00004
__end_of_SYSTEM_Initialize                text16       007B9
__end_of_ShowOnLEDs                       text50       00EE5
__end_of_Switch1                          text71       00F5D
__end_of_TMR1_DefaultInterruptHandler     text65       00E3F
__end_of_TMR1_ISR                         text63       007D0
__end_of_TMR1_Initialize                  text19       00730
__end_of_TMR1_SetInterruptHandler         text33       00E63
__end_of_TMR1_StartTimer                  text52       00E49
__end_of_TMR1_StopTimer                   text51       00E4C
__end_of_TMR1_WriteTimer                  text67       00FAD
__end_of_TMR2_CallBack                    text61       00F17
__end_of_TMR2_DefaultInterruptHandler     text62       00E40
__end_of_TMR2_ISR                         text60       00E5D
__end_of_TMR2_Initialize                  text17       007FC
__end_of_TMR2_SetInterruptHandler         text18       00E6F
__end_of_TMR2_Start                       text56       00E46
__end_of_TMR2_StartTimer                  text55       00800
__end_of_TMR2_Stop                        text73       00E43
__end_of_Timer                            text66       003D8
__end_of_Update                           text47       00688
__end_of_WriteI2C                         text28       004CF
__end_of___awdiv                          text42       0037C
__end_of___awmod                          text41       00484
__end_of___bmul                           text40       00FD4
__end_of___wmul                           text54       006F2
__end_of__initialization                  cinit        0005E
__end_of_checkButtonS1                    text49       0076C
__end_of_checkButtonS2                    text48       0074E
__end_of_eeprom_clk_update                text39       007A0
__end_of_eeprom_default_setup             text13       006AE
__end_of_eeprom_setup                     text14       0031C
__end_of_i2c1_driver_open                 text15       00EFD
__end_of_load_eeprom                      text3        005A4
__end_of_main                             maintext     0014D
__end_of_read_alaf                        text12       00E85
__end_of_read_alal                        text11       00E8D
__end_of_read_alat                        text10       00E95
__end_of_read_clkh                        text9        00E9D
__end_of_read_clkm                        text8        00EA5
__end_of_read_nreg                        text7        00EAD
__end_of_read_pmon                        text6        00EB5
__end_of_read_tala                        text5        00EBD
__end_of_ring_buffer                      text1        007E6
__end_of_ring_buffer_write                text2        002A0
__end_of_submenu_alarm                    text43       00F8C
__end_of_submenu_clock                    text37       00202
__end_of_submenu_illum                    text36       00F3F
__end_of_submenu_temp                     text35       00430
__end_of_update_clk                       text38       00ED9
__end_of_used                             text4        00F6C
__end_of_write_alaf                       text44       006D0
__initialization                          cinit        00045
__pbssBANK0                               bssBANK0     00043
__pbssCOMMON                              bssCOMMON    00078
__pcstackBANK0                            cstackBANK0  00020
__pcstackCOMMON                           cstackCOMMON 00070
__pdataBANK0                              dataBANK0    00063
__pidataBANK0                             idataBANK0   00E4C
__pintentry                               intentry     00004
__pmaintext                               maintext     00062
__pnvBANK0                                nvBANK0      0005B
__ptext1                                  text1        007D0
__ptext10                                 text10       00E8D
__ptext11                                 text11       00E85
__ptext12                                 text12       00E7D
__ptext13                                 text13       00688
__ptext14                                 text14       002A0
__ptext15                                 text15       00EF1
__ptext16                                 text16       007A0
__ptext17                                 text17       007E6
__ptext18                                 text18       00E69
__ptext19                                 text19       00712
__ptext2                                  text2        00202
__ptext20                                 text20       00F24
__ptext21                                 text21       00E75
__ptext22                                 text22       00518
__ptext23                                 text23       00EC6
__ptext24                                 text24       00F17
__ptext25                                 text25       00E63
__ptext26                                 text26       00FEA
__ptext27                                 text27       00002
__ptext28                                 text28       00484
__ptext29                                 text29       0076C
__ptext3                                  text3        0055F
__ptext30                                 text30       00F8C
__ptext31                                 text31       00FAD
__ptext32                                 text32       005E7
__ptext33                                 text33       00E5D
__ptext34                                 text34       00629
__ptext35                                 text35       003D8
__ptext36                                 text36       00F31
__ptext37                                 text37       0014D
__ptext38                                 text38       00ECF
__ptext39                                 text39       00786
__ptext4                                  text4        00F5D
__ptext40                                 text40       00FBF
__ptext41                                 text41       00430
__ptext42                                 text42       0031C
__ptext43                                 text43       00F7C
__ptext44                                 text44       006AE
__ptext45                                 text45       006F2
__ptext46                                 text46       00EE5
__ptext47                                 text47       0065E
__ptext48                                 text48       00730
__ptext49                                 text49       0074E
__ptext5                                  text5        00EB5
__ptext50                                 text50       00ED9
__ptext51                                 text51       00E49
__ptext52                                 text52       00E46
__ptext53                                 text53       005A4
__ptext54                                 text54       006D0
__ptext55                                 text55       007FC
__ptext56                                 text56       00E43
__ptext57                                 text57       00F6C
__ptext58                                 text58       00FD4
__ptext6                                  text6        00EAD
__ptext60                                 text60       00E57
__ptext61                                 text61       00F0A
__ptext62                                 text62       00E3F
__ptext63                                 text63       007B9
__ptext64                                 text64       004CF
__ptext65                                 text65       00E3E
__ptext66                                 text66       0037C
__ptext67                                 text67       00F9C
__ptext68                                 text68       00E51
__ptext69                                 text69       00EFD
__ptext7                                  text7        00EA5
__ptext70                                 text70       00E3D
__ptext71                                 text71       00F4E
__ptext72                                 text72       00EBD
__ptext73                                 text73       00E40
__ptext74                                 text74       00F3F
__ptext8                                  text8        00E9D
__ptext9                                  text9        00E95
__size_of_ADCC_GetSingleConversion        (abs)        00000
__size_of_ADCC_Initialize                 (abs)        00000
__size_of_Alarm                           (abs)        00000
__size_of_Blink                           (abs)        00000
__size_of_ClearAlarm                      (abs)        00000
__size_of_DATAEE_ReadByte                 (abs)        00000
__size_of_DATAEE_WriteByte                (abs)        00000
__size_of_EXT_INT_Initialize              (abs)        00000
__size_of_INTERRUPT_InterruptManager      (abs)        00000
__size_of_INT_CallBack                    (abs)        00000
__size_of_INT_DefaultInterruptHandler     (abs)        00000
__size_of_INT_ISR                         (abs)        00000
__size_of_INT_SetInterruptHandler         (abs)        00000
__size_of_Menu                            (abs)        00000
__size_of_Menus                           (abs)        00000
__size_of_OSCILLATOR_Initialize           (abs)        00000
__size_of_PIN_MANAGER_Initialize          (abs)        00000
__size_of_PMD_Initialize                  (abs)        00000
__size_of_PWM6_Initialize                 (abs)        00000
__size_of_PWM6_LoadDutyValue              (abs)        00000
__size_of_PWM_Output_D4_Disable           (abs)        00000
__size_of_PWM_Output_D4_Enable            (abs)        00000
__size_of_ReadI2C                         (abs)        00000
__size_of_ReadIllum                       (abs)        00000
__size_of_ReadTemp                        (abs)        00000
__size_of_SYSTEM_Initialize               (abs)        00000
__size_of_ShowOnLEDs                      (abs)        00000
__size_of_Switch1                         (abs)        00000
__size_of_TMR1_DefaultInterruptHandler    (abs)        00000
__size_of_TMR1_ISR                        (abs)        00000
__size_of_TMR1_Initialize                 (abs)        00000
__size_of_TMR1_SetInterruptHandler        (abs)        00000
__size_of_TMR1_StartTimer                 (abs)        00000
__size_of_TMR1_StopTimer                  (abs)        00000
__size_of_TMR1_WriteTimer                 (abs)        00000
__size_of_TMR2_CallBack                   (abs)        00000
__size_of_TMR2_DefaultInterruptHandler    (abs)        00000
__size_of_TMR2_ISR                        (abs)        00000
__size_of_TMR2_Initialize                 (abs)        00000
__size_of_TMR2_SetInterruptHandler        (abs)        00000
__size_of_TMR2_Start                      (abs)        00000
__size_of_TMR2_StartTimer                 (abs)        00000
__size_of_TMR2_Stop                       (abs)        00000
__size_of_Timer                           (abs)        00000
__size_of_Update                          (abs)        00000
__size_of_WriteI2C                        (abs)        00000
__size_of___awdiv                         (abs)        00000
__size_of___awmod                         (abs)        00000
__size_of___bmul                          (abs)        00000
__size_of___wmul                          (abs)        00000
__size_of_checkButtonS1                   (abs)        00000
__size_of_checkButtonS2                   (abs)        00000
__size_of_eeprom_clk_update               (abs)        00000
__size_of_eeprom_default_setup            (abs)        00000
__size_of_eeprom_setup                    (abs)        00000
__size_of_i2c1_driver_open                (abs)        00000
__size_of_load_eeprom                     (abs)        00000
__size_of_main                            (abs)        00000
__size_of_read_alaf                       (abs)        00000
__size_of_read_alal                       (abs)        00000
__size_of_read_alat                       (abs)        00000
__size_of_read_clkh                       (abs)        00000
__size_of_read_clkm                       (abs)        00000
__size_of_read_nreg                       (abs)        00000
__size_of_read_pmon                       (abs)        00000
__size_of_read_tala                       (abs)        00000
__size_of_ring_buffer                     (abs)        00000
__size_of_ring_buffer_write               (abs)        00000
__size_of_submenu_alarm                   (abs)        00000
__size_of_submenu_clock                   (abs)        00000
__size_of_submenu_illum                   (abs)        00000
__size_of_submenu_temp                    (abs)        00000
__size_of_update_clk                      (abs)        00000
__size_of_used                            (abs)        00000
__size_of_write_alaf                      (abs)        00000
_alarm                                    bssBANK0     00050
_btn1State                                bssBANK0     0005A
_btn2State                                bssBANK0     00059
_checkButtonS1                            text49       0074E
_checkButtonS2                            text48       00730
_eeprom_clk_update                        text39       00786
_eeprom_default_setup                     text13       00688
_eeprom_setup                             text14       002A0
_flag_timer                               bssBANK0     00054
_i2c1_driver_busCollisionISR              bssBANK0     0004D
_i2c1_driver_i2cISR                       bssBANK0     0004B
_i2c1_driver_open                         text15       00EF1
_illum                                    bssBANK0     00051
_initial_time                             bssBANK0     00047
_load_eeprom                              text3        0055F
_main                                     maintext     00062
_mode                                     bssBANK0     00058
_read_alaf                                text12       00E7D
_read_alal                                text11       00E85
_read_alat                                text10       00E8D
_read_clkh                                text9        00E95
_read_clkm                                text8        00E9D
_read_nreg                                text7        00EA5
_read_pmon                                text6        00EAD
_read_tala                                text5        00EB5
_ring_buffer                              text1        007D0
_ring_buffer_write                        text2        00202
_s1flag                                   bssBANK0     00057
_s2flag                                   bssBANK0     00056
_seconds                                  bssCOMMON    00078
_submenu_alarm                            text43       00F7C
_submenu_clock                            text37       0014D
_submenu_illum                            text36       00F31
_submenu_temp                             text35       003D8
_switch1                                  bssBANK0     00055
_temp                                     bssBANK0     00052
_timer                                    bssBANK0     00049
_timer1                                   bssBANK0     0004F
_timer1ReloadVal                          nvBANK0      00061
_update_clk                               text38       00ECF
_used                                     text4        00F5D
_write_alaf                               text44       006AE
btemp                                     (abs)        0007E
clear_ram0                                clrtext      00E6F
eeprom_clk_update@clkh                    cstackBANK0  00023
eeprom_clk_update@clkm                    cstackBANK0  00021
eeprom_setup@alaf                         cstackBANK0  00026
eeprom_setup@alal                         cstackBANK0  00025
eeprom_setup@alat                         cstackBANK0  00024
eeprom_setup@clkh                         cstackBANK0  00027
eeprom_setup@clkm                         cstackBANK0  00028
eeprom_setup@nreg                         cstackBANK0  00021
eeprom_setup@pmon                         cstackBANK0  00022
eeprom_setup@reset_buffer                 cstackBANK0  0002A
eeprom_setup@tala                         cstackBANK0  00023
end_of_initialization                     cinit        0005E
int$flags                                 (abs)        0007E
intlevel0                                 functab      00000
intlevel1                                 functab      00000
intlevel2                                 functab      00000
intlevel3                                 functab      00000
intlevel4                                 functab      00000
intlevel5                                 functab      00000
reset_vec                                 reset_vec    00000
ring_buffer_write@L                       cstackBANK0  00024
ring_buffer_write@T                       cstackBANK0  00023
ring_buffer_write@h                       cstackBANK0  00027
ring_buffer_write@m                       cstackBANK0  00021
ring_buffer_write@ring_pos                cstackBANK0  00028
ring_buffer_write@s                       cstackBANK0  00022
start                                     init         00043
start_initialization                      cinit        00045
submenu_clock@hours_tens                  cstackBANK0  0002A
submenu_clock@hours_units                 cstackBANK0  0002B
submenu_clock@minutes_tens                cstackBANK0  00028
submenu_clock@minutes_units               cstackBANK0  00029
submenu_temp@temperature_tens             cstackBANK0  00028
submenu_temp@temperature_units            cstackBANK0  00027
write_alaf@x                              cstackBANK0  00022
wtemp0                                    (abs)        0007E


FUNCTION INFORMATION:

 *************** function _main *****************
 Defined at:
		line 148 in file "main.c"
 Parameters:    Size  Location     Type
		None
 Auto vars:     Size  Location     Type
		None
 Return value:  Size  Location     Type
                  1    wreg      void 
 Registers used:
		wreg, fsr0l, fsr0h, status,2, status,0, pclath, cstack
 Tracked objects:
		On entry : 
		On exit  : 
		Unchanged: 
 Data sizes:     COMMON   BANK0   BANK1   BANK2   BANK3   BANK4   BANK5   BANK6   BANK7   BANK8   BANK9  BANK10  BANK11  BANK12
      Params:         0       0       0       0       0       0       0       0       0       0       0       0       0       0
      Locals:         0       0       0       0       0       0       0       0       0       0       0       0       0       0
      Temps:          0      15       0       0       0       0       0       0       0       0       0       0       0       0
      Totals:         0      15       0       0       0       0       0       0       0       0       0       0       0       0
Total ram usage:       15 bytes
[...]
		_TMR1_WriteTimer
		_Timer
 This function is called by:
		_INTERRUPT_InterruptManager
 This function uses a non-reentrant model


 *************** function _Blink *****************
 Defined at:
		line 112 in file "menus.c"
 Parameters:    Size  Location     Type
		None
 Auto vars:     Size  Location     Type
		None
 Return value:  Size  Location     Type
                  1    wreg      void 
 Registers used:
		wreg, fsr0l, fsr0h, status,2, status,0
 Tracked objects:
		On entry : 
		On exit  : 
		Unchanged: 
 Data sizes:     COMMON   BANK0   BANK1   BANK2   BANK3   BANK4   BANK5   BANK6   BANK7   BANK8   BANK9  BANK10  BANK11  BANK12
      Params:         0       0       0       0       0       0       0       0       0       0       0       0       0       0
      Locals:         0       0       0       0       0       0       0       0       0       0       0       0       0       0
      Temps:          2       0       0       0       0       0       0       0       0       0       0       0       0       0
      Totals:         2       0       0       0       0       0       0       0       0       0       0       0       0       0
Total ram usage:        2 bytes
 Hardware stack levels used:    1
 This function calls:
		Nothing
 This function is called by:
		_Menus
		_TMR1_ISR
 This function uses a non-reentrant model


 *************** function _TMR1_DefaultInterruptHandler *****************
 Defined at:
		line 182 in file "mcc_generated_files/tmr1.c"
 Parameters:    Size  Location     Type
		None
 Auto vars:     Size  Location     Type
		None
 Return value:  Size  Location     Type
                  1    wreg      void 
 Registers used:
		None
 Tracked objects:
		On entry : 
		On exit  : 
		Unchanged: 
 Data sizes:     COMMON   BANK0   BANK1   BANK2   BANK3   BANK4   BANK5   BANK6   BANK7   BANK8   BANK9  BANK10  BANK11  BANK12
      Params:         0       0       0       0       0       0       0       0       0       0       0       0       0       0
      Locals:         0       0       0       0       0       0       0       0       0       0       0       0       0       0
      Temps:          0       0       0       0       0       0       0       0       0       0       0       0       0       0
      Totals:         0       0       0       0       0       0       0       0       0       0       0       0       0       0
Total ram usage:        0 bytes
 Hardware stack levels used:    1
 This function calls:
		Nothing
 This function is called by:
		_TMR1_Initialize
		_TMR1_ISR
 This function uses a non-reentrant model


 *************** function _Timer *****************
 Defined at:
		line 81 in file "main.c"
 Parameters:    Size  Location     Type
		None
 Auto vars:     Size  Location     Type
		None
 Return value:  Size  Location     Type
                  1    wreg      void 
 Registers used:
		wreg, status,2, status,0
 Tracked objects:
		On entry : 
		On exit  : 
		Unchanged: 
 Data sizes:     COMMON   BANK0   BANK1   BANK2   BANK3   BANK4   BANK5   BANK6   BANK7   BANK8   BANK9  BANK10  BANK11  BANK12
      Params:         0       0       0       0       0       0       0       0       0       0       0       0       0       0
      Locals:         0       0       0       0       0       0       0       0       0       0       0       0       0       0
      Temps:          3       0       0       0       0       0       0       0       0       0       0       0       0       0
      Totals:         3       0       0       0       0       0       0       0       0       0       0       0       0       0
Total ram usage:        3 bytes
 Hardware stack levels used:    1
 This function calls:
		Nothing
 This function is called by:
		_main
		_TMR1_ISR
 This function uses a non-reentrant model


 *************** function _TMR1_WriteTimer *****************
 Defined at:
		line 127 in file "mcc_generated_files/tmr1.c"
 Parameters:    Size  Location     Type
  timerVal        2    0[COMMON] unsigned short 
 Auto vars:     Size  Location     Type
		None
 Return value:  Size  Location     Type
                  1    wreg      void 
 Registers used:
		wreg, status,2
 Tracked objects:
		On entry : 
		On exit  : 
		Unchanged: 
 Data sizes:     COMMON   BANK0   BANK1   BANK2   BANK3   BANK4   BANK5   BANK6   BANK7   BANK8   BANK9  BANK10  BANK11  BANK12
      Params:         2       0       0       0       0       0       0       0       0       0       0       0       0       0
      Locals:         0       0       0       0       0       0       0       0       0       0       0       0       0       0
      Temps:          0       0       0       0       0       0       0       0       0       0       0       0       0       0
      Totals:         2       0       0       0       0       0       0       0       0       0       0       0       0       0
Total ram usage:        2 bytes
 Hardware stack levels used:    1
 This function calls:
		Nothing
 This function is called by:
		_TMR1_ISR
		_TMR1_Reload
 This function uses a non-reentrant model


 *************** function _INT_ISR *****************
 Defined at:
		line 32 in file "mcc_generated_files/ext_int.c"
 Parameters:    Size  Location     Type
		None
 Auto vars:     Size  Location     Type
		None
 Return value:  Size  Location     Type
                  1    wreg      void 
 Registers used:
		wreg, status,2, status,0, pclath, cstack
 Tracked objects:
		On entry : 
		On exit  : 
		Unchanged: 
 Data sizes:     COMMON   BANK0   BANK1   BANK2   BANK3   BANK4   BANK5   BANK6   BANK7   BANK8   BANK9  BANK10  BANK11  BANK12
      Params:         0       0       0       0       0       0       0       0       0       0       0       0       0       0
      Locals:         0       0       0       0       0       0       0       0       0       0       0       0       0       0
      Temps:          0       0       0       0       0       0       0       0       0       0       0       0       0       0
      Totals:         0       0       0       0       0       0       0       0       0       0       0       0       0       0
Total ram usage:        0 bytes
 Hardware stack levels used:    1
 Hardware stack levels required when called:    4
 This function calls:
		_INT_CallBack
 This function is called by:
		_INTERRUPT_InterruptManager
 This function uses a non-reentrant model


 *************** function _INT_CallBack *****************
 Defined at:
		line 41 in file "mcc_generated_files/ext_int.c"
 Parameters:    Size  Location     Type
		None
 Auto vars:     Size  Location     Type
		None
 Return value:  Size  Location     Type
                  1    wreg      void 
 Registers used:
		wreg, status,2, status,0, pclath, cstack
 Tracked objects:
		On entry : 
		On exit  : 
		Unchanged: 
 Data sizes:     COMMON   BANK0   BANK1   BANK2   BANK3   BANK4   BANK5   BANK6   BANK7   BANK8   BANK9  BANK10  BANK11  BANK12
      Params:         0       0       0       0       0       0       0       0       0       0       0       0       0       0
      Locals:         0       0       0       0       0       0       0       0       0       0       0       0       0       0
      Temps:          0       0       0       0       0       0       0       0       0       0       0       0       0       0
      Totals:         0       0       0       0       0       0       0       0       0       0       0       0       0       0
Total ram usage:        0 bytes
 Hardware stack levels used:    1
 Hardware stack levels required when called:    3
 This function calls:
		Absolute function
		_INT_DefaultInterruptHandler
		_Switch1
 This function is called by:
		_INT_ISR
 This function uses a non-reentrant model


 *************** function _INT_DefaultInterruptHandler *****************
 Defined at:
		line 54 in file "mcc_generated_files/ext_int.c"
 Parameters:    Size  Location     Type
		None
 Auto vars:     Size  Location     Type
		None
 Return value:  Size  Location     Type
                  1    wreg      void 
 Registers used:
		None
 Tracked objects:
		On entry : 
		On exit  : 
		Unchanged: 
 Data sizes:     COMMON   BANK0   BANK1   BANK2   BANK3   BANK4   BANK5   BANK6   BANK7   BANK8   BANK9  BANK10  BANK11  BANK12
      Params:         0       0       0       0       0       0       0       0       0       0       0       0       0       0
      Locals:         0       0       0       0       0       0       0       0       0       0       0       0       0       0
      Temps:          0       0       0       0       0       0       0       0       0       0       0       0       0       0
      Totals:         0       0       0       0       0       0       0       0       0       0       0       0       0       0
Total ram usage:        0 bytes
 Hardware stack levels used:    1
 This function calls:
		Nothing
 This function is called by:
		_EXT_INT_Initialize
		_INT_CallBack
 This function uses a non-reentrant model


 *************** function _Switch1 *****************
 Defined at:
		line 118 in file "main.c"
 Parameters:    Size  Location     Type
		None
 Auto vars:     Size  Location     Type
		None
 Return value:  Size  Location     Type
                  1    wreg      void 
 Registers used:
		wreg, status,2, status,0, pclath, cstack
 Tracked objects:
		On entry : 
		On exit  : 
		Unchanged: 
 Data sizes:     COMMON   BANK0   BANK1   BANK2   BANK3   BANK4   BANK5   BANK6   BANK7   BANK8   BANK9  BANK10  BANK11  BANK12
      Params:         0       0       0       0       0       0       0       0       0       0       0       0       0       0
      Locals:         0       0       0       0       0       0       0       0       0       0       0       0       0       0
      Temps:          1       0       0       0       0       0       0       0       0       0       0       0       0       0
      Totals:         1       0       0       0       0       0       0       0       0       0       0       0       0       0
Total ram usage:        1 bytes
 Hardware stack levels used:    1
 Hardware stack levels required when called:    2
 This function calls:
		_ClearAlarm
 This function is called by:
		_main
		_INT_CallBack
 This function uses a non-reentrant model


 *************** function _ClearAlarm *****************
 Defined at:
		line 112 in file "main.c"
 Parameters:    Size  Location     Type
		None
 Auto vars:     Size  Location     Type
		None
 Return value:  Size  Location     Type
                  1    wreg      void 
 Registers used:
		wreg, status,2, status,0, pclath, cstack
 Tracked objects:
		On entry : 
		On exit  : 
		Unchanged: 
 Data sizes:     COMMON   BANK0   BANK1   BANK2   BANK3   BANK4   BANK5   BANK6   BANK7   BANK8   BANK9  BANK10  BANK11  BANK12
      Params:         0       0       0       0       0       0       0       0       0       0       0       0       0       0
      Locals:         0       0       0       0       0       0       0       0       0       0       0       0       0       0
      Temps:          0       0       0       0       0       0       0       0       0       0       0       0       0       0
      Totals:         0       0       0       0       0       0       0       0       0       0       0       0       0       0
Total ram usage:        0 bytes
 Hardware stack levels used:    1
 Hardware stack levels required when called:    1
 This function calls:
		_PWM_Output_D4_Disable
		_TMR2_Stop
 This function is called by:
		_Switch1
 This function uses a non-reentrant model


 *************** function _TMR2_Stop *****************
 Defined at:
		line 119 in file "mcc_generated_files/tmr2.c"
 Parameters:    Size  Location     Type
		None
 Auto vars:     Size  Location     Type
		None
 Return value:  Size  Location     Type
                  1    wreg      void 
 Registers used:
		None
 Tracked objects:
		On entry : 
		On exit  : 
		Unchanged: 
 Data sizes:     COMMON   BANK0   BANK1   BANK2   BANK3   BANK4   BANK5   BANK6   BANK7   BANK8   BANK9  BANK10  BANK11  BANK12
      Params:         0       0       0       0       0       0       0       0       0       0       0       0       0       0
      Locals:         0       0       0       0       0       0       0       0       0       0       0       0       0       0
      Temps:          0       0       0       0       0       0       0       0       0       0       0       0       0       0
      Totals:         0       0       0       0       0       0       0       0       0       0       0       0       0       0
Total ram usage:        0 bytes
 Hardware stack levels used:    1
 This function calls:
		Nothing
 This function is called by:
		_ClearAlarm
		_TMR2_StopTimer
 This function uses a non-reentrant model


 *************** function _PWM_Output_D4_Disable *****************
 Defined at:
		line 57 in file "utils.c"
 Parameters:    Size  Location     Type
		None
 Auto vars:     Size  Location     Type
		None
 Return value:  Size  Location     Type
                  1    wreg      void 
 Registers used:
		wreg, status,2
 Tracked objects:
		On entry : 
		On exit  : 
		Unchanged: 
 Data sizes:     COMMON   BANK0   BANK1   BANK2   BANK3   BANK4   BANK5   BANK6   BANK7   BANK8   BANK9  BANK10  BANK11  BANK12
      Params:         0       0       0       0       0       0       0       0       0       0       0       0       0       0
      Locals:         0       0       0       0       0       0       0       0       0       0       0       0       0       0
      Temps:          0       0       0       0       0       0       0       0       0       0       0       0       0       0
      Totals:         0       0       0       0       0       0       0       0       0       0       0       0       0       0
Total ram usage:        0 bytes
 Hardware stack levels used:    1
 This function calls:
		Nothing
 This function is called by:
		_ClearAlarm
 This function uses a non-reentrant model



MODULE INFORMATION

Module		Function		Class		Link	Load	Size
mcc_generated_files/pwm6.c
		_PWM6_LoadDutyValue		CODE           	0FD4	0000	23
		_PWM6_Initialize		CODE           	0F24	0000	14

mcc_generated_files/pwm6.c estimated size: 37

mcc_generated_files/tmr2.c
		_TMR2_ISR      		CODE           	0E57	0000	7
		_TMR2_Initialize		CODE           	07E6	0000	23
		_TMR2_Stop     		CODE           	0E40	0000	4
		_TMR2_Start    		CODE           	0E43	0000	4
		_TMR2_SetInterruptHandler		CODE           	0E69	0000	7
		_TMR2_DefaultInterruptHandler		CODE           	0E3F	0000	2
		_TMR2_CallBack 		CODE           	0F0A	0000	14
		_TMR2_StartTimer		CODE           	07FC	0000	5

mcc_generated_files/tmr2.c estimated size: 66

mcc_generated_files/interrupt_manager.c
		_INTERRUPT_InterruptManager		CODE           	0004	0000	64

mcc_generated_files/interrupt_manager.c estimated size: 64

C:\Program Files (x86)\Microchip\xc8\v2.10\pic\sources\c99\common\awdiv.c
		___awdiv       		CODE           	031C	0000	97

C:\Program Files (x86)\Microchip\xc8\v2.10\pic\sources\c99\common\awdiv.c estimated size: 97

mcc_generated_files/pin_manager.c
		_PIN_MANAGER_Initialize		CODE           	0518	0000	72

mcc_generated_files/pin_manager.c estimated size: 72

C:\Program Files (x86)\Microchip\xc8\v2.10\pic\sources\c99\common\Umul8.c
		___bmul        		CODE           	0FBF	0000	22

C:\Program Files (x86)\Microchip\xc8\v2.10\pic\sources\c99\common\Umul8.c estimated size: 22

I2C/i2c.c
		_ReadI2C       		CODE           	076C	0000	27
		_WriteI2C      		CODE           	0484	0000	76

I2C/i2c.c estimated size: 103

menus.c
		_submenu_temp  		CODE           	03D8	0000	89
		_submenu_clock 		CODE           	014D	0000	182
		_submenu_alarm 		CODE           	0F7C	0000	17
		_submenu_illum 		CODE           	0F31	0000	15
		_Blink         		CODE           	04CF	0000	74
		_Menus         		CODE           	05E7	0000	67
		_Update        		CODE           	065E	0000	43
		_Menu          		CODE           	0629	0000	54

menus.c estimated size: 541

eeprom.c
		_write_alaf    		CODE           	06AE	0000	35
		_read_pmon     		CODE           	0EAD	0000	9
		_eeprom_clk_update		CODE           	0786	0000	27
		_read_tala     		CODE           	0EB5	0000	9
		_read_alaf     		CODE           	0E7D	0000	9
		_read_alal     		CODE           	0E85	0000	9
		_read_alat     		CODE           	0E8D	0000	9
		_used          		CODE           	0F5D	0000	16
		_read_nreg     		CODE           	0EA5	0000	9
		_read_clkh     		CODE           	0E95	0000	9
		_read_clkm     		CODE           	0E9D	0000	9
		_eeprom_setup  		CODE           	02A0	0000	125
		_ring_buffer_write		CODE           	0202	0000	159

eeprom.c estimated size: 434

mcc_generated_files/ext_int.c
		_INT_DefaultInterruptHandler		CODE           	0E3D	0000	2
		_EXT_INT_Initialize		CODE           	0F17	0000	14
		_INT_SetInterruptHandler		CODE           	0E63	0000	7
		_INT_CallBack  		CODE           	0EFD	0000	14
		_INT_ISR       		CODE           	0E51	0000	7

mcc_generated_files/ext_int.c estimated size: 44

shared
		__initialization		CODE           	0045	0000	26

shared estimated size: 26

mcc_generated_files/mcc.c
		_PMD_Initialize		CODE           	0E75	0000	9
		_OSCILLATOR_Initialize		CODE           	0EC6	0000	10
		_SYSTEM_Initialize		CODE           	07A0	0000	26

mcc_generated_files/mcc.c estimated size: 45

mcc_generated_files/tmr1.c
		_TMR1_Initialize		CODE           	0712	0000	31
		_TMR1_SetInterruptHandler		CODE           	0E5D	0000	7
		_TMR1_StopTimer		CODE           	0E49	0000	4
		_TMR1_DefaultInterruptHandler		CODE           	0E3E	0000	2
		_TMR1_WriteTimer		CODE           	0F9C	0000	18
		_TMR1_StartTimer		CODE           	0E46	0000	4
		_TMR1_ISR      		CODE           	07B9	0000	24

mcc_generated_files/tmr1.c estimated size: 90

utils.c
		_ReadTemp      		CODE           	0002	0000	3
		_PWM_Output_D4_Disable		CODE           	0F3F	0000	16
		_eeprom_default_setup		CODE           	0688	0000	39
		_PWM_Output_D4_Enable		CODE           	0F6C	0000	17
		_update_clk    		CODE           	0ECF	0000	11
		_ring_buffer   		CODE           	07D0	0000	23
		_ReadIllum     		CODE           	0F8C	0000	17
		_checkButtonS1 		CODE           	074E	0000	31
		_checkButtonS2 		CODE           	0730	0000	31
		_ShowOnLEDs    		CODE           	0ED9	0000	13
		_load_eeprom   		CODE           	055F	0000	70

utils.c estimated size: 271

C:\Program Files (x86)\Microchip\xc8\v2.10\pic\sources\c99\common\Umul16.c
		___wmul        		CODE           	06D0	0000	35

C:\Program Files (x86)\Microchip\xc8\v2.10\pic\sources\c99\common\Umul16.c estimated size: 35

mcc_generated_files/memory.c
		_DATAEE_WriteByte		CODE           	06F2	0000	33
		_DATAEE_ReadByte		CODE           	0EE5	0000	13

mcc_generated_files/memory.c estimated size: 46

mcc_generated_files/i2c1_driver.c
		_i2c1_driver_open		CODE           	0EF1	0000	13

mcc_generated_files/i2c1_driver.c estimated size: 13

mcc_generated_files/adcc.c
		_ADCC_GetSingleConversion		CODE           	0FAD	0000	19
		_ADCC_Initialize		CODE           	0FEA	0000	23

mcc_generated_files/adcc.c estimated size: 42

C:\Program Files (x86)\Microchip\xc8\v2.10\pic\sources\c99\common\awmod.c
		___awmod       		CODE           	0430	0000	85

C:\Program Files (x86)\Microchip\xc8\v2.10\pic\sources\c99\common\awmod.c estimated size: 85

main.c
		_ClearAlarm    		CODE           	0EBD	0000	10
		_Timer         		CODE           	037C	0000	93
		_main          		CODE           	0062	0000	236
		_Switch1       		CODE           	0F4E	0000	16
		_Alarm         		CODE           	05A4	0000	68

main.c estimated size: 423

