Microchip MPLAB XC8 Compiler V2.10 ()

Linker command line:

-W-3 --edf=C:\Program Files (x86)\Microchip\xc8\v2.10\pic\dat\en_msgs.txt \
  -cs -h+dist/default/production\WeatherStation_g8.x.production.sym \
  --cmf=dist/default/production\WeatherStation_g8.x.production.cmf -z \
  -Q16F18875 -oC:\Users\Sofia\AppData\Local\Temp\s218.2 \
  --defsym=__MPLAB_BUILD=1 \
  -Mdist/default/production/WeatherStation_g8.x.production.map -E1 -ver=XC8 \
  --acfsm=1493 -ASTACK=0209Eh-023EFh -pstack=STACK -ACODE=00h-07FFhx4 \
  -ASTRCODE=00h-01FFFh -ASTRING=00h-0FFhx32 -ACONST=00h-0FFhx32 \
  -AENTRY=00h-0FFhx32 -ACOMMON=070h-07Fh -ABANK0=020h-06Fh \
  -ABANK1=0A0h-0EFh -ABANK2=0120h-016Fh -ABANK3=01A0h-01EFh \
  -ABANK4=0220h-026Fh -ABANK5=02A0h-02EFh -ABANK6=0320h-036Fh \
  -ABANK7=03A0h-03EFh -ABANK8=0420h-046Fh -ABANK9=04A0h-04EFh \
  -ABANK10=0520h-056Fh -ABANK11=05A0h-05EFh -ABANK12=0620h-064Fh \
  -ABIGRAM=02000h-023EFh \
  -ARAM=020h-06Fh,0A0h-0EFh,0120h-016Fh,01A0h-01EFh,0220h-026Fh,02A0h-02EFh,0320h-036Fh,03A0h-03EFh,0420h-046Fh,04A0h-04EFh,0520h-056Fh,05A0h-05EFh,0620h-064Fh \
  -AABS1=020h-07Fh,0A0h-0EFh,0120h-016Fh,01A0h-01EFh,0220h-026Fh,02A0h-02EFh,0320h-036Fh,03A0h-03EFh,0420h-046Fh,04A0h-04EFh,0520h-056Fh,05A0h-05EFh,0620h-064Fh \
  -ASFR0=00h-01Fh -ASFR1=080h-09Fh -ASFR2=0100h-011Fh -ASFR3=0180h-019Fh \
  -ASFR4=0200h-021Fh -ASFR5=0280h-029Fh -ASFR6=0300h-031Fh \
  -ASFR7=0380h-039Fh -ASFR8=0400h-041Fh -ASFR9=0480h-049Fh \
  -ASFR10=0500h-051Fh -ASFR11=0580h-059Fh -ASFR12=0600h-061Fh \
  -ASFR13=0680h-06EFh -ASFR14=0700h-076Fh -ASFR15=0780h-07EFh \
  -ASFR16=0800h-086Fh -ASFR17=0880h-08EFh -ASFR18=0900h-096Fh \
  -ASFR19=0980h-09EFh -ASFR20=0A00h-0A6Fh -ASFR21=0A80h-0AEFh \
  -ASFR22=0B00h-0B6Fh -ASFR23=0B80h-0BEFh -ASFR24=0C00h-0C6Fh \
  -ASFR25=0C80h-0CEFh -ASFR26=0D00h-0D6Fh -ASFR27=0D80h-0DEFh \
  -ASFR28=0E00h-0E6Fh -ASFR29=0E80h-0EEFh -ASFR30=0F00h-0F6Fh \
  -ASFR31=0F80h-0FEFh -preset_vec=00h,intentry=04h,init,end_init \
  -ppowerup=CODE -pcinit=CODE -pfunctab=ENTRY -ACONFIG=08007h-0800Bh \
  -pconfig=CONFIG -DCONFIG=2 -AIDLOC=08000h-08003h -pidloc=IDLOC -DIDLOC=2 \
  -AEEDATA=00h-0FFh/0F000h -peeprom_data=EEDATA -DEEDATA=2 -DCODE=2 \
  -DSTRCODE=2 -DSTRING=2 -DCONST=2 -DENTRY=2 -k \
  C:\Users\Sofia\AppData\Local\Temp\s218.o \
  dist/default/production\WeatherStation_g8.x.production.o 

Object code version is 3.11

Machine type is 16F18875



                Name                               Link     Load   Length Selector   Space Scale
C:\Users\Sofia\AppData\Local\Temp\s218.o
                end_init                             55       55        2        8       0
                reset_vec                             0        0        2        0       0
                config                             8007     8007        5    1000E       0
dist/default/production\WeatherStation_g8.x.production.o
                cinit                                57       57       16        8       0
                intentry                              4        4       51        8       0
                text113                             936      936       24     126C       0
                text112                            16AB     16AB        F     2D56       0
                text111                            15CC     15CC        7     2B98       0
                text110                            16BA     16BA        F     2D74       0
                text109                               2        2        1        0       0
                text108                            1676     1676        D     2CEC       0
                text107                            158A     158A        6     2B14       0
                text106                            1716     1716       11     2E2C       0
                text105                             D7E      D7E       43     1AFC       0
                text104                               3        3        1        6       0
                text103                             F21      F21       49     1E42       0
                text102                            179C     179C       17     2F38       0
                text101                            1590     1590        6     2B20       0
                text100                            17CC     17CC       1A     2F98       0
                text99                             1582     1582        4     2B04       0
                text98                              7FF      7FF        1        8       0
                text97                             1586     1586        4     2B0C       0
                text96                             1727     1727       11     2E4E       0
                text95                              C45      C45       39     188A       0
                text93                             1786     1786       16     2F0C       0
                text92                             16F6     16F6       10     2DEC       0
                text91                              8F6      8F6       1F     11EC       0
                text90                              DC1      DC1       44     1B82       0
                text89                             157C     157C        3     2AF8       0
                text88                             157F     157F        3     2AFE       0
                text87                             1646     1646        C     2C8C       0
                text86                              89E      89E       1D     113C       0
                text85                              8BB      8BB       1D     1176       0
                text84                              97E      97E       2A     12FC       0
                text83                             1652     1652        C     2CA4       0
                text82                              95A      95A       24     12B4       0
                text81                              A54      A54       2E     14A8       0
                text80                             1706     1706       10     2E0C       0
                text79                              617      617       60        8       0
                text78                              730      730       53        8       0
                text77                             175C     175C       15     2EB8       0
                text76                              E4A      E4A       47     1C94       0
                text75                             163C     163C        A     2C78       0
                text74                              3D9      3D9       B5        8       0
                text73                              A82      A82       2E     1504       0
                text72                             1738     1738       12     2E70       0
                text71                              AB0      AB0       2E     1560       0
                text70                              6D4      6D4       5C        8       0
                text69                              B6E      B6E       35     16DC       0
                text68                             1596     1596        6     2B2C       0
                text67                              D3C      D3C       42     1A78       0
                text66                             174A     174A       12     2E94       0
                text65                             16C9     16C9        F     2D92       0
                text64                             17E6     17E6       1A     2FCC       0
                text63                              F6A      F6A       4B     1ED4       0
                text62                              1C8      1C8      10D        8       0
                text61                              800      800       16     1000       0
                text60                             159C     159C        6     2B38       0
                text59                             15A2     15A2        6     2B44       0
                text58                             15A8     15A8        6     2B50       0
                text57                             15AE     15AE        6     2B5C       0
                text56                             15B4     15B4        6     2B68       0
                text55                              CBA      CBA       41     1974       0
                text54                             15BA     15BA        6     2B74       0
                text53                             1683     1683        D     2D06       0
                text52                             162A     162A        9     2C54       0
                text51                              FB5      FB5       4B     1F6A       0
                text50                             15DA     15DA        8     2BB4       0
                text49                             1690     1690        D     2D20       0
                text48                              8D8      8D8       1E     11B0       0
                text47                             169D     169D        E     2D3A       0
                text46                              882      882       1C     1104       0
                text45                             16D8     16D8        F     2DB0       0
                text44                             15D3     15D3        7     2BA6       0
                text43                             165E     165E        C     2CBC       0
                text42                              677      677       5D        8       0
                text41                             1771     1771       15     2EE2       0
                text40                              48E      48E       8F        8       0
                text39                              B3A      B3A       34     1674       0
                text38                             15E2     15E2        8     2BC4       0
                text37                             15EA     15EA        8     2BD4       0
                text36                             15F2     15F2        8     2BE4       0
                text35                             15FA     15FA        8     2BF4       0
                text34                             1602     1602        8     2C04       0
                text33                             160A     160A        8     2C14       0
                text32                             1612     1612        8     2C24       0
                text31                             161A     161A        8     2C34       0
                text30                              816      816       1B     102C       0
                text29                              783      783       4D        8       0
                text28                              9A8      9A8       2A     1350       0
                text27                             1633     1633        9     2C66       0
                text26                              9FC      9FC       2B     13F8       0
                text25                             15C0     15C0        6     2B80       0
                text24                             17B3     17B3       19     2F66       0
                text23                              A27      A27       2D     144E       0
                text22                              831      831       1B     1062       0
                text21                              CFB      CFB       41     19F6       0
                text20                              ADE      ADE       2E     15BC       0
                text19                              BA3      BA3       36     1746       0
                text18                              B0C      B0C       2E     1618       0
                text17                              BD9      BD9       36     17B2       0
                text16                              915      915       21     122A       0
                text15                              7D0      7D0       2F        8       0
                text14                              84C      84C       1B     1098       0
                text13                              867      867       1B     10CE       0
                text12                             1622     1622        8     2C44       0
                text11                             16E7     16E7        F     2DCE       0
                text10                              E91      E91       48     1D22       0
                text9                               5A9      5A9       6E        8       0
                text8                               C0F      C0F       36     181E       0
                text7                               9D2      9D2       2A     13A4       0
                text6                               E05      E05       45     1C0A       0
                text5                               51D      51D       8C        8       0
                text4                               ED9      ED9       48     1DB2       0
                text3                               C7E      C7E       3C     18FC       0
                text2                               2D5      2D5      104        8       0
                text1                              166A     166A        C     2CD4       0
                maintext                             6D       6D      15B        8       0
                cstackBANK0                          20       20       31       20       1
                cstackCOMMON                         70       70        A       70       1
                cstackBANK1                          EC       EC        2       A0       1
                clrtext                            15C6     15C6        6     2B8C       0
                bssBANK1                             A0       A0       3D       A0       1
                bssBANK0                             51       51       1D       20       1
                bssCOMMON                            7A       7A        2       70       1
                nvBANK1                              DD       DD        F       A0       1
                nvBANK0                              6E       6E        2       20       1

TOTAL           Name                               Link     Load   Length     Space
        CLASS   STACK          

        CLASS   CODE           
                end_init                             55       55        2         0
                cinit                                57       57       16         0
                intentry                              4        4       51         0
                reset_vec                             0        0        2         0
                text113                             936      936       24         0
                text112                            16AB     16AB        F         0
                text111                            15CC     15CC        7         0
                text110                            16BA     16BA        F         0
                text109                               2        2        1         0
                text108                            1676     1676        D         0
                text107                            158A     158A        6         0
                text106                            1716     1716       11         0
                text105                             D7E      D7E       43         0
                text104                               3        3        1         0
                text103                             F21      F21       49         0
                text102                            179C     179C       17         0
                text101                            1590     1590        6         0
                text100                            17CC     17CC       1A         0
                text99                             1582     1582        4         0
                text98                              7FF      7FF        1         0
                text97                             1586     1586        4         0
                text96                             1727     1727       11         0
                text95                              C45      C45       39         0
                text93                             1786     1786       16         0
                text92                             16F6     16F6       10         0
                text91                              8F6      8F6       1F         0
                text90                              DC1      DC1       44         0
                text89                             157C     157C        3         0
                text88                             157F     157F        3         0
                text87                             1646     1646        C         0
                text86                              89E      89E       1D         0
                text85                              8BB      8BB       1D         0
                text84                              97E      97E       2A         0
                text83                             1652     1652        C         0
                text82                              95A      95A       24         0
                text81                              A54      A54       2E         0
                text80                             1706     1706       10         0
                text79                              617      617       60         0
                text78                              730      730       53         0
                text77                             175C     175C       15         0
                text76                              E4A      E4A       47         0
                text75                             163C     163C        A         0
                text74                              3D9      3D9       B5         0
                text73                              A82      A82       2E         0
                text72                             1738     1738       12         0
                text71                              AB0      AB0       2E         0
                text70                              6D4      6D4       5C         0
                text69                              B6E      B6E       35         0
                text68                             1596     1596        6         0
                text67                              D3C      D3C       42         0
                text66                             174A     174A       12         0
                text65                             16C9     16C9        F         0
                text64                             17E6     17E6       1A         0
                text63                              F6A      F6A       4B         0
                text62                              1C8      1C8      10D         0
                text61                              800      800       16         0
                text60                             159C     159C        6         0
                text59                             15A2     15A2        6         0
                text58                             15A8     15A8        6         0
                text57                             15AE     15AE        6         0
                text56                             15B4     15B4        6         0
                text55                              CBA      CBA       41         0
                text54                             15BA     15BA        6         0
                text53                             1683     1683        D         0
                text52                             162A     162A        9         0
                text51                              FB5      FB5       4B         0
                text50                             15DA     15DA        8         0
                text49                             1690     1690        D         0
                text48                              8D8      8D8       1E         0
                text47                             169D     169D        E         0
                text46                              882      882       1C         0
                text45                             16D8     16D8        F         0
                text44                             15D3     15D3        7         0
                text43                             165E     165E        C         0
                text42                              677      677       5D         0
                text41                             1771     1771       15         0
                text40                              48E      48E       8F         0
                text39                              B3A      B3A       34         0
                text38                             15E2     15E2        8         0
                text37                             15EA     15EA        8         0
                text36                             15F2     15F2        8         0
                text35                             15FA     15FA        8         0
                text34                             1602     1602        8         0
                text33                             160A     160A        8         0
                text32                             1612     1612        8         0
                text31                             161A     161A        8         0
                text30                              816      816       1B         0
                text29                              783      783       4D         0
                text28                              9A8      9A8       2A         0
                text27                             1633     1633        9         0
                text26                              9FC      9FC       2B         0
                text25                             15C0     15C0        6         0
                text24                             17B3     17B3       19         0
                text23                              A27      A27       2D         0
                text22                              831      831       1B         0
                text21                              CFB      CFB       41         0
                text20                              ADE      ADE       2E         0
                text19                              BA3      BA3       36         0
                text18                              B0C      B0C       2E         0
                text17                              BD9      BD9       36         0
                text16                              915      915       21         0
                text15                              7D0      7D0       2F         0
                text14                              84C      84C       1B         0
                text13                              867      867       1B         0
                text12                             1622     1622        8         0
                text11                             16E7     16E7        F         0
                text10                              E91      E91       48         0
                text9                               5A9      5A9       6E         0
                text8                               C0F      C0F       36         0
                text7                               9D2      9D2       2A         0
                text6                               E05      E05       45         0
                text5                               51D      51D       8C         0
                text4                               ED9      ED9       48         0
                text3                               C7E      C7E       3C         0
                text2                               2D5      2D5      104         0
                text1                              166A     166A        C         0
                maintext                             6D       6D      15B         0
                clrtext                            15C6     15C6        6         0

        CLASS   STRCODE        

        CLASS   STRING         

        CLASS   CONST          

        CLASS   ENTRY          

        CLASS   COMMON         
                cstackCOMMON                         70       70        A         1
                bssCOMMON                            7A       7A        2         1

        CLASS   BANK0          
                cstackBANK0                          20       20       31         1
                bssBANK0                             51       51       1D         1
                nvBANK0                              6E       6E        2         1

        CLASS   BANK1          
                cstackBANK1                          EC       EC        2         1
                bssBANK1                             A0       A0       3D         1
                nvBANK1                              DD       DD        F         1

        CLASS   BANK2          

        CLASS   BANK3          

        CLASS   BANK4          

        CLASS   BANK5          

        CLASS   BANK6          

        CLASS   BANK7          

        CLASS   BANK8          

        CLASS   BANK9          

        CLASS   BANK10         

        CLASS   BANK11         

        CLASS   BANK12         

        CLASS   BIGRAM         

        CLASS   RAM            

        CLASS   ABS1           
                abs_s1                               7E       7E        2         1

        CLASS   SFR0           

        CLASS   SFR1           

        CLASS   SFR2           

        CLASS   SFR3           

        CLASS   SFR4           

        CLASS   SFR5           

        CLASS   SFR6           

        CLASS   SFR7           

        CLASS   SFR8           

        CLASS   SFR9           

        CLASS   SFR10          

        CLASS   SFR11          

        CLASS   SFR12          

        CLASS   SFR13          

        CLASS   SFR14          

        CLASS   SFR15          

        CLASS   SFR16          

        CLASS   SFR17          

        CLASS   SFR18          

        CLASS   SFR19          

        CLASS   SFR20          

        CLASS   SFR21          

        CLASS   SFR22          

        CLASS   SFR23          

        CLASS   SFR24          

        CLASS   SFR25          

        CLASS   SFR26          

        CLASS   SFR27          

        CLASS   SFR28          

        CLASS   SFR29          

        CLASS   SFR30          

        CLASS   SFR31          

        CLASS   CONFIG         
                config                             8007     8007        5         0

        CLASS   IDLOC          

        CLASS   EEDATA         

        CLASS   BANK31         

        CLASS   BANK30         

        CLASS   BANK29         

        CLASS   BANK28         

        CLASS   BANK27         

        CLASS   BANK26         

        CLASS   BANK25         

        CLASS   BANK24         

        CLASS   BANK23         

        CLASS   BANK22         

        CLASS   BANK21         

        CLASS   BANK20         

        CLASS   BANK19         

        CLASS   BANK18         

        CLASS   BANK17         

        CLASS   BANK16         

        CLASS   BANK15         

        CLASS   BANK14         

        CLASS   BANK13         



SEGMENTS        Name                           Load    Length   Top    Selector   Space  Class     Delta

                reset_vec                      000000  000003  000003         0       0  CODE        2
                text104                        000003  000001  000004         6       0  CODE        2
                intentry                       000004  0007FC  000800         8       0  CODE        2
                cstackBANK0                    000020  000050  000070        20       1  BANK0       1
                cstackCOMMON                   000070  00000C  00007C        70       1  COMMON      1
                bssBANK1                       0000A0  00004E  0000EE        A0       1  BANK1       1
                text61                         000800  000016  000816      1000       0  CODE        2
                text30                         000816  00001B  000831      102C       0  CODE        2
                text22                         000831  00001B  00084C      1062       0  CODE        2
                text14                         00084C  00001B  000867      1098       0  CODE        2
                text13                         000867  00001B  000882      10CE       0  CODE        2
                text46                         000882  00001C  00089E      1104       0  CODE        2
                text86                         00089E  00001D  0008BB      113C       0  CODE        2
                text85                         0008BB  00001D  0008D8      1176       0  CODE        2
                text48                         0008D8  00001E  0008F6      11B0       0  CODE        2
                text91                         0008F6  00001F  000915      11EC       0  CODE        2
                text16                         000915  000021  000936      122A       0  CODE        2
                text113                        000936  000024  00095A      126C       0  CODE        2
                text82                         00095A  000024  00097E      12B4       0  CODE        2
                text84                         00097E  00002A  0009A8      12FC       0  CODE        2
                text28                         0009A8  00002A  0009D2      1350       0  CODE        2
                text7                          0009D2  00002A  0009FC      13A4       0  CODE        2
                text26                         0009FC  00002B  000A27      13F8       0  CODE        2
                text23                         000A27  00002D  000A54      144E       0  CODE        2
                text81                         000A54  00002E  000A82      14A8       0  CODE        2
                text73                         000A82  00002E  000AB0      1504       0  CODE        2
                text71                         000AB0  00002E  000ADE      1560       0  CODE        2
                text20                         000ADE  00002E  000B0C      15BC       0  CODE        2
                text18                         000B0C  00002E  000B3A      1618       0  CODE        2
                text39                         000B3A  000034  000B6E      1674       0  CODE        2
                text69                         000B6E  000035  000BA3      16DC       0  CODE        2
                text19                         000BA3  000036  000BD9      1746       0  CODE        2
                text17                         000BD9  000036  000C0F      17B2       0  CODE        2
                text8                          000C0F  000036  000C45      181E       0  CODE        2
                text95                         000C45  000039  000C7E      188A       0  CODE        2
                text3                          000C7E  00003C  000CBA      18FC       0  CODE        2
                text55                         000CBA  000041  000CFB      1974       0  CODE        2
                text21                         000CFB  000041  000D3C      19F6       0  CODE        2
                text67                         000D3C  000042  000D7E      1A78       0  CODE        2
                text105                        000D7E  000043  000DC1      1AFC       0  CODE        2
                text90                         000DC1  000044  000E05      1B82       0  CODE        2
                text6                          000E05  000045  000E4A      1C0A       0  CODE        2
                text76                         000E4A  000047  000E91      1C94       0  CODE        2
                text10                         000E91  000048  000ED9      1D22       0  CODE        2
                text4                          000ED9  000048  000F21      1DB2       0  CODE        2
                text103                        000F21  000049  000F6A      1E42       0  CODE        2
                text63                         000F6A  00004B  000FB5      1ED4       0  CODE        2
                text51                         000FB5  00004B  001000      1F6A       0  CODE        2
                text89                         00157C  000003  00157F      2AF8       0  CODE        2
                text88                         00157F  000003  001582      2AFE       0  CODE        2
                text99                         001582  000004  001586      2B04       0  CODE        2
                text97                         001586  000004  00158A      2B0C       0  CODE        2
                text107                        00158A  000006  001590      2B14       0  CODE        2
                text101                        001590  000006  001596      2B20       0  CODE        2
                text68                         001596  000006  00159C      2B2C       0  CODE        2
                text60                         00159C  000006  0015A2      2B38       0  CODE        2
                text59                         0015A2  000006  0015A8      2B44       0  CODE        2
                text58                         0015A8  000006  0015AE      2B50       0  CODE        2
                text57                         0015AE  000006  0015B4      2B5C       0  CODE        2
                text56                         0015B4  000006  0015BA      2B68       0  CODE        2
                text54                         0015BA  000006  0015C0      2B74       0  CODE        2
                text25                         0015C0  000006  0015C6      2B80       0  CODE        2
                clrtext                        0015C6  000006  0015CC      2B8C       0  CODE        2
                text111                        0015CC  000007  0015D3      2B98       0  CODE        2
                text44                         0015D3  000007  0015DA      2BA6       0  CODE        2
                text50                         0015DA  000008  0015E2      2BB4       0  CODE        2
                text38                         0015E2  000008  0015EA      2BC4       0  CODE        2
                text37                         0015EA  000008  0015F2      2BD4       0  CODE        2
                text36                         0015F2  000008  0015FA      2BE4       0  CODE        2
                text35                         0015FA  000008  001602      2BF4       0  CODE        2
                text34                         001602  000008  00160A      2C04       0  CODE        2
                text33                         00160A  000008  001612      2C14       0  CODE        2
                text32                         001612  000008  00161A      2C24       0  CODE        2
                text31                         00161A  000008  001622      2C34       0  CODE        2
                text12                         001622  000008  00162A      2C44       0  CODE        2
                text52                         00162A  000009  001633      2C54       0  CODE        2
                text27                         001633  000009  00163C      2C66       0  CODE        2
                text75                         00163C  00000A  001646      2C78       0  CODE        2
                text87                         001646  00000C  001652      2C8C       0  CODE        2
                text83                         001652  00000C  00165E      2CA4       0  CODE        2
                text43                         00165E  00000C  00166A      2CBC       0  CODE        2
                text1                          00166A  00000C  001676      2CD4       0  CODE        2
                text108                        001676  00000D  001683      2CEC       0  CODE        2
                text53                         001683  00000D  001690      2D06       0  CODE        2
                text49                         001690  00000D  00169D      2D20       0  CODE        2
                text47                         00169D  00000E  0016AB      2D3A       0  CODE        2
                text112                        0016AB  00000F  0016BA      2D56       0  CODE        2
                text110                        0016BA  00000F  0016C9      2D74       0  CODE        2
                text65                         0016C9  00000F  0016D8      2D92       0  CODE        2
                text45                         0016D8  00000F  0016E7      2DB0       0  CODE        2
                text11                         0016E7  00000F  0016F6      2DCE       0  CODE        2
                text92                         0016F6  000010  001706      2DEC       0  CODE        2
                text80                         001706  000010  001716      2E0C       0  CODE        2
                text106                        001716  000011  001727      2E2C       0  CODE        2
                text96                         001727  000011  001738      2E4E       0  CODE        2
                text72                         001738  000012  00174A      2E70       0  CODE        2
                text66                         00174A  000012  00175C      2E94       0  CODE        2
                text77                         00175C  000015  001771      2EB8       0  CODE        2
                text41                         001771  000015  001786      2EE2       0  CODE        2
                text93                         001786  000016  00179C      2F0C       0  CODE        2
                text102                        00179C  000017  0017B3      2F38       0  CODE        2
                text24                         0017B3  000019  0017CC      2F66       0  CODE        2
                text100                        0017CC  00001A  0017E6      2F98       0  CODE        2
                text64                         0017E6  00001A  001800      2FCC       0  CODE        2
                config                         008007  000005  00800C     1000E       0  CONFIG      2


UNUSED ADDRESS RANGES

        Name                Unused          Largest block    Delta
        BANK1            000EE-000EF               2           1
        BANK10           00520-0056F              50           1
        BANK11           005A0-005EF              50           1
        BANK12           00620-0064F              30           1
        BANK2            00120-0016F              50           1
        BANK3            001A0-001EF              50           1
        BANK4            00220-0026F              50           1
        BANK5            002A0-002EF              50           1
        BANK6            00320-0036F              50           1
        BANK7            003A0-003EF              50           1
        BANK8            00420-0046F              50           1
        BANK9            004A0-004EF              50           1
        BIGRAM           02000-023EF             3F0           1
        CODE             01000-0157B             57C           2
                         01800-01FFF             800
        COMMON           0007C-0007D               2           1
        CONST            01000-0157B             100           2
                         01800-01FFF             100
        EEDATA           0F000-0F0FF             100           2
        ENTRY            01000-0157B             100           2
                         01800-01FFF             100
        IDLOC            08000-08003               4           2
        RAM              000EE-000EF               2           1
                         00120-0016F              50
                         001A0-001EF              50
                         00220-0026F              50
                         002A0-002EF              50
                         00320-0036F              50
                         003A0-003EF              50
                         00420-0046F              50
                         004A0-004EF              50
                         00520-0056F              50
                         005A0-005EF              50
                         00620-0064F              30
        SFR0             00000-0001F              20           1
        SFR1             00080-0009F              20           1
        SFR10            00500-0051F              20           1
        SFR11            00580-0059F              20           1
        SFR12            00600-0061F              20           1
        SFR13            00680-006EF              70           1
        SFR14            00700-0076F              70           1
        SFR15            00780-007EF              70           1
        SFR16            00800-0086F              70           1
        SFR17            00880-008EF              70           1
        SFR18            00900-0096F              70           1
        SFR19            00980-009EF              70           1
        SFR2             00100-0011F              20           1
        SFR20            00A00-00A6F              70           1
        SFR21            00A80-00AEF              70           1
        SFR22            00B00-00B6F              70           1
        SFR23            00B80-00BEF              70           1
        SFR24            00C00-00C6F              70           1
        SFR25            00C80-00CEF              70           1
        SFR26            00D00-00D6F              70           1
        SFR27            00D80-00DEF              70           1
        SFR28            00E00-00E6F              70           1
        SFR29            00E80-00EEF              70           1
        SFR3             00180-0019F              20           1
        SFR30            00F00-00F6F              70           1
        SFR31            00F80-00FEF              70           1
        SFR4             00200-0021F              20           1
        SFR5             00280-0029F              20           1
        SFR6             00300-0031F              20           1
        SFR7             00380-0039F              20           1
        SFR8             00400-0041F              20           1
        SFR9             00480-0049F              20           1
        STACK            0209E-023EF             352           1
        STRCODE          01000-0157B             57C           2
                         01800-01FFF             800
        STRING           01000-0157B             100           2
                         01800-01FFF             100

                                  Symbol Table

?_ADCC_GetSingleConversion                     cstackCOMMON 00072
?___awdiv                                      cstackCOMMON 00072
?___awmod                                      cstackCOMMON 00072
?___lwdiv                                      cstackCOMMON 00072
?___wmul                                       cstackCOMMON 00074
?_strlen                                       cstackCOMMON 00072
ADCC_GetSingleConversion@channel               cstackCOMMON 00075
Alarm@h                                        cstackBANK0  0002C
Alarm@m                                        cstackBANK0  00020
Alarm@s                                        cstackBANK0  00021
DATAEE_ReadByte@bAdd                           cstackCOMMON 00072
DATAEE_WriteByte@GIEBitValue                   cstackBANK0  00023
DATAEE_WriteByte@bAdd                          cstackBANK0  00020
DATAEE_WriteByte@bData                         cstackBANK0  00022
EUSART_Read@readValue                          cstackCOMMON 00073
EUSART_SetErrorHandler@interruptHandler        cstackCOMMON 00072
EUSART_SetFramingErrorHandler@interruptHandler cstackCOMMON 00072
EUSART_SetOverrunErrorHandler@interruptHandler cstackCOMMON 00072
EUSART_SetRxInterruptHandler@interruptHandler  cstackCOMMON 00072
EUSART_SetTxInterruptHandler@interruptHandler  cstackCOMMON 00072
EUSART_Write@txData                            cstackCOMMON 00073
INT_SetInterruptHandler@InterruptHandler       cstackCOMMON 00072
Menu@mode                                      cstackBANK0  00035
PWM6_LoadDutyValue@dutyValue                   cstackCOMMON 00072
ReadTemp@value                                 cstackCOMMON 00075
ShowOnLEDs@num                                 cstackCOMMON 00073
TMR1_SetInterruptHandler@InterruptHandler      cstackCOMMON 00072
TMR1_WriteTimer@timerVal                       cstackCOMMON 00070
Update@thr                                     cstackCOMMON 00074
Update@var                                     cstackCOMMON 00076
WriteI2C@data_out                              cstackCOMMON 00073
_ADACCH                                        (abs)        00091
_ADACCL                                        (abs)        00090
_ADACQ                                         (abs)        0009D
_ADACT                                         (abs)        00099
_ADCAP                                         (abs)        0009B
_ADCC_GetSingleConversion                      text66       0174A
_ADCC_Initialize                               text61       00800
_ADCLK                                         (abs)        00098
_ADCNT                                         (abs)        0010C
_ADCON0                                        (abs)        00093
_ADCON0bits                                    (abs)        00093
_ADCON1                                        (abs)        00094
_ADCON1bits                                    (abs)        00094
_ADCON2                                        (abs)        00095
_ADCON2bits                                    (abs)        00095
_ADCON3                                        (abs)        00096
_ADCON3bits                                    (abs)        00096
_ADERRH                                        (abs)        00117
_ADERRL                                        (abs)        00116
_ADFLTRH                                       (abs)        00115
_ADFLTRL                                       (abs)        00114
_ADLTHH                                        (abs)        0010F
_ADLTHL                                        (abs)        0010E
_ADPCH                                         (abs)        0009E
_ADPRE                                         (abs)        0009C
_ADPREVH                                       (abs)        0008F
_ADPREVL                                       (abs)        0008E
_ADREF                                         (abs)        0009A
_ADRESH                                        (abs)        0008D
_ADRESL                                        (abs)        0008C
_ADRPT                                         (abs)        0010D
_ADSTAT                                        (abs)        00097
_ADSTATbits                                    (abs)        00097
_ADSTPTH                                       (abs)        00113
_ADSTPTL                                       (abs)        00112
_ADUTHH                                        (abs)        00111
_ADUTHL                                        (abs)        00110
_ANSELA                                        (abs)        00F38
_ANSELB                                        (abs)        00F43
_ANSELC                                        (abs)        00F4E
_ANSELD                                        (abs)        00F59
_ANSELE                                        (abs)        00F64
_Alarm                                         text90       00DC1
_BAUD1CON                                      (abs)        0011F
_Blink                                         text103      00F21
_CCPTMRS1bits                                  (abs)        0021F
_DATAEE_ReadByte                               text83       01652
_DATAEE_WriteByte                              text82       0095A
_EUSART_DefaultErrorHandler                    text99       01582
_EUSART_DefaultFramingErrorHandler             text98       007FF
_EUSART_DefaultOverrunErrorHandler             text97       01586
_EUSART_ErrorHandler                           nvBANK1      000DD
_EUSART_FramingErrorHandler                    nvBANK1      000E1
_EUSART_Initialize                             text55       00CBA
_EUSART_LastByte                               text101      01590
_EUSART_OverrunErrorHandler                    nvBANK1      000DF
_EUSART_Read                                   text28       009A8
_EUSART_Receive_ISR                            text95       00C45
_EUSART_RxDataHandler                          text100      017CC
_EUSART_RxDefaultInterruptHandler              nvBANK1      000E3
_EUSART_SetErrorHandler                        text60       0159C
_EUSART_SetFramingErrorHandler                 text59       015A2
_EUSART_SetOverrunErrorHandler                 text58       015A8
_EUSART_SetRxInterruptHandler                  text57       015AE
_EUSART_SetTxInterruptHandler                  text56       015B4
_EUSART_Transmit_ISR                           text113      00936
_EUSART_TxDefaultInterruptHandler              nvBANK1      000E5
_EUSART_Write                                  text26       009FC
_EUSART_is_rx_ready                            text27       01633
_EXT_INT_Initialize                            text53       01683
_INLVLA                                        (abs)        00F3C
_INLVLB                                        (abs)        00F47
_INLVLC                                        (abs)        00F52
_INLVLD                                        (abs)        00F5D
_INLVLE                                        (abs)        00F68
_INTCONbits                                    (abs)        0000B
_INTERRUPT_InterruptManager                    intentry     00004
_INTPPS                                        (abs)        00E90
_INT_CallBack                                  text108      01676
_INT_DefaultInterruptHandler                   text109      00002
_INT_ISR                                       text107      0158A
_INT_InterruptHandler                          nvBANK1      000E7
_INT_SetInterruptHandler                       text54       015BA
_LATA                                          (abs)        00016
_LATAbits                                      (abs)        00016
_LATB                                          (abs)        00017
_LATC                                          (abs)        00018
_LATD                                          (abs)        00019
_LATE                                          (abs)        0001A
_Menu                                          text69       00B6E
_Menus                                         text67       00D3C
_NVMADRH                                       (abs)        0081B
_NVMADRL                                       (abs)        0081A
_NVMCON1bits                                   (abs)        0081E
_NVMCON2                                       (abs)        0081F
_NVMDATH                                       (abs)        0081D
_NVMDATL                                       (abs)        0081C
_ODCONA                                        (abs)        00F3A
_ODCONB                                        (abs)        00F45
_ODCONC                                        (abs)        00F50
_ODCOND                                        (abs)        00F5B
_ODCONE                                        (abs)        00F66
_OSCCON1                                       (abs)        0088D
_OSCCON3                                       (abs)        0088F
_OSCEN                                         (abs)        00891
_OSCFRQ                                        (abs)        00893
_OSCILLATOR_Initialize                         text52       0162A
_OSCTUNE                                       (abs)        00892
_PIE0bits                                      (abs)        00716
_PIE3bits                                      (abs)        00719
_PIE4bits                                      (abs)        0071A
_PIN_MANAGER_Initialize                        text51       00FB5
_PIR0bits                                      (abs)        0070C
_PIR3bits                                      (abs)        0070F
_PIR4bits                                      (abs)        00710
_PMD0                                          (abs)        00796
_PMD1                                          (abs)        00797
_PMD2                                          (abs)        00798
_PMD3                                          (abs)        00799
_PMD4                                          (abs)        0079A
_PMD5                                          (abs)        0079B
_PMD_Initialize                                text50       015DA
_PORTBbits                                     (abs)        0000D
_PORTCbits                                     (abs)        0000E
_PPSLOCK                                       (abs)        00E8F
_PPSLOCKbits                                   (abs)        00E8F
_PR2                                           (abs)        0028D
_PWM6CON                                       (abs)        0038E
_PWM6DCH                                       (abs)        0038D
_PWM6DCL                                       (abs)        0038C
_PWM6_Initialize                               text49       01690
_PWM6_LoadDutyValue                            text93       01786
_PWM_Output_D4_Disable                         text45       016D8
_PWM_Output_D4_Enable                          text92       016F6
_RA6PPS                                        (abs)        00F16
_RC1REG                                        (abs)        00119
_RC1STA                                        (abs)        0011D
_RC1STAbits                                    (abs)        0011D
_RC3PPS                                        (abs)        00F23
_RC4PPS                                        (abs)        00F24
_RC6PPS                                        (abs)        00F26
_RXPPS                                         (abs)        00ECB
_ReadI2C                                       text64       017E6
_ReadIllum                                     text65       016C9
_ReadTemp                                      text62       001C8
_SLRCONA                                       (abs)        00F3B
_SLRCONB                                       (abs)        00F46
_SLRCONC                                       (abs)        00F51
_SLRCOND                                       (abs)        00F5C
_SLRCONE                                       (abs)        00F67
_SP1BRGH                                       (abs)        0011C
_SP1BRGL                                       (abs)        0011B
_SSP1ADD                                       (abs)        0018D
_SSP1BUF                                       (abs)        0018C
_SSP1CLKPPS                                    (abs)        00EC5
_SSP1CON1                                      (abs)        00190
_SSP1CON1bits                                  (abs)        00190
_SSP1CON2                                      (abs)        00191
_SSP1CON2bits                                  (abs)        00191
_SSP1DATPPS                                    (abs)        00EC6
_SSP1MSK                                       (abs)        0018E
_SSP1STAT                                      (abs)        0018F
_SSP1STATbits                                  (abs)        0018F
_SYSTEM_Initialize                             text46       00882
_ShowOnLEDs                                    text87       01646
_Switch1                                       text110      016BA
_T1CLK                                         (abs)        00211
_T1CON                                         (abs)        0020E
_T1CONbits                                     (abs)        0020E
_T1GATE                                        (abs)        00210
_T1GCON                                        (abs)        0020F
_T1GCONbits                                    (abs)        0020F
_T2CLKCON                                      (abs)        00290
_T2CON                                         (abs)        0028E
_T2CONbits                                     (abs)        0028E
_T2HLT                                         (abs)        0028F
_T2HLTbits                                     (abs)        0028F
_T2PR                                          (abs)        0028D
_T2RST                                         (abs)        00291
_T2RSTbits                                     (abs)        00291
_T2TMR                                         (abs)        0028C
_TMR1H                                         (abs)        0020D
_TMR1L                                         (abs)        0020C
_TMR1_DefaultInterruptHandler                  text104      00003
_TMR1_ISR                                      text102      0179C
_TMR1_Initialize                               text48       008D8
_TMR1_InterruptHandler                         nvBANK1      000E9
_TMR1_SetInterruptHandler                      text68       01596
_TMR1_StartTimer                               text89       0157C
_TMR1_StopTimer                                text88       0157F
_TMR1_WriteTimer                               text106      01716
_TMR2                                          (abs)        0028C
_TMR2_Initialize                               text47       0169D
_TRISA                                         (abs)        00011
_TRISB                                         (abs)        00012
_TRISC                                         (abs)        00013
_TRISCbits                                     (abs)        00013
_TRISD                                         (abs)        00014
_TRISE                                         (abs)        00015
_TX1REG                                        (abs)        0011A
_TX1STA                                        (abs)        0011E
_TX1STAbits                                    (abs)        0011E
_Timer                                         text105      00D7E
_Update                                        text84       0097E
_WPUA                                          (abs)        00F39
_WPUB                                          (abs)        00F44
_WPUC                                          (abs)        00F4F
_WPUC3                                         (abs)        07A7B
_WPUC4                                         (abs)        07A7C
_WPUD                                          (abs)        00F5A
_WPUE                                          (abs)        00F65
_WriteI2C                                      text63       00F6A
__CFG_BOREN$ON                                 (abs)        00000
__CFG_BORV$LO                                  (abs)        00000
__CFG_CLKOUTEN$OFF                             (abs)        00000
__CFG_CP$OFF                                   (abs)        00000
__CFG_CPD$OFF                                  (abs)        00000
__CFG_CSWEN$ON                                 (abs)        00000
__CFG_DEBUG$OFF                                (abs)        00000
__CFG_FCMEN$ON                                 (abs)        00000
__CFG_FEXTOSC$OFF                              (abs)        00000
__CFG_LPBOREN$OFF                              (abs)        00000
__CFG_LVP$ON                                   (abs)        00000
__CFG_MCLRE$ON                                 (abs)        00000
__CFG_PPS1WAY$OFF                              (abs)        00000
__CFG_PWRTE$OFF                                (abs)        00000
__CFG_RSTOSC$HFINT1                            (abs)        00000
__CFG_SCANE$available                          (abs)        00000
__CFG_STVREN$ON                                (abs)        00000
__CFG_WDTCCS$SC                                (abs)        00000
__CFG_WDTCPS$WDTCPS_31                         (abs)        00000
__CFG_WDTCWS$WDTCWS_7                          (abs)        00000
__CFG_WDTE$OFF                                 (abs)        00000
__CFG_WRT$OFF                                  (abs)        00000
__CFG_ZCD$OFF                                  (abs)        00000
__Habs1                                        abs1         00000
__Hbank0                                       bank0        00000
__Hbank1                                       bank1        00000
__Hbank10                                      bank10       00000
__Hbank11                                      bank11       00000
__Hbank12                                      bank12       00000
__Hbank13                                      bank13       00000
__Hbank14                                      bank14       00000
__Hbank15                                      bank15       00000
__Hbank16                                      bank16       00000
__Hbank17                                      bank17       00000
__Hbank18                                      bank18       00000
__Hbank19                                      bank19       00000
__Hbank2                                       bank2        00000
__Hbank20                                      bank20       00000
__Hbank21                                      bank21       00000
__Hbank22                                      bank22       00000
__Hbank23                                      bank23       00000
__Hbank24                                      bank24       00000
__Hbank25                                      bank25       00000
__Hbank26                                      bank26       00000
__Hbank27                                      bank27       00000
__Hbank28                                      bank28       00000
__Hbank29                                      bank29       00000
__Hbank3                                       bank3        00000
__Hbank30                                      bank30       00000
__Hbank31                                      bank31       00000
__Hbank4                                       bank4        00000
__Hbank5                                       bank5        00000
__Hbank6                                       bank6        00000
__Hbank7                                       bank7        00000
__Hbank8                                       bank8        00000
__Hbank9                                       bank9        00000
__Hbigram                                      bigram       00000
__HbssBANK0                                    bssBANK0     00000
__HbssBANK1                                    bssBANK1     00000
__HbssCOMMON                                   bssCOMMON    00000
__Hcinit                                       cinit        0006D
__Hclrtext                                     clrtext      00000
__Hcode                                        code         00000
__Hcommon                                      common       00000
__Hconfig                                      config       0800C
__HcstackBANK0                                 cstackBANK0  00000
__HcstackBANK1                                 cstackBANK1  00000
__HcstackCOMMON                                cstackCOMMON 00000
__Heeprom_data                                 eeprom_data  00000
__Hend_init                                    end_init     00057
__Hfunctab                                     functab      00000
__Hidloc                                       idloc        00000
__Hinit                                        init         00055
__Hintentry                                    intentry     00055
__Hmaintext                                    maintext     00000
__HnvBANK0                                     nvBANK0      00000
__HnvBANK1                                     nvBANK1      00000
__Hpowerup                                     powerup      00000
__Hram                                         ram          00000
__Hreset_vec                                   reset_vec    00002
__Hsfr0                                        sfr0         00000
__Hsfr1                                        sfr1         00000
__Hsfr10                                       sfr10        00000
__Hsfr11                                       sfr11        00000
__Hsfr12                                       sfr12        00000
__Hsfr13                                       sfr13        00000
__Hsfr14                                       sfr14        00000
__Hsfr15                                       sfr15        00000
__Hsfr16                                       sfr16        00000
__Hsfr17                                       sfr17        00000
__Hsfr18                                       sfr18        00000
__Hsfr19                                       sfr19        00000
__Hsfr2                                        sfr2         00000
__Hsfr20                                       sfr20        00000
__Hsfr21                                       sfr21        00000
__Hsfr22                                       sfr22        00000
__Hsfr23                                       sfr23        00000
__Hsfr24                                       sfr24        00000
__Hsfr25                                       sfr25        00000
__Hsfr26                                       sfr26        00000
__Hsfr27                                       sfr27        00000
__Hsfr28                                       sfr28        00000
__Hsfr29                                       sfr29        00000
__Hsfr3                                        sfr3         00000
__Hsfr30                                       sfr30        00000
__Hsfr31                                       sfr31        00000
__Hsfr4                                        sfr4         00000
__Hsfr5                                        sfr5         00000
__Hsfr6                                        sfr6         00000
__Hsfr7                                        sfr7         00000
__Hsfr8                                        sfr8         00000
__Hsfr9                                        sfr9         00000
__Hspace_0                                     (abs)        0800C
__Hspace_1                                     (abs)        000EE
__Hspace_2                                     (abs)        00000
__Hspace_3                                     (abs)        00000
__Hstack                                       stack        00000
__Hstrings                                     strings      00000
__Htext                                        text         00000
__Labs1                                        abs1         00000
__Lbank0                                       bank0        00000
__Lbank1                                       bank1        00000
__Lbank10                                      bank10       00000
__Lbank11                                      bank11       00000
__Lbank12                                      bank12       00000
__Lbank13                                      bank13       00000
__Lbank14                                      bank14       00000
__Lbank15                                      bank15       00000
__Lbank16                                      bank16       00000
__Lbank17                                      bank17       00000
__Lbank18                                      bank18       00000
__Lbank19                                      bank19       00000
__Lbank2                                       bank2        00000
__Lbank20                                      bank20       00000
__Lbank21                                      bank21       00000
__Lbank22                                      bank22       00000
__Lbank23                                      bank23       00000
__Lbank24                                      bank24       00000
__Lbank25                                      bank25       00000
__Lbank26                                      bank26       00000
__Lbank27                                      bank27       00000
__Lbank28                                      bank28       00000
__Lbank29                                      bank29       00000
__Lbank3                                       bank3        00000
__Lbank30                                      bank30       00000
__Lbank31                                      bank31       00000
__Lbank4                                       bank4        00000
__Lbank5                                       bank5        00000
__Lbank6                                       bank6        00000
__Lbank7                                       bank7        00000
__Lbank8                                       bank8        00000
__Lbank9                                       bank9        00000
__Lbigram                                      bigram       00000
__LbssBANK0                                    bssBANK0     00000
__LbssBANK1                                    bssBANK1     00000
__LbssCOMMON                                   bssCOMMON    00000
__Lcinit                                       cinit        00057
__Lclrtext                                     clrtext      00000
__Lcode                                        code         00000
__Lcommon                                      common       00000
__Lconfig                                      config       08007
__LcstackBANK0                                 cstackBANK0  00000
__LcstackBANK1                                 cstackBANK1  00000
__LcstackCOMMON                                cstackCOMMON 00000
__Leeprom_data                                 eeprom_data  00000
__Lend_init                                    end_init     00055
__Lfunctab                                     functab      00000
__Lidloc                                       idloc        00000
__Linit                                        init         00055
__Lintentry                                    intentry     00004
__Lmaintext                                    maintext     00000
__LnvBANK0                                     nvBANK0      00000
__LnvBANK1                                     nvBANK1      00000
__Lpowerup                                     powerup      00000
__Lram                                         ram          00000
__Lreset_vec                                   reset_vec    00000
__Lsfr0                                        sfr0         00000
__Lsfr1                                        sfr1         00000
__Lsfr10                                       sfr10        00000
__Lsfr11                                       sfr11        00000
__Lsfr12                                       sfr12        00000
__Lsfr13                                       sfr13        00000
__Lsfr14                                       sfr14        00000
__Lsfr15                                       sfr15        00000
__Lsfr16                                       sfr16        00000
__Lsfr17                                       sfr17        00000
__Lsfr18                                       sfr18        00000
__Lsfr19                                       sfr19        00000
__Lsfr2                                        sfr2         00000
__Lsfr20                                       sfr20        00000
__Lsfr21                                       sfr21        00000
__Lsfr22                                       sfr22        00000
__Lsfr23                                       sfr23        00000
__Lsfr24                                       sfr24        00000
__Lsfr25                                       sfr25        00000
__Lsfr26                                       sfr26        00000
__Lsfr27                                       sfr27        00000
__Lsfr28                                       sfr28        00000
__Lsfr29                                       sfr29        00000
__Lsfr3                                        sfr3         00000
__Lsfr30                                       sfr30        00000
__Lsfr31                                       sfr31        00000
__Lsfr4                                        sfr4         00000
__Lsfr5                                        sfr5         00000
__Lsfr6                                        sfr6         00000
__Lsfr7                                        sfr7         00000
__Lsfr8                                        sfr8         00000
__Lsfr9                                        sfr9         00000
__Lspace_0                                     (abs)        00000
__Lspace_1                                     (abs)        00000
__Lspace_2                                     (abs)        00000
__Lspace_3                                     (abs)        00000
__Lstack                                       stack        00000
__Lstrings                                     strings      00000
__Ltext                                        text         00000
__S0                                           (abs)        0800C
__S1                                           (abs)        000EE
__S2                                           (abs)        00000
__S3                                           (abs)        00000
___awdiv                                       text79       00617
___awdiv@counter                               cstackBANK0  00020
___awdiv@dividend                              cstackCOMMON 00074
___awdiv@divisor                               cstackCOMMON 00072
___awdiv@quotient                              cstackBANK0  00022
___awdiv@sign                                  cstackBANK0  00021
___awmod                                       text78       00730
___awmod@counter                               cstackCOMMON 00077
___awmod@dividend                              cstackCOMMON 00074
___awmod@divisor                               cstackCOMMON 00072
___awmod@sign                                  cstackCOMMON 00078
___bmul                                        text77       0175C
___bmul@multiplicand                           cstackCOMMON 00072
___bmul@multiplier                             cstackCOMMON 00075
___bmul@product                                cstackCOMMON 00074
___int_sp                                      stack        00000
___latbits                                     (abs)        00002
___lwdiv                                       text3        00C7E
___lwdiv@counter                               cstackCOMMON 00077
___lwdiv@dividend                              cstackCOMMON 00074
___lwdiv@divisor                               cstackCOMMON 00072
___lwdiv@quotient                              cstackCOMMON 00078
___sp                                          stack        00000
___stackhi                                     (abs)        023EF
___stacklo                                     (abs)        0209E
___wmul                                        text91       008F6
___wmul@multiplicand                           cstackCOMMON 00076
___wmul@multiplier                             cstackCOMMON 00074
___wmul@product                                cstackCOMMON 00078
__end_of_ADCC_GetSingleConversion              text66       0175C
__end_of_ADCC_Initialize                       text61       00816
__end_of_Alarm                                 text90       00E05
__end_of_Blink                                 text103      00F6A
__end_of_DATAEE_ReadByte                       text83       0165E
__end_of_DATAEE_WriteByte                      text82       0097E
__end_of_EUSART_DefaultErrorHandler            text99       01586
__end_of_EUSART_DefaultFramingErrorHandler     text98       00800
__end_of_EUSART_DefaultOverrunErrorHandler     text97       0158A
__end_of_EUSART_Initialize                     text55       00CFB
__end_of_EUSART_LastByte                       text101      01596
__end_of_EUSART_Read                           text28       009D2
__end_of_EUSART_Receive_ISR                    text95       00C7E
__end_of_EUSART_RxDataHandler                  text100      017E6
__end_of_EUSART_SetErrorHandler                text60       015A2
__end_of_EUSART_SetFramingErrorHandler         text59       015A8
__end_of_EUSART_SetOverrunErrorHandler         text58       015AE
__end_of_EUSART_SetRxInterruptHandler          text57       015B4
__end_of_EUSART_SetTxInterruptHandler          text56       015BA
__end_of_EUSART_Transmit_ISR                   text113      0095A
__end_of_EUSART_Write                          text26       00A27
__end_of_EUSART_is_rx_ready                    text27       0163C
__end_of_EXT_INT_Initialize                    text53       01690
__end_of_INTERRUPT_InterruptManager            intentry     00055
__end_of_INT_CallBack                          text108      01683
__end_of_INT_DefaultInterruptHandler           text109      00003
__end_of_INT_ISR                               text107      01590
__end_of_INT_SetInterruptHandler               text54       015C0
__end_of_Menu                                  text69       00BA3
__end_of_Menus                                 text67       00D7E
__end_of_OSCILLATOR_Initialize                 text52       01633
__end_of_PIN_MANAGER_Initialize                text51       01000
__end_of_PMD_Initialize                        text50       015E2
__end_of_PWM6_Initialize                       text49       0169D
__end_of_PWM6_LoadDutyValue                    text93       0179C
__end_of_PWM_Output_D4_Disable                 text45       016E7
__end_of_PWM_Output_D4_Enable                  text92       01706
__end_of_ReadI2C                               text64       01800
__end_of_ReadIllum                             text65       016D8
__end_of_ReadTemp                              text62       002D5
__end_of_SYSTEM_Initialize                     text46       0089E
__end_of_ShowOnLEDs                            text87       01652
__end_of_Switch1                               text110      016C9
__end_of_TMR1_DefaultInterruptHandler          text104      00004
__end_of_TMR1_ISR                              text102      017B3
__end_of_TMR1_Initialize                       text48       008F6
__end_of_TMR1_SetInterruptHandler              text68       0159C
__end_of_TMR1_StartTimer                       text89       0157F
__end_of_TMR1_StopTimer                        text88       01582
__end_of_TMR1_WriteTimer                       text106      01727
__end_of_TMR2_Initialize                       text47       016AB
[...]
 This function uses a non-reentrant model


 *************** function _Timer *****************
 Defined at:
		line 47 in file "main.c"
 Parameters:    Size  Location     Type
		None
 Auto vars:     Size  Location     Type
		None
 Return value:  Size  Location     Type
                  1    wreg      void 
 Registers used:
		wreg, status,2, status,0
 Tracked objects:
		On entry : 
		On exit  : 
		Unchanged: 
 Data sizes:     COMMON   BANK0   BANK1   BANK2   BANK3   BANK4   BANK5   BANK6   BANK7   BANK8   BANK9  BANK10  BANK11  BANK12
      Params:         0       0       0       0       0       0       0       0       0       0       0       0       0       0
      Locals:         0       0       0       0       0       0       0       0       0       0       0       0       0       0
      Temps:          1       0       0       0       0       0       0       0       0       0       0       0       0       0
      Totals:         1       0       0       0       0       0       0       0       0       0       0       0       0       0
Total ram usage:        1 bytes
 Hardware stack levels used:    1
 This function calls:
		Nothing
 This function is called by:
		_main
		_TMR1_ISR
 This function uses a non-reentrant model


 *************** function _TMR1_WriteTimer *****************
 Defined at:
		line 127 in file "mcc_generated_files/tmr1.c"
 Parameters:    Size  Location     Type
  timerVal        2    0[COMMON] unsigned short 
 Auto vars:     Size  Location     Type
		None
 Return value:  Size  Location     Type
                  1    wreg      void 
 Registers used:
		wreg, status,2
 Tracked objects:
		On entry : 
		On exit  : 
		Unchanged: 
 Data sizes:     COMMON   BANK0   BANK1   BANK2   BANK3   BANK4   BANK5   BANK6   BANK7   BANK8   BANK9  BANK10  BANK11  BANK12
      Params:         2       0       0       0       0       0       0       0       0       0       0       0       0       0
      Locals:         0       0       0       0       0       0       0       0       0       0       0       0       0       0
      Temps:          0       0       0       0       0       0       0       0       0       0       0       0       0       0
      Totals:         2       0       0       0       0       0       0       0       0       0       0       0       0       0
Total ram usage:        2 bytes
 Hardware stack levels used:    1
 This function calls:
		Nothing
 This function is called by:
		_TMR1_ISR
		_TMR1_Reload
 This function uses a non-reentrant model


 *************** function _INT_ISR *****************
 Defined at:
		line 32 in file "mcc_generated_files/ext_int.c"
 Parameters:    Size  Location     Type
		None
 Auto vars:     Size  Location     Type
		None
 Return value:  Size  Location     Type
                  1    wreg      void 
 Registers used:
		wreg, status,2, status,0, pclath, cstack
 Tracked objects:
		On entry : 
		On exit  : 
		Unchanged: 
 Data sizes:     COMMON   BANK0   BANK1   BANK2   BANK3   BANK4   BANK5   BANK6   BANK7   BANK8   BANK9  BANK10  BANK11  BANK12
      Params:         0       0       0       0       0       0       0       0       0       0       0       0       0       0
      Locals:         0       0       0       0       0       0       0       0       0       0       0       0       0       0
      Temps:          0       0       0       0       0       0       0       0       0       0       0       0       0       0
      Totals:         0       0       0       0       0       0       0       0       0       0       0       0       0       0
Total ram usage:        0 bytes
 Hardware stack levels used:    1
 Hardware stack levels required when called:    4
 This function calls:
		_INT_CallBack
 This function is called by:
		_INTERRUPT_InterruptManager
 This function uses a non-reentrant model


 *************** function _INT_CallBack *****************
 Defined at:
		line 41 in file "mcc_generated_files/ext_int.c"
 Parameters:    Size  Location     Type
		None
 Auto vars:     Size  Location     Type
		None
 Return value:  Size  Location     Type
                  1    wreg      void 
 Registers used:
		wreg, status,2, status,0, pclath, cstack
 Tracked objects:
		On entry : 
		On exit  : 
		Unchanged: 
 Data sizes:     COMMON   BANK0   BANK1   BANK2   BANK3   BANK4   BANK5   BANK6   BANK7   BANK8   BANK9  BANK10  BANK11  BANK12
      Params:         0       0       0       0       0       0       0       0       0       0       0       0       0       0
      Locals:         0       0       0       0       0       0       0       0       0       0       0       0       0       0
      Temps:          0       0       0       0       0       0       0       0       0       0       0       0       0       0
      Totals:         0       0       0       0       0       0       0       0       0       0       0       0       0       0
Total ram usage:        0 bytes
 Hardware stack levels used:    1
 Hardware stack levels required when called:    3
 This function calls:
		Absolute function
		_INT_DefaultInterruptHandler
		_Switch1
 This function is called by:
		_INT_ISR
 This function uses a non-reentrant model


 *************** function _INT_DefaultInterruptHandler *****************
 Defined at:
		line 54 in file "mcc_generated_files/ext_int.c"
 Parameters:    Size  Location     Type
		None
 Auto vars:     Size  Location     Type
		None
 Return value:  Size  Location     Type
                  1    wreg      void 
 Registers used:
		None
 Tracked objects:
		On entry : 
		On exit  : 
		Unchanged: 
 Data sizes:     COMMON   BANK0   BANK1   BANK2   BANK3   BANK4   BANK5   BANK6   BANK7   BANK8   BANK9  BANK10  BANK11  BANK12
      Params:         0       0       0       0       0       0       0       0       0       0       0       0       0       0
      Locals:         0       0       0       0       0       0       0       0       0       0       0       0       0       0
      Temps:          0       0       0       0       0       0       0       0       0       0       0       0       0       0
      Totals:         0       0       0       0       0       0       0       0       0       0       0       0       0       0
Total ram usage:        0 bytes
 Hardware stack levels used:    1
 This function calls:
		Nothing
 This function is called by:
		_EXT_INT_Initialize
		_INT_CallBack
 This function uses a non-reentrant model


 *************** function _Switch1 *****************
 Defined at:
		line 79 in file "main.c"
 Parameters:    Size  Location     Type
		None
 Auto vars:     Size  Location     Type
		None
 Return value:  Size  Location     Type
                  1    wreg      void 
 Registers used:
		wreg, status,2, status,0, pclath, cstack
 Tracked objects:
		On entry : 
		On exit  : 
		Unchanged: 
 Data sizes:     COMMON   BANK0   BANK1   BANK2   BANK3   BANK4   BANK5   BANK6   BANK7   BANK8   BANK9  BANK10  BANK11  BANK12
      Params:         0       0       0       0       0       0       0       0       0       0       0       0       0       0
      Locals:         0       0       0       0       0       0       0       0       0       0       0       0       0       0
      Temps:          1       0       0       0       0       0       0       0       0       0       0       0       0       0
      Totals:         1       0       0       0       0       0       0       0       0       0       0       0       0       0
Total ram usage:        1 bytes
 Hardware stack levels used:    1
 Hardware stack levels required when called:    2
 This function calls:
		i1_clear_alarm
 This function is called by:
		_main
		_INT_CallBack
 This function uses a non-reentrant model


 *************** function i1_clear_alarm *****************
 Defined at:
		line 73 in file "main.c"
 Parameters:    Size  Location     Type
		None
 Auto vars:     Size  Location     Type
		None
 Return value:  Size  Location     Type
                  1    wreg      void 
 Registers used:
		wreg, status,2, status,0, pclath, cstack
 Tracked objects:
		On entry : 
		On exit  : 
		Unchanged: 
 Data sizes:     COMMON   BANK0   BANK1   BANK2   BANK3   BANK4   BANK5   BANK6   BANK7   BANK8   BANK9  BANK10  BANK11  BANK12
      Params:         0       0       0       0       0       0       0       0       0       0       0       0       0       0
      Locals:         0       0       0       0       0       0       0       0       0       0       0       0       0       0
      Temps:          0       0       0       0       0       0       0       0       0       0       0       0       0       0
      Totals:         0       0       0       0       0       0       0       0       0       0       0       0       0       0
Total ram usage:        0 bytes
 Hardware stack levels used:    1
 Hardware stack levels required when called:    1
 This function calls:
		i1_PWM_Output_D4_Disable
 This function is called by:
		_Switch1
 This function uses a non-reentrant model


 *************** function i1_PWM_Output_D4_Disable *****************
 Defined at:
		line 61 in file "utils.c"
 Parameters:    Size  Location     Type
		None
 Auto vars:     Size  Location     Type
		None
 Return value:  Size  Location     Type
                  1    wreg      void 
 Registers used:
		wreg, status,2
 Tracked objects:
		On entry : 
		On exit  : 
		Unchanged: 
 Data sizes:     COMMON   BANK0   BANK1   BANK2   BANK3   BANK4   BANK5   BANK6   BANK7   BANK8   BANK9  BANK10  BANK11  BANK12
      Params:         0       0       0       0       0       0       0       0       0       0       0       0       0       0
      Locals:         0       0       0       0       0       0       0       0       0       0       0       0       0       0
      Temps:          0       0       0       0       0       0       0       0       0       0       0       0       0       0
      Totals:         0       0       0       0       0       0       0       0       0       0       0       0       0       0
Total ram usage:        0 bytes
 Hardware stack levels used:    1
 This function calls:
		Nothing
 This function is called by:
		i1_clear_alarm
 This function uses a non-reentrant model


 *************** function _EUSART_Transmit_ISR *****************
 Defined at:
		line 206 in file "mcc_generated_files/eusart.c"
 Parameters:    Size  Location     Type
		None
 Auto vars:     Size  Location     Type
		None
 Return value:  Size  Location     Type
                  1    wreg      void 
 Registers used:
		wreg, fsr1l, fsr1h, status,2, status,0
 Tracked objects:
		On entry : 
		On exit  : 
		Unchanged: 
 Data sizes:     COMMON   BANK0   BANK1   BANK2   BANK3   BANK4   BANK5   BANK6   BANK7   BANK8   BANK9  BANK10  BANK11  BANK12
      Params:         0       0       0       0       0       0       0       0       0       0       0       0       0       0
      Locals:         0       0       0       0       0       0       0       0       0       0       0       0       0       0
      Temps:          1       0       0       0       0       0       0       0       0       0       0       0       0       0
      Totals:         1       0       0       0       0       0       0       0       0       0       0       0       0       0
Total ram usage:        1 bytes
 Hardware stack levels used:    1
 This function calls:
		Nothing
 This function is called by:
		_EUSART_Initialize
		_INTERRUPT_InterruptManager
 This function uses a non-reentrant model



MODULE INFORMATION

Module		Function		Class		Link	Load	Size
mcc_generated_files/pwm6.c
		_PWM6_LoadDutyValue		CODE           	1786	0000	23
		_PWM6_Initialize		CODE           	1690	0000	14

mcc_generated_files/pwm6.c estimated size: 37

mcc_generated_files/tmr2.c
		_TMR2_Initialize		CODE           	169D	0000	15

mcc_generated_files/tmr2.c estimated size: 15

mcc_generated_files/interrupt_manager.c
		_INTERRUPT_InterruptManager		CODE           	0004	0000	82

mcc_generated_files/interrupt_manager.c estimated size: 82

C:\Program Files (x86)\Microchip\xc8\v2.10\pic\sources\c99\common\lwdiv.c
		___lwdiv       		CODE           	0C7E	0000	61

C:\Program Files (x86)\Microchip\xc8\v2.10\pic\sources\c99\common\lwdiv.c estimated size: 61

C:\Program Files (x86)\Microchip\xc8\v2.10\pic\sources\c99\common\awdiv.c
		___awdiv       		CODE           	0617	0000	97

C:\Program Files (x86)\Microchip\xc8\v2.10\pic\sources\c99\common\awdiv.c estimated size: 97

C:\Program Files (x86)\Microchip\xc8\v2.10\pic\sources\c99\common\strlen.c
		_strlen        		CODE           	17B3	0000	26

C:\Program Files (x86)\Microchip\xc8\v2.10\pic\sources\c99\common\strlen.c estimated size: 26

communications.c
		_read_temp_lum 		CODE           	0867	0000	28
		_set_clock     		CODE           	05A9	0000	111
		_read_msgs     		CODE           	0ED9	0000	73
		_read_alarms   		CODE           	0915	0000	34
		_registers_info		CODE           	0E91	0000	73
		_modify_pmon   		CODE           	0BA3	0000	55
		_countMsg      		CODE           	1727	0000	18
		_switch_alarm  		CODE           	0C0F	0000	55
		_transfer_registers		CODE           	09D2	0000	43
		_transfer_registers_i		CODE           	0E05	0000	70
		_send_msg      		CODE           	0A27	0000	46
		_modify_time_alarm		CODE           	0BD9	0000	55
		_define_alarm  		CODE           	0CFB	0000	66
		_read_param    		CODE           	084C	0000	28
		_send_confirmation		CODE           	0831	0000	28
		_read_clock    		CODE           	07D0	0000	48
		_interpret_message		CODE           	051D	0000	141

communications.c estimated size: 972

mcc_generated_files/pin_manager.c
		_PIN_MANAGER_Initialize		CODE           	0FB5	0000	76

mcc_generated_files/pin_manager.c estimated size: 76

C:\Program Files (x86)\Microchip\xc8\v2.10\pic\sources\c99\common\Umul8.c
		___bmul        		CODE           	175C	0000	22

C:\Program Files (x86)\Microchip\xc8\v2.10\pic\sources\c99\common\Umul8.c estimated size: 22

I2C/i2c.c
		_ReadI2C       		CODE           	17E6	0000	27
		_WriteI2C      		CODE           	0F6A	0000	76

I2C/i2c.c estimated size: 103

menus.c
		_submenu_temp  		CODE           	06D4	0000	93
		_submenu_clock 		CODE           	03D9	0000	182
		_submenu_alarm 		CODE           	1706	0000	17
		_submenu_illum 		CODE           	1738	0000	19
		_Blink         		CODE           	0F21	0000	74
		_Menus         		CODE           	0D3C	0000	67
		_Update        		CODE           	097E	0000	43
		_Menu          		CODE           	0B6E	0000	54

menus.c estimated size: 549

eeprom.c
		_write_alaf    		CODE           	0A54	0000	47
		_write_alal    		CODE           	0A82	0000	47
		_write_alat    		CODE           	0AB0	0000	47
		_read_pmon     		CODE           	1612	0000	9
		_eeprom_clk_update		CODE           	0E4A	0000	72
		_write_tala    		CODE           	0B0C	0000	47
		_read_tala     		CODE           	161A	0000	9
		_read_alaf     		CODE           	15E2	0000	9
		_read_alal     		CODE           	15EA	0000	9
		_read_alat     		CODE           	15F2	0000	9
		_get_check_up_value		CODE           	0677	0000	94
		_write_pmon    		CODE           	0ADE	0000	47
		_read_iwrt     		CODE           	1622	0000	9
		_check_corruption		CODE           	1771	0000	22
		_used          		CODE           	0816	0000	28
		_read_nreg     		CODE           	160A	0000	9
		_ring_buffer_laped		CODE           	16E7	0000	16
		_read_clkh     		CODE           	15FA	0000	9
		_read_clkm     		CODE           	1602	0000	9
		_eeprom_setup  		CODE           	048E	0000	144
		_ring_buffer_write		CODE           	02D5	0000	261

eeprom.c estimated size: 953

mcc_generated_files/ext_int.c
		_INT_DefaultInterruptHandler		CODE           	0002	0000	2
		_EXT_INT_Initialize		CODE           	1683	0000	14
		_INT_SetInterruptHandler		CODE           	15BA	0000	7
		_INT_CallBack  		CODE           	1676	0000	14
		_INT_ISR       		CODE           	158A	0000	7

mcc_generated_files/ext_int.c estimated size: 44

shared
		__initialization		CODE           	0057	0000	19
		i1_PWM_Output_D4_Disable		CODE           	16AB	0000	16
		i1_clear_alarm 		CODE           	15CC	0000	8

shared estimated size: 43

mcc_generated_files/mcc.c
		_PMD_Initialize		CODE           	15DA	0000	9
		_OSCILLATOR_Initialize		CODE           	162A	0000	10
		_SYSTEM_Initialize		CODE           	0882	0000	29

mcc_generated_files/mcc.c estimated size: 48

mcc_generated_files/tmr1.c
		_TMR1_Initialize		CODE           	08D8	0000	31
		_TMR1_SetInterruptHandler		CODE           	1596	0000	7
		_TMR1_StopTimer		CODE           	157F	0000	4
		_TMR1_DefaultInterruptHandler		CODE           	0003	0000	2
		_TMR1_WriteTimer		CODE           	1716	0000	18
		_TMR1_StartTimer		CODE           	157C	0000	4
		_TMR1_ISR      		CODE           	179C	0000	24

mcc_generated_files/tmr1.c estimated size: 90

utils.c
		_ReadTemp      		CODE           	01C8	0000	270
		_PWM_Output_D4_Disable		CODE           	16D8	0000	16
		_default_setup 		CODE           	0B3A	0000	53
		_PWM_Output_D4_Enable		CODE           	16F6	0000	17
		_update_clk    		CODE           	163C	0000	11
		_ReadIllum     		CODE           	16C9	0000	16
		_checkButtonS1 		CODE           	089E	0000	30
		_checkButtonS2 		CODE           	08BB	0000	30
		_ShowOnLEDs    		CODE           	1646	0000	13
		_load_eeprom   		CODE           	0783	0000	78

utils.c estimated size: 534

C:\Program Files (x86)\Microchip\xc8\v2.10\pic\sources\c99\common\Umul16.c
		___wmul        		CODE           	08F6	0000	32

C:\Program Files (x86)\Microchip\xc8\v2.10\pic\sources\c99\common\Umul16.c estimated size: 32

mcc_generated_files/memory.c
		_DATAEE_WriteByte		CODE           	095A	0000	37
		_DATAEE_ReadByte		CODE           	1652	0000	13

mcc_generated_files/memory.c estimated size: 50

mcc_generated_files/i2c1_driver.c
		_i2c1_driver_open		CODE           	165E	0000	13

mcc_generated_files/i2c1_driver.c estimated size: 13

mcc_generated_files/eusart.c
		_EUSART_SetRxInterruptHandler		CODE           	15AE	0000	7
		_EUSART_SetTxInterruptHandler		CODE           	15B4	0000	7
		_putch         		CODE           	15C0	0000	7
		_EUSART_Read   		CODE           	09A8	0000	43
		_EUSART_DefaultOverrunErrorHandler		CODE           	1586	0000	5
		_EUSART_Write  		CODE           	09FC	0000	44
		_EUSART_DefaultErrorHandler		CODE           	1582	0000	5
		_EUSART_Transmit_ISR		CODE           	0936	0000	37
		_EUSART_Initialize		CODE           	0CBA	0000	66
		_EUSART_SetFramingErrorHandler		CODE           	15A2	0000	7
		_EUSART_LastByte		CODE           	1590	0000	7
		_EUSART_SetErrorHandler		CODE           	159C	0000	7
		_EUSART_SetOverrunErrorHandler		CODE           	15A8	0000	7
		_EUSART_Receive_ISR		CODE           	0C45	0000	58
		_EUSART_RxDataHandler		CODE           	17CC	0000	27
		_EUSART_DefaultFramingErrorHandler		CODE           	07FF	0000	2
		_EUSART_is_rx_ready		CODE           	1633	0000	10

mcc_generated_files/eusart.c estimated size: 346

mcc_generated_files/adcc.c
		_ADCC_GetSingleConversion		CODE           	174A	0000	19
		_ADCC_Initialize		CODE           	0800	0000	23

mcc_generated_files/adcc.c estimated size: 42

C:\Program Files (x86)\Microchip\xc8\v2.10\pic\sources\c99\common\awmod.c
		___awmod       		CODE           	0730	0000	84

C:\Program Files (x86)\Microchip\xc8\v2.10\pic\sources\c99\common\awmod.c estimated size: 84

main.c
		_sys_init      		CODE           	166A	0000	13
		_clear_alarm   		CODE           	15D3	0000	8
		_Timer         		CODE           	0D7E	0000	68
		_main          		CODE           	006D	0000	348
		_Switch1       		CODE           	16BA	0000	16
		_Alarm         		CODE           	0DC1	0000	69

main.c estimated size: 522

