Microchip MPLAB XC8 Compiler V2.10 ()

Linker command line:

-W-3 --edf=/home/pedromoreira/MyPrograms/mplab_SCE/xc8/pic/dat/en_msgs.txt \
  -cs -h+dist/default/production/WeatherStation_g8.x.production.sym \
  --cmf=dist/default/production/WeatherStation_g8.x.production.cmf -z \
  -Q16F18875 -o/tmp/xcXHctJGl --defsym=__MPLAB_BUILD=1 \
  -Mdist/default/production/WeatherStation_g8.x.production.map -E1 -ver=XC8 \
  --acfsm=1493 -ASTACK=0204Fh-023EFh -pstack=STACK -ACODE=00h-07FFhx4 \
  -ASTRCODE=00h-01FFFh -ASTRING=00h-0FFhx32 -ACONST=00h-0FFhx32 \
  -AENTRY=00h-0FFhx32 -ACOMMON=070h-07Fh -ABANK0=020h-06Fh \
  -ABANK1=0A0h-0EFh -ABANK2=0120h-016Fh -ABANK3=01A0h-01EFh \
  -ABANK4=0220h-026Fh -ABANK5=02A0h-02EFh -ABANK6=0320h-036Fh \
  -ABANK7=03A0h-03EFh -ABANK8=0420h-046Fh -ABANK9=04A0h-04EFh \
  -ABANK10=0520h-056Fh -ABANK11=05A0h-05EFh -ABANK12=0620h-064Fh \
  -ABIGRAM=02000h-023EFh \
  -ARAM=020h-06Fh,0A0h-0EFh,0120h-016Fh,01A0h-01EFh,0220h-026Fh,02A0h-02EFh,0320h-036Fh,03A0h-03EFh,0420h-046Fh,04A0h-04EFh,0520h-056Fh,05A0h-05EFh,0620h-064Fh \
  -AABS1=020h-07Fh,0A0h-0EFh,0120h-016Fh,01A0h-01EFh,0220h-026Fh,02A0h-02EFh,0320h-036Fh,03A0h-03EFh,0420h-046Fh,04A0h-04EFh,0520h-056Fh,05A0h-05EFh,0620h-064Fh \
  -ASFR0=00h-01Fh -ASFR1=080h-09Fh -ASFR2=0100h-011Fh -ASFR3=0180h-019Fh \
  -ASFR4=0200h-021Fh -ASFR5=0280h-029Fh -ASFR6=0300h-031Fh \
  -ASFR7=0380h-039Fh -ASFR8=0400h-041Fh -ASFR9=0480h-049Fh \
  -ASFR10=0500h-051Fh -ASFR11=0580h-059Fh -ASFR12=0600h-061Fh \
  -ASFR13=0680h-06EFh -ASFR14=0700h-076Fh -ASFR15=0780h-07EFh \
  -ASFR16=0800h-086Fh -ASFR17=0880h-08EFh -ASFR18=0900h-096Fh \
  -ASFR19=0980h-09EFh -ASFR20=0A00h-0A6Fh -ASFR21=0A80h-0AEFh \
  -ASFR22=0B00h-0B6Fh -ASFR23=0B80h-0BEFh -ASFR24=0C00h-0C6Fh \
  -ASFR25=0C80h-0CEFh -ASFR26=0D00h-0D6Fh -ASFR27=0D80h-0DEFh \
  -ASFR28=0E00h-0E6Fh -ASFR29=0E80h-0EEFh -ASFR30=0F00h-0F6Fh \
  -ASFR31=0F80h-0FEFh -preset_vec=00h,intentry=04h,init,end_init \
  -ppowerup=CODE -pcinit=CODE -pfunctab=ENTRY -ACONFIG=08007h-0800Bh \
  -pconfig=CONFIG -DCONFIG=2 -AIDLOC=08000h-08003h -pidloc=IDLOC -DIDLOC=2 \
  -AEEDATA=00h-0FFh/0F000h -peeprom_data=EEDATA -DEEDATA=2 -DCODE=2 \
  -DSTRCODE=2 -DSTRING=2 -DCONST=2 -DENTRY=2 -k /tmp/xcXHbdLng.o \
  dist/default/production/WeatherStation_g8.x.production.o 

Object code version is 3.11

Machine type is 16F18875



                Name                               Link     Load   Length Selector   Space Scale
/tmp/xcXHbdLng.o
                end_init                             43       43        2        8       0
                reset_vec                             0        0        2        0       0
                config                             8007     8007        5    1000E       0
dist/default/production/WeatherStation_g8.x.production.o
                cinit                                45       45       1B        8       0
                intentry                              4        4       3F        8       0
                text62                              7E1      7E1        F        8       0
                text61                              F4B      F4B        3     1E96       0
                text60                              7B1      7B1       11        8       0
                text59                              7D2      7D2        F        8       0
                text58                                3        3        1        6       0
                text57                              FCC      FCC        D     1F98       0
                text56                              F67      F67        6     1ECE       0
                text55                              7A0      7A0       11        8       0
                text54                              2CF      2CF       6C        8       0
                text53                              7FF      7FF        1        8       0
                text52                              531      531       46        8       0
                text51                              700      700       17        8       0
                text50                              7FE      7FE        1        8       0
                text49                              FD9      FD9        D     1FB2       0
                text48                              F6D      F6D        6     1EDA       0
                text46                              743      743       16        8       0
                text45                              7C2      7C2       10        8       0
                text44                              F91      F91        7     1F22       0
                text43                              F5A      F5A        4     1EB4       0
                text42                              F4E      F4E        3     1E9C       0
                text41                              F5E      F5E        4     1EBC       0
                text40                              6B5      6B5       1A        8       0
                text39                              F51      F51        3     1EA2       0
                text38                              F54      F54        3     1EA8       0
                text37                              FA9      FA9        B     1F52       0
                text36                              67D      67D       1E        8       0
                text35                              65F      65F       1E        8       0
                text34                              577      577       37        8       0
                text33                              78F      78F       11        8       0
                text32                              33B      33B       60        8       0
                text31                              3F8      3F8       54        8       0
                text30                              5E0      5E0       22        8       0
                text29                              16F      16F       BC        8       0
                text28                              77E      77E       11        8       0
                text27                              39B      39B       5D        8       0
                text26                              5AE      5AE       32        8       0
                text25                              F73      F73        6     1EE6       0
                text24                              44C      44C       53        8       0
                text23                              76C      76C       12        8       0
                text22                              759      759       13        8       0
                text21                              69B      69B       1A        8       0
                text20                              49F      49F       4B        8       0
                text19                              F62      F62        5     1EC4       0
                text18                              72D      72D       16        8       0
                text17                              F79      F79        6     1EF2       0
                text16                              FE6      FE6        D     1FCC       0
                text15                              FA0      FA0        9     1F40       0
                text14                              4EA      4EA       47        8       0
                text13                              F98      F98        8     1F30       0
                text12                              FF3      FF3        D     1FE6       0
                text11                              641      641       1E        8       0
                text10                              F7F      F7F        6     1EFE       0
                text9                               717      717       16        8       0
                text8                               6CF      6CF       19        8       0
                text7                               602      602       21        8       0
                text6                               FB4      FB4        C     1F68       0
                text5                               623      623       1E        8       0
                text4                               FC0      FC0        C     1F80       0
                text3                               F57      F57        3     1EAE       0
                text2                                60       60      10F        8       0
                text1                               6E8      6E8       18        8       0
                maintext                            22B      22B       A4        8       0
                cstackBANK0                          4A       4A       17       20       1
                cstackCOMMON                         70       70        8       70       1
                clrtext                             F85      F85        6     1F0A       0
                inittext                            F8B      F8B        6     1F16       0
                dataBANK0                            61       61        E       20       1
                bssBANK0                             20       20       2A       20       1
                bssCOMMON                            78       78        3       70       1
                idataBANK0                          7F0      7F0        E        8       0

TOTAL           Name                               Link     Load   Length     Space
        CLASS   STACK          

        CLASS   CODE           
                end_init                             43       43        2         0
                cinit                                45       45       1B         0
                intentry                              4        4       3F         0
                reset_vec                             0        0        2         0
                text62                              7E1      7E1        F         0
                text61                              F4B      F4B        3         0
                text60                              7B1      7B1       11         0
                text59                              7D2      7D2        F         0
                text58                                3        3        1         0
                text57                              FCC      FCC        D         0
                text56                              F67      F67        6         0
                text55                              7A0      7A0       11         0
                text54                              2CF      2CF       6C         0
                text53                              7FF      7FF        1         0
                text52                              531      531       46         0
                text51                              700      700       17         0
                text50                              7FE      7FE        1         0
                text49                              FD9      FD9        D         0
                text48                              F6D      F6D        6         0
                text46                              743      743       16         0
                text45                              7C2      7C2       10         0
                text44                              F91      F91        7         0
                text43                              F5A      F5A        4         0
                text42                              F4E      F4E        3         0
                text41                              F5E      F5E        4         0
                text40                              6B5      6B5       1A         0
                text39                              F51      F51        3         0
                text38                              F54      F54        3         0
                text37                              FA9      FA9        B         0
                text36                              67D      67D       1E         0
                text35                              65F      65F       1E         0
                text34                              577      577       37         0
                text33                              78F      78F       11         0
                text32                              33B      33B       60         0
                text31                              3F8      3F8       54         0
                text30                              5E0      5E0       22         0
                text29                              16F      16F       BC         0
                text28                              77E      77E       11         0
                text27                              39B      39B       5D         0
                text26                              5AE      5AE       32         0
                text25                              F73      F73        6         0
                text24                              44C      44C       53         0
                text23                              76C      76C       12         0
                text22                              759      759       13         0
                text21                              69B      69B       1A         0
                text20                              49F      49F       4B         0
                text19                              F62      F62        5         0
                text18                              72D      72D       16         0
                text17                              F79      F79        6         0
                text16                              FE6      FE6        D         0
                text15                              FA0      FA0        9         0
                text14                              4EA      4EA       47         0
                text13                              F98      F98        8         0
                text12                              FF3      FF3        D         0
                text11                              641      641       1E         0
                text10                              F7F      F7F        6         0
                text9                               717      717       16         0
                text8                               6CF      6CF       19         0
                text7                               602      602       21         0
                text6                               FB4      FB4        C         0
                text5                               623      623       1E         0
                text4                               FC0      FC0        C         0
                text3                               F57      F57        3         0
                text2                                60       60      10F         0
                text1                               6E8      6E8       18         0
                maintext                            22B      22B       A4         0
                clrtext                             F85      F85        6         0
                inittext                            F8B      F8B        6         0
                idataBANK0                          7F0      7F0        E         0

        CLASS   STRCODE        

        CLASS   STRING         

        CLASS   CONST          

        CLASS   ENTRY          

        CLASS   COMMON         
                cstackCOMMON                         70       70        8         1
                bssCOMMON                            78       78        3         1

        CLASS   BANK0          
                cstackBANK0                          4A       4A       17         1
                dataBANK0                            61       61        E         1
                bssBANK0                             20       20       2A         1

        CLASS   BANK1          

        CLASS   BANK2          

        CLASS   BANK3          

        CLASS   BANK4          

        CLASS   BANK5          

        CLASS   BANK6          

        CLASS   BANK7          

        CLASS   BANK8          

        CLASS   BANK9          

        CLASS   BANK10         

        CLASS   BANK11         

        CLASS   BANK12         

        CLASS   BIGRAM         

        CLASS   RAM            

        CLASS   ABS1           
                abs_s1                               7E       7E        2         1

        CLASS   SFR0           

        CLASS   SFR1           

        CLASS   SFR2           

        CLASS   SFR3           

        CLASS   SFR4           

        CLASS   SFR5           

        CLASS   SFR6           

        CLASS   SFR7           

        CLASS   SFR8           

        CLASS   SFR9           

        CLASS   SFR10          

        CLASS   SFR11          

        CLASS   SFR12          

        CLASS   SFR13          

        CLASS   SFR14          

        CLASS   SFR15          

        CLASS   SFR16          

        CLASS   SFR17          

        CLASS   SFR18          

        CLASS   SFR19          

        CLASS   SFR20          

        CLASS   SFR21          

        CLASS   SFR22          

        CLASS   SFR23          

        CLASS   SFR24          

        CLASS   SFR25          

        CLASS   SFR26          

        CLASS   SFR27          

        CLASS   SFR28          

        CLASS   SFR29          

        CLASS   SFR30          

        CLASS   SFR31          

        CLASS   CONFIG         
                config                             8007     8007        5         0

        CLASS   IDLOC          

        CLASS   EEDATA         

        CLASS   BANK31         

        CLASS   BANK30         

        CLASS   BANK29         

        CLASS   BANK28         

        CLASS   BANK27         

        CLASS   BANK26         

        CLASS   BANK25         

        CLASS   BANK24         

        CLASS   BANK23         

        CLASS   BANK22         

        CLASS   BANK21         

        CLASS   BANK20         

        CLASS   BANK19         

        CLASS   BANK18         

        CLASS   BANK17         

        CLASS   BANK16         

        CLASS   BANK15         

        CLASS   BANK14         

        CLASS   BANK13         



SEGMENTS        Name                           Load    Length   Top    Selector   Space  Class     Delta

                reset_vec                      000000  000002  000002         0       0  CODE        2
                text58                         000003  000001  000004         6       0  CODE        2
                intentry                       000004  0007FC  000800         8       0  CODE        2
                bssBANK0                       000020  00004F  00006F        20       1  BANK0       1
                cstackCOMMON                   000070  00000B  00007B        70       1  COMMON      1
                text61                         000F4B  000003  000F4E      1E96       0  CODE        2
                text42                         000F4E  000003  000F51      1E9C       0  CODE        2
                text39                         000F51  000003  000F54      1EA2       0  CODE        2
                text38                         000F54  000003  000F57      1EA8       0  CODE        2
                text3                          000F57  000003  000F5A      1EAE       0  CODE        2
                text43                         000F5A  000004  000F5E      1EB4       0  CODE        2
                text41                         000F5E  000004  000F62      1EBC       0  CODE        2
                text19                         000F62  000005  000F67      1EC4       0  CODE        2
                text56                         000F67  000006  000F6D      1ECE       0  CODE        2
                text48                         000F6D  000006  000F73      1EDA       0  CODE        2
                text25                         000F73  000006  000F79      1EE6       0  CODE        2
                text17                         000F79  000006  000F7F      1EF2       0  CODE        2
                text10                         000F7F  000006  000F85      1EFE       0  CODE        2
                clrtext                        000F85  000006  000F8B      1F0A       0  CODE        2
                inittext                       000F8B  000006  000F91      1F16       0  CODE        2
                text44                         000F91  000007  000F98      1F22       0  CODE        2
                text13                         000F98  000008  000FA0      1F30       0  CODE        2
                text15                         000FA0  000009  000FA9      1F40       0  CODE        2
                text37                         000FA9  00000B  000FB4      1F52       0  CODE        2
                text6                          000FB4  00000C  000FC0      1F68       0  CODE        2
                text4                          000FC0  00000C  000FCC      1F80       0  CODE        2
                text57                         000FCC  00000D  000FD9      1F98       0  CODE        2
                text49                         000FD9  00000D  000FE6      1FB2       0  CODE        2
                text16                         000FE6  00000D  000FF3      1FCC       0  CODE        2
                text12                         000FF3  00000D  001000      1FE6       0  CODE        2
                config                         008007  000005  00800C     1000E       0  CONFIG      2


UNUSED ADDRESS RANGES

        Name                Unused          Largest block    Delta
        BANK0            0006F-0006F               1           1
        BANK1            000A0-000EF              50           1
        BANK10           00520-0056F              50           1
        BANK11           005A0-005EF              50           1
        BANK12           00620-0064F              30           1
        BANK2            00120-0016F              50           1
        BANK3            001A0-001EF              50           1
        BANK4            00220-0026F              50           1
        BANK5            002A0-002EF              50           1
        BANK6            00320-0036F              50           1
        BANK7            003A0-003EF              50           1
        BANK8            00420-0046F              50           1
        BANK9            004A0-004EF              50           1
        BIGRAM           02000-023EF             3F0           1
        CODE             00002-00002               1           2
                         00800-00F4A             74B
                         01000-01FFF             800
        COMMON           0007B-0007D               3           1
        CONST            00002-00002               1           2
                         00800-00F4A             100
                         01000-01FFF             100
        EEDATA           0F000-0F0FF             100           2
        ENTRY            00002-00002               1           2
                         00800-00F4A             100
                         01000-01FFF             100
        IDLOC            08000-08003               4           2
        RAM              0006F-0006F               1           1
                         000A0-000EF              50
                         00120-0016F              50
                         001A0-001EF              50
                         00220-0026F              50
                         002A0-002EF              50
                         00320-0036F              50
                         003A0-003EF              50
                         00420-0046F              50
                         004A0-004EF              50
                         00520-0056F              50
                         005A0-005EF              50
                         00620-0064F              30
        SFR0             00000-0001F              20           1
        SFR1             00080-0009F              20           1
        SFR10            00500-0051F              20           1
        SFR11            00580-0059F              20           1
        SFR12            00600-0061F              20           1
        SFR13            00680-006EF              70           1
        SFR14            00700-0076F              70           1
        SFR15            00780-007EF              70           1
        SFR16            00800-0086F              70           1
        SFR17            00880-008EF              70           1
        SFR18            00900-0096F              70           1
        SFR19            00980-009EF              70           1
        SFR2             00100-0011F              20           1
        SFR20            00A00-00A6F              70           1
        SFR21            00A80-00AEF              70           1
        SFR22            00B00-00B6F              70           1
        SFR23            00B80-00BEF              70           1
        SFR24            00C00-00C6F              70           1
        SFR25            00C80-00CEF              70           1
        SFR26            00D00-00D6F              70           1
        SFR27            00D80-00DEF              70           1
        SFR28            00E00-00E6F              70           1
        SFR29            00E80-00EEF              70           1
        SFR3             00180-0019F              20           1
        SFR30            00F00-00F6F              70           1
        SFR31            00F80-00FEF              70           1
        SFR4             00200-0021F              20           1
        SFR5             00280-0029F              20           1
        SFR6             00300-0031F              20           1
        SFR7             00380-0039F              20           1
        SFR8             00400-0041F              20           1
        SFR9             00480-0049F              20           1
        STACK            0204F-023EF             3A1           1
        STRCODE          00002-00002               1           2
                         00800-00F4A             74B
                         01000-01FFF            1000
        STRING           00002-00002               1           2
                         00800-00F4A             100
                         01000-01FFF             100

                                  Symbol Table

?_ADCC_GetSingleConversion                cstackCOMMON 00073
?_ReadIllum                               cstackBANK0  0004A
?_ReadTemp                                cstackCOMMON 00075
?_TMR1_ReadTimer                          cstackCOMMON 00073
?___awdiv                                 cstackCOMMON 00073
?___awmod                                 cstackCOMMON 00073
?___wmul                                  cstackCOMMON 00073
ADCC_GetSingleConversion@channel          cstackCOMMON 00076
DATAEE_ReadByte@bAdd                      cstackCOMMON 00073
DATAEE_WriteByte@GIEBitValue              cstackCOMMON 00076
DATAEE_WriteByte@bAdd                     cstackCOMMON 00073
DATAEE_WriteByte@bData                    cstackCOMMON 00075
INT_SetInterruptHandler@InterruptHandler  cstackCOMMON 00073
Menu@mode                                 cstackBANK0  00056
PWM6_LoadDutyValue@dutyValue              cstackCOMMON 00073
ShowOnLEDs@num                            cstackCOMMON 00073
TMR1_ReadTimer@readVal                    cstackBANK0  0004F
TMR1_ReadTimer@readValHigh                cstackBANK0  00051
TMR1_ReadTimer@readValLow                 cstackBANK0  00052
TMR1_SetInterruptHandler@InterruptHandler cstackCOMMON 00073
TMR1_WriteTimer@timerVal                  cstackCOMMON 00070
TMR2_Counter8BitGet@readVal               cstackCOMMON 00074
TMR2_SetInterruptHandler@InterruptHandler cstackCOMMON 00073
Update@thr                                cstackCOMMON 00076
Update@var                                cstackBANK0  0004C
WriteI2C@data_out                         cstackCOMMON 00074
_ADACCH                                   (abs)        00091
_ADACCL                                   (abs)        00090
_ADACQ                                    (abs)        0009D
_ADACT                                    (abs)        00099
_ADCAP                                    (abs)        0009B
_ADCC_GetSingleConversion                 text23       0076C
_ADCC_Initialize                          text18       0072D
_ADCLK                                    (abs)        00098
_ADCNT                                    (abs)        0010C
_ADCON0                                   (abs)        00093
_ADCON0bits                               (abs)        00093
_ADCON1                                   (abs)        00094
_ADCON1bits                               (abs)        00094
_ADCON2                                   (abs)        00095
_ADCON2bits                               (abs)        00095
_ADCON3                                   (abs)        00096
_ADCON3bits                               (abs)        00096
_ADERRH                                   (abs)        00117
_ADERRL                                   (abs)        00116
_ADFLTRH                                  (abs)        00115
_ADFLTRL                                  (abs)        00114
_ADLTHH                                   (abs)        0010F
_ADLTHL                                   (abs)        0010E
_ADPCH                                    (abs)        0009E
_ADPRE                                    (abs)        0009C
_ADPREVH                                  (abs)        0008F
_ADPREVL                                  (abs)        0008E
_ADREF                                    (abs)        0009A
_ADRESH                                   (abs)        0008D
_ADRESL                                   (abs)        0008C
_ADRPT                                    (abs)        0010D
_ADSTAT                                   (abs)        00097
_ADSTATbits                               (abs)        00097
_ADSTPTH                                  (abs)        00113
_ADSTPTL                                  (abs)        00112
_ADUTHH                                   (abs)        00111
_ADUTHL                                   (abs)        00110
_ALAF                                     bssBANK0     00030
_ALAL                                     dataBANK0    00065
_ALAT                                     dataBANK0    00067
_ANSELA                                   (abs)        00F38
_ANSELB                                   (abs)        00F43
_ANSELC                                   (abs)        00F4E
_ANSELD                                   (abs)        00F59
_ANSELE                                   (abs)        00F64
_Alarm                                    text40       006B5
_Blink                                    text52       00531
_CCPTMRS1bits                             (abs)        0021F
_ClearAlarm                               text60       007B1
_DATAEE_ReadByte                          text4        00FC0
_DATAEE_WriteByte                         text5        00623
_EXT_INT_Initialize                       text16       00FE6
_INLVLA                                   (abs)        00F3C
_INLVLB                                   (abs)        00F47
_INLVLC                                   (abs)        00F52
_INLVLD                                   (abs)        00F5D
_INLVLE                                   (abs)        00F68
_INTCONbits                               (abs)        0000B
_INTERRUPT_InterruptManager               intentry     00004
_INTPPS                                   (abs)        00E90
_INT_CallBack                             text57       00FCC
_INT_DefaultInterruptHandler              text58       00003
_INT_ISR                                  text56       00F67
_INT_InterruptHandler                     bssBANK0     00040
_INT_SetInterruptHandler                  text17       00F79
_LATA                                     (abs)        00016
_LATAbits                                 (abs)        00016
_LATB                                     (abs)        00017
_LATBbits                                 (abs)        00017
_LATC                                     (abs)        00018
_LATD                                     (abs)        00019
_LATE                                     (abs)        0001A
_Menu                                     text26       005AE
_Menus                                    text24       0044C
_NVMADRH                                  (abs)        0081B
_NVMADRL                                  (abs)        0081A
_NVMCON1bits                              (abs)        0081E
_NVMCON2                                  (abs)        0081F
_NVMDATH                                  (abs)        0081D
_NVMDATL                                  (abs)        0081C
_ODCONA                                   (abs)        00F3A
_ODCONB                                   (abs)        00F45
_ODCONC                                   (abs)        00F50
_ODCOND                                   (abs)        00F5B
_ODCONE                                   (abs)        00F66
_OSCCON1                                  (abs)        0088D
_OSCCON3                                  (abs)        0088F
_OSCEN                                    (abs)        00891
_OSCFRQ                                   (abs)        00893
_OSCILLATOR_Initialize                    text15       00FA0
_OSCTUNE                                  (abs)        00892
_PIE0bits                                 (abs)        00716
_PIE3bits                                 (abs)        00719
_PIE4bits                                 (abs)        0071A
_PIN_MANAGER_Initialize                   text14       004EA
_PIR0bits                                 (abs)        0070C
_PIR3bits                                 (abs)        0070F
_PIR4bits                                 (abs)        00710
_PMD0                                     (abs)        00796
_PMD1                                     (abs)        00797
_PMD2                                     (abs)        00798
_PMD3                                     (abs)        00799
_PMD4                                     (abs)        0079A
_PMD5                                     (abs)        0079B
_PMD_Initialize                           text13       00F98
_PMON                                     dataBANK0    0006D
_PORTBbits                                (abs)        0000D
_PORTCbits                                (abs)        0000E
_PPSLOCK                                  (abs)        00E8F
_PPSLOCKbits                              (abs)        00E8F
_PR2                                      (abs)        0028D
_PWM6CON                                  (abs)        0038E
_PWM6DCH                                  (abs)        0038D
_PWM6DCL                                  (abs)        0038C
_PWM6_Initialize                          text12       00FF3
_PWM6_LoadDutyValue                       text46       00743
_PWM_Output_D4_Disable                    text62       007E1
_PWM_Output_D4_Enable                     text45       007C2
_RA6PPS                                   (abs)        00F16
_RC3PPS                                   (abs)        00F23
_RC4PPS                                   (abs)        00F24
_ReadI2C                                  text21       0069B
_ReadIllum                                text22       00759
_ReadTemp                                 text19       00F62
_SLRCONA                                  (abs)        00F3B
_SLRCONB                                  (abs)        00F46
_SLRCONC                                  (abs)        00F51
_SLRCOND                                  (abs)        00F5C
_SLRCONE                                  (abs)        00F67
_SSP1ADD                                  (abs)        0018D
_SSP1BUF                                  (abs)        0018C
_SSP1CLKPPS                               (abs)        00EC5
_SSP1CON1                                 (abs)        00190
_SSP1CON1bits                             (abs)        00190
_SSP1CON2                                 (abs)        00191
_SSP1CON2bits                             (abs)        00191
_SSP1DATPPS                               (abs)        00EC6
_SSP1MSK                                  (abs)        0018E
_SSP1STAT                                 (abs)        0018F
_SSP1STATbits                             (abs)        0018F
_SYSTEM_Initialize                        text8        006CF
_ShowOnLEDs                               text37       00FA9
_Switch1                                  text59       007D2
_T1CLK                                    (abs)        00211
_T1CON                                    (abs)        0020E
_T1CONbits                                (abs)        0020E
_T1GATE                                   (abs)        00210
_T1GCON                                   (abs)        0020F
_T1GCONbits                               (abs)        0020F
_T2CLKCON                                 (abs)        00290
_T2CON                                    (abs)        0028E
_T2CONbits                                (abs)        0028E
_T2HLT                                    (abs)        0028F
_T2HLTbits                                (abs)        0028F
_T2PR                                     (abs)        0028D
_T2RST                                    (abs)        00291
_T2RSTbits                                (abs)        00291
_T2TMR                                    (abs)        0028C
_TMR1H                                    (abs)        0020D
_TMR1L                                    (abs)        0020C
_TMR1_DefaultInterruptHandler             text53       007FF
_TMR1_ISR                                 text51       00700
_TMR1_Initialize                          text11       00641
_TMR1_InterruptHandler                    bssBANK0     00042
_TMR1_ReadTimer                           text7        00602
_TMR1_SetInterruptHandler                 text25       00F73
_TMR1_StartTimer                          text39       00F51
_TMR1_StopTimer                           text38       00F54
_TMR1_WriteTimer                          text55       007A0
_TMR2                                     (abs)        0028C
_TMR2_CallBack                            text49       00FD9
_TMR2_Counter8BitGet                      text44       00F91
_TMR2_DefaultInterruptHandler             text50       007FE
_TMR2_ISR                                 text48       00F6D
_TMR2_Initialize                          text9        00717
_TMR2_InterruptHandler                    bssBANK0     0003A
_TMR2_ReadTimer                           text43       00F5A
_TMR2_SetInterruptHandler                 text10       00F7F
_TMR2_Start                               text42       00F4E
_TMR2_StartTimer                          text41       00F5E
_TMR2_Stop                                text61       00F4B
_TRISA                                    (abs)        00011
_TRISB                                    (abs)        00012
_TRISC                                    (abs)        00013
_TRISCbits                                (abs)        00013
_TRISD                                    (abs)        00014
_TRISE                                    (abs)        00015
_Timer                                    text54       002CF
_Update                                   text34       00577
_WPUA                                     (abs)        00F39
_WPUB                                     (abs)        00F44
_WPUC                                     (abs)        00F4F
_WPUC3                                    (abs)        07A7B
_WPUC4                                    (abs)        07A7C
_WPUD                                     (abs)        00F5A
_WPUE                                     (abs)        00F65
_WriteI2C                                 text20       0049F
__CFG_BOREN$ON                            (abs)        00000
__CFG_BORV$LO                             (abs)        00000
__CFG_CLKOUTEN$OFF                        (abs)        00000
__CFG_CP$OFF                              (abs)        00000
__CFG_CPD$OFF                             (abs)        00000
__CFG_CSWEN$ON                            (abs)        00000
__CFG_DEBUG$OFF                           (abs)        00000
__CFG_FCMEN$ON                            (abs)        00000
__CFG_FEXTOSC$OFF                         (abs)        00000
__CFG_LPBOREN$OFF                         (abs)        00000
__CFG_LVP$ON                              (abs)        00000
__CFG_MCLRE$ON                            (abs)        00000
__CFG_PPS1WAY$OFF                         (abs)        00000
__CFG_PWRTE$OFF                           (abs)        00000
__CFG_RSTOSC$HFINT1                       (abs)        00000
__CFG_SCANE$available                     (abs)        00000
__CFG_STVREN$ON                           (abs)        00000
__CFG_WDTCCS$SC                           (abs)        00000
__CFG_WDTCPS$WDTCPS_31                    (abs)        00000
__CFG_WDTCWS$WDTCWS_7                     (abs)        00000
__CFG_WDTE$OFF                            (abs)        00000
__CFG_WRT$OFF                             (abs)        00000
__CFG_ZCD$OFF                             (abs)        00000
__Habs1                                   abs1         00000
__Hbank0                                  bank0        00000
__Hbank1                                  bank1        00000
__Hbank10                                 bank10       00000
__Hbank11                                 bank11       00000
__Hbank12                                 bank12       00000
__Hbank13                                 bank13       00000
__Hbank14                                 bank14       00000
__Hbank15                                 bank15       00000
__Hbank16                                 bank16       00000
__Hbank17                                 bank17       00000
__Hbank18                                 bank18       00000
__Hbank19                                 bank19       00000
__Hbank2                                  bank2        00000
__Hbank20                                 bank20       00000
__Hbank21                                 bank21       00000
__Hbank22                                 bank22       00000
__Hbank23                                 bank23       00000
__Hbank24                                 bank24       00000
__Hbank25                                 bank25       00000
__Hbank26                                 bank26       00000
__Hbank27                                 bank27       00000
__Hbank28                                 bank28       00000
__Hbank29                                 bank29       00000
__Hbank3                                  bank3        00000
__Hbank30                                 bank30       00000
__Hbank31                                 bank31       00000
__Hbank4                                  bank4        00000
__Hbank5                                  bank5        00000
__Hbank6                                  bank6        00000
__Hbank7                                  bank7        00000
__Hbank8                                  bank8        00000
__Hbank9                                  bank9        00000
__Hbigram                                 bigram       00000
__HbssBANK0                               bssBANK0     00000
__HbssCOMMON                              bssCOMMON    00000
__Hcinit                                  cinit        00060
__Hclrtext                                clrtext      00000
__Hcode                                   code         00000
__Hcommon                                 common       00000
__Hconfig                                 config       0800C
__HcstackBANK0                            cstackBANK0  00000
__HcstackCOMMON                           cstackCOMMON 00000
__HdataBANK0                              dataBANK0    00000
__Heeprom_data                            eeprom_data  00000
__Hend_init                               end_init     00045
__Hfunctab                                functab      00000
__HidataBANK0                             idataBANK0   00000
__Hidloc                                  idloc        00000
__Hinit                                   init         00043
__Hinittext                               inittext     00000
__Hintentry                               intentry     00043
__Hmaintext                               maintext     00000
__Hpowerup                                powerup      00000
__Hram                                    ram          00000
__Hreset_vec                              reset_vec    00002
__Hsfr0                                   sfr0         00000
__Hsfr1                                   sfr1         00000
__Hsfr10                                  sfr10        00000
__Hsfr11                                  sfr11        00000
__Hsfr12                                  sfr12        00000
__Hsfr13                                  sfr13        00000
__Hsfr14                                  sfr14        00000
__Hsfr15                                  sfr15        00000
__Hsfr16                                  sfr16        00000
__Hsfr17                                  sfr17        00000
__Hsfr18                                  sfr18        00000
__Hsfr19                                  sfr19        00000
__Hsfr2                                   sfr2         00000
__Hsfr20                                  sfr20        00000
__Hsfr21                                  sfr21        00000
__Hsfr22                                  sfr22        00000
__Hsfr23                                  sfr23        00000
__Hsfr24                                  sfr24        00000
__Hsfr25                                  sfr25        00000
__Hsfr26                                  sfr26        00000
__Hsfr27                                  sfr27        00000
__Hsfr28                                  sfr28        00000
__Hsfr29                                  sfr29        00000
__Hsfr3                                   sfr3         00000
__Hsfr30                                  sfr30        00000
__Hsfr31                                  sfr31        00000
__Hsfr4                                   sfr4         00000
__Hsfr5                                   sfr5         00000
__Hsfr6                                   sfr6         00000
__Hsfr7                                   sfr7         00000
__Hsfr8                                   sfr8         00000
__Hsfr9                                   sfr9         00000
__Hspace_0                                (abs)        0800C
__Hspace_1                                (abs)        0007B
__Hspace_2                                (abs)        00000
__Hspace_3                                (abs)        00000
__Hstack                                  stack        00000
__Hstrings                                strings      00000
__Htext                                   text         00000
__Labs1                                   abs1         00000
__Lbank0                                  bank0        00000
__Lbank1                                  bank1        00000
__Lbank10                                 bank10       00000
__Lbank11                                 bank11       00000
__Lbank12                                 bank12       00000
__Lbank13                                 bank13       00000
__Lbank14                                 bank14       00000
__Lbank15                                 bank15       00000
__Lbank16                                 bank16       00000
__Lbank17                                 bank17       00000
__Lbank18                                 bank18       00000
__Lbank19                                 bank19       00000
__Lbank2                                  bank2        00000
__Lbank20                                 bank20       00000
__Lbank21                                 bank21       00000
__Lbank22                                 bank22       00000
__Lbank23                                 bank23       00000
__Lbank24                                 bank24       00000
__Lbank25                                 bank25       00000
__Lbank26                                 bank26       00000
__Lbank27                                 bank27       00000
__Lbank28                                 bank28       00000
__Lbank29                                 bank29       00000
__Lbank3                                  bank3        00000
__Lbank30                                 bank30       00000
__Lbank31                                 bank31       00000
__Lbank4                                  bank4        00000
__Lbank5                                  bank5        00000
__Lbank6                                  bank6        00000
__Lbank7                                  bank7        00000
__Lbank8                                  bank8        00000
__Lbank9                                  bank9        00000
__Lbigram                                 bigram       00000
__LbssBANK0                               bssBANK0     00000
__LbssCOMMON                              bssCOMMON    00000
__Lcinit                                  cinit        00045
__Lclrtext                                clrtext      00000
__Lcode                                   code         00000
__Lcommon                                 common       00000
__Lconfig                                 config       08007
__LcstackBANK0                            cstackBANK0  00000
__LcstackCOMMON                           cstackCOMMON 00000
__LdataBANK0                              dataBANK0    00000
__Leeprom_data                            eeprom_data  00000
__Lend_init                               end_init     00043
__Lfunctab                                functab      00000
__LidataBANK0                             idataBANK0   00000
__Lidloc                                  idloc        00000
__Linit                                   init         00043
__Linittext                               inittext     00000
__Lintentry                               intentry     00004
__Lmaintext                               maintext     00000
__Lpowerup                                powerup      00000
__Lram                                    ram          00000
__Lreset_vec                              reset_vec    00000
__Lsfr0                                   sfr0         00000
__Lsfr1                                   sfr1         00000
__Lsfr10                                  sfr10        00000
__Lsfr11                                  sfr11        00000
__Lsfr12                                  sfr12        00000
__Lsfr13                                  sfr13        00000
__Lsfr14                                  sfr14        00000
__Lsfr15                                  sfr15        00000
__Lsfr16                                  sfr16        00000
__Lsfr17                                  sfr17        00000
__Lsfr18                                  sfr18        00000
__Lsfr19                                  sfr19        00000
__Lsfr2                                   sfr2         00000
__Lsfr20                                  sfr20        00000
__Lsfr21                                  sfr21        00000
__Lsfr22                                  sfr22        00000
__Lsfr23                                  sfr23        00000
__Lsfr24                                  sfr24        00000
__Lsfr25                                  sfr25        00000
__Lsfr26                                  sfr26        00000
__Lsfr27                                  sfr27        00000
__Lsfr28                                  sfr28        00000
__Lsfr29                                  sfr29        00000
__Lsfr3                                   sfr3         00000
__Lsfr30                                  sfr30        00000
__Lsfr31                                  sfr31        00000
__Lsfr4                                   sfr4         00000
__Lsfr5                                   sfr5         00000
__Lsfr6                                   sfr6         00000
__Lsfr7                                   sfr7         00000
__Lsfr8                                   sfr8         00000
__Lsfr9                                   sfr9         00000
__Lspace_0                                (abs)        00000
__Lspace_1                                (abs)        00000
__Lspace_2                                (abs)        00000
__Lspace_3                                (abs)        00000
__Lstack                                  stack        00000
__Lstrings                                strings      00000
__Ltext                                   text         00000
__S0                                      (abs)        0800C
__S1                                      (abs)        0007B
__S2                                      (abs)        00000
__S3                                      (abs)        00000
___awdiv                                  text32       0033B
___awdiv@counter                          cstackBANK0  0004A
___awdiv@dividend                         cstackCOMMON 00075
___awdiv@divisor                          cstackCOMMON 00073
___awdiv@quotient                         cstackBANK0  0004C
___awdiv@sign                             cstackBANK0  0004B
___awmod                                  text31       003F8
___awmod@counter                          cstackBANK0  0004A
___awmod@dividend                         cstackCOMMON 00075
___awmod@divisor                          cstackCOMMON 00073
___awmod@sign                             cstackBANK0  0004B
___int_sp                                 stack        00000
___latbits                                (abs)        00002
___sp                                     stack        00000
___stackhi                                (abs)        023EF
___stacklo                                (abs)        0204F
___wmul                                   text30       005E0
___wmul@multiplicand                      cstackCOMMON 00075
___wmul@multiplier                        cstackCOMMON 00073
___wmul@product                           cstackBANK0  0004A
__end_of_ADCC_GetSingleConversion         text23       0077E
__end_of_ADCC_Initialize                  text18       00743
__end_of_Alarm                            text40       006CF
__end_of_Blink                            text52       00577
__end_of_ClearAlarm                       text60       007C2
__end_of_DATAEE_ReadByte                  text4        00FCC
__end_of_DATAEE_WriteByte                 text5        00641
__end_of_EXT_INT_Initialize               text16       00FF3
__end_of_INTERRUPT_InterruptManager       intentry     00043
__end_of_INT_CallBack                     text57       00FD9
__end_of_INT_DefaultInterruptHandler      text58       00004
__end_of_INT_ISR                          text56       00F6D
__end_of_INT_SetInterruptHandler          text17       00F7F
__end_of_Menu                             text26       005E0
__end_of_Menus                            text24       0049F
__end_of_OSCILLATOR_Initialize            text15       00FA9
__end_of_PIN_MANAGER_Initialize           text14       00531
__end_of_PMD_Initialize                   text13       00FA0
__end_of_PWM6_Initialize                  text12       01000
__end_of_PWM6_LoadDutyValue               text46       00759
__end_of_PWM_Output_D4_Disable            text62       007F0
__end_of_PWM_Output_D4_Enable             text45       007D2
__end_of_ReadI2C                          text21       006B5
__end_of_ReadIllum                        text22       0076C
__end_of_ReadTemp                         text19       00F67
__end_of_SYSTEM_Initialize                text8        006E8
__end_of_ShowOnLEDs                       text37       00FB4
__end_of_Switch1                          text59       007E1
__end_of_TMR1_DefaultInterruptHandler     text53       00800
__end_of_TMR1_ISR                         text51       00717
__end_of_TMR1_Initialize                  text11       0065F
__end_of_TMR1_ReadTimer                   text7        00623
__end_of_TMR1_SetInterruptHandler         text25       00F79
__end_of_TMR1_StartTimer                  text39       00F54
__end_of_TMR1_StopTimer                   text38       00F57
__end_of_TMR1_WriteTimer                  text55       007B1
__end_of_TMR2_CallBack                    text49       00FE6
__end_of_TMR2_Counter8BitGet              text44       00F98
__end_of_TMR2_DefaultInterruptHandler     text50       007FF
__end_of_TMR2_ISR                         text48       00F73
__end_of_TMR2_Initialize                  text9        0072D
__end_of_TMR2_ReadTimer                   text43       00F5E
__end_of_TMR2_SetInterruptHandler         text10       00F85
__end_of_TMR2_Start                       text42       00F51
__end_of_TMR2_StartTimer                  text41       00F62
__end_of_TMR2_Stop                        text61       00F4E
__end_of_Timer                            text54       0033B
__end_of_Update                           text34       005AE
__end_of_WriteI2C                         text20       004EA
__end_of___awdiv                          text32       0039B
__end_of___awmod                          text31       0044C
__end_of___wmul                           text30       00602
__end_of__initialization                  cinit        0005C
__end_of_checkButtonS1                    text36       0069B
__end_of_checkButtonS2                    text35       0067D
__end_of_get_check_up_value               text2        0016F
__end_of_i2c1_driver_open                 text6        00FC0
__end_of_main                             maintext     002CF
__end_of_set_check_up_value               text1        00700
__end_of_submenu_alarm                    text33       007A0
__end_of_submenu_clock                    text29       0022B
__end_of_submenu_illum                    text28       0078F
__end_of_submenu_temp                     text27       003F8
__end_of_teste                            text3        00F5A
__initialization                          cinit        00045
__pbssBANK0                               bssBANK0     00020
__pbssCOMMON                              bssCOMMON    00078
__pcstackBANK0                            cstackBANK0  0004A
__pcstackCOMMON                           cstackCOMMON 00070
__pdataBANK0                              dataBANK0    00061
__pidataBANK0                             idataBANK0   007F0
__pintentry                               intentry     00004
__pmaintext                               maintext     0022B
__ptext1                                  text1        006E8
__ptext10                                 text10       00F7F
__ptext11                                 text11       00641
__ptext12                                 text12       00FF3
__ptext13                                 text13       00F98
__ptext14                                 text14       004EA
__ptext15                                 text15       00FA0
__ptext16                                 text16       00FE6
__ptext17                                 text17       00F79
__ptext18                                 text18       0072D
__ptext19                                 text19       00F62
__ptext2                                  text2        00060
__ptext20                                 text20       0049F
__ptext21                                 text21       0069B
__ptext22                                 text22       00759
__ptext23                                 text23       0076C
__ptext24                                 text24       0044C
__ptext25                                 text25       00F73
__ptext26                                 text26       005AE
__ptext27                                 text27       0039B
__ptext28                                 text28       0077E
__ptext29                                 text29       0016F
__ptext3                                  text3        00F57
__ptext30                                 text30       005E0
__ptext31                                 text31       003F8
__ptext32                                 text32       0033B
__ptext33                                 text33       0078F
__ptext34                                 text34       00577
__ptext35                                 text35       0065F
__ptext36                                 text36       0067D
__ptext37                                 text37       00FA9
__ptext38                                 text38       00F54
__ptext39                                 text39       00F51
__ptext4                                  text4        00FC0
__ptext40                                 text40       006B5
__ptext41                                 text41       00F5E
__ptext42                                 text42       00F4E
__ptext43                                 text43       00F5A
__ptext44                                 text44       00F91
__ptext45                                 text45       007C2
__ptext46                                 text46       00743
__ptext48                                 text48       00F6D
__ptext49                                 text49       00FD9
__ptext5                                  text5        00623
__ptext50                                 text50       007FE
__ptext51                                 text51       00700
__ptext52                                 text52       00531
__ptext53                                 text53       007FF
__ptext54                                 text54       002CF
__ptext55                                 text55       007A0
__ptext56                                 text56       00F67
__ptext57                                 text57       00FCC
__ptext58                                 text58       00003
__ptext59                                 text59       007D2
__ptext6                                  text6        00FB4
__ptext60                                 text60       007B1
__ptext61                                 text61       00F4B
__ptext62                                 text62       007E1
__ptext7                                  text7        00602
__ptext8                                  text8        006CF
__ptext9                                  text9        00717
__size_of_ADCC_GetSingleConversion        (abs)        00000
__size_of_ADCC_Initialize                 (abs)        00000
__size_of_Alarm                           (abs)        00000
__size_of_Blink                           (abs)        00000
__size_of_ClearAlarm                      (abs)        00000
__size_of_DATAEE_ReadByte                 (abs)        00000
__size_of_DATAEE_WriteByte                (abs)        00000
__size_of_EXT_INT_Initialize              (abs)        00000
__size_of_INTERRUPT_InterruptManager      (abs)        00000
__size_of_INT_CallBack                    (abs)        00000
__size_of_INT_DefaultInterruptHandler     (abs)        00000
__size_of_INT_ISR                         (abs)        00000
__size_of_INT_SetInterruptHandler         (abs)        00000
__size_of_Menu                            (abs)        00000
__size_of_Menus                           (abs)        00000
__size_of_OSCILLATOR_Initialize           (abs)        00000
__size_of_PIN_MANAGER_Initialize          (abs)        00000
__size_of_PMD_Initialize                  (abs)        00000
__size_of_PWM6_Initialize                 (abs)        00000
__size_of_PWM6_LoadDutyValue              (abs)        00000
__size_of_PWM_Output_D4_Disable           (abs)        00000
__size_of_PWM_Output_D4_Enable            (abs)        00000
__size_of_ReadI2C                         (abs)        00000
__size_of_ReadIllum                       (abs)        00000
__size_of_ReadTemp                        (abs)        00000
__size_of_SYSTEM_Initialize               (abs)        00000
__size_of_ShowOnLEDs                      (abs)        00000
__size_of_Switch1                         (abs)        00000
__size_of_TMR1_DefaultInterruptHandler    (abs)        00000
__size_of_TMR1_ISR                        (abs)        00000
__size_of_TMR1_Initialize                 (abs)        00000
__size_of_TMR1_ReadTimer                  (abs)        00000
__size_of_TMR1_SetInterruptHandler        (abs)        00000
__size_of_TMR1_StartTimer                 (abs)        00000
__size_of_TMR1_StopTimer                  (abs)        00000
__size_of_TMR1_WriteTimer                 (abs)        00000
__size_of_TMR2_CallBack                   (abs)        00000
__size_of_TMR2_Counter8BitGet             (abs)        00000
__size_of_TMR2_DefaultInterruptHandler    (abs)        00000
__size_of_TMR2_ISR                        (abs)        00000
__size_of_TMR2_Initialize                 (abs)        00000
__size_of_TMR2_ReadTimer                  (abs)        00000
__size_of_TMR2_SetInterruptHandler        (abs)        00000
__size_of_TMR2_Start                      (abs)        00000
__size_of_TMR2_StartTimer                 (abs)        00000
__size_of_TMR2_Stop                       (abs)        00000
__size_of_Timer                           (abs)        00000
__size_of_Update                          (abs)        00000
__size_of_WriteI2C                        (abs)        00000
__size_of___awdiv                         (abs)        00000
__size_of___awmod                         (abs)        00000
__size_of___wmul                          (abs)        00000
__size_of_checkButtonS1                   (abs)        00000
__size_of_checkButtonS2                   (abs)        00000
__size_of_get_check_up_value              (abs)        00000
__size_of_i2c1_driver_open                (abs)        00000
__size_of_main                            (abs)        00000
__size_of_set_check_up_value              (abs)        00000
__size_of_submenu_alarm                   (abs)        00000
__size_of_submenu_clock                   (abs)        00000
__size_of_submenu_illum                   (abs)        00000
__size_of_submenu_temp                    (abs)        00000
__size_of_teste                           (abs)        00000
_alarm                                    bssCOMMON    00078
_btn1State                                bssBANK0     00049
_btn2State                                bssBANK0     00048
_checkButtonS1                            text36       0067D
_checkButtonS2                            text35       0065F
_get_check_up_value                       text2        00060
_get_check_up_value$3280                  cstackBANK0  00058
_get_check_up_value$3281                  cstackBANK0  00052
_get_check_up_value$3282                  cstackBANK0  00053
_get_check_up_value$3283                  cstackBANK0  00054
_get_check_up_value$3284                  cstackBANK0  00055
_get_check_up_value$3285                  cstackBANK0  00056
_hours                                    bssBANK0     00032
_i2c1_driver_busCollisionISR              bssBANK0     0003E
_i2c1_driver_i2cISR                       bssBANK0     0003C
_i2c1_driver_open                         text6        00FB4
_illum                                    dataBANK0    00063
_initial_time                             bssBANK0     00028
_main                                     maintext     0022B
_minutes                                  bssBANK0     00034
_mode                                     bssBANK0     00038
_pwm                                      bssBANK0     00024
_s1flag                                   bssCOMMON    0007A
_s2flag                                   bssCOMMON    00079
_seconds                                  bssBANK0     00036
_set_check_up_value                       text1        006E8
_submenu_alarm                            text33       0078F
_submenu_clock                            text29       0016F
_submenu_illum                            text28       0077E
_submenu_temp                             text27       0039B
_switch1                                  bssBANK0     00047
_temp                                     dataBANK0    00061
_teste                                    text3        00F57
_timer                                    bssBANK0     0002A
_timer1                                   bssBANK0     00046
_timer1ReloadVal                          bssBANK0     00044
btemp                                     (abs)        0007E
clear_ram0                                clrtext      00F85
end_of_initialization                     cinit        0005C
get_check_up_value@check                  cstackBANK0  0005A
get_check_up_value@func                   cstackBANK0  0004A
get_check_up_value@rbuf                   cstackBANK0  00059
get_check_up_value@wbuf                   cstackBANK0  00057
init_ram                                  inittext     00F8B
int$flags                                 (abs)        0007E
intlevel0                                 functab      00000
intlevel1                                 functab      00000
intlevel2                                 functab      00000
intlevel3                                 functab      00000
intlevel4                                 functab      00000
intlevel5                                 functab      00000
reset_vec                                 reset_vec    00000
set_check_up_value@check                  cstackBANK0  0005D
set_check_up_value@func                   cstackBANK0  0005B
start                                     init         00043
start_initialization                      cinit        00045
submenu_clock@hours_tens                  cstackBANK0  00054
submenu_clock@hours_units                 cstackBANK0  00055
submenu_clock@minutes_tens                cstackBANK0  00052
submenu_clock@minutes_units               cstackBANK0  00053
submenu_temp@temperature_tens             cstackBANK0  00053
submenu_temp@temperature_units            cstackBANK0  00052
teste@x                                   cstackCOMMON 00075
teste@y                                   cstackCOMMON 00076
wtemp0                                    (abs)        0007E


FUNCTION INFORMATION:

 *************** function _main *****************
 Defined at:
		line 144 in file "main.c"
 Parameters:    Size  Location     Type
		None
 Auto vars:     Size  Location     Type
		None
 Return value:  Size  Location     Type
                  1    wreg      void 
 Registers used:
		wreg, fsr0l, fsr0h, status,2, status,0, pclath, cstack
 Tracked objects:
		On entry : 
		On exit  : 
		Unchanged: 
 Data sizes:     COMMON   BANK0   BANK1   BANK2   BANK3   BANK4   BANK5   BANK6   BANK7   BANK8   BANK9  BANK10  BANK11  BANK12
      Params:         0       0       0       0       0       0       0       0       0       0       0       0       0       0
      Locals:         0       0       0       0       0       0       0       0       0       0       0       0       0       0
      Temps:          0       3       0       0       0       0       0       0       0       0       0       0       0       0
      Totals:         0       3       0       0       0       0       0       0       0       0       0       0       0       0
Total ram usage:        3 bytes
 Hardware stack levels required when called:   11
 This function calls:
		_Alarm
		_INT_SetInterruptHandler
		_Menus
		_PWM6_LoadDutyValue
		_ReadIllum
		_ReadTemp
		_SYSTEM_Initialize
		_TMR1_ReadTimer
		_TMR1_SetInterruptHandler
		_i2c1_driver_open
		_set_check_up_value
 This function is called by:
		Startup code after reset
 This function uses a non-reentrant model


 *************** function _set_check_up_value *****************
 Defined at:
		line 21 in file "eeprom.c"
 Parameters:    Size  Location     Type
  func            2   17[BANK0 ] PTR FTN(unsigned char ,u
		 -> teste(1), 
 Auto vars:     Size  Location     Type
  check           1   19[BANK0 ] unsigned char 
 Return value:  Size  Location     Type
                  1    wreg      void 
 Registers used:
		wreg, status,2, status,0, pclath, cstack
 Tracked objects:
		On entry : 
		On exit  : 
		Unchanged: 
 Data sizes:     COMMON   BANK0   BANK1   BANK2   BANK3   BANK4   BANK5   BANK6   BANK7   BANK8   BANK9  BANK10  BANK11  BANK12
      Params:         0       2       0       0       0       0       0       0       0       0       0       0       0       0
      Locals:         0       1       0       0       0       0       0       0       0       0       0       0       0       0
      Temps:          1       0       0       0       0       0       0       0       0       0       0       0       0       0
      Totals:         1       3       0       0       0       0       0       0       0       0       0       0       0       0
Total ram usage:        4 bytes
 Hardware stack levels used:    1
 Hardware stack levels required when called:    8
 This function calls:
		_DATAEE_WriteByte
		_get_check_up_value
 This function is called by:
		_main
 This function uses a non-reentrant model


 *************** function _get_check_up_value *****************
 Defined at:
		line 4 in file "eeprom.c"
 Parameters:    Size  Location     Type
  func            2    0[BANK0 ] PTR FTN(unsigned char ,u
		 -> teste(1), 
 Auto vars:     Size  Location     Type
  check           1   16[BANK0 ] unsigned char 
  rbuf            1   15[BANK0 ] unsigned char 
  wbuf            1   13[BANK0 ] unsigned char 
 Return value:  Size  Location     Type
                  1    wreg      unsigned char 
 Registers used:
		wreg, status,2, status,0, pclath, cstack
 Tracked objects:
		On entry : 
		On exit  : 
		Unchanged: 
 Data sizes:     COMMON   BANK0   BANK1   BANK2   BANK3   BANK4   BANK5   BANK6   BANK7   BANK8   BANK9  BANK10  BANK11  BANK12
      Params:         0       2       0       0       0       0       0       0       0       0       0       0       0       0
      Locals:         0       9       0       0       0       0       0       0       0       0       0       0       0       0
      Temps:          0       6       0       0       0       0       0       0       0       0       0       0       0       0
      Totals:         0      17       0       0       0       0       0       0       0       0       0       0       0       0
Total ram usage:       17 bytes
 Hardware stack levels used:    1
 Hardware stack levels required when called:    7
 This function calls:
		_DATAEE_ReadByte
		_teste
 This function is called by:
		_set_check_up_value
		_check_corruption
 This function uses a non-reentrant model


 *************** function _teste *****************
 Defined at:
		line 140 in file "main.c"
 Parameters:    Size  Location     Type
  x               1    5[COMMON] unsigned char 
  y               1    6[COMMON] unsigned char 
 Auto vars:     Size  Location     Type
		None
 Return value:  Size  Location     Type
                  1    wreg      unsigned char 
 Registers used:
		wreg, status,2, status,0
 Tracked objects:
		On entry : 
		On exit  : 
		Unchanged: 
 Data sizes:     COMMON   BANK0   BANK1   BANK2   BANK3   BANK4   BANK5   BANK6   BANK7   BANK8   BANK9  BANK10  BANK11  BANK12
      Params:         2       0       0       0       0       0       0       0       0       0       0       0       0       0
      Locals:         0       0       0       0       0       0       0       0       0       0       0       0       0       0
      Temps:          0       0       0       0       0       0       0       0       0       0       0       0       0       0
      Totals:         2       0       0       0       0       0       0       0       0       0       0       0       0       0
Total ram usage:        2 bytes
 Hardware stack levels used:    1
 Hardware stack levels required when called:    6
 This function calls:
		Nothing
 This function is called by:
		_main
		_get_check_up_value
 This function uses a non-reentrant model


 *************** function _DATAEE_ReadByte *****************
 Defined at:
		line 202 in file "mcc_generated_files/memory.c"
 Parameters:    Size  Location     Type
  bAdd            2    3[COMMON] unsigned short 
 Auto vars:     Size  Location     Type
		None
 Return value:  Size  Location     Type
                  1    wreg      unsigned char 
 Registers used:
		wreg, status,2
 Tracked objects:
		On entry : 
		On exit  : 
		Unchanged: 
 Data sizes:     COMMON   BANK0   BANK1   BANK2   BANK3   BANK4   BANK5   BANK6   BANK7   BANK8   BANK9  BANK10  BANK11  BANK12
      Params:         2       0       0       0       0       0       0       0       0       0       0       0       0       0
      Locals:         0       0       0       0       0       0       0       0       0       0       0       0       0       0
      Temps:          0       0       0       0       0       0       0       0       0       0       0       0       0       0
      Totals:         2       0       0       0       0       0       0       0       0       0       0       0       0       0
Total ram usage:        2 bytes
 Hardware stack levels used:    1
 Hardware stack levels required when called:    6
 This function calls:
		Nothing
 This function is called by:
		_get_check_up_value
		_check_corruption
		_ring_buffer_write
 This function uses a non-reentrant model


 *************** function _DATAEE_WriteByte *****************
 Defined at:
		line 180 in file "mcc_generated_files/memory.c"
 Parameters:    Size  Location     Type
  bAdd            2    3[COMMON] unsigned short 
  bData           1    5[COMMON] unsigned char 
 Auto vars:     Size  Location     Type
  GIEBitValue     1    6[COMMON] unsigned char 
 Return value:  Size  Location     Type
                  1    wreg      void 
 Registers used:
		wreg, status,2, status,0
 Tracked objects:
		On entry : 
		On exit  : 
		Unchanged: 
 Data sizes:     COMMON   BANK0   BANK1   BANK2   BANK3   BANK4   BANK5   BANK6   BANK7   BANK8   BANK9  BANK10  BANK11  BANK12
      Params:         3       0       0       0       0       0       0       0       0       0       0       0       0       0
      Locals:         1       0       0       0       0       0       0       0       0       0       0       0       0       0
      Temps:          0       0       0       0       0       0       0       0       0       0       0       0       0       0
      Totals:         4       0       0       0       0       0       0       0       0       0       0       0       0       0
Total ram usage:        4 bytes
 Hardware stack levels used:    1
 Hardware stack levels required when called:    6
 This function calls:
		Nothing
 This function is called by:
		_set_check_up_value
		_eeprom_setup
		_eeprom_clk_update
		_ring_buffer_write
 This function uses a non-reentrant model


 *************** function _i2c1_driver_open *****************
 Defined at:
		line 84 in file "mcc_generated_files/i2c1_driver.c"
 Parameters:    Size  Location     Type
		None
 Auto vars:     Size  Location     Type
		None
 Return value:  Size  Location     Type
		None               void
 Registers used:
		wreg, status,2
 Tracked objects:
		On entry : 
		On exit  : 
		Unchanged: 
 Data sizes:     COMMON   BANK0   BANK1   BANK2   BANK3   BANK4   BANK5   BANK6   BANK7   BANK8   BANK9  BANK10  BANK11  BANK12
      Params:         0       0       0       0       0       0       0       0       0       0       0       0       0       0
[...]
 Defined at:
		line 164 in file "mcc_generated_files/tmr1.c"
 Parameters:    Size  Location     Type
		None
 Auto vars:     Size  Location     Type
		None
 Return value:  Size  Location     Type
                  1    wreg      void 
 Registers used:
		wreg, fsr0l, fsr0h, status,2, status,0, pclath, cstack
 Tracked objects:
		On entry : 
		On exit  : 
		Unchanged: 
 Data sizes:     COMMON   BANK0   BANK1   BANK2   BANK3   BANK4   BANK5   BANK6   BANK7   BANK8   BANK9  BANK10  BANK11  BANK12
      Params:         0       0       0       0       0       0       0       0       0       0       0       0       0       0
      Locals:         0       0       0       0       0       0       0       0       0       0       0       0       0       0
      Temps:          0       0       0       0       0       0       0       0       0       0       0       0       0       0
      Totals:         0       0       0       0       0       0       0       0       0       0       0       0       0       0
Total ram usage:        0 bytes
 Hardware stack levels used:    1
 Hardware stack levels required when called:    1
 This function calls:
		Absolute function
		_Blink
		_TMR1_DefaultInterruptHandler
		_TMR1_WriteTimer
		_Timer
 This function is called by:
		_INTERRUPT_InterruptManager
 This function uses a non-reentrant model


 *************** function _Blink *****************
 Defined at:
		line 111 in file "menus.c"
 Parameters:    Size  Location     Type
		None
 Auto vars:     Size  Location     Type
		None
 Return value:  Size  Location     Type
                  1    wreg      void 
 Registers used:
		wreg, fsr0l, fsr0h, status,2, status,0
 Tracked objects:
		On entry : 
		On exit  : 
		Unchanged: 
 Data sizes:     COMMON   BANK0   BANK1   BANK2   BANK3   BANK4   BANK5   BANK6   BANK7   BANK8   BANK9  BANK10  BANK11  BANK12
      Params:         0       0       0       0       0       0       0       0       0       0       0       0       0       0
      Locals:         0       0       0       0       0       0       0       0       0       0       0       0       0       0
      Temps:          0       0       0       0       0       0       0       0       0       0       0       0       0       0
      Totals:         0       0       0       0       0       0       0       0       0       0       0       0       0       0
Total ram usage:        0 bytes
 Hardware stack levels used:    1
 This function calls:
		Nothing
 This function is called by:
		_Menus
		_TMR1_ISR
 This function uses a non-reentrant model


 *************** function _TMR1_DefaultInterruptHandler *****************
 Defined at:
		line 182 in file "mcc_generated_files/tmr1.c"
 Parameters:    Size  Location     Type
		None
 Auto vars:     Size  Location     Type
		None
 Return value:  Size  Location     Type
                  1    wreg      void 
 Registers used:
		None
 Tracked objects:
		On entry : 
		On exit  : 
		Unchanged: 
 Data sizes:     COMMON   BANK0   BANK1   BANK2   BANK3   BANK4   BANK5   BANK6   BANK7   BANK8   BANK9  BANK10  BANK11  BANK12
      Params:         0       0       0       0       0       0       0       0       0       0       0       0       0       0
      Locals:         0       0       0       0       0       0       0       0       0       0       0       0       0       0
      Temps:          0       0       0       0       0       0       0       0       0       0       0       0       0       0
      Totals:         0       0       0       0       0       0       0       0       0       0       0       0       0       0
Total ram usage:        0 bytes
 Hardware stack levels used:    1
 This function calls:
		Nothing
 This function is called by:
		_TMR1_Initialize
		_TMR1_ISR
 This function uses a non-reentrant model


 *************** function _Timer *****************
 Defined at:
		line 84 in file "main.c"
 Parameters:    Size  Location     Type
		None
 Auto vars:     Size  Location     Type
		None
 Return value:  Size  Location     Type
                  1    wreg      void 
 Registers used:
		wreg, status,2, status,0
 Tracked objects:
		On entry : 
		On exit  : 
		Unchanged: 
 Data sizes:     COMMON   BANK0   BANK1   BANK2   BANK3   BANK4   BANK5   BANK6   BANK7   BANK8   BANK9  BANK10  BANK11  BANK12
      Params:         0       0       0       0       0       0       0       0       0       0       0       0       0       0
      Locals:         0       0       0       0       0       0       0       0       0       0       0       0       0       0
      Temps:          3       0       0       0       0       0       0       0       0       0       0       0       0       0
      Totals:         3       0       0       0       0       0       0       0       0       0       0       0       0       0
Total ram usage:        3 bytes
 Hardware stack levels used:    1
 This function calls:
		Nothing
 This function is called by:
		_main
		_TMR1_ISR
 This function uses a non-reentrant model


 *************** function _TMR1_WriteTimer *****************
 Defined at:
		line 127 in file "mcc_generated_files/tmr1.c"
 Parameters:    Size  Location     Type
  timerVal        2    0[COMMON] unsigned short 
 Auto vars:     Size  Location     Type
		None
 Return value:  Size  Location     Type
                  1    wreg      void 
 Registers used:
		wreg, status,2
 Tracked objects:
		On entry : 
		On exit  : 
		Unchanged: 
 Data sizes:     COMMON   BANK0   BANK1   BANK2   BANK3   BANK4   BANK5   BANK6   BANK7   BANK8   BANK9  BANK10  BANK11  BANK12
      Params:         2       0       0       0       0       0       0       0       0       0       0       0       0       0
      Locals:         0       0       0       0       0       0       0       0       0       0       0       0       0       0
      Temps:          0       0       0       0       0       0       0       0       0       0       0       0       0       0
      Totals:         2       0       0       0       0       0       0       0       0       0       0       0       0       0
Total ram usage:        2 bytes
 Hardware stack levels used:    1
 This function calls:
		Nothing
 This function is called by:
		_TMR1_ISR
		_TMR1_Reload
 This function uses a non-reentrant model


 *************** function _INT_ISR *****************
 Defined at:
		line 32 in file "mcc_generated_files/ext_int.c"
 Parameters:    Size  Location     Type
		None
 Auto vars:     Size  Location     Type
		None
 Return value:  Size  Location     Type
                  1    wreg      void 
 Registers used:
		wreg, status,2, status,0, pclath, cstack
 Tracked objects:
		On entry : 
		On exit  : 
		Unchanged: 
 Data sizes:     COMMON   BANK0   BANK1   BANK2   BANK3   BANK4   BANK5   BANK6   BANK7   BANK8   BANK9  BANK10  BANK11  BANK12
      Params:         0       0       0       0       0       0       0       0       0       0       0       0       0       0
      Locals:         0       0       0       0       0       0       0       0       0       0       0       0       0       0
      Temps:          0       0       0       0       0       0       0       0       0       0       0       0       0       0
      Totals:         0       0       0       0       0       0       0       0       0       0       0       0       0       0
Total ram usage:        0 bytes
 Hardware stack levels used:    1
 Hardware stack levels required when called:    4
 This function calls:
		_INT_CallBack
 This function is called by:
		_INTERRUPT_InterruptManager
 This function uses a non-reentrant model


 *************** function _INT_CallBack *****************
 Defined at:
		line 41 in file "mcc_generated_files/ext_int.c"
 Parameters:    Size  Location     Type
		None
 Auto vars:     Size  Location     Type
		None
 Return value:  Size  Location     Type
                  1    wreg      void 
 Registers used:
		wreg, status,2, status,0, pclath, cstack
 Tracked objects:
		On entry : 
		On exit  : 
		Unchanged: 
 Data sizes:     COMMON   BANK0   BANK1   BANK2   BANK3   BANK4   BANK5   BANK6   BANK7   BANK8   BANK9  BANK10  BANK11  BANK12
      Params:         0       0       0       0       0       0       0       0       0       0       0       0       0       0
      Locals:         0       0       0       0       0       0       0       0       0       0       0       0       0       0
      Temps:          0       0       0       0       0       0       0       0       0       0       0       0       0       0
      Totals:         0       0       0       0       0       0       0       0       0       0       0       0       0       0
Total ram usage:        0 bytes
 Hardware stack levels used:    1
 Hardware stack levels required when called:    3
 This function calls:
		Absolute function
		_INT_DefaultInterruptHandler
		_Switch1
 This function is called by:
		_INT_ISR
 This function uses a non-reentrant model


 *************** function _INT_DefaultInterruptHandler *****************
 Defined at:
		line 54 in file "mcc_generated_files/ext_int.c"
 Parameters:    Size  Location     Type
		None
 Auto vars:     Size  Location     Type
		None
 Return value:  Size  Location     Type
                  1    wreg      void 
 Registers used:
		None
 Tracked objects:
		On entry : 
		On exit  : 
		Unchanged: 
 Data sizes:     COMMON   BANK0   BANK1   BANK2   BANK3   BANK4   BANK5   BANK6   BANK7   BANK8   BANK9  BANK10  BANK11  BANK12
      Params:         0       0       0       0       0       0       0       0       0       0       0       0       0       0
      Locals:         0       0       0       0       0       0       0       0       0       0       0       0       0       0
      Temps:          0       0       0       0       0       0       0       0       0       0       0       0       0       0
      Totals:         0       0       0       0       0       0       0       0       0       0       0       0       0       0
Total ram usage:        0 bytes
 Hardware stack levels used:    1
 This function calls:
		Nothing
 This function is called by:
		_EXT_INT_Initialize
		_INT_CallBack
 This function uses a non-reentrant model


 *************** function _Switch1 *****************
 Defined at:
		line 114 in file "main.c"
 Parameters:    Size  Location     Type
		None
 Auto vars:     Size  Location     Type
		None
 Return value:  Size  Location     Type
                  1    wreg      void 
 Registers used:
		wreg, status,2, status,0, pclath, cstack
 Tracked objects:
		On entry : 
		On exit  : 
		Unchanged: 
 Data sizes:     COMMON   BANK0   BANK1   BANK2   BANK3   BANK4   BANK5   BANK6   BANK7   BANK8   BANK9  BANK10  BANK11  BANK12
      Params:         0       0       0       0       0       0       0       0       0       0       0       0       0       0
      Locals:         0       0       0       0       0       0       0       0       0       0       0       0       0       0
      Temps:          1       0       0       0       0       0       0       0       0       0       0       0       0       0
      Totals:         1       0       0       0       0       0       0       0       0       0       0       0       0       0
Total ram usage:        1 bytes
 Hardware stack levels used:    1
 Hardware stack levels required when called:    2
 This function calls:
		_ClearAlarm
 This function is called by:
		_main
		_INT_CallBack
 This function uses a non-reentrant model


 *************** function _ClearAlarm *****************
 Defined at:
		line 107 in file "main.c"
 Parameters:    Size  Location     Type
		None
 Auto vars:     Size  Location     Type
		None
 Return value:  Size  Location     Type
                  1    wreg      void 
 Registers used:
		wreg, status,2, status,0, pclath, cstack
 Tracked objects:
		On entry : 
		On exit  : 
		Unchanged: 
 Data sizes:     COMMON   BANK0   BANK1   BANK2   BANK3   BANK4   BANK5   BANK6   BANK7   BANK8   BANK9  BANK10  BANK11  BANK12
      Params:         0       0       0       0       0       0       0       0       0       0       0       0       0       0
      Locals:         0       0       0       0       0       0       0       0       0       0       0       0       0       0
      Temps:          0       0       0       0       0       0       0       0       0       0       0       0       0       0
      Totals:         0       0       0       0       0       0       0       0       0       0       0       0       0       0
Total ram usage:        0 bytes
 Hardware stack levels used:    1
 Hardware stack levels required when called:    1
 This function calls:
		_PWM_Output_D4_Disable
		_TMR2_Stop
 This function is called by:
		_Switch1
 This function uses a non-reentrant model


 *************** function _TMR2_Stop *****************
 Defined at:
		line 119 in file "mcc_generated_files/tmr2.c"
 Parameters:    Size  Location     Type
		None
 Auto vars:     Size  Location     Type
		None
 Return value:  Size  Location     Type
                  1    wreg      void 
 Registers used:
		None
 Tracked objects:
		On entry : 
		On exit  : 
		Unchanged: 
 Data sizes:     COMMON   BANK0   BANK1   BANK2   BANK3   BANK4   BANK5   BANK6   BANK7   BANK8   BANK9  BANK10  BANK11  BANK12
      Params:         0       0       0       0       0       0       0       0       0       0       0       0       0       0
      Locals:         0       0       0       0       0       0       0       0       0       0       0       0       0       0
      Temps:          0       0       0       0       0       0       0       0       0       0       0       0       0       0
      Totals:         0       0       0       0       0       0       0       0       0       0       0       0       0       0
Total ram usage:        0 bytes
 Hardware stack levels used:    1
 This function calls:
		Nothing
 This function is called by:
		_ClearAlarm
		_TMR2_StopTimer
 This function uses a non-reentrant model


 *************** function _PWM_Output_D4_Disable *****************
 Defined at:
		line 56 in file "utils.c"
 Parameters:    Size  Location     Type
		None
 Auto vars:     Size  Location     Type
		None
 Return value:  Size  Location     Type
                  1    wreg      void 
 Registers used:
		wreg, status,2
 Tracked objects:
		On entry : 
		On exit  : 
		Unchanged: 
 Data sizes:     COMMON   BANK0   BANK1   BANK2   BANK3   BANK4   BANK5   BANK6   BANK7   BANK8   BANK9  BANK10  BANK11  BANK12
      Params:         0       0       0       0       0       0       0       0       0       0       0       0       0       0
      Locals:         0       0       0       0       0       0       0       0       0       0       0       0       0       0
      Temps:          0       0       0       0       0       0       0       0       0       0       0       0       0       0
      Totals:         0       0       0       0       0       0       0       0       0       0       0       0       0       0
Total ram usage:        0 bytes
 Hardware stack levels used:    1
 This function calls:
		Nothing
 This function is called by:
		_ClearAlarm
 This function uses a non-reentrant model



MODULE INFORMATION

Module		Function		Class		Link	Load	Size
/home/pedromoreira/MyPrograms/mplab_SCE/xc8/pic/sources/c99/common/awmod.c
		___awmod       		CODE           	03F8	0000	85

/home/pedromoreira/MyPrograms/mplab_SCE/xc8/pic/sources/c99/common/awmod.c estimated size: 85

mcc_generated_files/pwm6.c
		_PWM6_LoadDutyValue		CODE           	0743	0000	23
		_PWM6_Initialize		CODE           	0FF3	0000	14

mcc_generated_files/pwm6.c estimated size: 37

mcc_generated_files/tmr2.c
		_TMR2_ISR      		CODE           	0F6D	0000	7
		_TMR2_Initialize		CODE           	0717	0000	23
		_TMR2_Stop     		CODE           	0F4B	0000	4
		_TMR2_Start    		CODE           	0F4E	0000	4
		_TMR2_Counter8BitGet		CODE           	0F91	0000	8
		_TMR2_SetInterruptHandler		CODE           	0F7F	0000	7
		_TMR2_DefaultInterruptHandler		CODE           	07FE	0000	2
		_TMR2_CallBack 		CODE           	0FD9	0000	14
		_TMR2_StartTimer		CODE           	0F5E	0000	5
		_TMR2_ReadTimer		CODE           	0F5A	0000	5

mcc_generated_files/tmr2.c estimated size: 79

mcc_generated_files/interrupt_manager.c
		_INTERRUPT_InterruptManager		CODE           	0004	0000	64

mcc_generated_files/interrupt_manager.c estimated size: 64

mcc_generated_files/pin_manager.c
		_PIN_MANAGER_Initialize		CODE           	04EA	0000	72

mcc_generated_files/pin_manager.c estimated size: 72

I2C/i2c.c
		_ReadI2C       		CODE           	069B	0000	27
		_WriteI2C      		CODE           	049F	0000	76

I2C/i2c.c estimated size: 103

menus.c
		_submenu_temp  		CODE           	039B	0000	94
		_submenu_clock 		CODE           	016F	0000	189
		_submenu_alarm 		CODE           	078F	0000	18
		_submenu_illum 		CODE           	077E	0000	18
		_Blink         		CODE           	0531	0000	71
		_Menus         		CODE           	044C	0000	84
		_Update        		CODE           	0577	0000	56
		_Menu          		CODE           	05AE	0000	51

menus.c estimated size: 581

/home/pedromoreira/MyPrograms/mplab_SCE/xc8/pic/sources/c99/common/awdiv.c
		___awdiv       		CODE           	033B	0000	97

/home/pedromoreira/MyPrograms/mplab_SCE/xc8/pic/sources/c99/common/awdiv.c estimated size: 97

eeprom.c
		_get_check_up_value		CODE           	0060	0000	272
		_set_check_up_value		CODE           	06E8	0000	25

eeprom.c estimated size: 297

mcc_generated_files/ext_int.c
		_INT_DefaultInterruptHandler		CODE           	0003	0000	2
		_EXT_INT_Initialize		CODE           	0FE6	0000	14
		_INT_SetInterruptHandler		CODE           	0F79	0000	7
		_INT_CallBack  		CODE           	0FCC	0000	14
		_INT_ISR       		CODE           	0F67	0000	7

mcc_generated_files/ext_int.c estimated size: 44

shared
		__initialization		CODE           	0045	0000	24

shared estimated size: 24

/home/pedromoreira/MyPrograms/mplab_SCE/xc8/pic/sources/c99/common/Umul16.c
		___wmul        		CODE           	05E0	0000	35

/home/pedromoreira/MyPrograms/mplab_SCE/xc8/pic/sources/c99/common/Umul16.c estimated size: 35

mcc_generated_files/mcc.c
		_PMD_Initialize		CODE           	0F98	0000	9
		_OSCILLATOR_Initialize		CODE           	0FA0	0000	10
		_SYSTEM_Initialize		CODE           	06CF	0000	26

mcc_generated_files/mcc.c estimated size: 45

mcc_generated_files/tmr1.c
		_TMR1_Initialize		CODE           	0641	0000	31
		_TMR1_SetInterruptHandler		CODE           	0F73	0000	7
		_TMR1_StopTimer		CODE           	0F54	0000	4
		_TMR1_DefaultInterruptHandler		CODE           	07FF	0000	2
		_TMR1_WriteTimer		CODE           	07A0	0000	18
		_TMR1_StartTimer		CODE           	0F51	0000	4
		_TMR1_ReadTimer		CODE           	0602	0000	34
		_TMR1_ISR      		CODE           	0700	0000	24

mcc_generated_files/tmr1.c estimated size: 124

utils.c
		_ReadTemp      		CODE           	0F62	0000	6
		_PWM_Output_D4_Disable		CODE           	07E1	0000	16
		_PWM_Output_D4_Enable		CODE           	07C2	0000	17
		_ReadIllum     		CODE           	0759	0000	20
		_checkButtonS1 		CODE           	067D	0000	31
		_checkButtonS2 		CODE           	065F	0000	31
		_ShowOnLEDs    		CODE           	0FA9	0000	12

utils.c estimated size: 133

mcc_generated_files/memory.c
		_DATAEE_WriteByte		CODE           	0623	0000	31
		_DATAEE_ReadByte		CODE           	0FC0	0000	13

mcc_generated_files/memory.c estimated size: 44

mcc_generated_files/i2c1_driver.c
		_i2c1_driver_open		CODE           	0FB4	0000	13

mcc_generated_files/i2c1_driver.c estimated size: 13

mcc_generated_files/adcc.c
		_ADCC_GetSingleConversion		CODE           	076C	0000	19
		_ADCC_Initialize		CODE           	072D	0000	23

mcc_generated_files/adcc.c estimated size: 42

main.c
		_ClearAlarm    		CODE           	07B1	0000	18
		_Timer         		CODE           	02CF	0000	109
		_main          		CODE           	022B	0000	165
		_Switch1       		CODE           	07D2	0000	16
		_teste         		CODE           	0F57	0000	4
		_Alarm         		CODE           	06B5	0000	27

main.c estimated size: 339

