Microchip MPLAB XC8 Compiler V2.10 ()

Linker command line:

-W-3 --edf=/Applications/microchip/xc8/v2.10/pic/dat/en_msgs.txt -cs \
  -h+dist/default/production/WeatherStation_g8.x.production.sym \
  --cmf=dist/default/production/WeatherStation_g8.x.production.cmf -z \
  -Q16F18875 -o/tmp/xccpH7H0n --defsym=__MPLAB_BUILD=1 \
  -Mdist/default/production/WeatherStation_g8.x.production.map -E1 -ver=XC8 \
  --acfsm=1493 -ASTACK=0208Fh-023EFh -pstack=STACK -ACODE=00h-07FFhx4 \
  -ASTRCODE=00h-01FFFh -ASTRING=00h-0FFhx32 -ACONST=00h-0FFhx32 \
  -AENTRY=00h-0FFhx32 -ACOMMON=070h-07Fh -ABANK0=020h-06Fh \
  -ABANK1=0A0h-0EFh -ABANK2=0120h-016Fh -ABANK3=01A0h-01EFh \
  -ABANK4=0220h-026Fh -ABANK5=02A0h-02EFh -ABANK6=0320h-036Fh \
  -ABANK7=03A0h-03EFh -ABANK8=0420h-046Fh -ABANK9=04A0h-04EFh \
  -ABANK10=0520h-056Fh -ABANK11=05A0h-05EFh -ABANK12=0620h-064Fh \
  -ABIGRAM=02000h-023EFh \
  -ARAM=020h-06Fh,0A0h-0EFh,0120h-016Fh,01A0h-01EFh,0220h-026Fh,02A0h-02EFh,0320h-036Fh,03A0h-03EFh,0420h-046Fh,04A0h-04EFh,0520h-056Fh,05A0h-05EFh,0620h-064Fh \
  -AABS1=020h-07Fh,0A0h-0EFh,0120h-016Fh,01A0h-01EFh,0220h-026Fh,02A0h-02EFh,0320h-036Fh,03A0h-03EFh,0420h-046Fh,04A0h-04EFh,0520h-056Fh,05A0h-05EFh,0620h-064Fh \
  -ASFR0=00h-01Fh -ASFR1=080h-09Fh -ASFR2=0100h-011Fh -ASFR3=0180h-019Fh \
  -ASFR4=0200h-021Fh -ASFR5=0280h-029Fh -ASFR6=0300h-031Fh \
  -ASFR7=0380h-039Fh -ASFR8=0400h-041Fh -ASFR9=0480h-049Fh \
  -ASFR10=0500h-051Fh -ASFR11=0580h-059Fh -ASFR12=0600h-061Fh \
  -ASFR13=0680h-06EFh -ASFR14=0700h-076Fh -ASFR15=0780h-07EFh \
  -ASFR16=0800h-086Fh -ASFR17=0880h-08EFh -ASFR18=0900h-096Fh \
  -ASFR19=0980h-09EFh -ASFR20=0A00h-0A6Fh -ASFR21=0A80h-0AEFh \
  -ASFR22=0B00h-0B6Fh -ASFR23=0B80h-0BEFh -ASFR24=0C00h-0C6Fh \
  -ASFR25=0C80h-0CEFh -ASFR26=0D00h-0D6Fh -ASFR27=0D80h-0DEFh \
  -ASFR28=0E00h-0E6Fh -ASFR29=0E80h-0EEFh -ASFR30=0F00h-0F6Fh \
  -ASFR31=0F80h-0FEFh -preset_vec=00h,intentry=04h,init,end_init \
  -ppowerup=CODE -pcinit=CODE -pfunctab=ENTRY -ACONFIG=08007h-0800Bh \
  -pconfig=CONFIG -DCONFIG=2 -AIDLOC=08000h-08003h -pidloc=IDLOC -DIDLOC=2 \
  -AEEDATA=00h-0FFh/0F000h -peeprom_data=EEDATA -DEEDATA=2 -DCODE=2 \
  -DSTRCODE=2 -DSTRING=2 -DCONST=2 -DENTRY=2 -k /tmp/xcir9FOm4.o \
  dist/default/production/WeatherStation_g8.x.production.o 

Object code version is 3.11

Machine type is 16F18875



                Name                               Link     Load   Length Selector   Space Scale
/tmp/xcir9FOm4.o
                end_init                             55       55        2        8       0
                reset_vec                             0        0        2        0       0
                config                             8007     8007        5    1000E       0
dist/default/production/WeatherStation_g8.x.production.o
                cinit                                57       57       16        8       0
                intentry                              4        4       51        8       0
                text86                              C41      C41       1A     1882       0
                text85                              A50      A50        4     14A0       0
                text84                              A49      A49        1     1492       0
                text83                              A54      A54        4     14A8       0
                text82                              E86      E86       39     1D0C       0
                text81                              D23      D23       22     1A46       0
                text80                              B58      B58        F     16B0       0
                text79                              A8E      A8E        7     151C       0
                text78                              B67      B67        F     16CE       0
                text77                                2        2        1        0       0
                text76                              B23      B23        D     1646       0
                text75                              A58      A58        6     14B0       0
                text74                              BB4      BB4       11     1768       0
                text73                              FBD      FBD       43     1F7A       0
                text72                                3        3        1        6       0
                text71                              75B      75B       49        8       0
                text70                              C2A      C2A       17     1854       0
                text68                              BFE      BFE       16     17FC       0
                text67                              B94      B94       10     1728       0
                text66                              D04      D04       1F     1A08       0
                text65                              F3A      F3A       41     1E74       0
                text64                              A4A      A4A        3     1494       0
                text63                              A4D      A4D        3     149A       0
                text62                              AFF      AFF        C     15FE       0
                text61                              CAC      CAC       1D     1958       0
                text60                              CC9      CC9       1D     1992       0
                text59                              D69      D69       2A     1AD2       0
                text58                              B0B      B0B        C     1616       0
                text57                              D45      D45       24     1A8A       0
                text56                              D93      D93       2E     1B26       0
                text55                              BA4      BA4       10     1748       0
                text54                              50C      50C       60        8       0
                text53                              625      625       53        8       0
                text52                              BE9      BE9       15     17D2       0
                text51                              7A4      7A4       47        8       0
                text50                              AF5      AF5        A     15EA       0
                text49                              3C8      3C8       B5        8       0
                text48                              DC1      DC1       2E     1B82       0
                text47                              BC5      BC5       12     178A       0
                text46                              DEF      DEF       2E     1BDE       0
                text45                              5C9      5C9       5C        8       0
                text44                              E51      E51       35     1CA2       0
                text43                              A5E      A5E        6     14BC       0
                text42                              F7B      F7B       42     1EF6       0
                text41                              BD7      BD7       12     17AE       0
                text40                              B76      B76        F     16EC       0
                text39                              C5B      C5B       1A     18B6       0
                text38                              710      710       4B        8       0
                text37                              1B7      1B7      10D        8       0
                text36                              C14      C14       16     1828       0
                text35                              A64      A64        6     14C8       0
                text34                              A6A      A6A        6     14D4       0
                text33                              A70      A70        6     14E0       0
                text32                              A76      A76        6     14EC       0
                text31                              A7C      A7C        6     14F8       0
                text30                              EFB      EFB       3F     1DF6       0
                text29                              A82      A82        6     1504       0
                text28                              B30      B30        D     1660       0
                text27                              AEC      AEC        9     15D8       0
                text26                              6C5      6C5       4B        8       0
                text25                              A9C      A9C        8     1538       0
                text24                              B3D      B3D        D     167A       0
                text23                              CE6      CE6       1E     19CC       0
                text22                              B4A      B4A        E     1694       0
                text21                              C90      C90       1C     1920       0
                text20                              B85      B85        F     170A       0
                text19                              A95      A95        7     152A       0
                text18                              B17      B17        C     162E       0
                text17                              56C      56C       5D        8       0
                text16                              7EB      7EB       15        8       0
                text15                              47D      47D       8F        8       0
                text14                              E1D      E1D       34     1C3A       0
                text13                              AA4      AA4        8     1548       0
                text12                              AAC      AAC        8     1558       0
                text11                              AB4      AB4        8     1568       0
                text10                              ABC      ABC        8     1578       0
                text9                               AC4      AC4        8     1588       0
                text8                               ACC      ACC        8     1598       0
                text7                               AD4      AD4        8     15A8       0
                text6                               ADC      ADC        8     15B8       0
                text5                               C75      C75       1B     18EA       0
                text4                               678      678       4D        8       0
                text3                               EBF      EBF       3C     1D7E       0
                text2                               2C4      2C4      104        8       0
                text1                               AE4      AE4        8     15C8       0
                maintext                             6D       6D      14A        8       0
                cstackBANK0                          45       45       17       20       1
                cstackCOMMON                         70       70        A       70       1
                cstackBANK1                          C6       C6        F       A0       1
                clrtext                             A88      A88        6     1510       0
                bssBANK1                             A0       A0       26       A0       1
                bssBANK0                             20       20       25       20       1
                bssCOMMON                            7A       7A        2       70       1
                nvBANK1                              D5       D5        A       A0       1
                nvBANK0                              5C       5C        7       20       1

TOTAL           Name                               Link     Load   Length     Space
        CLASS   STACK          

        CLASS   CODE           
                end_init                             55       55        2         0
                cinit                                57       57       16         0
                intentry                              4        4       51         0
                reset_vec                             0        0        2         0
                text86                              C41      C41       1A         0
                text85                              A50      A50        4         0
                text84                              A49      A49        1         0
                text83                              A54      A54        4         0
                text82                              E86      E86       39         0
                text81                              D23      D23       22         0
                text80                              B58      B58        F         0
                text79                              A8E      A8E        7         0
                text78                              B67      B67        F         0
                text77                                2        2        1         0
                text76                              B23      B23        D         0
                text75                              A58      A58        6         0
                text74                              BB4      BB4       11         0
                text73                              FBD      FBD       43         0
                text72                                3        3        1         0
                text71                              75B      75B       49         0
                text70                              C2A      C2A       17         0
                text68                              BFE      BFE       16         0
                text67                              B94      B94       10         0
                text66                              D04      D04       1F         0
                text65                              F3A      F3A       41         0
                text64                              A4A      A4A        3         0
                text63                              A4D      A4D        3         0
                text62                              AFF      AFF        C         0
                text61                              CAC      CAC       1D         0
                text60                              CC9      CC9       1D         0
                text59                              D69      D69       2A         0
                text58                              B0B      B0B        C         0
                text57                              D45      D45       24         0
                text56                              D93      D93       2E         0
                text55                              BA4      BA4       10         0
                text54                              50C      50C       60         0
                text53                              625      625       53         0
                text52                              BE9      BE9       15         0
                text51                              7A4      7A4       47         0
                text50                              AF5      AF5        A         0
                text49                              3C8      3C8       B5         0
                text48                              DC1      DC1       2E         0
                text47                              BC5      BC5       12         0
                text46                              DEF      DEF       2E         0
                text45                              5C9      5C9       5C         0
                text44                              E51      E51       35         0
                text43                              A5E      A5E        6         0
                text42                              F7B      F7B       42         0
                text41                              BD7      BD7       12         0
                text40                              B76      B76        F         0
                text39                              C5B      C5B       1A         0
                text38                              710      710       4B         0
                text37                              1B7      1B7      10D         0
                text36                              C14      C14       16         0
                text35                              A64      A64        6         0
                text34                              A6A      A6A        6         0
                text33                              A70      A70        6         0
                text32                              A76      A76        6         0
                text31                              A7C      A7C        6         0
                text30                              EFB      EFB       3F         0
                text29                              A82      A82        6         0
                text28                              B30      B30        D         0
                text27                              AEC      AEC        9         0
                text26                              6C5      6C5       4B         0
                text25                              A9C      A9C        8         0
                text24                              B3D      B3D        D         0
                text23                              CE6      CE6       1E         0
                text22                              B4A      B4A        E         0
                text21                              C90      C90       1C         0
                text20                              B85      B85        F         0
                text19                              A95      A95        7         0
                text18                              B17      B17        C         0
                text17                              56C      56C       5D         0
                text16                              7EB      7EB       15         0
                text15                              47D      47D       8F         0
                text14                              E1D      E1D       34         0
                text13                              AA4      AA4        8         0
                text12                              AAC      AAC        8         0
                text11                              AB4      AB4        8         0
                text10                              ABC      ABC        8         0
                text9                               AC4      AC4        8         0
                text8                               ACC      ACC        8         0
                text7                               AD4      AD4        8         0
                text6                               ADC      ADC        8         0
                text5                               C75      C75       1B         0
                text4                               678      678       4D         0
                text3                               EBF      EBF       3C         0
                text2                               2C4      2C4      104         0
                text1                               AE4      AE4        8         0
                maintext                             6D       6D      14A         0
                clrtext                             A88      A88        6         0

        CLASS   STRCODE        

        CLASS   STRING         

        CLASS   CONST          

        CLASS   ENTRY          

        CLASS   COMMON         
                cstackCOMMON                         70       70        A         1
                bssCOMMON                            7A       7A        2         1

        CLASS   BANK0          
                cstackBANK0                          45       45       17         1
                bssBANK0                             20       20       25         1
                nvBANK0                              5C       5C        7         1

        CLASS   BANK1          
                cstackBANK1                          C6       C6        F         1
                bssBANK1                             A0       A0       26         1
                nvBANK1                              D5       D5        A         1

        CLASS   BANK2          

        CLASS   BANK3          

        CLASS   BANK4          

        CLASS   BANK5          

        CLASS   BANK6          

        CLASS   BANK7          

        CLASS   BANK8          

        CLASS   BANK9          

        CLASS   BANK10         

        CLASS   BANK11         

        CLASS   BANK12         

        CLASS   BIGRAM         

        CLASS   RAM            

        CLASS   ABS1           
                abs_s1                               7E       7E        2         1

        CLASS   SFR0           

        CLASS   SFR1           

        CLASS   SFR2           

        CLASS   SFR3           

        CLASS   SFR4           

        CLASS   SFR5           

        CLASS   SFR6           

        CLASS   SFR7           

        CLASS   SFR8           

        CLASS   SFR9           

        CLASS   SFR10          

        CLASS   SFR11          

        CLASS   SFR12          

        CLASS   SFR13          

        CLASS   SFR14          

        CLASS   SFR15          

        CLASS   SFR16          

        CLASS   SFR17          

        CLASS   SFR18          

        CLASS   SFR19          

        CLASS   SFR20          

        CLASS   SFR21          

        CLASS   SFR22          

        CLASS   SFR23          

        CLASS   SFR24          

        CLASS   SFR25          

        CLASS   SFR26          

        CLASS   SFR27          

        CLASS   SFR28          

        CLASS   SFR29          

        CLASS   SFR30          

        CLASS   SFR31          

        CLASS   CONFIG         
                config                             8007     8007        5         0

        CLASS   IDLOC          

        CLASS   EEDATA         

        CLASS   BANK31         

        CLASS   BANK30         

        CLASS   BANK29         

        CLASS   BANK28         

        CLASS   BANK27         

        CLASS   BANK26         

        CLASS   BANK25         

        CLASS   BANK24         

        CLASS   BANK23         

        CLASS   BANK22         

        CLASS   BANK21         

        CLASS   BANK20         

        CLASS   BANK19         

        CLASS   BANK18         

        CLASS   BANK17         

        CLASS   BANK16         

        CLASS   BANK15         

        CLASS   BANK14         

        CLASS   BANK13         



SEGMENTS        Name                           Load    Length   Top    Selector   Space  Class     Delta

                text47                         000BC5  000012  000BD7      178A       0  CODE        2
                text41                         000BD7  000012  000BE9      17AE       0  CODE        2
                text55                         000BA4  000010  000BB4      1748       0  CODE        2
                text74                         000BB4  000011  000BC5      1768       0  CODE        2
                text36                         000C14  000016  000C2A      1828       0  CODE        2
                text70                         000C2A  000017  000C41      1854       0  CODE        2
                text52                         000BE9  000015  000BFE      17D2       0  CODE        2
                text68                         000BFE  000016  000C14      17FC       0  CODE        2
                text22                         000B4A  00000E  000B58      1694       0  CODE        2
                text80                         000B58  00000F  000B67      16B0       0  CODE        2
                text28                         000B30  00000D  000B3D      1660       0  CODE        2
                text24                         000B3D  00000D  000B4A      167A       0  CODE        2
                text20                         000B85  00000F  000B94      170A       0  CODE        2
                text67                         000B94  000010  000BA4      1728       0  CODE        2
                text78                         000B67  00000F  000B76      16CE       0  CODE        2
                text40                         000B76  00000F  000B85      16EC       0  CODE        2
                text59                         000D69  00002A  000D93      1AD2       0  CODE        2
                text56                         000D93  00002E  000DC1      1B26       0  CODE        2
                text81                         000D23  000022  000D45      1A46       0  CODE        2
                text57                         000D45  000024  000D69      1A8A       0  CODE        2
                text14                         000E1D  000034  000E51      1C3A       0  CODE        2
                text44                         000E51  000035  000E86      1CA2       0  CODE        2
                text48                         000DC1  00002E  000DEF      1B82       0  CODE        2
                text46                         000DEF  00002E  000E1D      1BDE       0  CODE        2
                text5                          000C75  00001B  000C90      18EA       0  CODE        2
                text21                         000C90  00001C  000CAC      1920       0  CODE        2
                text86                         000C41  00001A  000C5B      1882       0  CODE        2
                text39                         000C5B  00001A  000C75      18B6       0  CODE        2
                text23                         000CE6  00001E  000D04      19CC       0  CODE        2
                text66                         000D04  00001F  000D23      1A08       0  CODE        2
                text61                         000CAC  00001D  000CC9      1958       0  CODE        2
                text60                         000CC9  00001D  000CE6      1992       0  CODE        2
                text76                         000B23  00000D  000B30      1646       0  CODE        2
                text33                         000A70  000006  000A76      14E0       0  CODE        2
                text32                         000A76  000006  000A7C      14EC       0  CODE        2
                text35                         000A64  000006  000A6A      14C8       0  CODE        2
                text34                         000A6A  000006  000A70      14D4       0  CODE        2
                clrtext                        000A88  000006  000A8E      1510       0  CODE        2
                text79                         000A8E  000007  000A95      151C       0  CODE        2
                text31                         000A7C  000006  000A82      14F8       0  CODE        2
                text29                         000A82  000006  000A88      1504       0  CODE        2
                text64                         000A4A  000003  000A4D      1494       0  CODE        2
                text63                         000A4D  000003  000A50      149A       0  CODE        2
                text84                         000A49  000001  000A4A      1492       0  CODE        2
                text72                         000003  000001  000004         6       0  CODE        2
                text75                         000A58  000006  000A5E      14B0       0  CODE        2
                text43                         000A5E  000006  000A64      14BC       0  CODE        2
                text85                         000A50  000004  000A54      14A0       0  CODE        2
                text83                         000A54  000004  000A58      14A8       0  CODE        2
                text1                          000AE4  000008  000AEC      15C8       0  CODE        2
                text27                         000AEC  000009  000AF5      15D8       0  CODE        2
                text7                          000AD4  000008  000ADC      15A8       0  CODE        2
                text6                          000ADC  000008  000AE4      15B8       0  CODE        2
                text58                         000B0B  00000C  000B17      1616       0  CODE        2
                text18                         000B17  00000C  000B23      162E       0  CODE        2
                text50                         000AF5  00000A  000AFF      15EA       0  CODE        2
                text62                         000AFF  00000C  000B0B      15FE       0  CODE        2
                text13                         000AA4  000008  000AAC      1548       0  CODE        2
                text12                         000AAC  000008  000AB4      1558       0  CODE        2
                text19                         000A95  000007  000A9C      152A       0  CODE        2
                text25                         000A9C  000008  000AA4      1538       0  CODE        2
                text9                          000AC4  000008  000ACC      1588       0  CODE        2
                text8                          000ACC  000008  000AD4      1598       0  CODE        2
                text11                         000AB4  000008  000ABC      1568       0  CODE        2
                text10                         000ABC  000008  000AC4      1578       0  CODE        2
                text82                         000E86  000039  000EBF      1D0C       0  CODE        2
                reset_vec                      000000  000003  000003         0       0  CODE        2
                bssBANK1                       0000A0  00003F  0000DF        A0       1  BANK1       1
                bssBANK0                       000020  000043  000063        20       1  BANK0       1
                config                         008007  000005  00800C     1000E       0  CONFIG      2
                intentry                       000004  0007FC  000800         8       0  CODE        2
                cstackCOMMON                   000070  00000C  00007C        70       1  COMMON      1
                text65                         000F3A  000041  000F7B      1E74       0  CODE        2
                text30                         000EFB  00003F  000F3A      1DF6       0  CODE        2
                text42                         000F7B  000042  000FBD      1EF6       0  CODE        2
                text3                          000EBF  00003C  000EFB      1D7E       0  CODE        2
                text73                         000FBD  000043  001000      1F7A       0  CODE        2


UNUSED ADDRESS RANGES

        Name                Unused          Largest block    Delta
        BANK0            00063-0006F               D           1
        BANK1            000DF-000EF              11           1
        BANK10           00520-0056F              50           1
        BANK11           005A0-005EF              50           1
        BANK12           00620-0064F              30           1
        BANK2            00120-0016F              50           1
        BANK3            001A0-001EF              50           1
        BANK4            00220-0026F              50           1
        BANK5            002A0-002EF              50           1
        BANK6            00320-0036F              50           1
        BANK7            003A0-003EF              50           1
        BANK8            00420-0046F              50           1
        BANK9            004A0-004EF              50           1
        BIGRAM           02000-023EF             3F0           1
        CODE             00800-00A48             249           2
                         01000-01FFF             800
        COMMON           0007C-0007D               2           1
        CONST            00800-00A48             100           2
                         01000-01FFF             100
        EEDATA           0F000-0F0FF             100           2
        ENTRY            00800-00A48             100           2
                         01000-01FFF             100
        IDLOC            08000-08003               4           2
        RAM              00063-0006F               D           1
                         000DF-000EF              11
                         00120-0016F              50
                         001A0-001EF              50
                         00220-0026F              50
                         002A0-002EF              50
                         00320-0036F              50
                         003A0-003EF              50
                         00420-0046F              50
                         004A0-004EF              50
                         00520-0056F              50
                         005A0-005EF              50
                         00620-0064F              30
        SFR0             00000-0001F              20           1
        SFR1             00080-0009F              20           1
        SFR10            00500-0051F              20           1
        SFR11            00580-0059F              20           1
        SFR12            00600-0061F              20           1
        SFR13            00680-006EF              70           1
        SFR14            00700-0076F              70           1
        SFR15            00780-007EF              70           1
        SFR16            00800-0086F              70           1
        SFR17            00880-008EF              70           1
        SFR18            00900-0096F              70           1
        SFR19            00980-009EF              70           1
        SFR2             00100-0011F              20           1
        SFR20            00A00-00A6F              70           1
        SFR21            00A80-00AEF              70           1
        SFR22            00B00-00B6F              70           1
        SFR23            00B80-00BEF              70           1
        SFR24            00C00-00C6F              70           1
        SFR25            00C80-00CEF              70           1
        SFR26            00D00-00D6F              70           1
        SFR27            00D80-00DEF              70           1
        SFR28            00E00-00E6F              70           1
        SFR29            00E80-00EEF              70           1
        SFR3             00180-0019F              20           1
        SFR30            00F00-00F6F              70           1
        SFR31            00F80-00FEF              70           1
        SFR4             00200-0021F              20           1
        SFR5             00280-0029F              20           1
        SFR6             00300-0031F              20           1
        SFR7             00380-0039F              20           1
        SFR8             00400-0041F              20           1
        SFR9             00480-0049F              20           1
        STACK            0208F-023EF             361           1
        STRCODE          00800-00A48             249           2
                         01000-01FFF            1000
        STRING           00800-00A48             100           2
                         01000-01FFF             100

                                  Symbol Table

?_ADCC_GetSingleConversion                     cstackCOMMON 00072
?___awdiv                                      cstackCOMMON 00072
?___awmod                                      cstackCOMMON 00072
?___lwdiv                                      cstackCOMMON 00072
?___wmul                                       cstackCOMMON 00074
ADCC_GetSingleConversion@channel               cstackCOMMON 00075
Alarm@h                                        cstackBANK0  00051
Alarm@m                                        cstackBANK0  00045
Alarm@s                                        cstackBANK0  00046
DATAEE_ReadByte@bAdd                           cstackCOMMON 00072
DATAEE_WriteByte@GIEBitValue                   cstackBANK0  00048
DATAEE_WriteByte@bAdd                          cstackBANK0  00045
DATAEE_WriteByte@bData                         cstackBANK0  00047
EUSART_SetErrorHandler@interruptHandler        cstackCOMMON 00072
EUSART_SetFramingErrorHandler@interruptHandler cstackCOMMON 00072
EUSART_SetOverrunErrorHandler@interruptHandler cstackCOMMON 00072
EUSART_SetRxInterruptHandler@interruptHandler  cstackCOMMON 00072
EUSART_SetTxInterruptHandler@interruptHandler  cstackCOMMON 00072
INT_SetInterruptHandler@InterruptHandler       cstackCOMMON 00072
Menu@mode                                      cstackBANK0  0005A
PWM6_LoadDutyValue@dutyValue                   cstackCOMMON 00072
ReadTemp@value                                 cstackCOMMON 00075
ShowOnLEDs@num                                 cstackCOMMON 00073
TMR1_SetInterruptHandler@InterruptHandler      cstackCOMMON 00072
TMR1_WriteTimer@timerVal                       cstackCOMMON 00070
Update@thr                                     cstackCOMMON 00074
Update@var                                     cstackCOMMON 00076
WriteI2C@data_out                              cstackCOMMON 00073
_ADACCH                                        (abs)        00091
_ADACCL                                        (abs)        00090
_ADACQ                                         (abs)        0009D
_ADACT                                         (abs)        00099
_ADCAP                                         (abs)        0009B
_ADCC_GetSingleConversion                      text41       00BD7
_ADCC_Initialize                               text36       00C14
_ADCLK                                         (abs)        00098
_ADCNT                                         (abs)        0010C
_ADCON0                                        (abs)        00093
_ADCON0bits                                    (abs)        00093
_ADCON1                                        (abs)        00094
_ADCON1bits                                    (abs)        00094
_ADCON2                                        (abs)        00095
_ADCON2bits                                    (abs)        00095
_ADCON3                                        (abs)        00096
_ADCON3bits                                    (abs)        00096
_ADERRH                                        (abs)        00117
_ADERRL                                        (abs)        00116
_ADFLTRH                                       (abs)        00115
_ADFLTRL                                       (abs)        00114
_ADLTHH                                        (abs)        0010F
_ADLTHL                                        (abs)        0010E
_ADPCH                                         (abs)        0009E
_ADPRE                                         (abs)        0009C
_ADPREVH                                       (abs)        0008F
_ADPREVL                                       (abs)        0008E
_ADREF                                         (abs)        0009A
_ADRESH                                        (abs)        0008D
_ADRESL                                        (abs)        0008C
_ADRPT                                         (abs)        0010D
_ADSTAT                                        (abs)        00097
_ADSTATbits                                    (abs)        00097
_ADSTPTH                                       (abs)        00113
_ADSTPTL                                       (abs)        00112
_ADUTHH                                        (abs)        00111
_ADUTHL                                        (abs)        00110
_ANSELA                                        (abs)        00F38
_ANSELB                                        (abs)        00F43
_ANSELC                                        (abs)        00F4E
_ANSELD                                        (abs)        00F59
_ANSELE                                        (abs)        00F64
_Alarm                                         text65       00F3A
_BAUD1CON                                      (abs)        0011F
_Blink                                         text71       0075B
_CCPTMRS1bits                                  (abs)        0021F
_DATAEE_ReadByte                               text58       00B0B
_DATAEE_WriteByte                              text57       00D45
_EUSART_DefaultErrorHandler                    text85       00A50
_EUSART_DefaultFramingErrorHandler             text84       00A49
_EUSART_DefaultOverrunErrorHandler             text83       00A54
_EUSART_ErrorHandler                           nvBANK1      000D5
_EUSART_FramingErrorHandler                    nvBANK1      000D9
_EUSART_Initialize                             text30       00EFB
_EUSART_OverrunErrorHandler                    nvBANK1      000D7
_EUSART_Receive_ISR                            text82       00E86
_EUSART_RxDataHandler                          text86       00C41
_EUSART_RxDefaultInterruptHandler              nvBANK1      000DB
_EUSART_SetErrorHandler                        text35       00A64
_EUSART_SetFramingErrorHandler                 text34       00A6A
_EUSART_SetOverrunErrorHandler                 text33       00A70
_EUSART_SetRxInterruptHandler                  text32       00A76
_EUSART_SetTxInterruptHandler                  text31       00A7C
_EUSART_Transmit_ISR                           text81       00D23
_EUSART_TxDefaultInterruptHandler              nvBANK1      000DD
_EXT_INT_Initialize                            text28       00B30
_INLVLA                                        (abs)        00F3C
_INLVLB                                        (abs)        00F47
_INLVLC                                        (abs)        00F52
_INLVLD                                        (abs)        00F5D
_INLVLE                                        (abs)        00F68
_INTCONbits                                    (abs)        0000B
_INTERRUPT_InterruptManager                    intentry     00004
_INTPPS                                        (abs)        00E90
_INT_CallBack                                  text76       00B23
_INT_DefaultInterruptHandler                   text77       00002
_INT_ISR                                       text75       00A58
_INT_InterruptHandler                          nvBANK0      0005C
_INT_SetInterruptHandler                       text29       00A82
_LATA                                          (abs)        00016
_LATAbits                                      (abs)        00016
_LATB                                          (abs)        00017
_LATC                                          (abs)        00018
_LATD                                          (abs)        00019
_LATE                                          (abs)        0001A
_Menu                                          text44       00E51
_Menus                                         text42       00F7B
_NVMADRH                                       (abs)        0081B
_NVMADRL                                       (abs)        0081A
_NVMCON1bits                                   (abs)        0081E
_NVMCON2                                       (abs)        0081F
_NVMDATH                                       (abs)        0081D
_NVMDATL                                       (abs)        0081C
_ODCONA                                        (abs)        00F3A
_ODCONB                                        (abs)        00F45
_ODCONC                                        (abs)        00F50
_ODCOND                                        (abs)        00F5B
_ODCONE                                        (abs)        00F66
_OSCCON1                                       (abs)        0088D
_OSCCON3                                       (abs)        0088F
_OSCEN                                         (abs)        00891
_OSCFRQ                                        (abs)        00893
_OSCILLATOR_Initialize                         text27       00AEC
_OSCTUNE                                       (abs)        00892
_PIE0bits                                      (abs)        00716
_PIE3bits                                      (abs)        00719
_PIE4bits                                      (abs)        0071A
_PIN_MANAGER_Initialize                        text26       006C5
_PIR0bits                                      (abs)        0070C
_PIR3bits                                      (abs)        0070F
_PIR4bits                                      (abs)        00710
_PMD0                                          (abs)        00796
_PMD1                                          (abs)        00797
_PMD2                                          (abs)        00798
_PMD3                                          (abs)        00799
_PMD4                                          (abs)        0079A
_PMD5                                          (abs)        0079B
_PMD_Initialize                                text25       00A9C
_PORTBbits                                     (abs)        0000D
_PORTCbits                                     (abs)        0000E
_PPSLOCK                                       (abs)        00E8F
_PPSLOCKbits                                   (abs)        00E8F
_PR2                                           (abs)        0028D
_PWM6CON                                       (abs)        0038E
_PWM6DCH                                       (abs)        0038D
_PWM6DCL                                       (abs)        0038C
_PWM6_Initialize                               text24       00B3D
_PWM6_LoadDutyValue                            text68       00BFE
_PWM_Output_D4_Disable                         text20       00B85
_PWM_Output_D4_Enable                          text67       00B94
_RA6PPS                                        (abs)        00F16
_RC1REG                                        (abs)        00119
_RC1STA                                        (abs)        0011D
_RC1STAbits                                    (abs)        0011D
_RC3PPS                                        (abs)        00F23
_RC4PPS                                        (abs)        00F24
_RC6PPS                                        (abs)        00F26
_RXPPS                                         (abs)        00ECB
_ReadI2C                                       text39       00C5B
_ReadIllum                                     text40       00B76
_ReadTemp                                      text37       001B7
_SLRCONA                                       (abs)        00F3B
_SLRCONB                                       (abs)        00F46
_SLRCONC                                       (abs)        00F51
_SLRCOND                                       (abs)        00F5C
_SLRCONE                                       (abs)        00F67
_SP1BRGH                                       (abs)        0011C
_SP1BRGL                                       (abs)        0011B
_SSP1ADD                                       (abs)        0018D
_SSP1BUF                                       (abs)        0018C
_SSP1CLKPPS                                    (abs)        00EC5
_SSP1CON1                                      (abs)        00190
_SSP1CON1bits                                  (abs)        00190
_SSP1CON2                                      (abs)        00191
_SSP1CON2bits                                  (abs)        00191
_SSP1DATPPS                                    (abs)        00EC6
_SSP1MSK                                       (abs)        0018E
_SSP1STAT                                      (abs)        0018F
_SSP1STATbits                                  (abs)        0018F
_SYSTEM_Initialize                             text21       00C90
_ShowOnLEDs                                    text62       00AFF
_Switch1                                       text78       00B67
_T1CLK                                         (abs)        00211
_T1CON                                         (abs)        0020E
_T1CONbits                                     (abs)        0020E
_T1GATE                                        (abs)        00210
_T1GCON                                        (abs)        0020F
_T1GCONbits                                    (abs)        0020F
_T2CLKCON                                      (abs)        00290
_T2CON                                         (abs)        0028E
_T2CONbits                                     (abs)        0028E
_T2HLT                                         (abs)        0028F
_T2HLTbits                                     (abs)        0028F
_T2PR                                          (abs)        0028D
_T2RST                                         (abs)        00291
_T2RSTbits                                     (abs)        00291
_T2TMR                                         (abs)        0028C
_TMR1H                                         (abs)        0020D
_TMR1L                                         (abs)        0020C
_TMR1_DefaultInterruptHandler                  text72       00003
_TMR1_ISR                                      text70       00C2A
_TMR1_Initialize                               text23       00CE6
_TMR1_InterruptHandler                         nvBANK0      0005E
_TMR1_SetInterruptHandler                      text43       00A5E
_TMR1_StartTimer                               text64       00A4A
_TMR1_StopTimer                                text63       00A4D
_TMR1_WriteTimer                               text74       00BB4
_TMR2                                          (abs)        0028C
_TMR2_Initialize                               text22       00B4A
_TRISA                                         (abs)        00011
_TRISB                                         (abs)        00012
_TRISC                                         (abs)        00013
_TRISCbits                                     (abs)        00013
_TRISD                                         (abs)        00014
_TRISE                                         (abs)        00015
_TX1REG                                        (abs)        0011A
_TX1STA                                        (abs)        0011E
_TX1STAbits                                    (abs)        0011E
_Timer                                         text73       00FBD
_Update                                        text59       00D69
_WPUA                                          (abs)        00F39
_WPUB                                          (abs)        00F44
_WPUC                                          (abs)        00F4F
_WPUC3                                         (abs)        07A7B
_WPUC4                                         (abs)        07A7C
_WPUD                                          (abs)        00F5A
_WPUE                                          (abs)        00F65
_WriteI2C                                      text38       00710
__CFG_BOREN$ON                                 (abs)        00000
__CFG_BORV$LO                                  (abs)        00000
__CFG_CLKOUTEN$OFF                             (abs)        00000
__CFG_CP$OFF                                   (abs)        00000
__CFG_CPD$OFF                                  (abs)        00000
__CFG_CSWEN$ON                                 (abs)        00000
__CFG_DEBUG$OFF                                (abs)        00000
__CFG_FCMEN$ON                                 (abs)        00000
__CFG_FEXTOSC$OFF                              (abs)        00000
__CFG_LPBOREN$OFF                              (abs)        00000
__CFG_LVP$ON                                   (abs)        00000
__CFG_MCLRE$ON                                 (abs)        00000
__CFG_PPS1WAY$OFF                              (abs)        00000
__CFG_PWRTE$OFF                                (abs)        00000
__CFG_RSTOSC$HFINT1                            (abs)        00000
__CFG_SCANE$available                          (abs)        00000
__CFG_STVREN$ON                                (abs)        00000
__CFG_WDTCCS$SC                                (abs)        00000
__CFG_WDTCPS$WDTCPS_31                         (abs)        00000
__CFG_WDTCWS$WDTCWS_7                          (abs)        00000
__CFG_WDTE$OFF                                 (abs)        00000
__CFG_WRT$OFF                                  (abs)        00000
__CFG_ZCD$OFF                                  (abs)        00000
__Habs1                                        abs1         00000
__Hbank0                                       bank0        00000
__Hbank1                                       bank1        00000
__Hbank10                                      bank10       00000
__Hbank11                                      bank11       00000
__Hbank12                                      bank12       00000
__Hbank13                                      bank13       00000
__Hbank14                                      bank14       00000
__Hbank15                                      bank15       00000
__Hbank16                                      bank16       00000
__Hbank17                                      bank17       00000
__Hbank18                                      bank18       00000
__Hbank19                                      bank19       00000
__Hbank2                                       bank2        00000
__Hbank20                                      bank20       00000
__Hbank21                                      bank21       00000
__Hbank22                                      bank22       00000
__Hbank23                                      bank23       00000
__Hbank24                                      bank24       00000
__Hbank25                                      bank25       00000
__Hbank26                                      bank26       00000
__Hbank27                                      bank27       00000
__Hbank28                                      bank28       00000
__Hbank29                                      bank29       00000
__Hbank3                                       bank3        00000
__Hbank30                                      bank30       00000
__Hbank31                                      bank31       00000
__Hbank4                                       bank4        00000
__Hbank5                                       bank5        00000
__Hbank6                                       bank6        00000
__Hbank7                                       bank7        00000
__Hbank8                                       bank8        00000
__Hbank9                                       bank9        00000
__Hbigram                                      bigram       00000
__HbssBANK0                                    bssBANK0     00000
__HbssBANK1                                    bssBANK1     00000
__HbssCOMMON                                   bssCOMMON    00000
__Hcinit                                       cinit        0006D
__Hclrtext                                     clrtext      00000
__Hcode                                        code         00000
__Hcommon                                      common       00000
__Hconfig                                      config       0800C
__HcstackBANK0                                 cstackBANK0  00000
__HcstackBANK1                                 cstackBANK1  00000
__HcstackCOMMON                                cstackCOMMON 00000
__Heeprom_data                                 eeprom_data  00000
__Hend_init                                    end_init     00057
__Hfunctab                                     functab      00000
__Hidloc                                       idloc        00000
__Hinit                                        init         00055
__Hintentry                                    intentry     00055
__Hmaintext                                    maintext     00000
__HnvBANK0                                     nvBANK0      00000
__HnvBANK1                                     nvBANK1      00000
__Hpowerup                                     powerup      00000
__Hram                                         ram          00000
__Hreset_vec                                   reset_vec    00002
__Hsfr0                                        sfr0         00000
__Hsfr1                                        sfr1         00000
__Hsfr10                                       sfr10        00000
__Hsfr11                                       sfr11        00000
__Hsfr12                                       sfr12        00000
__Hsfr13                                       sfr13        00000
__Hsfr14                                       sfr14        00000
__Hsfr15                                       sfr15        00000
__Hsfr16                                       sfr16        00000
__Hsfr17                                       sfr17        00000
__Hsfr18                                       sfr18        00000
__Hsfr19                                       sfr19        00000
__Hsfr2                                        sfr2         00000
__Hsfr20                                       sfr20        00000
__Hsfr21                                       sfr21        00000
__Hsfr22                                       sfr22        00000
__Hsfr23                                       sfr23        00000
__Hsfr24                                       sfr24        00000
__Hsfr25                                       sfr25        00000
__Hsfr26                                       sfr26        00000
__Hsfr27                                       sfr27        00000
__Hsfr28                                       sfr28        00000
__Hsfr29                                       sfr29        00000
__Hsfr3                                        sfr3         00000
__Hsfr30                                       sfr30        00000
__Hsfr31                                       sfr31        00000
__Hsfr4                                        sfr4         00000
__Hsfr5                                        sfr5         00000
__Hsfr6                                        sfr6         00000
__Hsfr7                                        sfr7         00000
__Hsfr8                                        sfr8         00000
__Hsfr9                                        sfr9         00000
__Hspace_0                                     (abs)        0800C
__Hspace_1                                     (abs)        000DF
__Hspace_2                                     (abs)        00000
__Hspace_3                                     (abs)        00000
__Hstack                                       stack        00000
__Hstrings                                     strings      00000
__Htext                                        text         00000
__Labs1                                        abs1         00000
__Lbank0                                       bank0        00000
__Lbank1                                       bank1        00000
__Lbank10                                      bank10       00000
__Lbank11                                      bank11       00000
__Lbank12                                      bank12       00000
__Lbank13                                      bank13       00000
__Lbank14                                      bank14       00000
__Lbank15                                      bank15       00000
__Lbank16                                      bank16       00000
__Lbank17                                      bank17       00000
__Lbank18                                      bank18       00000
__Lbank19                                      bank19       00000
__Lbank2                                       bank2        00000
__Lbank20                                      bank20       00000
__Lbank21                                      bank21       00000
__Lbank22                                      bank22       00000
__Lbank23                                      bank23       00000
__Lbank24                                      bank24       00000
__Lbank25                                      bank25       00000
__Lbank26                                      bank26       00000
__Lbank27                                      bank27       00000
__Lbank28                                      bank28       00000
__Lbank29                                      bank29       00000
__Lbank3                                       bank3        00000
__Lbank30                                      bank30       00000
__Lbank31                                      bank31       00000
__Lbank4                                       bank4        00000
__Lbank5                                       bank5        00000
__Lbank6                                       bank6        00000
__Lbank7                                       bank7        00000
__Lbank8                                       bank8        00000
__Lbank9                                       bank9        00000
__Lbigram                                      bigram       00000
__LbssBANK0                                    bssBANK0     00000
__LbssBANK1                                    bssBANK1     00000
__LbssCOMMON                                   bssCOMMON    00000
__Lcinit                                       cinit        00057
__Lclrtext                                     clrtext      00000
__Lcode                                        code         00000
__Lcommon                                      common       00000
__Lconfig                                      config       08007
__LcstackBANK0                                 cstackBANK0  00000
__LcstackBANK1                                 cstackBANK1  00000
__LcstackCOMMON                                cstackCOMMON 00000
__Leeprom_data                                 eeprom_data  00000
__Lend_init                                    end_init     00055
__Lfunctab                                     functab      00000
__Lidloc                                       idloc        00000
__Linit                                        init         00055
__Lintentry                                    intentry     00004
__Lmaintext                                    maintext     00000
__LnvBANK0                                     nvBANK0      00000
__LnvBANK1                                     nvBANK1      00000
__Lpowerup                                     powerup      00000
__Lram                                         ram          00000
__Lreset_vec                                   reset_vec    00000
__Lsfr0                                        sfr0         00000
__Lsfr1                                        sfr1         00000
__Lsfr10                                       sfr10        00000
__Lsfr11                                       sfr11        00000
__Lsfr12                                       sfr12        00000
__Lsfr13                                       sfr13        00000
__Lsfr14                                       sfr14        00000
__Lsfr15                                       sfr15        00000
__Lsfr16                                       sfr16        00000
__Lsfr17                                       sfr17        00000
__Lsfr18                                       sfr18        00000
__Lsfr19                                       sfr19        00000
__Lsfr2                                        sfr2         00000
__Lsfr20                                       sfr20        00000
__Lsfr21                                       sfr21        00000
__Lsfr22                                       sfr22        00000
__Lsfr23                                       sfr23        00000
__Lsfr24                                       sfr24        00000
__Lsfr25                                       sfr25        00000
__Lsfr26                                       sfr26        00000
__Lsfr27                                       sfr27        00000
__Lsfr28                                       sfr28        00000
__Lsfr29                                       sfr29        00000
__Lsfr3                                        sfr3         00000
__Lsfr30                                       sfr30        00000
__Lsfr31                                       sfr31        00000
__Lsfr4                                        sfr4         00000
__Lsfr5                                        sfr5         00000
__Lsfr6                                        sfr6         00000
__Lsfr7                                        sfr7         00000
__Lsfr8                                        sfr8         00000
__Lsfr9                                        sfr9         00000
__Lspace_0                                     (abs)        00000
__Lspace_1                                     (abs)        00000
__Lspace_2                                     (abs)        00000
__Lspace_3                                     (abs)        00000
__Lstack                                       stack        00000
__Lstrings                                     strings      00000
__Ltext                                        text         00000
__S0                                           (abs)        0800C
__S1                                           (abs)        000DF
__S2                                           (abs)        00000
__S3                                           (abs)        00000
___awdiv                                       text54       0050C
___awdiv@counter                               cstackBANK0  00045
___awdiv@dividend                              cstackCOMMON 00074
___awdiv@divisor                               cstackCOMMON 00072
___awdiv@quotient                              cstackBANK0  00047
___awdiv@sign                                  cstackBANK0  00046
___awmod                                       text53       00625
___awmod@counter                               cstackCOMMON 00077
___awmod@dividend                              cstackCOMMON 00074
___awmod@divisor                               cstackCOMMON 00072
___awmod@sign                                  cstackCOMMON 00078
___bmul                                        text52       00BE9
___bmul@multiplicand                           cstackCOMMON 00072
___bmul@multiplier                             cstackCOMMON 00075
___bmul@product                                cstackCOMMON 00074
___int_sp                                      stack        00000
___latbits                                     (abs)        00002
___lwdiv                                       text3        00EBF
___lwdiv@counter                               cstackCOMMON 00079
___lwdiv@dividend                              cstackCOMMON 00074
___lwdiv@divisor                               cstackCOMMON 00072
___lwdiv@quotient                              cstackCOMMON 00077
___sp                                          stack        00000
___stackhi                                     (abs)        023EF
___stacklo                                     (abs)        0208F
___wmul                                        text66       00D04
___wmul@multiplicand                           cstackCOMMON 00076
___wmul@multiplier                             cstackCOMMON 00074
___wmul@product                                cstackCOMMON 00078
__end_of_ADCC_GetSingleConversion              text41       00BE9
__end_of_ADCC_Initialize                       text36       00C2A
__end_of_Alarm                                 text65       00F7B
__end_of_Blink                                 text71       007A4
__end_of_DATAEE_ReadByte                       text58       00B17
__end_of_DATAEE_WriteByte                      text57       00D69
__end_of_EUSART_DefaultErrorHandler            text85       00A54
__end_of_EUSART_DefaultFramingErrorHandler     text84       00A4A
__end_of_EUSART_DefaultOverrunErrorHandler     text83       00A58
__end_of_EUSART_Initialize                     text30       00F3A
__end_of_EUSART_Receive_ISR                    text82       00EBF
__end_of_EUSART_RxDataHandler                  text86       00C5B
__end_of_EUSART_SetErrorHandler                text35       00A6A
__end_of_EUSART_SetFramingErrorHandler         text34       00A70
__end_of_EUSART_SetOverrunErrorHandler         text33       00A76
__end_of_EUSART_SetRxInterruptHandler          text32       00A7C
__end_of_EUSART_SetTxInterruptHandler          text31       00A82
__end_of_EUSART_Transmit_ISR                   text81       00D45
__end_of_EXT_INT_Initialize                    text28       00B3D
__end_of_INTERRUPT_InterruptManager            intentry     00055
__end_of_INT_CallBack                          text76       00B30
__end_of_INT_DefaultInterruptHandler           text77       00003
__end_of_INT_ISR                               text75       00A5E
__end_of_INT_SetInterruptHandler               text29       00A88
__end_of_Menu                                  text44       00E86
__end_of_Menus                                 text42       00FBD
__end_of_OSCILLATOR_Initialize                 text27       00AF5
__end_of_PIN_MANAGER_Initialize                text26       00710
__end_of_PMD_Initialize                        text25       00AA4
__end_of_PWM6_Initialize                       text24       00B4A
__end_of_PWM6_LoadDutyValue                    text68       00C14
__end_of_PWM_Output_D4_Disable                 text20       00B94
__end_of_PWM_Output_D4_Enable                  text67       00BA4
__end_of_ReadI2C                               text39       00C75
__end_of_ReadIllum                             text40       00B85
__end_of_ReadTemp                              text37       002C4
__end_of_SYSTEM_Initialize                     text21       00CAC
__end_of_ShowOnLEDs                            text62       00B0B
__end_of_Switch1                               text78       00B76
__end_of_TMR1_DefaultInterruptHandler          text72       00004
__end_of_TMR1_ISR                              text70       00C41
__end_of_TMR1_Initialize                       text23       00D04
__end_of_TMR1_SetInterruptHandler              text43       00A64
__end_of_TMR1_StartTimer                       text64       00A4D
__end_of_TMR1_StopTimer                        text63       00A50
__end_of_TMR1_WriteTimer                       text74       00BC5
__end_of_TMR2_Initialize                       text22       00B58
__end_of_Timer                                 text73       01000
__end_of_Update                                text59       00D93
__end_of_WriteI2C                              text38       0075B
__end_of___awdiv                               text54       0056C
__end_of___awmod                               text53       00678
__end_of___bmul                                text52       00BFE
__end_of___lwdiv                               text3        00EFB
__end_of___wmul                                text66       00D23
__end_of__initialization                       cinit        00069
__end_of_checkButtonS1                         text61       00CC9
__end_of_checkButtonS2                         text60       00CE6
__end_of_check_corruption                      text16       00800
__end_of_clear_alarm                           text19       00A9C
__end_of_default_setup                         text14       00E51
__end_of_eeprom_clk_update                     text51       007EB
__end_of_eeprom_setup                          text15       0050C
__end_of_get_check_up_value                    text17       005C9
__end_of_i2c1_driver_open                      text18       00B23
__end_of_load_eeprom                           text4        006C5
__end_of_main                                  maintext     001B7
__end_of_read_alaf                             text13       00AAC
__end_of_read_alal                             text12       00AB4
__end_of_read_alat                             text11       00ABC
__end_of_read_clkh                             text10       00AC4
__end_of_read_clkm                             text9        00ACC
__end_of_read_nreg                             text8        00AD4
__end_of_read_pmon                             text7        00ADC
__end_of_read_tala                             text6        00AE4
__end_of_ring_buffer_write                     text2        003C8
__end_of_submenu_alarm                         text55       00BB4
__end_of_submenu_clock                         text49       0047D
__end_of_submenu_illum                         text47       00BD7
__end_of_submenu_temp                          text45       00625
__end_of_sys_init                              text1        00AEC
__end_of_update_clk                            text50       00AFF
__end_of_used                                  text5        00C90
__end_of_write_alaf                            text56       00DC1
__end_of_write_alal                            text48       00DEF
__end_of_write_alat                            text46       00E1D
__end_ofi1_PWM_Output_D4_Disable               text80       00B67
__end_ofi1_clear_alarm                         text79       00A95
__initialization                               cinit        00057
__pbssBANK0                                    bssBANK0     00020
__pbssBANK1                                    bssBANK1     000A0
__pbssCOMMON                                   bssCOMMON    0007A
__pcstackBANK0                                 cstackBANK0  00045
__pcstackBANK1                                 cstackBANK1  000C6
__pcstackCOMMON                                cstackCOMMON 00070
__pintentry                                    intentry     00004
__pmaintext                                    maintext     0006D
__pnvBANK0                                     nvBANK0      0005C
__pnvBANK1                                     nvBANK1      000D5
__ptext1                                       text1        00AE4
__ptext10                                      text10       00ABC
__ptext11                                      text11       00AB4
__ptext12                                      text12       00AAC
__ptext13                                      text13       00AA4
__ptext14                                      text14       00E1D
__ptext15                                      text15       0047D
__ptext16                                      text16       007EB
__ptext17                                      text17       0056C
__ptext18                                      text18       00B17
__ptext19                                      text19       00A95
__ptext2                                       text2        002C4
__ptext20                                      text20       00B85
__ptext21                                      text21       00C90
__ptext22                                      text22       00B4A
__ptext23                                      text23       00CE6
__ptext24                                      text24       00B3D
__ptext25                                      text25       00A9C
__ptext26                                      text26       006C5
__ptext27                                      text27       00AEC
__ptext28                                      text28       00B30
__ptext29                                      text29       00A82
__ptext3                                       text3        00EBF
__ptext30                                      text30       00EFB
__ptext31                                      text31       00A7C
__ptext32                                      text32       00A76
__ptext33                                      text33       00A70
__ptext34                                      text34       00A6A
__ptext35                                      text35       00A64
__ptext36                                      text36       00C14
__ptext37                                      text37       001B7
__ptext38                                      text38       00710
__ptext39                                      text39       00C5B
__ptext4                                       text4        00678
__ptext40                                      text40       00B76
__ptext41                                      text41       00BD7
__ptext42                                      text42       00F7B
__ptext43                                      text43       00A5E
__ptext44                                      text44       00E51
__ptext45                                      text45       005C9
__ptext46                                      text46       00DEF
__ptext47                                      text47       00BC5
__ptext48                                      text48       00DC1
__ptext49                                      text49       003C8
__ptext5                                       text5        00C75
__ptext50                                      text50       00AF5
__ptext51                                      text51       007A4
__ptext52                                      text52       00BE9
__ptext53                                      text53       00625
__ptext54                                      text54       0050C
__ptext55                                      text55       00BA4
__ptext56                                      text56       00D93
__ptext57                                      text57       00D45
__ptext58                                      text58       00B0B
__ptext59                                      text59       00D69
__ptext6                                       text6        00ADC
__ptext60                                      text60       00CC9
__ptext61                                      text61       00CAC
__ptext62                                      text62       00AFF
__ptext63                                      text63       00A4D
__ptext64                                      text64       00A4A
__ptext65                                      text65       00F3A
__ptext66                                      text66       00D04
__ptext67                                      text67       00B94
__ptext68                                      text68       00BFE
__ptext7                                       text7        00AD4
__ptext70                                      text70       00C2A
__ptext71                                      text71       0075B
__ptext72                                      text72       00003
__ptext73                                      text73       00FBD
__ptext74                                      text74       00BB4
__ptext75                                      text75       00A58
__ptext76                                      text76       00B23
__ptext77                                      text77       00002
__ptext78                                      text78       00B67
__ptext79                                      text79       00A8E
__ptext8                                       text8        00ACC
__ptext80                                      text80       00B58
__ptext81                                      text81       00D23
__ptext82                                      text82       00E86
__ptext83                                      text83       00A54
__ptext84                                      text84       00A49
__ptext85                                      text85       00A50
__ptext86                                      text86       00C41
__ptext9                                       text9        00AC4
__size_of_ADCC_GetSingleConversion             (abs)        00000
__size_of_ADCC_Initialize                      (abs)        00000
__size_of_Alarm                                (abs)        00000
__size_of_Blink                                (abs)        00000
__size_of_DATAEE_ReadByte                      (abs)        00000
__size_of_DATAEE_WriteByte                     (abs)        00000
__size_of_EUSART_DefaultErrorHandler           (abs)        00000
[...]
      Temps:          0       0       0       0       0       0       0       0       0       0       0       0       0       0
      Totals:         0       0       0       0       0       0       0       0       0       0       0       0       0       0
Total ram usage:        0 bytes
 Hardware stack levels used:    1
 Hardware stack levels required when called:    3
 This function calls:
		Absolute function
		_INT_DefaultInterruptHandler
		_Switch1
 This function is called by:
		_INT_ISR
 This function uses a non-reentrant model


 *************** function _INT_DefaultInterruptHandler *****************
 Defined at:
		line 54 in file "mcc_generated_files/ext_int.c"
 Parameters:    Size  Location     Type
		None
 Auto vars:     Size  Location     Type
		None
 Return value:  Size  Location     Type
                  1    wreg      void 
 Registers used:
		None
 Tracked objects:
		On entry : 
		On exit  : 
		Unchanged: 
 Data sizes:     COMMON   BANK0   BANK1   BANK2   BANK3   BANK4   BANK5   BANK6   BANK7   BANK8   BANK9  BANK10  BANK11  BANK12
      Params:         0       0       0       0       0       0       0       0       0       0       0       0       0       0
      Locals:         0       0       0       0       0       0       0       0       0       0       0       0       0       0
      Temps:          0       0       0       0       0       0       0       0       0       0       0       0       0       0
      Totals:         0       0       0       0       0       0       0       0       0       0       0       0       0       0
Total ram usage:        0 bytes
 Hardware stack levels used:    1
 This function calls:
		Nothing
 This function is called by:
		_EXT_INT_Initialize
		_INT_CallBack
 This function uses a non-reentrant model


 *************** function _Switch1 *****************
 Defined at:
		line 72 in file "main.c"
 Parameters:    Size  Location     Type
		None
 Auto vars:     Size  Location     Type
		None
 Return value:  Size  Location     Type
                  1    wreg      void 
 Registers used:
		wreg, status,2, status,0, pclath, cstack
 Tracked objects:
		On entry : 
		On exit  : 
		Unchanged: 
 Data sizes:     COMMON   BANK0   BANK1   BANK2   BANK3   BANK4   BANK5   BANK6   BANK7   BANK8   BANK9  BANK10  BANK11  BANK12
      Params:         0       0       0       0       0       0       0       0       0       0       0       0       0       0
      Locals:         0       0       0       0       0       0       0       0       0       0       0       0       0       0
      Temps:          1       0       0       0       0       0       0       0       0       0       0       0       0       0
      Totals:         1       0       0       0       0       0       0       0       0       0       0       0       0       0
Total ram usage:        1 bytes
 Hardware stack levels used:    1
 Hardware stack levels required when called:    2
 This function calls:
		i1_clear_alarm
 This function is called by:
		_main
		_INT_CallBack
 This function uses a non-reentrant model


 *************** function i1_clear_alarm *****************
 Defined at:
		line 66 in file "main.c"
 Parameters:    Size  Location     Type
		None
 Auto vars:     Size  Location     Type
		None
 Return value:  Size  Location     Type
                  1    wreg      void 
 Registers used:
		wreg, status,2, status,0, pclath, cstack
 Tracked objects:
		On entry : 
		On exit  : 
		Unchanged: 
 Data sizes:     COMMON   BANK0   BANK1   BANK2   BANK3   BANK4   BANK5   BANK6   BANK7   BANK8   BANK9  BANK10  BANK11  BANK12
      Params:         0       0       0       0       0       0       0       0       0       0       0       0       0       0
      Locals:         0       0       0       0       0       0       0       0       0       0       0       0       0       0
      Temps:          0       0       0       0       0       0       0       0       0       0       0       0       0       0
      Totals:         0       0       0       0       0       0       0       0       0       0       0       0       0       0
Total ram usage:        0 bytes
 Hardware stack levels used:    1
 Hardware stack levels required when called:    1
 This function calls:
		i1_PWM_Output_D4_Disable
 This function is called by:
		_Switch1
 This function uses a non-reentrant model


 *************** function i1_PWM_Output_D4_Disable *****************
 Defined at:
		line 61 in file "utils.c"
 Parameters:    Size  Location     Type
		None
 Auto vars:     Size  Location     Type
		None
 Return value:  Size  Location     Type
                  1    wreg      void 
 Registers used:
		wreg, status,2
 Tracked objects:
		On entry : 
		On exit  : 
		Unchanged: 
 Data sizes:     COMMON   BANK0   BANK1   BANK2   BANK3   BANK4   BANK5   BANK6   BANK7   BANK8   BANK9  BANK10  BANK11  BANK12
      Params:         0       0       0       0       0       0       0       0       0       0       0       0       0       0
      Locals:         0       0       0       0       0       0       0       0       0       0       0       0       0       0
      Temps:          0       0       0       0       0       0       0       0       0       0       0       0       0       0
      Totals:         0       0       0       0       0       0       0       0       0       0       0       0       0       0
Total ram usage:        0 bytes
 Hardware stack levels used:    1
 This function calls:
		Nothing
 This function is called by:
		i1_clear_alarm
 This function uses a non-reentrant model


 *************** function _EUSART_Transmit_ISR *****************
 Defined at:
		line 206 in file "mcc_generated_files/eusart.c"
 Parameters:    Size  Location     Type
		None
 Auto vars:     Size  Location     Type
		None
 Return value:  Size  Location     Type
                  1    wreg      void 
 Registers used:
		wreg, fsr1l, fsr1h, status,2, status,0
 Tracked objects:
		On entry : 
		On exit  : 
		Unchanged: 
 Data sizes:     COMMON   BANK0   BANK1   BANK2   BANK3   BANK4   BANK5   BANK6   BANK7   BANK8   BANK9  BANK10  BANK11  BANK12
      Params:         0       0       0       0       0       0       0       0       0       0       0       0       0       0
      Locals:         0       0       0       0       0       0       0       0       0       0       0       0       0       0
      Temps:          1       0       0       0       0       0       0       0       0       0       0       0       0       0
      Totals:         1       0       0       0       0       0       0       0       0       0       0       0       0       0
Total ram usage:        1 bytes
 Hardware stack levels used:    1
 This function calls:
		Nothing
 This function is called by:
		_EUSART_Initialize
		_INTERRUPT_InterruptManager
 This function uses a non-reentrant model


 *************** function _EUSART_Receive_ISR *****************
 Defined at:
		line 225 in file "mcc_generated_files/eusart.c"
 Parameters:    Size  Location     Type
		None
 Auto vars:     Size  Location     Type
		None
 Return value:  Size  Location     Type
                  1    wreg      void 
 Registers used:
		wreg, fsr1l, fsr1h, status,2, status,0, pclath, cstack
 Tracked objects:
		On entry : 
		On exit  : 
		Unchanged: 
 Data sizes:     COMMON   BANK0   BANK1   BANK2   BANK3   BANK4   BANK5   BANK6   BANK7   BANK8   BANK9  BANK10  BANK11  BANK12
      Params:         0       0       0       0       0       0       0       0       0       0       0       0       0       0
      Locals:         0       0       0       0       0       0       0       0       0       0       0       0       0       0
      Temps:          0       0       0       0       0       0       0       0       0       0       0       0       0       0
      Totals:         0       0       0       0       0       0       0       0       0       0       0       0       0       0
Total ram usage:        0 bytes
 Hardware stack levels used:    1
 Hardware stack levels required when called:    2
 This function calls:
		Absolute function
		_EUSART_DefaultErrorHandler
		_EUSART_DefaultFramingErrorHandler
		_EUSART_DefaultOverrunErrorHandler
		_EUSART_RxDataHandler
 This function is called by:
		_EUSART_Initialize
		_INTERRUPT_InterruptManager
 This function uses a non-reentrant model


 *************** function _EUSART_DefaultOverrunErrorHandler *****************
 Defined at:
		line 261 in file "mcc_generated_files/eusart.c"
 Parameters:    Size  Location     Type
		None
 Auto vars:     Size  Location     Type
		None
 Return value:  Size  Location     Type
                  1    wreg      void 
 Registers used:
		None
 Tracked objects:
		On entry : 
		On exit  : 
		Unchanged: 
 Data sizes:     COMMON   BANK0   BANK1   BANK2   BANK3   BANK4   BANK5   BANK6   BANK7   BANK8   BANK9  BANK10  BANK11  BANK12
      Params:         0       0       0       0       0       0       0       0       0       0       0       0       0       0
      Locals:         0       0       0       0       0       0       0       0       0       0       0       0       0       0
      Temps:          0       0       0       0       0       0       0       0       0       0       0       0       0       0
      Totals:         0       0       0       0       0       0       0       0       0       0       0       0       0       0
Total ram usage:        0 bytes
 Hardware stack levels used:    1
 This function calls:
		Nothing
 This function is called by:
		_EUSART_Initialize
		_EUSART_Receive_ISR
 This function uses a non-reentrant model


 *************** function _EUSART_DefaultFramingErrorHandler *****************
 Defined at:
		line 259 in file "mcc_generated_files/eusart.c"
 Parameters:    Size  Location     Type
		None
 Auto vars:     Size  Location     Type
		None
 Return value:  Size  Location     Type
                  1    wreg      void 
 Registers used:
		None
 Tracked objects:
		On entry : 
		On exit  : 
		Unchanged: 
 Data sizes:     COMMON   BANK0   BANK1   BANK2   BANK3   BANK4   BANK5   BANK6   BANK7   BANK8   BANK9  BANK10  BANK11  BANK12
      Params:         0       0       0       0       0       0       0       0       0       0       0       0       0       0
      Locals:         0       0       0       0       0       0       0       0       0       0       0       0       0       0
      Temps:          0       0       0       0       0       0       0       0       0       0       0       0       0       0
      Totals:         0       0       0       0       0       0       0       0       0       0       0       0       0       0
Total ram usage:        0 bytes
 Hardware stack levels used:    1
 This function calls:
		Nothing
 This function is called by:
		_EUSART_Initialize
		_EUSART_Receive_ISR
 This function uses a non-reentrant model


 *************** function _EUSART_DefaultErrorHandler *****************
 Defined at:
		line 269 in file "mcc_generated_files/eusart.c"
 Parameters:    Size  Location     Type
		None
 Auto vars:     Size  Location     Type
		None
 Return value:  Size  Location     Type
                  1    wreg      void 
 Registers used:
		wreg, fsr1l, fsr1h, status,2, status,0, pclath, cstack
 Tracked objects:
		On entry : 
		On exit  : 
		Unchanged: 
 Data sizes:     COMMON   BANK0   BANK1   BANK2   BANK3   BANK4   BANK5   BANK6   BANK7   BANK8   BANK9  BANK10  BANK11  BANK12
      Params:         0       0       0       0       0       0       0       0       0       0       0       0       0       0
      Locals:         0       0       0       0       0       0       0       0       0       0       0       0       0       0
      Temps:          0       0       0       0       0       0       0       0       0       0       0       0       0       0
      Totals:         0       0       0       0       0       0       0       0       0       0       0       0       0       0
Total ram usage:        0 bytes
 Hardware stack levels used:    1
 Hardware stack levels required when called:    1
 This function calls:
		_EUSART_RxDataHandler
 This function is called by:
		_EUSART_Initialize
		_EUSART_Receive_ISR
 This function uses a non-reentrant model


 *************** function _EUSART_RxDataHandler *****************
 Defined at:
		line 249 in file "mcc_generated_files/eusart.c"
 Parameters:    Size  Location     Type
		None
 Auto vars:     Size  Location     Type
		None
 Return value:  Size  Location     Type
                  1    wreg      void 
 Registers used:
		wreg, fsr1l, fsr1h, status,2, status,0
 Tracked objects:
		On entry : 
		On exit  : 
		Unchanged: 
 Data sizes:     COMMON   BANK0   BANK1   BANK2   BANK3   BANK4   BANK5   BANK6   BANK7   BANK8   BANK9  BANK10  BANK11  BANK12
      Params:         0       0       0       0       0       0       0       0       0       0       0       0       0       0
      Locals:         0       0       0       0       0       0       0       0       0       0       0       0       0       0
      Temps:          1       0       0       0       0       0       0       0       0       0       0       0       0       0
      Totals:         1       0       0       0       0       0       0       0       0       0       0       0       0       0
Total ram usage:        1 bytes
 Hardware stack levels used:    1
 This function calls:
		Nothing
 This function is called by:
		_EUSART_Receive_ISR
		_EUSART_DefaultErrorHandler
 This function uses a non-reentrant model



MODULE INFORMATION

Module		Function		Class		Link	Load	Size
/Applications/microchip/xc8/v2.10/pic/sources/c99/common/lwdiv.c
		___lwdiv       		CODE           	0EBF	0000	61

/Applications/microchip/xc8/v2.10/pic/sources/c99/common/lwdiv.c estimated size: 61

/Applications/microchip/xc8/v2.10/pic/sources/c99/common/awdiv.c
		___awdiv       		CODE           	050C	0000	97

/Applications/microchip/xc8/v2.10/pic/sources/c99/common/awdiv.c estimated size: 97

mcc_generated_files/pwm6.c
		_PWM6_LoadDutyValue		CODE           	0BFE	0000	23
		_PWM6_Initialize		CODE           	0B3D	0000	14

mcc_generated_files/pwm6.c estimated size: 37

/Applications/microchip/xc8/v2.10/pic/sources/c99/common/Umul8.c
		___bmul        		CODE           	0BE9	0000	22

/Applications/microchip/xc8/v2.10/pic/sources/c99/common/Umul8.c estimated size: 22

mcc_generated_files/tmr2.c
		_TMR2_Initialize		CODE           	0B4A	0000	15

mcc_generated_files/tmr2.c estimated size: 15

mcc_generated_files/interrupt_manager.c
		_INTERRUPT_InterruptManager		CODE           	0004	0000	82

mcc_generated_files/interrupt_manager.c estimated size: 82

mcc_generated_files/pin_manager.c
		_PIN_MANAGER_Initialize		CODE           	06C5	0000	76

mcc_generated_files/pin_manager.c estimated size: 76

I2C/i2c.c
		_ReadI2C       		CODE           	0C5B	0000	27
		_WriteI2C      		CODE           	0710	0000	76

I2C/i2c.c estimated size: 103

menus.c
		_submenu_temp  		CODE           	05C9	0000	93
		_submenu_clock 		CODE           	03C8	0000	182
		_submenu_alarm 		CODE           	0BA4	0000	17
		_submenu_illum 		CODE           	0BC5	0000	19
		_Blink         		CODE           	075B	0000	74
		_Menus         		CODE           	0F7B	0000	67
		_Update        		CODE           	0D69	0000	43
		_Menu          		CODE           	0E51	0000	54

menus.c estimated size: 549

eeprom.c
		_write_alaf    		CODE           	0D93	0000	47
		_write_alal    		CODE           	0DC1	0000	47
		_write_alat    		CODE           	0DEF	0000	47
		_read_pmon     		CODE           	0AD4	0000	9
		_eeprom_clk_update		CODE           	07A4	0000	72
		_read_tala     		CODE           	0ADC	0000	9
		_read_alaf     		CODE           	0AA4	0000	9
		_read_alal     		CODE           	0AAC	0000	9
		_read_alat     		CODE           	0AB4	0000	9
		_get_check_up_value		CODE           	056C	0000	94
		_check_corruption		CODE           	07EB	0000	22
		_used          		CODE           	0C75	0000	28
		_read_nreg     		CODE           	0ACC	0000	9
		_read_clkh     		CODE           	0ABC	0000	9
		_read_clkm     		CODE           	0AC4	0000	9
		_eeprom_setup  		CODE           	047D	0000	144
		_ring_buffer_write		CODE           	02C4	0000	261

eeprom.c estimated size: 834

/Applications/microchip/xc8/v2.10/pic/sources/c99/common/Umul16.c
		___wmul        		CODE           	0D04	0000	32

/Applications/microchip/xc8/v2.10/pic/sources/c99/common/Umul16.c estimated size: 32

mcc_generated_files/ext_int.c
		_INT_DefaultInterruptHandler		CODE           	0002	0000	2
		_EXT_INT_Initialize		CODE           	0B30	0000	14
		_INT_SetInterruptHandler		CODE           	0A82	0000	7
		_INT_CallBack  		CODE           	0B23	0000	14
		_INT_ISR       		CODE           	0A58	0000	7

mcc_generated_files/ext_int.c estimated size: 44

shared
		__initialization		CODE           	0057	0000	19
		i1_PWM_Output_D4_Disable		CODE           	0B58	0000	16
		i1_clear_alarm 		CODE           	0A8E	0000	8

shared estimated size: 43

mcc_generated_files/mcc.c
		_PMD_Initialize		CODE           	0A9C	0000	9
		_OSCILLATOR_Initialize		CODE           	0AEC	0000	10
		_SYSTEM_Initialize		CODE           	0C90	0000	29

mcc_generated_files/mcc.c estimated size: 48

/Applications/microchip/xc8/v2.10/pic/sources/c99/common/awmod.c
		___awmod       		CODE           	0625	0000	84

/Applications/microchip/xc8/v2.10/pic/sources/c99/common/awmod.c estimated size: 84

mcc_generated_files/tmr1.c
		_TMR1_Initialize		CODE           	0CE6	0000	31
		_TMR1_SetInterruptHandler		CODE           	0A5E	0000	7
		_TMR1_StopTimer		CODE           	0A4D	0000	4
		_TMR1_DefaultInterruptHandler		CODE           	0003	0000	2
		_TMR1_WriteTimer		CODE           	0BB4	0000	18
		_TMR1_StartTimer		CODE           	0A4A	0000	4
		_TMR1_ISR      		CODE           	0C2A	0000	24

mcc_generated_files/tmr1.c estimated size: 90

utils.c
		_ReadTemp      		CODE           	01B7	0000	270
		_PWM_Output_D4_Disable		CODE           	0B85	0000	16
		_default_setup 		CODE           	0E1D	0000	53
		_PWM_Output_D4_Enable		CODE           	0B94	0000	17
		_update_clk    		CODE           	0AF5	0000	11
		_ReadIllum     		CODE           	0B76	0000	16
		_checkButtonS1 		CODE           	0CAC	0000	30
		_checkButtonS2 		CODE           	0CC9	0000	30
		_ShowOnLEDs    		CODE           	0AFF	0000	13
		_load_eeprom   		CODE           	0678	0000	78

utils.c estimated size: 534

mcc_generated_files/memory.c
		_DATAEE_WriteByte		CODE           	0D45	0000	37
		_DATAEE_ReadByte		CODE           	0B0B	0000	13

mcc_generated_files/memory.c estimated size: 50

mcc_generated_files/i2c1_driver.c
		_i2c1_driver_open		CODE           	0B17	0000	13

mcc_generated_files/i2c1_driver.c estimated size: 13

mcc_generated_files/eusart.c
		_EUSART_SetRxInterruptHandler		CODE           	0A76	0000	7
		_EUSART_SetTxInterruptHandler		CODE           	0A7C	0000	7
		_EUSART_DefaultOverrunErrorHandler		CODE           	0A54	0000	5
		_EUSART_DefaultErrorHandler		CODE           	0A50	0000	5
		_EUSART_Transmit_ISR		CODE           	0D23	0000	35
		_EUSART_Initialize		CODE           	0EFB	0000	64
		_EUSART_SetFramingErrorHandler		CODE           	0A6A	0000	7
		_EUSART_SetErrorHandler		CODE           	0A64	0000	7
		_EUSART_SetOverrunErrorHandler		CODE           	0A70	0000	7
		_EUSART_Receive_ISR		CODE           	0E86	0000	58
		_EUSART_RxDataHandler		CODE           	0C41	0000	27
		_EUSART_DefaultFramingErrorHandler		CODE           	0A49	0000	2

mcc_generated_files/eusart.c estimated size: 231

mcc_generated_files/adcc.c
		_ADCC_GetSingleConversion		CODE           	0BD7	0000	19
		_ADCC_Initialize		CODE           	0C14	0000	23

mcc_generated_files/adcc.c estimated size: 42

main.c
		_sys_init      		CODE           	0AE4	0000	9
		_clear_alarm   		CODE           	0A95	0000	8
		_Timer         		CODE           	0FBD	0000	68
		_main          		CODE           	006D	0000	331
		_Switch1       		CODE           	0B67	0000	16
		_Alarm         		CODE           	0F3A	0000	66

main.c estimated size: 498

