Microchip MPLAB XC8 Compiler V2.10 ()

Linker command line:

-W-3 --edf=/Applications/microchip/xc8/v2.10/pic/dat/en_msgs.txt -cs \
  -h+dist/default/production/WeatherStation_g8.x.production.sym \
  --cmf=dist/default/production/WeatherStation_g8.x.production.cmf -z \
  -Q16F18875 -o/tmp/xcQgcPTR6 --defsym=__MPLAB_BUILD=1 \
  -Mdist/default/production/WeatherStation_g8.x.production.map -E1 -ver=XC8 \
  --acfsm=1493 -ASTACK=02048h-023EFh -pstack=STACK -ACODE=00h-07FFhx4 \
  -ASTRCODE=00h-01FFFh -ASTRING=00h-0FFhx32 -ACONST=00h-0FFhx32 \
  -AENTRY=00h-0FFhx32 -ACOMMON=070h-07Fh -ABANK0=020h-06Fh \
  -ABANK1=0A0h-0EFh -ABANK2=0120h-016Fh -ABANK3=01A0h-01EFh \
  -ABANK4=0220h-026Fh -ABANK5=02A0h-02EFh -ABANK6=0320h-036Fh \
  -ABANK7=03A0h-03EFh -ABANK8=0420h-046Fh -ABANK9=04A0h-04EFh \
  -ABANK10=0520h-056Fh -ABANK11=05A0h-05EFh -ABANK12=0620h-064Fh \
  -ABIGRAM=02000h-023EFh \
  -ARAM=020h-06Fh,0A0h-0EFh,0120h-016Fh,01A0h-01EFh,0220h-026Fh,02A0h-02EFh,0320h-036Fh,03A0h-03EFh,0420h-046Fh,04A0h-04EFh,0520h-056Fh,05A0h-05EFh,0620h-064Fh \
  -AABS1=020h-07Fh,0A0h-0EFh,0120h-016Fh,01A0h-01EFh,0220h-026Fh,02A0h-02EFh,0320h-036Fh,03A0h-03EFh,0420h-046Fh,04A0h-04EFh,0520h-056Fh,05A0h-05EFh,0620h-064Fh \
  -ASFR0=00h-01Fh -ASFR1=080h-09Fh -ASFR2=0100h-011Fh -ASFR3=0180h-019Fh \
  -ASFR4=0200h-021Fh -ASFR5=0280h-029Fh -ASFR6=0300h-031Fh \
  -ASFR7=0380h-039Fh -ASFR8=0400h-041Fh -ASFR9=0480h-049Fh \
  -ASFR10=0500h-051Fh -ASFR11=0580h-059Fh -ASFR12=0600h-061Fh \
  -ASFR13=0680h-06EFh -ASFR14=0700h-076Fh -ASFR15=0780h-07EFh \
  -ASFR16=0800h-086Fh -ASFR17=0880h-08EFh -ASFR18=0900h-096Fh \
  -ASFR19=0980h-09EFh -ASFR20=0A00h-0A6Fh -ASFR21=0A80h-0AEFh \
  -ASFR22=0B00h-0B6Fh -ASFR23=0B80h-0BEFh -ASFR24=0C00h-0C6Fh \
  -ASFR25=0C80h-0CEFh -ASFR26=0D00h-0D6Fh -ASFR27=0D80h-0DEFh \
  -ASFR28=0E00h-0E6Fh -ASFR29=0E80h-0EEFh -ASFR30=0F00h-0F6Fh \
  -ASFR31=0F80h-0FEFh -preset_vec=00h,intentry=04h,init,end_init \
  -ppowerup=CODE -pcinit=CODE -pfunctab=ENTRY -ACONFIG=08007h-0800Bh \
  -pconfig=CONFIG -DCONFIG=2 -AIDLOC=08000h-08003h -pidloc=IDLOC -DIDLOC=2 \
  -AEEDATA=00h-0FFh/0F000h -peeprom_data=EEDATA -DEEDATA=2 -DCODE=2 \
  -DSTRCODE=2 -DSTRING=2 -DCONST=2 -DENTRY=2 -k /tmp/xc5hP3UCm.o \
  dist/default/production/WeatherStation_g8.x.production.o 

Object code version is 3.11

Machine type is 16F18875



                Name                               Link     Load   Length Selector   Space Scale
/tmp/xc5hP3UCm.o
                end_init                             43       43        2        8       0
                reset_vec                             0        0        2        0       0
                config                             8007     8007        5    1000E       0
dist/default/production/WeatherStation_g8.x.production.o
                cinit                                45       45       1D        8       0
                intentry                              4        4       3F        8       0
                text64                              F48      F48        F     1E90       0
                text63                              E7B      E7B        3     1CF6       0
                text62                              EBA      EBA        9     1D74       0
                text61                              F57      F57        F     1EAE       0
                text60                              E78      E78        1     1CF0       0
                text59                              F06      F06        D     1E0C       0
                text58                              E8E      E8E        6     1D1C       0
                text57                              F86      F86       11     1F0C       0
                text56                              40A      40A       5C        8       0
                text55                              E79      E79        1     1CF2       0
                text54                              55D      55D       49        8       0
                text53                              7CE      7CE       17        8       0
                text52                              E7A      E7A        1     1CF4       0
                text51                              F13      F13        D     1E26       0
                text50                              E94      E94        6     1D28       0
                text48                              FBE      FBE       16     1F7C       0
                text47                              F66      F66       10     1ECC       0
                text46                              E7E      E7E        3     1CFC       0
                text45                              E8A      E8A        4     1D14       0
                text44                              6CF      6CF       22        8       0
                text43                              5ED      5ED       43        8       0
                text42                              E81      E81        3     1D02       0
                text41                              E84      E84        3     1D08       0
                text40                              ED6      ED6        C     1DAC       0
                text39                              74B      74B       1E        8       0
                text38                              72D      72D       1E        8       0
                text37                              6A5      6A5       2A        8       0
                text36                              EE2      EE2        C     1DC4       0
                text35                              3AA      3AA       60        8       0
                text34                              4BE      4BE       54        8       0
                text33                              FA9      FA9       15     1F52       0
                text32                              70F      70F       1E        8       0
                text31                              783      783       1A        8       0
                text30                              ECC      ECC        A     1D98       0
                text29                              257      257       B5        8       0
                text28                              F3A      F3A        E     1E74       0
                text27                              466      466       58        8       0
                text26                              670      670       35        8       0
                text25                              E9A      E9A        6     1D34       0
                text24                              630      630       40        8       0
                text23                              F97      F97       12     1F2E       0
                text22                              F76      F76       10     1EEC       0
                text21                              769      769       1A        8       0
                text20                              512      512       4B        8       0
                text19                                2        2        2        0       0
                text18                              FD4      FD4       16     1FA8       0
                text17                              EA0      EA0        6     1D40       0
                text16                              F20      F20        D     1E40       0
                text15                              EC3      EC3        9     1D86       0
                text14                              5A6      5A6       47        8       0
                text13                              EB2      EB2        8     1D64       0
                text12                              F2D      F2D        D     1E5A       0
                text11                              6F1      6F1       1E        8       0
                text10                              EA6      EA6        6     1D4C       0
                text9                               FEA      FEA       16     1FD4       0
                text8                               79D      79D       19        8       0
                text7                               EEE      EEE        C     1DDC       0
                text6                               EFA      EFA        C     1DF4       0
                text5                               30C      30C       9E        8       0
                text4                               7E5      7E5       16        8       0
                text3                               E87      E87        3     1D0E       0
                text2                                62       62      10F        8       0
                text1                               7B6      7B6       18        8       0
                maintext                            171      171       E6        8       0
                cstackBANK0                          20       20       23       20       1
                cstackCOMMON                         70       70        8       70       1
                clrtext                             EAC      EAC        6     1D58       0
                dataBANK0                            63       63        5       20       1
                bssBANK0                             43       43       20       20       1
                bssCOMMON                            78       78        3       70       1
                idataBANK0                          7FB      7FB        5        8       0

TOTAL           Name                               Link     Load   Length     Space
        CLASS   STACK          

        CLASS   CODE           
                end_init                             43       43        2         0
                cinit                                45       45       1D         0
                intentry                              4        4       3F         0
                reset_vec                             0        0        2         0
                text64                              F48      F48        F         0
                text63                              E7B      E7B        3         0
                text62                              EBA      EBA        9         0
                text61                              F57      F57        F         0
                text60                              E78      E78        1         0
                text59                              F06      F06        D         0
                text58                              E8E      E8E        6         0
                text57                              F86      F86       11         0
                text56                              40A      40A       5C         0
                text55                              E79      E79        1         0
                text54                              55D      55D       49         0
                text53                              7CE      7CE       17         0
                text52                              E7A      E7A        1         0
                text51                              F13      F13        D         0
                text50                              E94      E94        6         0
                text48                              FBE      FBE       16         0
                text47                              F66      F66       10         0
                text46                              E7E      E7E        3         0
                text45                              E8A      E8A        4         0
                text44                              6CF      6CF       22         0
                text43                              5ED      5ED       43         0
                text42                              E81      E81        3         0
                text41                              E84      E84        3         0
                text40                              ED6      ED6        C         0
                text39                              74B      74B       1E         0
                text38                              72D      72D       1E         0
                text37                              6A5      6A5       2A         0
                text36                              EE2      EE2        C         0
                text35                              3AA      3AA       60         0
                text34                              4BE      4BE       54         0
                text33                              FA9      FA9       15         0
                text32                              70F      70F       1E         0
                text31                              783      783       1A         0
                text30                              ECC      ECC        A         0
                text29                              257      257       B5         0
                text28                              F3A      F3A        E         0
                text27                              466      466       58         0
                text26                              670      670       35         0
                text25                              E9A      E9A        6         0
                text24                              630      630       40         0
                text23                              F97      F97       12         0
                text22                              F76      F76       10         0
                text21                              769      769       1A         0
                text20                              512      512       4B         0
                text19                                2        2        2         0
                text18                              FD4      FD4       16         0
                text17                              EA0      EA0        6         0
                text16                              F20      F20        D         0
                text15                              EC3      EC3        9         0
                text14                              5A6      5A6       47         0
                text13                              EB2      EB2        8         0
                text12                              F2D      F2D        D         0
                text11                              6F1      6F1       1E         0
                text10                              EA6      EA6        6         0
                text9                               FEA      FEA       16         0
                text8                               79D      79D       19         0
                text7                               EEE      EEE        C         0
                text6                               EFA      EFA        C         0
                text5                               30C      30C       9E         0
                text4                               7E5      7E5       16         0
                text3                               E87      E87        3         0
                text2                                62       62      10F         0
                text1                               7B6      7B6       18         0
                maintext                            171      171       E6         0
                clrtext                             EAC      EAC        6         0
                idataBANK0                          7FB      7FB        5         0

        CLASS   STRCODE        

        CLASS   STRING         

        CLASS   CONST          

        CLASS   ENTRY          

        CLASS   COMMON         
                cstackCOMMON                         70       70        8         1
                bssCOMMON                            78       78        3         1

        CLASS   BANK0          
                cstackBANK0                          20       20       23         1
                dataBANK0                            63       63        5         1
                bssBANK0                             43       43       20         1

        CLASS   BANK1          

        CLASS   BANK2          

        CLASS   BANK3          

        CLASS   BANK4          

        CLASS   BANK5          

        CLASS   BANK6          

        CLASS   BANK7          

        CLASS   BANK8          

        CLASS   BANK9          

        CLASS   BANK10         

        CLASS   BANK11         

        CLASS   BANK12         

        CLASS   BIGRAM         

        CLASS   RAM            

        CLASS   ABS1           
                abs_s1                               7E       7E        2         1

        CLASS   SFR0           

        CLASS   SFR1           

        CLASS   SFR2           

        CLASS   SFR3           

        CLASS   SFR4           

        CLASS   SFR5           

        CLASS   SFR6           

        CLASS   SFR7           

        CLASS   SFR8           

        CLASS   SFR9           

        CLASS   SFR10          

        CLASS   SFR11          

        CLASS   SFR12          

        CLASS   SFR13          

        CLASS   SFR14          

        CLASS   SFR15          

        CLASS   SFR16          

        CLASS   SFR17          

        CLASS   SFR18          

        CLASS   SFR19          

        CLASS   SFR20          

        CLASS   SFR21          

        CLASS   SFR22          

        CLASS   SFR23          

        CLASS   SFR24          

        CLASS   SFR25          

        CLASS   SFR26          

        CLASS   SFR27          

        CLASS   SFR28          

        CLASS   SFR29          

        CLASS   SFR30          

        CLASS   SFR31          

        CLASS   CONFIG         
                config                             8007     8007        5         0

        CLASS   IDLOC          

        CLASS   EEDATA         

        CLASS   BANK31         

        CLASS   BANK30         

        CLASS   BANK29         

        CLASS   BANK28         

        CLASS   BANK27         

        CLASS   BANK26         

        CLASS   BANK25         

        CLASS   BANK24         

        CLASS   BANK23         

        CLASS   BANK22         

        CLASS   BANK21         

        CLASS   BANK20         

        CLASS   BANK19         

        CLASS   BANK18         

        CLASS   BANK17         

        CLASS   BANK16         

        CLASS   BANK15         

        CLASS   BANK14         

        CLASS   BANK13         



SEGMENTS        Name                           Load    Length   Top    Selector   Space  Class     Delta

                text36                         000EE2  00000C  000EEE      1DC4       0  CODE        2
                text7                          000EEE  00000C  000EFA      1DDC       0  CODE        2
                text40                         000ED6  00000C  000EE2      1DAC       0  CODE        2
                text30                         000ECC  00000A  000ED6      1D98       0  CODE        2
                text58                         000E8E  000006  000E94      1D1C       0  CODE        2
                text50                         000E94  000006  000E9A      1D28       0  CODE        2
                text25                         000E9A  000006  000EA0      1D34       0  CODE        2
                text41                         000E84  000003  000E87      1D08       0  CODE        2
                text3                          000E87  000003  000E8A      1D0E       0  CODE        2
                text45                         000E8A  000004  000E8E      1D14       0  CODE        2
                text13                         000EB2  000008  000EBA      1D64       0  CODE        2
                text62                         000EBA  000009  000EC3      1D74       0  CODE        2
                text15                         000EC3  000009  000ECC      1D86       0  CODE        2
                text17                         000EA0  000006  000EA6      1D40       0  CODE        2
                text10                         000EA6  000006  000EAC      1D4C       0  CODE        2
                clrtext                        000EAC  000006  000EB2      1D58       0  CODE        2
                text59                         000F06  00000D  000F13      1E0C       0  CODE        2
                text16                         000F20  00000D  000F2D      1E40       0  CODE        2
                reset_vec                      000000  000004  000004         0       0  CODE        2
                text51                         000F13  00000D  000F20      1E26       0  CODE        2
                text6                          000EFA  00000C  000F06      1DF4       0  CODE        2
                text63                         000E7B  000003  000E7E      1CF6       0  CODE        2
                text52                         000E7A  000001  000E7B      1CF4       0  CODE        2
                text55                         000E79  000001  000E7A      1CF2       0  CODE        2
                text60                         000E78  000001  000E79      1CF0       0  CODE        2
                text42                         000E81  000003  000E84      1D02       0  CODE        2
                text46                         000E7E  000003  000E81      1CFC       0  CODE        2
                text12                         000F2D  00000D  000F3A      1E5A       0  CODE        2
                cstackBANK0                    000020  000048  000068        20       1  BANK0       1
                intentry                       000004  0007FC  000800         8       0  CODE        2
                cstackCOMMON                   000070  00000B  00007B        70       1  COMMON      1
                config                         008007  000005  00800C     1000E       0  CONFIG      2
                text47                         000F66  000010  000F76      1ECC       0  CODE        2
                text22                         000F76  000010  000F86      1EEC       0  CODE        2
                text57                         000F86  000011  000F97      1F0C       0  CODE        2
                text28                         000F3A  00000E  000F48      1E74       0  CODE        2
                text64                         000F48  00000F  000F57      1E90       0  CODE        2
                text61                         000F57  00000F  000F66      1EAE       0  CODE        2
                text23                         000F97  000012  000FA9      1F2E       0  CODE        2
                text9                          000FEA  000016  001000      1FD4       0  CODE        2
                text33                         000FA9  000015  000FBE      1F52       0  CODE        2
                text48                         000FBE  000016  000FD4      1F7C       0  CODE        2
                text18                         000FD4  000016  000FEA      1FA8       0  CODE        2


UNUSED ADDRESS RANGES

        Name                Unused          Largest block    Delta
        BANK0            00068-0006F               8           1
        BANK1            000A0-000EF              50           1
        BANK10           00520-0056F              50           1
        BANK11           005A0-005EF              50           1
        BANK12           00620-0064F              30           1
        BANK2            00120-0016F              50           1
        BANK3            001A0-001EF              50           1
        BANK4            00220-0026F              50           1
        BANK5            002A0-002EF              50           1
        BANK6            00320-0036F              50           1
        BANK7            003A0-003EF              50           1
        BANK8            00420-0046F              50           1
        BANK9            004A0-004EF              50           1
        BIGRAM           02000-023EF             3F0           1
        CODE             00800-00E77             678           2
                         01000-01FFF             800
        COMMON           0007B-0007D               3           1
        CONST            00800-00E77             100           2
                         01000-01FFF             100
        EEDATA           0F000-0F0FF             100           2
        ENTRY            00800-00E77             100           2
                         01000-01FFF             100
        IDLOC            08000-08003               4           2
        RAM              00068-0006F               8           1
                         000A0-000EF              50
                         00120-0016F              50
                         001A0-001EF              50
                         00220-0026F              50
                         002A0-002EF              50
                         00320-0036F              50
                         003A0-003EF              50
                         00420-0046F              50
                         004A0-004EF              50
                         00520-0056F              50
                         005A0-005EF              50
                         00620-0064F              30
        SFR0             00000-0001F              20           1
        SFR1             00080-0009F              20           1
        SFR10            00500-0051F              20           1
        SFR11            00580-0059F              20           1
        SFR12            00600-0061F              20           1
        SFR13            00680-006EF              70           1
        SFR14            00700-0076F              70           1
        SFR15            00780-007EF              70           1
        SFR16            00800-0086F              70           1
        SFR17            00880-008EF              70           1
        SFR18            00900-0096F              70           1
        SFR19            00980-009EF              70           1
        SFR2             00100-0011F              20           1
        SFR20            00A00-00A6F              70           1
        SFR21            00A80-00AEF              70           1
        SFR22            00B00-00B6F              70           1
        SFR23            00B80-00BEF              70           1
        SFR24            00C00-00C6F              70           1
        SFR25            00C80-00CEF              70           1
        SFR26            00D00-00D6F              70           1
        SFR27            00D80-00DEF              70           1
        SFR28            00E00-00E6F              70           1
        SFR29            00E80-00EEF              70           1
        SFR3             00180-0019F              20           1
        SFR30            00F00-00F6F              70           1
        SFR31            00F80-00FEF              70           1
        SFR4             00200-0021F              20           1
        SFR5             00280-0029F              20           1
        SFR6             00300-0031F              20           1
        SFR7             00380-0039F              20           1
        SFR8             00400-0041F              20           1
        SFR9             00480-0049F              20           1
        STACK            02048-023EF             3A8           1
        STRCODE          00800-00E77             678           2
                         01000-01FFF            1000
        STRING           00800-00E77             100           2
                         01000-01FFF             100

                                  Symbol Table

?_ADCC_GetSingleConversion                cstackCOMMON 00073
?___awdiv                                 cstackCOMMON 00073
?___awmod                                 cstackCOMMON 00073
?___wmul                                  cstackCOMMON 00073
ADCC_GetSingleConversion@channel          cstackCOMMON 00076
DATAEE_ReadByte@bAdd                      cstackCOMMON 00073
DATAEE_WriteByte@GIEBitValue              cstackCOMMON 00076
DATAEE_WriteByte@bAdd                     cstackCOMMON 00073
DATAEE_WriteByte@bData                    cstackCOMMON 00075
INT_SetInterruptHandler@InterruptHandler  cstackCOMMON 00073
Menu@mode                                 cstackBANK0  0002D
PWM6_LoadDutyValue@dutyValue              cstackCOMMON 00073
ShowOnLEDs@num                            cstackCOMMON 00074
TMR1_SetInterruptHandler@InterruptHandler cstackCOMMON 00073
TMR1_WriteTimer@timerVal                  cstackCOMMON 00070
TMR2_SetInterruptHandler@InterruptHandler cstackCOMMON 00073
Update@thr                                cstackCOMMON 00075
Update@var                                cstackCOMMON 00077
WriteI2C@data_out                         cstackCOMMON 00074
_ADACCH                                   (abs)        00091
_ADACCL                                   (abs)        00090
_ADACQ                                    (abs)        0009D
_ADACT                                    (abs)        00099
_ADCAP                                    (abs)        0009B
_ADCC_GetSingleConversion                 text23       00F97
_ADCC_Initialize                          text18       00FD4
_ADCLK                                    (abs)        00098
_ADCNT                                    (abs)        0010C
_ADCON0                                   (abs)        00093
_ADCON0bits                               (abs)        00093
_ADCON1                                   (abs)        00094
_ADCON1bits                               (abs)        00094
_ADCON2                                   (abs)        00095
_ADCON2bits                               (abs)        00095
_ADCON3                                   (abs)        00096
_ADCON3bits                               (abs)        00096
_ADERRH                                   (abs)        00117
_ADERRL                                   (abs)        00116
_ADFLTRH                                  (abs)        00115
_ADFLTRL                                  (abs)        00114
_ADLTHH                                   (abs)        0010F
_ADLTHL                                   (abs)        0010E
_ADPCH                                    (abs)        0009E
_ADPRE                                    (abs)        0009C
_ADPREVH                                  (abs)        0008F
_ADPREVL                                  (abs)        0008E
_ADREF                                    (abs)        0009A
_ADRESH                                   (abs)        0008D
_ADRESL                                   (abs)        0008C
_ADRPT                                    (abs)        0010D
_ADSTAT                                   (abs)        00097
_ADSTATbits                               (abs)        00097
_ADSTPTH                                  (abs)        00113
_ADSTPTL                                  (abs)        00112
_ADUTHH                                   (abs)        00111
_ADUTHL                                   (abs)        00110
_ALAF                                     bssBANK0     0005B
_ALAL                                     dataBANK0    00063
_ALAT                                     dataBANK0    00064
_ANSELA                                   (abs)        00F38
_ANSELB                                   (abs)        00F43
_ANSELC                                   (abs)        00F4E
_ANSELD                                   (abs)        00F59
_ANSELE                                   (abs)        00F64
_Alarm                                    text43       005ED
_Blink                                    text54       0055D
_CCPTMRS1bits                             (abs)        0021F
_CLKH                                     bssCOMMON    0007A
_CLKM                                     bssCOMMON    00079
_ClearAlarm                               text62       00EBA
_DATAEE_ReadByte                          text6        00EFA
_DATAEE_WriteByte                         text32       0070F
_EXT_INT_Initialize                       text16       00F20
_INLVLA                                   (abs)        00F3C
_INLVLB                                   (abs)        00F47
_INLVLC                                   (abs)        00F52
_INLVLD                                   (abs)        00F5D
_INLVLE                                   (abs)        00F68
_INTCONbits                               (abs)        0000B
_INTERRUPT_InterruptManager               intentry     00004
_INTPPS                                   (abs)        00E90
_INT_CallBack                             text59       00F06
_INT_DefaultInterruptHandler              text60       00E78
_INT_ISR                                  text58       00E8E
_INT_InterruptHandler                     bssBANK0     00051
_INT_SetInterruptHandler                  text17       00EA0
_LATA                                     (abs)        00016
_LATAbits                                 (abs)        00016
_LATB                                     (abs)        00017
_LATBbits                                 (abs)        00017
_LATC                                     (abs)        00018
_LATD                                     (abs)        00019
_LATE                                     (abs)        0001A
_Menu                                     text26       00670
_Menus                                    text24       00630
_NVMADRH                                  (abs)        0081B
_NVMADRL                                  (abs)        0081A
_NVMCON1bits                              (abs)        0081E
_NVMCON2                                  (abs)        0081F
_NVMDATH                                  (abs)        0081D
_NVMDATL                                  (abs)        0081C
_ODCONA                                   (abs)        00F3A
_ODCONB                                   (abs)        00F45
_ODCONC                                   (abs)        00F50
_ODCOND                                   (abs)        00F5B
_ODCONE                                   (abs)        00F66
_OSCCON1                                  (abs)        0088D
_OSCCON3                                  (abs)        0088F
_OSCEN                                    (abs)        00891
_OSCFRQ                                   (abs)        00893
_OSCILLATOR_Initialize                    text15       00EC3
_OSCTUNE                                  (abs)        00892
_PIE0bits                                 (abs)        00716
_PIE3bits                                 (abs)        00719
_PIE4bits                                 (abs)        0071A
_PIN_MANAGER_Initialize                   text14       005A6
_PIR0bits                                 (abs)        0070C
_PIR3bits                                 (abs)        0070F
_PIR4bits                                 (abs)        00710
_PMD0                                     (abs)        00796
_PMD1                                     (abs)        00797
_PMD2                                     (abs)        00798
_PMD3                                     (abs)        00799
_PMD4                                     (abs)        0079A
_PMD5                                     (abs)        0079B
_PMD_Initialize                           text13       00EB2
_PMON                                     dataBANK0    00067
_PORTBbits                                (abs)        0000D
_PORTCbits                                (abs)        0000E
_PPSLOCK                                  (abs)        00E8F
_PPSLOCKbits                              (abs)        00E8F
_PR2                                      (abs)        0028D
_PWM6CON                                  (abs)        0038E
_PWM6DCH                                  (abs)        0038D
_PWM6DCL                                  (abs)        0038C
_PWM6_Initialize                          text12       00F2D
_PWM6_LoadDutyValue                       text48       00FBE
_PWM_Output_D4_Disable                    text64       00F48
_PWM_Output_D4_Enable                     text47       00F66
_RA6PPS                                   (abs)        00F16
_RC3PPS                                   (abs)        00F23
_RC4PPS                                   (abs)        00F24
_ReadI2C                                  text21       00769
_ReadIllum                                text22       00F76
_ReadTemp                                 text19       00002
_SLRCONA                                  (abs)        00F3B
_SLRCONB                                  (abs)        00F46
_SLRCONC                                  (abs)        00F51
_SLRCOND                                  (abs)        00F5C
_SLRCONE                                  (abs)        00F67
_SSP1ADD                                  (abs)        0018D
_SSP1BUF                                  (abs)        0018C
_SSP1CLKPPS                               (abs)        00EC5
_SSP1CON1                                 (abs)        00190
_SSP1CON1bits                             (abs)        00190
_SSP1CON2                                 (abs)        00191
_SSP1CON2bits                             (abs)        00191
_SSP1DATPPS                               (abs)        00EC6
_SSP1MSK                                  (abs)        0018E
_SSP1STAT                                 (abs)        0018F
_SSP1STATbits                             (abs)        0018F
_SYSTEM_Initialize                        text8        0079D
_ShowOnLEDs                               text40       00ED6
_Switch1                                  text61       00F57
_T1CLK                                    (abs)        00211
_T1CON                                    (abs)        0020E
_T1CONbits                                (abs)        0020E
_T1GATE                                   (abs)        00210
_T1GCON                                   (abs)        0020F
_T1GCONbits                               (abs)        0020F
_T2CLKCON                                 (abs)        00290
_T2CON                                    (abs)        0028E
_T2CONbits                                (abs)        0028E
_T2HLT                                    (abs)        0028F
_T2HLTbits                                (abs)        0028F
_T2PR                                     (abs)        0028D
_T2RST                                    (abs)        00291
_T2RSTbits                                (abs)        00291
_T2TMR                                    (abs)        0028C
_TMR1H                                    (abs)        0020D
_TMR1L                                    (abs)        0020C
_TMR1_DefaultInterruptHandler             text55       00E79
_TMR1_ISR                                 text53       007CE
_TMR1_Initialize                          text11       006F1
_TMR1_InterruptHandler                    bssBANK0     00053
_TMR1_SetInterruptHandler                 text25       00E9A
_TMR1_StartTimer                          text42       00E81
_TMR1_StopTimer                           text41       00E84
_TMR1_WriteTimer                          text57       00F86
_TMR2                                     (abs)        0028C
_TMR2_CallBack                            text51       00F13
_TMR2_DefaultInterruptHandler             text52       00E7A
_TMR2_ISR                                 text50       00E94
_TMR2_Initialize                          text9        00FEA
_TMR2_InterruptHandler                    bssBANK0     0004B
_TMR2_SetInterruptHandler                 text10       00EA6
_TMR2_Start                               text46       00E7E
_TMR2_StartTimer                          text45       00E8A
_TMR2_Stop                                text63       00E7B
_TRISA                                    (abs)        00011
_TRISB                                    (abs)        00012
_TRISC                                    (abs)        00013
_TRISCbits                                (abs)        00013
_TRISD                                    (abs)        00014
_TRISE                                    (abs)        00015
_Timer                                    text56       0040A
_Update                                   text37       006A5
_WPUA                                     (abs)        00F39
_WPUB                                     (abs)        00F44
_WPUC                                     (abs)        00F4F
_WPUC3                                    (abs)        07A7B
_WPUC4                                    (abs)        07A7C
_WPUD                                     (abs)        00F5A
_WPUE                                     (abs)        00F65
_WriteI2C                                 text20       00512
__CFG_BOREN$ON                            (abs)        00000
__CFG_BORV$LO                             (abs)        00000
__CFG_CLKOUTEN$OFF                        (abs)        00000
__CFG_CP$OFF                              (abs)        00000
__CFG_CPD$OFF                             (abs)        00000
__CFG_CSWEN$ON                            (abs)        00000
__CFG_DEBUG$OFF                           (abs)        00000
__CFG_FCMEN$ON                            (abs)        00000
__CFG_FEXTOSC$OFF                         (abs)        00000
__CFG_LPBOREN$OFF                         (abs)        00000
__CFG_LVP$ON                              (abs)        00000
__CFG_MCLRE$ON                            (abs)        00000
__CFG_PPS1WAY$OFF                         (abs)        00000
__CFG_PWRTE$OFF                           (abs)        00000
__CFG_RSTOSC$HFINT1                       (abs)        00000
__CFG_SCANE$available                     (abs)        00000
__CFG_STVREN$ON                           (abs)        00000
__CFG_WDTCCS$SC                           (abs)        00000
__CFG_WDTCPS$WDTCPS_31                    (abs)        00000
__CFG_WDTCWS$WDTCWS_7                     (abs)        00000
__CFG_WDTE$OFF                            (abs)        00000
__CFG_WRT$OFF                             (abs)        00000
__CFG_ZCD$OFF                             (abs)        00000
__Habs1                                   abs1         00000
__Hbank0                                  bank0        00000
__Hbank1                                  bank1        00000
__Hbank10                                 bank10       00000
__Hbank11                                 bank11       00000
__Hbank12                                 bank12       00000
__Hbank13                                 bank13       00000
__Hbank14                                 bank14       00000
__Hbank15                                 bank15       00000
__Hbank16                                 bank16       00000
__Hbank17                                 bank17       00000
__Hbank18                                 bank18       00000
__Hbank19                                 bank19       00000
__Hbank2                                  bank2        00000
__Hbank20                                 bank20       00000
__Hbank21                                 bank21       00000
__Hbank22                                 bank22       00000
__Hbank23                                 bank23       00000
__Hbank24                                 bank24       00000
__Hbank25                                 bank25       00000
__Hbank26                                 bank26       00000
__Hbank27                                 bank27       00000
__Hbank28                                 bank28       00000
__Hbank29                                 bank29       00000
__Hbank3                                  bank3        00000
__Hbank30                                 bank30       00000
__Hbank31                                 bank31       00000
__Hbank4                                  bank4        00000
__Hbank5                                  bank5        00000
__Hbank6                                  bank6        00000
__Hbank7                                  bank7        00000
__Hbank8                                  bank8        00000
__Hbank9                                  bank9        00000
__Hbigram                                 bigram       00000
__HbssBANK0                               bssBANK0     00000
__HbssCOMMON                              bssCOMMON    00000
__Hcinit                                  cinit        00062
__Hclrtext                                clrtext      00000
__Hcode                                   code         00000
__Hcommon                                 common       00000
__Hconfig                                 config       0800C
__HcstackBANK0                            cstackBANK0  00000
__HcstackCOMMON                           cstackCOMMON 00000
__HdataBANK0                              dataBANK0    00000
__Heeprom_data                            eeprom_data  00000
__Hend_init                               end_init     00045
__Hfunctab                                functab      00000
__HidataBANK0                             idataBANK0   00000
__Hidloc                                  idloc        00000
__Hinit                                   init         00043
__Hintentry                               intentry     00043
__Hmaintext                               maintext     00000
__Hpowerup                                powerup      00000
__Hram                                    ram          00000
__Hreset_vec                              reset_vec    00002
__Hsfr0                                   sfr0         00000
__Hsfr1                                   sfr1         00000
__Hsfr10                                  sfr10        00000
__Hsfr11                                  sfr11        00000
__Hsfr12                                  sfr12        00000
__Hsfr13                                  sfr13        00000
__Hsfr14                                  sfr14        00000
__Hsfr15                                  sfr15        00000
__Hsfr16                                  sfr16        00000
__Hsfr17                                  sfr17        00000
__Hsfr18                                  sfr18        00000
__Hsfr19                                  sfr19        00000
__Hsfr2                                   sfr2         00000
__Hsfr20                                  sfr20        00000
__Hsfr21                                  sfr21        00000
__Hsfr22                                  sfr22        00000
__Hsfr23                                  sfr23        00000
__Hsfr24                                  sfr24        00000
__Hsfr25                                  sfr25        00000
__Hsfr26                                  sfr26        00000
__Hsfr27                                  sfr27        00000
__Hsfr28                                  sfr28        00000
__Hsfr29                                  sfr29        00000
__Hsfr3                                   sfr3         00000
__Hsfr30                                  sfr30        00000
__Hsfr31                                  sfr31        00000
__Hsfr4                                   sfr4         00000
__Hsfr5                                   sfr5         00000
__Hsfr6                                   sfr6         00000
__Hsfr7                                   sfr7         00000
__Hsfr8                                   sfr8         00000
__Hsfr9                                   sfr9         00000
__Hspace_0                                (abs)        0800C
__Hspace_1                                (abs)        0007B
__Hspace_2                                (abs)        00000
__Hspace_3                                (abs)        00000
__Hstack                                  stack        00000
__Hstrings                                strings      00000
__Htext                                   text         00000
__Labs1                                   abs1         00000
__Lbank0                                  bank0        00000
__Lbank1                                  bank1        00000
__Lbank10                                 bank10       00000
__Lbank11                                 bank11       00000
__Lbank12                                 bank12       00000
__Lbank13                                 bank13       00000
__Lbank14                                 bank14       00000
__Lbank15                                 bank15       00000
__Lbank16                                 bank16       00000
__Lbank17                                 bank17       00000
__Lbank18                                 bank18       00000
__Lbank19                                 bank19       00000
__Lbank2                                  bank2        00000
__Lbank20                                 bank20       00000
__Lbank21                                 bank21       00000
__Lbank22                                 bank22       00000
__Lbank23                                 bank23       00000
__Lbank24                                 bank24       00000
__Lbank25                                 bank25       00000
__Lbank26                                 bank26       00000
__Lbank27                                 bank27       00000
__Lbank28                                 bank28       00000
__Lbank29                                 bank29       00000
__Lbank3                                  bank3        00000
__Lbank30                                 bank30       00000
__Lbank31                                 bank31       00000
__Lbank4                                  bank4        00000
__Lbank5                                  bank5        00000
__Lbank6                                  bank6        00000
__Lbank7                                  bank7        00000
__Lbank8                                  bank8        00000
__Lbank9                                  bank9        00000
__Lbigram                                 bigram       00000
__LbssBANK0                               bssBANK0     00000
__LbssCOMMON                              bssCOMMON    00000
__Lcinit                                  cinit        00045
__Lclrtext                                clrtext      00000
__Lcode                                   code         00000
__Lcommon                                 common       00000
__Lconfig                                 config       08007
__LcstackBANK0                            cstackBANK0  00000
__LcstackCOMMON                           cstackCOMMON 00000
__LdataBANK0                              dataBANK0    00000
__Leeprom_data                            eeprom_data  00000
__Lend_init                               end_init     00043
__Lfunctab                                functab      00000
__LidataBANK0                             idataBANK0   00000
__Lidloc                                  idloc        00000
__Linit                                   init         00043
__Lintentry                               intentry     00004
__Lmaintext                               maintext     00000
__Lpowerup                                powerup      00000
__Lram                                    ram          00000
__Lreset_vec                              reset_vec    00000
__Lsfr0                                   sfr0         00000
__Lsfr1                                   sfr1         00000
__Lsfr10                                  sfr10        00000
__Lsfr11                                  sfr11        00000
__Lsfr12                                  sfr12        00000
__Lsfr13                                  sfr13        00000
__Lsfr14                                  sfr14        00000
__Lsfr15                                  sfr15        00000
__Lsfr16                                  sfr16        00000
__Lsfr17                                  sfr17        00000
__Lsfr18                                  sfr18        00000
__Lsfr19                                  sfr19        00000
__Lsfr2                                   sfr2         00000
__Lsfr20                                  sfr20        00000
__Lsfr21                                  sfr21        00000
__Lsfr22                                  sfr22        00000
__Lsfr23                                  sfr23        00000
__Lsfr24                                  sfr24        00000
__Lsfr25                                  sfr25        00000
__Lsfr26                                  sfr26        00000
__Lsfr27                                  sfr27        00000
__Lsfr28                                  sfr28        00000
__Lsfr29                                  sfr29        00000
__Lsfr3                                   sfr3         00000
__Lsfr30                                  sfr30        00000
__Lsfr31                                  sfr31        00000
__Lsfr4                                   sfr4         00000
__Lsfr5                                   sfr5         00000
__Lsfr6                                   sfr6         00000
__Lsfr7                                   sfr7         00000
__Lsfr8                                   sfr8         00000
__Lsfr9                                   sfr9         00000
__Lspace_0                                (abs)        00000
__Lspace_1                                (abs)        00000
__Lspace_2                                (abs)        00000
__Lspace_3                                (abs)        00000
__Lstack                                  stack        00000
__Lstrings                                strings      00000
__Ltext                                   text         00000
__S0                                      (abs)        0800C
__S1                                      (abs)        0007B
__S2                                      (abs)        00000
__S3                                      (abs)        00000
___awdiv                                  text35       003AA
___awdiv@counter                          cstackBANK0  00020
___awdiv@dividend                         cstackCOMMON 00075
___awdiv@divisor                          cstackCOMMON 00073
___awdiv@quotient                         cstackBANK0  00022
___awdiv@sign                             cstackBANK0  00021
___awmod                                  text34       004BE
___awmod@counter                          cstackBANK0  00020
___awmod@dividend                         cstackCOMMON 00075
___awmod@divisor                          cstackCOMMON 00073
___awmod@sign                             cstackBANK0  00021
___bmul                                   text33       00FA9
___bmul@multiplicand                      cstackCOMMON 00073
___bmul@multiplier                        cstackCOMMON 00076
___bmul@product                           cstackCOMMON 00075
___int_sp                                 stack        00000
___latbits                                (abs)        00002
___sp                                     stack        00000
___stackhi                                (abs)        023EF
___stacklo                                (abs)        02048
___wmul                                   text44       006CF
___wmul@multiplicand                      cstackCOMMON 00075
___wmul@multiplier                        cstackCOMMON 00073
___wmul@product                           cstackBANK0  00020
__end_of_ADCC_GetSingleConversion         text23       00FA9
__end_of_ADCC_Initialize                  text18       00FEA
__end_of_Alarm                            text43       00630
__end_of_Blink                            text54       005A6
__end_of_ClearAlarm                       text62       00EC3
__end_of_DATAEE_ReadByte                  text6        00F06
__end_of_DATAEE_WriteByte                 text32       0072D
__end_of_EXT_INT_Initialize               text16       00F2D
__end_of_INTERRUPT_InterruptManager       intentry     00043
__end_of_INT_CallBack                     text59       00F13
__end_of_INT_DefaultInterruptHandler      text60       00E79
__end_of_INT_ISR                          text58       00E94
__end_of_INT_SetInterruptHandler          text17       00EA6
__end_of_Menu                             text26       006A5
__end_of_Menus                            text24       00670
__end_of_OSCILLATOR_Initialize            text15       00ECC
__end_of_PIN_MANAGER_Initialize           text14       005ED
__end_of_PMD_Initialize                   text13       00EBA
__end_of_PWM6_Initialize                  text12       00F3A
__end_of_PWM6_LoadDutyValue               text48       00FD4
__end_of_PWM_Output_D4_Disable            text64       00F57
__end_of_PWM_Output_D4_Enable             text47       00F76
__end_of_ReadI2C                          text21       00783
__end_of_ReadIllum                        text22       00F86
__end_of_ReadTemp                         text19       00004
__end_of_SYSTEM_Initialize                text8        007B6
__end_of_ShowOnLEDs                       text40       00EE2
__end_of_Switch1                          text61       00F66
__end_of_TMR1_DefaultInterruptHandler     text55       00E7A
__end_of_TMR1_ISR                         text53       007E5
__end_of_TMR1_Initialize                  text11       0070F
__end_of_TMR1_SetInterruptHandler         text25       00EA0
__end_of_TMR1_StartTimer                  text42       00E84
__end_of_TMR1_StopTimer                   text41       00E87
__end_of_TMR1_WriteTimer                  text57       00F97
__end_of_TMR2_CallBack                    text51       00F20
__end_of_TMR2_DefaultInterruptHandler     text52       00E7B
__end_of_TMR2_ISR                         text50       00E9A
__end_of_TMR2_Initialize                  text9        01000
__end_of_TMR2_SetInterruptHandler         text10       00EAC
__end_of_TMR2_Start                       text46       00E81
__end_of_TMR2_StartTimer                  text45       00E8E
__end_of_TMR2_Stop                        text63       00E7E
__end_of_Timer                            text56       00466
__end_of_Update                           text37       006CF
__end_of_WriteI2C                         text20       0055D
__end_of___awdiv                          text35       0040A
__end_of___awmod                          text34       00512
__end_of___bmul                           text33       00FBE
__end_of___wmul                           text44       006F1
__end_of__initialization                  cinit        0005E
__end_of_checkButtonS1                    text39       00769
__end_of_checkButtonS2                    text38       0074B
__end_of_eeprom_clk_update                text31       0079D
__end_of_get_check_up_value               text2        00171
__end_of_i2c1_driver_open                 text7        00EFA
__end_of_main                             maintext     00257
__end_of_ring_buffer                      text4        007FB
__end_of_ring_buffer_write                text5        003AA
__end_of_set_check_up_value               text1        007CE
__end_of_submenu_alarm                    text36       00EEE
__end_of_submenu_clock                    text29       0030C
__end_of_submenu_illum                    text28       00F48
__end_of_submenu_temp                     text27       004BE
__end_of_update_clk                       text30       00ED6
__end_of_xor                              text3        00E8A
__initialization                          cinit        00045
__pbssBANK0                               bssBANK0     00043
__pbssCOMMON                              bssCOMMON    00078
__pcstackBANK0                            cstackBANK0  00020
__pcstackCOMMON                           cstackCOMMON 00070
__pdataBANK0                              dataBANK0    00063
__pidataBANK0                             idataBANK0   007FB
__pintentry                               intentry     00004
__pmaintext                               maintext     00171
__ptext1                                  text1        007B6
__ptext10                                 text10       00EA6
__ptext11                                 text11       006F1
__ptext12                                 text12       00F2D
__ptext13                                 text13       00EB2
__ptext14                                 text14       005A6
__ptext15                                 text15       00EC3
__ptext16                                 text16       00F20
__ptext17                                 text17       00EA0
__ptext18                                 text18       00FD4
__ptext19                                 text19       00002
__ptext2                                  text2        00062
__ptext20                                 text20       00512
__ptext21                                 text21       00769
__ptext22                                 text22       00F76
__ptext23                                 text23       00F97
__ptext24                                 text24       00630
__ptext25                                 text25       00E9A
__ptext26                                 text26       00670
__ptext27                                 text27       00466
__ptext28                                 text28       00F3A
__ptext29                                 text29       00257
__ptext3                                  text3        00E87
__ptext30                                 text30       00ECC
__ptext31                                 text31       00783
__ptext32                                 text32       0070F
__ptext33                                 text33       00FA9
__ptext34                                 text34       004BE
__ptext35                                 text35       003AA
__ptext36                                 text36       00EE2
__ptext37                                 text37       006A5
__ptext38                                 text38       0072D
__ptext39                                 text39       0074B
__ptext4                                  text4        007E5
__ptext40                                 text40       00ED6
__ptext41                                 text41       00E84
__ptext42                                 text42       00E81
__ptext43                                 text43       005ED
__ptext44                                 text44       006CF
__ptext45                                 text45       00E8A
__ptext46                                 text46       00E7E
__ptext47                                 text47       00F66
__ptext48                                 text48       00FBE
__ptext5                                  text5        0030C
__ptext50                                 text50       00E94
__ptext51                                 text51       00F13
__ptext52                                 text52       00E7A
__ptext53                                 text53       007CE
__ptext54                                 text54       0055D
__ptext55                                 text55       00E79
__ptext56                                 text56       0040A
__ptext57                                 text57       00F86
__ptext58                                 text58       00E8E
__ptext59                                 text59       00F06
__ptext6                                  text6        00EFA
__ptext60                                 text60       00E78
__ptext61                                 text61       00F57
__ptext62                                 text62       00EBA
__ptext63                                 text63       00E7B
__ptext64                                 text64       00F48
__ptext7                                  text7        00EEE
__ptext8                                  text8        0079D
__ptext9                                  text9        00FEA
__size_of_ADCC_GetSingleConversion        (abs)        00000
__size_of_ADCC_Initialize                 (abs)        00000
__size_of_Alarm                           (abs)        00000
__size_of_Blink                           (abs)        00000
__size_of_ClearAlarm                      (abs)        00000
__size_of_DATAEE_ReadByte                 (abs)        00000
__size_of_DATAEE_WriteByte                (abs)        00000
__size_of_EXT_INT_Initialize              (abs)        00000
__size_of_INTERRUPT_InterruptManager      (abs)        00000
__size_of_INT_CallBack                    (abs)        00000
__size_of_INT_DefaultInterruptHandler     (abs)        00000
__size_of_INT_ISR                         (abs)        00000
__size_of_INT_SetInterruptHandler         (abs)        00000
__size_of_Menu                            (abs)        00000
__size_of_Menus                           (abs)        00000
__size_of_OSCILLATOR_Initialize           (abs)        00000
__size_of_PIN_MANAGER_Initialize          (abs)        00000
__size_of_PMD_Initialize                  (abs)        00000
__size_of_PWM6_Initialize                 (abs)        00000
__size_of_PWM6_LoadDutyValue              (abs)        00000
__size_of_PWM_Output_D4_Disable           (abs)        00000
__size_of_PWM_Output_D4_Enable            (abs)        00000
__size_of_ReadI2C                         (abs)        00000
__size_of_ReadIllum                       (abs)        00000
__size_of_ReadTemp                        (abs)        00000
__size_of_SYSTEM_Initialize               (abs)        00000
__size_of_ShowOnLEDs                      (abs)        00000
__size_of_Switch1                         (abs)        00000
__size_of_TMR1_DefaultInterruptHandler    (abs)        00000
__size_of_TMR1_ISR                        (abs)        00000
__size_of_TMR1_Initialize                 (abs)        00000
__size_of_TMR1_SetInterruptHandler        (abs)        00000
__size_of_TMR1_StartTimer                 (abs)        00000
__size_of_TMR1_StopTimer                  (abs)        00000
__size_of_TMR1_WriteTimer                 (abs)        00000
__size_of_TMR2_CallBack                   (abs)        00000
__size_of_TMR2_DefaultInterruptHandler    (abs)        00000
__size_of_TMR2_ISR                        (abs)        00000
__size_of_TMR2_Initialize                 (abs)        00000
__size_of_TMR2_SetInterruptHandler        (abs)        00000
__size_of_TMR2_Start                      (abs)        00000
__size_of_TMR2_StartTimer                 (abs)        00000
__size_of_TMR2_Stop                       (abs)        00000
__size_of_Timer                           (abs)        00000
__size_of_Update                          (abs)        00000
__size_of_WriteI2C                        (abs)        00000
__size_of___awdiv                         (abs)        00000
__size_of___awmod                         (abs)        00000
__size_of___bmul                          (abs)        00000
__size_of___wmul                          (abs)        00000
__size_of_checkButtonS1                   (abs)        00000
__size_of_checkButtonS2                   (abs)        00000
__size_of_eeprom_clk_update               (abs)        00000
__size_of_get_check_up_value              (abs)        00000
__size_of_i2c1_driver_open                (abs)        00000
__size_of_main                            (abs)        00000
__size_of_ring_buffer                     (abs)        00000
__size_of_ring_buffer_write               (abs)        00000
__size_of_set_check_up_value              (abs)        00000
__size_of_submenu_alarm                   (abs)        00000
__size_of_submenu_clock                   (abs)        00000
__size_of_submenu_illum                   (abs)        00000
__size_of_submenu_temp                    (abs)        00000
__size_of_update_clk                      (abs)        00000
__size_of_xor                             (abs)        00000
_alarm                                    bssBANK0     00058
_btn1State                                bssBANK0     00062
_btn2State                                bssBANK0     00061
_checkButtonS1                            text39       0074B
_checkButtonS2                            text38       0072D
_eeprom_clk_update                        text31       00783
_flag_timer                               bssBANK0     0005C
_get_check_up_value                       text2        00062
_get_check_up_value$3279                  cstackBANK0  0002E
_get_check_up_value$3280                  cstackBANK0  00028
_get_check_up_value$3281                  cstackBANK0  00029
_get_check_up_value$3282                  cstackBANK0  0002A
_get_check_up_value$3283                  cstackBANK0  0002B
_get_check_up_value$3284                  cstackBANK0  0002C
_i2c1_driver_busCollisionISR              bssBANK0     0004F
_i2c1_driver_i2cISR                       bssBANK0     0004D
_i2c1_driver_open                         text7        00EEE
_illum                                    bssBANK0     00059
_initial_time                             bssBANK0     00047
_main                                     maintext     00171
_mode                                     bssBANK0     00060
_ring_buffer                              text4        007E5
_ring_buffer_write                        text5        0030C
_s1flag                                   bssBANK0     0005F
_s2flag                                   bssBANK0     0005E
_seconds                                  bssCOMMON    00078
_set_check_up_value                       text1        007B6
_submenu_alarm                            text36       00EE2
_submenu_clock                            text29       00257
_submenu_illum                            text28       00F3A
_submenu_temp                             text27       00466
_switch1                                  bssBANK0     0005D
_temp                                     bssBANK0     0005A
_timer                                    bssBANK0     00049
_timer1                                   bssBANK0     00057
_timer1ReloadVal                          bssBANK0     00055
_update_clk                               text30       00ECC
_xor                                      text3        00E87
btemp                                     (abs)        0007E
clear_ram0                                clrtext      00EAC
eeprom_clk_update@clkh                    cstackBANK0  00021
eeprom_clk_update@clkm                    cstackCOMMON 00077
end_of_initialization                     cinit        0005E
get_check_up_value@check                  cstackBANK0  00030
get_check_up_value@func                   cstackBANK0  00020
get_check_up_value@rbuf                   cstackBANK0  0002F
get_check_up_value@wbuf                   cstackBANK0  0002D
int$flags                                 (abs)        0007E
intlevel0                                 functab      00000
intlevel1                                 functab      00000
intlevel2                                 functab      00000
intlevel3                                 functab      00000
intlevel4                                 functab      00000
intlevel5                                 functab      00000
reset_vec                                 reset_vec    00000
ring_buffer_write@L                       cstackBANK0  00023
ring_buffer_write@T                       cstackBANK0  00022
ring_buffer_write@h                       cstackBANK0  00026
ring_buffer_write@m                       cstackBANK0  00020
ring_buffer_write@ring_pos                cstackBANK0  00027
ring_buffer_write@s                       cstackBANK0  00021
set_check_up_value@check                  cstackBANK0  00033
set_check_up_value@func                   cstackBANK0  00031
start                                     init         00043
start_initialization                      cinit        00045
submenu_clock@hours_tens                  cstackBANK0  00029
submenu_clock@hours_units                 cstackBANK0  0002A
submenu_clock@minutes_tens                cstackBANK0  00027
submenu_clock@minutes_units               cstackBANK0  00028
submenu_temp@temperature_tens             cstackBANK0  00028
submenu_temp@temperature_units            cstackBANK0  00027
wtemp0                                    (abs)        0007E
xor@x                                     cstackCOMMON 00075
xor@y                                     cstackCOMMON 00076


FUNCTION INFORMATION:

 *************** function _main *****************
 Defined at:
		line 148 in file "main.c"
 Parameters:    Size  Location     Type
		None
 Auto vars:     Size  Location     Type
		None
 Return value:  Size  Location     Type
                  1    wreg      void 
 Registers used:
		wreg, fsr0l, fsr0h, status,2, status,0, pclath, cstack
 Tracked objects:
		On entry : 
		On exit  : 
		Unchanged: 
 Data sizes:     COMMON   BANK0   BANK1   BANK2   BANK3   BANK4   BANK5   BANK6   BANK7   BANK8   BANK9  BANK10  BANK11  BANK12
      Params:         0       0       0       0       0       0       0       0       0       0       0       0       0       0
      Locals:         0       0       0       0       0       0       0       0       0       0       0       0       0       0
      Temps:          0      15       0       0       0       0       0       0       0       0       0       0       0       0
      Totals:         0      15       0       0       0       0       0       0       0       0       0       0       0       0
Total ram usage:       15 bytes
 Hardware stack levels required when called:   12
 This function calls:
		_Alarm
		_INT_SetInterruptHandler
		_Menus
		_PWM6_LoadDutyValue
		_ReadIllum
		_ReadTemp
		_SYSTEM_Initialize
		_TMR1_SetInterruptHandler
		___wmul
		_i2c1_driver_open
		_ring_buffer
		_set_check_up_value
		_update_clk
 This function is called by:
		Startup code after reset
 This function uses a non-reentrant model


 *************** function _set_check_up_value *****************
 Defined at:
		line 23 in file "eeprom.c"
 Parameters:    Size  Location     Type
  func            2   17[BANK0 ] PTR FTN(unsigned char ,u
		 -> xor(1), 
 Auto vars:     Size  Location     Type
  check           1   19[BANK0 ] unsigned char 
 Return value:  Size  Location     Type
                  1    wreg      void 
 Registers used:
		wreg, status,2, status,0, pclath, cstack
 Tracked objects:
		On entry : 
		On exit  : 
		Unchanged: 
 Data sizes:     COMMON   BANK0   BANK1   BANK2   BANK3   BANK4   BANK5   BANK6   BANK7   BANK8   BANK9  BANK10  BANK11  BANK12
      Params:         0       2       0       0       0       0       0       0       0       0       0       0       0       0
      Locals:         0       1       0       0       0       0       0       0       0       0       0       0       0       0
      Temps:          1       0       0       0       0       0       0       0       0       0       0       0       0       0
      Totals:         1       3       0       0       0       0       0       0       0       0       0       0       0       0
Total ram usage:        4 bytes
 Hardware stack levels used:    1
 Hardware stack levels required when called:    8
 This function calls:
		_DATAEE_WriteByte
		_get_check_up_value
 This function is called by:
		_main
 This function uses a non-reentrant model


 *************** function _get_check_up_value *****************
 Defined at:
		line 6 in file "eeprom.c"
 Parameters:    Size  Location     Type
  func            2    0[BANK0 ] PTR FTN(unsigned char ,u
		 -> xor(1), 
 Auto vars:     Size  Location     Type
  check           1   16[BANK0 ] unsigned char 
  rbuf            1   15[BANK0 ] unsigned char 
  wbuf            1   13[BANK0 ] unsigned char 
 Return value:  Size  Location     Type
                  1    wreg      unsigned char 
 Registers used:
		wreg, status,2, status,0, pclath, cstack
 Tracked objects:
		On entry : 
		On exit  : 
		Unchanged: 
 Data sizes:     COMMON   BANK0   BANK1   BANK2   BANK3   BANK4   BANK5   BANK6   BANK7   BANK8   BANK9  BANK10  BANK11  BANK12
      Params:         0       2       0       0       0       0       0       0       0       0       0       0       0       0
      Locals:         0       9       0       0       0       0       0       0       0       0       0       0       0       0
      Temps:          0       6       0       0       0       0       0       0       0       0       0       0       0       0
      Totals:         0      17       0       0       0       0       0       0       0       0       0       0       0       0
Total ram usage:       17 bytes
 Hardware stack levels used:    1
 Hardware stack levels required when called:    7
 This function calls:
		_DATAEE_ReadByte
		_xor
 This function is called by:
		_set_check_up_value
		_check_corruption
 This function uses a non-reentrant model


 *************** function _xor *****************
 Defined at:
		line 144 in file "main.c"
 Parameters:    Size  Location     Type
  x               1    5[COMMON] unsigned char 
  y               1    6[COMMON] unsigned char 
 Auto vars:     Size  Location     Type
		None
 Return value:  Size  Location     Type
                  1    wreg      unsigned char 
 Registers used:
		wreg, status,2, status,0
 Tracked objects:
		On entry : 
		On exit  : 
		Unchanged: 
 Data sizes:     COMMON   BANK0   BANK1   BANK2   BANK3   BANK4   BANK5   BANK6   BANK7   BANK8   BANK9  BANK10  BANK11  BANK12
      Params:         2       0       0       0       0       0       0       0       0       0       0       0       0       0
      Locals:         0       0       0       0       0       0       0       0       0       0       0       0       0       0
      Temps:          0       0       0       0       0       0       0       0       0       0       0       0       0       0
      Totals:         2       0       0       0       0       0       0       0       0       0       0       0       0       0
Total ram usage:        2 bytes
 Hardware stack levels used:    1
 Hardware stack levels required when called:    6
 This function calls:
		Nothing
 This function is called by:
		_main
		_get_check_up_value
 This function uses a non-reentrant model


 *************** function _ring_buffer *****************
 Defined at:
		line 105 in file "utils.c"
 Parameters:    Size  Location     Type
		None
 Auto vars:     Size  Location     Type
		None
 Return value:  Size  Location     Type
                  1    wreg      _Bool 
 Registers used:
		wreg, status,2, status,0, pclath, cstack
 Tracked objects:
		On entry : 
		On exit  : 
		Unchanged: 
 Data sizes:     COMMON   BANK0   BANK1   BANK2   BANK3   BANK4   BANK5   BANK6   BANK7   BANK8   BANK9  BANK10  BANK11  BANK12
      Params:         0       0       0       0       0       0       0       0       0       0       0       0       0       0
      Locals:         0       0       0       0       0       0       0       0       0       0       0       0       0       0
      Temps:          0       4       0       0       0       0       0       0       0       0       0       0       0       0
      Totals:         0       4       0       0       0       0       0       0       0       0       0       0       0       0
Total ram usage:        4 bytes
 Hardware stack levels used:    1
 Hardware stack levels required when called:    8
 This function calls:
		_ring_buffer_write
 This function is called by:
		_main
 This function uses a non-reentrant model


 *************** function _ring_buffer_write *****************
 Defined at:
		line 54 in file "eeprom.c"
 Parameters:    Size  Location     Type
  h               1    wreg     unsigned char 
  m               1    0[BANK0 ] unsigned char 
  s               1    1[BANK0 ] unsigned char 
  T               1    2[BANK0 ] unsigned char 
  L               1    3[BANK0 ] unsigned char 
 Auto vars:     Size  Location     Type
  h               1    6[BANK0 ] unsigned char 
  ring_pos        2    7[BANK0 ] unsigned short 
 Return value:  Size  Location     Type
                  1    wreg      _Bool 
 Registers used:
[...]
		None
 Return value:  Size  Location     Type
                  1    wreg      void 
 Registers used:
		wreg, fsr0l, fsr0h, status,2, status,0, pclath, cstack
 Tracked objects:
		On entry : 
		On exit  : 
		Unchanged: 
 Data sizes:     COMMON   BANK0   BANK1   BANK2   BANK3   BANK4   BANK5   BANK6   BANK7   BANK8   BANK9  BANK10  BANK11  BANK12
      Params:         0       0       0       0       0       0       0       0       0       0       0       0       0       0
      Locals:         0       0       0       0       0       0       0       0       0       0       0       0       0       0
      Temps:          0       0       0       0       0       0       0       0       0       0       0       0       0       0
      Totals:         0       0       0       0       0       0       0       0       0       0       0       0       0       0
Total ram usage:        0 bytes
 Hardware stack levels used:    1
 Hardware stack levels required when called:    1
 This function calls:
		Absolute function
		_Blink
		_TMR1_DefaultInterruptHandler
		_TMR1_WriteTimer
		_Timer
 This function is called by:
		_INTERRUPT_InterruptManager
 This function uses a non-reentrant model


 *************** function _Blink *****************
 Defined at:
		line 110 in file "menus.c"
 Parameters:    Size  Location     Type
		None
 Auto vars:     Size  Location     Type
		None
 Return value:  Size  Location     Type
                  1    wreg      void 
 Registers used:
		wreg, fsr0l, fsr0h, status,2, status,0
 Tracked objects:
		On entry : 
		On exit  : 
		Unchanged: 
 Data sizes:     COMMON   BANK0   BANK1   BANK2   BANK3   BANK4   BANK5   BANK6   BANK7   BANK8   BANK9  BANK10  BANK11  BANK12
      Params:         0       0       0       0       0       0       0       0       0       0       0       0       0       0
      Locals:         0       0       0       0       0       0       0       0       0       0       0       0       0       0
      Temps:          2       0       0       0       0       0       0       0       0       0       0       0       0       0
      Totals:         2       0       0       0       0       0       0       0       0       0       0       0       0       0
Total ram usage:        2 bytes
 Hardware stack levels used:    1
 This function calls:
		Nothing
 This function is called by:
		_Menus
		_TMR1_ISR
 This function uses a non-reentrant model


 *************** function _TMR1_DefaultInterruptHandler *****************
 Defined at:
		line 182 in file "mcc_generated_files/tmr1.c"
 Parameters:    Size  Location     Type
		None
 Auto vars:     Size  Location     Type
		None
 Return value:  Size  Location     Type
                  1    wreg      void 
 Registers used:
		None
 Tracked objects:
		On entry : 
		On exit  : 
		Unchanged: 
 Data sizes:     COMMON   BANK0   BANK1   BANK2   BANK3   BANK4   BANK5   BANK6   BANK7   BANK8   BANK9  BANK10  BANK11  BANK12
      Params:         0       0       0       0       0       0       0       0       0       0       0       0       0       0
      Locals:         0       0       0       0       0       0       0       0       0       0       0       0       0       0
      Temps:          0       0       0       0       0       0       0       0       0       0       0       0       0       0
      Totals:         0       0       0       0       0       0       0       0       0       0       0       0       0       0
Total ram usage:        0 bytes
 Hardware stack levels used:    1
 This function calls:
		Nothing
 This function is called by:
		_TMR1_Initialize
		_TMR1_ISR
 This function uses a non-reentrant model


 *************** function _Timer *****************
 Defined at:
		line 81 in file "main.c"
 Parameters:    Size  Location     Type
		None
 Auto vars:     Size  Location     Type
		None
 Return value:  Size  Location     Type
                  1    wreg      void 
 Registers used:
		wreg, status,2, status,0
 Tracked objects:
		On entry : 
		On exit  : 
		Unchanged: 
 Data sizes:     COMMON   BANK0   BANK1   BANK2   BANK3   BANK4   BANK5   BANK6   BANK7   BANK8   BANK9  BANK10  BANK11  BANK12
      Params:         0       0       0       0       0       0       0       0       0       0       0       0       0       0
      Locals:         0       0       0       0       0       0       0       0       0       0       0       0       0       0
      Temps:          3       0       0       0       0       0       0       0       0       0       0       0       0       0
      Totals:         3       0       0       0       0       0       0       0       0       0       0       0       0       0
Total ram usage:        3 bytes
 Hardware stack levels used:    1
 This function calls:
		Nothing
 This function is called by:
		_main
		_TMR1_ISR
 This function uses a non-reentrant model


 *************** function _TMR1_WriteTimer *****************
 Defined at:
		line 127 in file "mcc_generated_files/tmr1.c"
 Parameters:    Size  Location     Type
  timerVal        2    0[COMMON] unsigned short 
 Auto vars:     Size  Location     Type
		None
 Return value:  Size  Location     Type
                  1    wreg      void 
 Registers used:
		wreg, status,2
 Tracked objects:
		On entry : 
		On exit  : 
		Unchanged: 
 Data sizes:     COMMON   BANK0   BANK1   BANK2   BANK3   BANK4   BANK5   BANK6   BANK7   BANK8   BANK9  BANK10  BANK11  BANK12
      Params:         2       0       0       0       0       0       0       0       0       0       0       0       0       0
      Locals:         0       0       0       0       0       0       0       0       0       0       0       0       0       0
      Temps:          0       0       0       0       0       0       0       0       0       0       0       0       0       0
      Totals:         2       0       0       0       0       0       0       0       0       0       0       0       0       0
Total ram usage:        2 bytes
 Hardware stack levels used:    1
 This function calls:
		Nothing
 This function is called by:
		_TMR1_ISR
		_TMR1_Reload
 This function uses a non-reentrant model


 *************** function _INT_ISR *****************
 Defined at:
		line 32 in file "mcc_generated_files/ext_int.c"
 Parameters:    Size  Location     Type
		None
 Auto vars:     Size  Location     Type
		None
 Return value:  Size  Location     Type
                  1    wreg      void 
 Registers used:
		wreg, status,2, status,0, pclath, cstack
 Tracked objects:
		On entry : 
		On exit  : 
		Unchanged: 
 Data sizes:     COMMON   BANK0   BANK1   BANK2   BANK3   BANK4   BANK5   BANK6   BANK7   BANK8   BANK9  BANK10  BANK11  BANK12
      Params:         0       0       0       0       0       0       0       0       0       0       0       0       0       0
      Locals:         0       0       0       0       0       0       0       0       0       0       0       0       0       0
      Temps:          0       0       0       0       0       0       0       0       0       0       0       0       0       0
      Totals:         0       0       0       0       0       0       0       0       0       0       0       0       0       0
Total ram usage:        0 bytes
 Hardware stack levels used:    1
 Hardware stack levels required when called:    4
 This function calls:
		_INT_CallBack
 This function is called by:
		_INTERRUPT_InterruptManager
 This function uses a non-reentrant model


 *************** function _INT_CallBack *****************
 Defined at:
		line 41 in file "mcc_generated_files/ext_int.c"
 Parameters:    Size  Location     Type
		None
 Auto vars:     Size  Location     Type
		None
 Return value:  Size  Location     Type
                  1    wreg      void 
 Registers used:
		wreg, status,2, status,0, pclath, cstack
 Tracked objects:
		On entry : 
		On exit  : 
		Unchanged: 
 Data sizes:     COMMON   BANK0   BANK1   BANK2   BANK3   BANK4   BANK5   BANK6   BANK7   BANK8   BANK9  BANK10  BANK11  BANK12
      Params:         0       0       0       0       0       0       0       0       0       0       0       0       0       0
      Locals:         0       0       0       0       0       0       0       0       0       0       0       0       0       0
      Temps:          0       0       0       0       0       0       0       0       0       0       0       0       0       0
      Totals:         0       0       0       0       0       0       0       0       0       0       0       0       0       0
Total ram usage:        0 bytes
 Hardware stack levels used:    1
 Hardware stack levels required when called:    3
 This function calls:
		Absolute function
		_INT_DefaultInterruptHandler
		_Switch1
 This function is called by:
		_INT_ISR
 This function uses a non-reentrant model


 *************** function _INT_DefaultInterruptHandler *****************
 Defined at:
		line 54 in file "mcc_generated_files/ext_int.c"
 Parameters:    Size  Location     Type
		None
 Auto vars:     Size  Location     Type
		None
 Return value:  Size  Location     Type
                  1    wreg      void 
 Registers used:
		None
 Tracked objects:
		On entry : 
		On exit  : 
		Unchanged: 
 Data sizes:     COMMON   BANK0   BANK1   BANK2   BANK3   BANK4   BANK5   BANK6   BANK7   BANK8   BANK9  BANK10  BANK11  BANK12
      Params:         0       0       0       0       0       0       0       0       0       0       0       0       0       0
      Locals:         0       0       0       0       0       0       0       0       0       0       0       0       0       0
      Temps:          0       0       0       0       0       0       0       0       0       0       0       0       0       0
      Totals:         0       0       0       0       0       0       0       0       0       0       0       0       0       0
Total ram usage:        0 bytes
 Hardware stack levels used:    1
 This function calls:
		Nothing
 This function is called by:
		_EXT_INT_Initialize
		_INT_CallBack
 This function uses a non-reentrant model


 *************** function _Switch1 *****************
 Defined at:
		line 118 in file "main.c"
 Parameters:    Size  Location     Type
		None
 Auto vars:     Size  Location     Type
		None
 Return value:  Size  Location     Type
                  1    wreg      void 
 Registers used:
		wreg, status,2, status,0, pclath, cstack
 Tracked objects:
		On entry : 
		On exit  : 
		Unchanged: 
 Data sizes:     COMMON   BANK0   BANK1   BANK2   BANK3   BANK4   BANK5   BANK6   BANK7   BANK8   BANK9  BANK10  BANK11  BANK12
      Params:         0       0       0       0       0       0       0       0       0       0       0       0       0       0
      Locals:         0       0       0       0       0       0       0       0       0       0       0       0       0       0
      Temps:          1       0       0       0       0       0       0       0       0       0       0       0       0       0
      Totals:         1       0       0       0       0       0       0       0       0       0       0       0       0       0
Total ram usage:        1 bytes
 Hardware stack levels used:    1
 Hardware stack levels required when called:    2
 This function calls:
		_ClearAlarm
 This function is called by:
		_main
		_INT_CallBack
 This function uses a non-reentrant model


 *************** function _ClearAlarm *****************
 Defined at:
		line 112 in file "main.c"
 Parameters:    Size  Location     Type
		None
 Auto vars:     Size  Location     Type
		None
 Return value:  Size  Location     Type
                  1    wreg      void 
 Registers used:
		wreg, status,2, status,0, pclath, cstack
 Tracked objects:
		On entry : 
		On exit  : 
		Unchanged: 
 Data sizes:     COMMON   BANK0   BANK1   BANK2   BANK3   BANK4   BANK5   BANK6   BANK7   BANK8   BANK9  BANK10  BANK11  BANK12
      Params:         0       0       0       0       0       0       0       0       0       0       0       0       0       0
      Locals:         0       0       0       0       0       0       0       0       0       0       0       0       0       0
      Temps:          0       0       0       0       0       0       0       0       0       0       0       0       0       0
      Totals:         0       0       0       0       0       0       0       0       0       0       0       0       0       0
Total ram usage:        0 bytes
 Hardware stack levels used:    1
 Hardware stack levels required when called:    1
 This function calls:
		_PWM_Output_D4_Disable
		_TMR2_Stop
 This function is called by:
		_Switch1
 This function uses a non-reentrant model


 *************** function _TMR2_Stop *****************
 Defined at:
		line 119 in file "mcc_generated_files/tmr2.c"
 Parameters:    Size  Location     Type
		None
 Auto vars:     Size  Location     Type
		None
 Return value:  Size  Location     Type
                  1    wreg      void 
 Registers used:
		None
 Tracked objects:
		On entry : 
		On exit  : 
		Unchanged: 
 Data sizes:     COMMON   BANK0   BANK1   BANK2   BANK3   BANK4   BANK5   BANK6   BANK7   BANK8   BANK9  BANK10  BANK11  BANK12
      Params:         0       0       0       0       0       0       0       0       0       0       0       0       0       0
      Locals:         0       0       0       0       0       0       0       0       0       0       0       0       0       0
      Temps:          0       0       0       0       0       0       0       0       0       0       0       0       0       0
      Totals:         0       0       0       0       0       0       0       0       0       0       0       0       0       0
Total ram usage:        0 bytes
 Hardware stack levels used:    1
 This function calls:
		Nothing
 This function is called by:
		_ClearAlarm
		_TMR2_StopTimer
 This function uses a non-reentrant model


 *************** function _PWM_Output_D4_Disable *****************
 Defined at:
		line 56 in file "utils.c"
 Parameters:    Size  Location     Type
		None
 Auto vars:     Size  Location     Type
		None
 Return value:  Size  Location     Type
                  1    wreg      void 
 Registers used:
		wreg, status,2
 Tracked objects:
		On entry : 
		On exit  : 
		Unchanged: 
 Data sizes:     COMMON   BANK0   BANK1   BANK2   BANK3   BANK4   BANK5   BANK6   BANK7   BANK8   BANK9  BANK10  BANK11  BANK12
      Params:         0       0       0       0       0       0       0       0       0       0       0       0       0       0
      Locals:         0       0       0       0       0       0       0       0       0       0       0       0       0       0
      Temps:          0       0       0       0       0       0       0       0       0       0       0       0       0       0
      Totals:         0       0       0       0       0       0       0       0       0       0       0       0       0       0
Total ram usage:        0 bytes
 Hardware stack levels used:    1
 This function calls:
		Nothing
 This function is called by:
		_ClearAlarm
 This function uses a non-reentrant model



MODULE INFORMATION

Module		Function		Class		Link	Load	Size
/Applications/microchip/xc8/v2.10/pic/sources/c99/common/awdiv.c
		___awdiv       		CODE           	03AA	0000	97

/Applications/microchip/xc8/v2.10/pic/sources/c99/common/awdiv.c estimated size: 97

mcc_generated_files/pwm6.c
		_PWM6_LoadDutyValue		CODE           	0FBE	0000	23
		_PWM6_Initialize		CODE           	0F2D	0000	14

mcc_generated_files/pwm6.c estimated size: 37

/Applications/microchip/xc8/v2.10/pic/sources/c99/common/Umul8.c
		___bmul        		CODE           	0FA9	0000	22

/Applications/microchip/xc8/v2.10/pic/sources/c99/common/Umul8.c estimated size: 22

mcc_generated_files/tmr2.c
		_TMR2_ISR      		CODE           	0E94	0000	7
		_TMR2_Initialize		CODE           	0FEA	0000	23
		_TMR2_Stop     		CODE           	0E7B	0000	4
		_TMR2_Start    		CODE           	0E7E	0000	4
		_TMR2_SetInterruptHandler		CODE           	0EA6	0000	7
		_TMR2_DefaultInterruptHandler		CODE           	0E7A	0000	2
		_TMR2_CallBack 		CODE           	0F13	0000	14
		_TMR2_StartTimer		CODE           	0E8A	0000	5

mcc_generated_files/tmr2.c estimated size: 66

mcc_generated_files/interrupt_manager.c
		_INTERRUPT_InterruptManager		CODE           	0004	0000	64

mcc_generated_files/interrupt_manager.c estimated size: 64

mcc_generated_files/pin_manager.c
		_PIN_MANAGER_Initialize		CODE           	05A6	0000	72

mcc_generated_files/pin_manager.c estimated size: 72

I2C/i2c.c
		_ReadI2C       		CODE           	0769	0000	27
		_WriteI2C      		CODE           	0512	0000	76

I2C/i2c.c estimated size: 103

menus.c
		_submenu_temp  		CODE           	0466	0000	89
		_submenu_clock 		CODE           	0257	0000	182
		_submenu_alarm 		CODE           	0EE2	0000	13
		_submenu_illum 		CODE           	0F3A	0000	15
		_Blink         		CODE           	055D	0000	74
		_Menus         		CODE           	0630	0000	65
		_Update        		CODE           	06A5	0000	43
		_Menu          		CODE           	0670	0000	54

menus.c estimated size: 535

eeprom.c
		_eeprom_clk_update		CODE           	0783	0000	27
		_get_check_up_value		CODE           	0062	0000	272
		_set_check_up_value		CODE           	07B6	0000	25
		_ring_buffer_write		CODE           	030C	0000	159

eeprom.c estimated size: 483

/Applications/microchip/xc8/v2.10/pic/sources/c99/common/Umul16.c
		___wmul        		CODE           	06CF	0000	35

/Applications/microchip/xc8/v2.10/pic/sources/c99/common/Umul16.c estimated size: 35

mcc_generated_files/ext_int.c
		_INT_DefaultInterruptHandler		CODE           	0E78	0000	2
		_EXT_INT_Initialize		CODE           	0F20	0000	14
		_INT_SetInterruptHandler		CODE           	0EA0	0000	7
		_INT_CallBack  		CODE           	0F06	0000	14
		_INT_ISR       		CODE           	0E8E	0000	7

mcc_generated_files/ext_int.c estimated size: 44

shared
		__initialization		CODE           	0045	0000	26

shared estimated size: 26

mcc_generated_files/mcc.c
		_PMD_Initialize		CODE           	0EB2	0000	9
		_OSCILLATOR_Initialize		CODE           	0EC3	0000	10
		_SYSTEM_Initialize		CODE           	079D	0000	26

mcc_generated_files/mcc.c estimated size: 45

/Applications/microchip/xc8/v2.10/pic/sources/c99/common/awmod.c
		___awmod       		CODE           	04BE	0000	85

/Applications/microchip/xc8/v2.10/pic/sources/c99/common/awmod.c estimated size: 85

mcc_generated_files/tmr1.c
		_TMR1_Initialize		CODE           	06F1	0000	31
		_TMR1_SetInterruptHandler		CODE           	0E9A	0000	7
		_TMR1_StopTimer		CODE           	0E84	0000	4
		_TMR1_DefaultInterruptHandler		CODE           	0E79	0000	2
		_TMR1_WriteTimer		CODE           	0F86	0000	18
		_TMR1_StartTimer		CODE           	0E81	0000	4
		_TMR1_ISR      		CODE           	07CE	0000	24

mcc_generated_files/tmr1.c estimated size: 90

utils.c
		_ReadTemp      		CODE           	0002	0000	3
		_PWM_Output_D4_Disable		CODE           	0F48	0000	16
		_PWM_Output_D4_Enable		CODE           	0F66	0000	17
		_update_clk    		CODE           	0ECC	0000	11
		_ring_buffer   		CODE           	07E5	0000	23
		_ReadIllum     		CODE           	0F76	0000	17
		_checkButtonS1 		CODE           	074B	0000	31
		_checkButtonS2 		CODE           	072D	0000	31
		_ShowOnLEDs    		CODE           	0ED6	0000	13

utils.c estimated size: 162

mcc_generated_files/memory.c
		_DATAEE_WriteByte		CODE           	070F	0000	31
		_DATAEE_ReadByte		CODE           	0EFA	0000	13

mcc_generated_files/memory.c estimated size: 44

mcc_generated_files/i2c1_driver.c
		_i2c1_driver_open		CODE           	0EEE	0000	13

mcc_generated_files/i2c1_driver.c estimated size: 13

mcc_generated_files/adcc.c
		_ADCC_GetSingleConversion		CODE           	0F97	0000	19
		_ADCC_Initialize		CODE           	0FD4	0000	23

mcc_generated_files/adcc.c estimated size: 42

main.c
		_ClearAlarm    		CODE           	0EBA	0000	10
		_Timer         		CODE           	040A	0000	93
		_main          		CODE           	0171	0000	231
		_Switch1       		CODE           	0F57	0000	16
		_xor           		CODE           	0E87	0000	4
		_Alarm         		CODE           	05ED	0000	68

main.c estimated size: 422

