Microchip MPLAB XC8 Compiler V2.10 ()

Linker command line:

-W-3 --edf=/Applications/microchip/xc8/v2.10/pic/dat/en_msgs.txt -cs \
  -h+dist/default/debug/WeatherStation_g8.x.debug.sym \
  --cmf=dist/default/debug/WeatherStation_g8.x.debug.cmf -z -Q16F18875 \
  -o/tmp/xcL6eNify --defsym=__MPLAB_BUILD=1 \
  -Mdist/default/debug/WeatherStation_g8.x.debug.map -E1 -ver=XC8 \
  --acfsm=1493 -ASTACK=02046h-023EFh -pstack=STACK -ACODE=00h-07FFhx4 \
  -ASTRCODE=00h-01FFFh -ASTRING=00h-0FFhx32 -ACONST=00h-0FFhx32 \
  -AENTRY=00h-0FFhx32 -ACOMMON=070h-07Fh -ABANK0=020h-06Fh \
  -ABANK1=0A0h-0EFh -ABANK2=0120h-016Fh -ABANK3=01A0h-01EFh \
  -ABANK4=0220h-026Fh -ABANK5=02A0h-02EFh -ABANK6=0320h-036Fh \
  -ABANK7=03A0h-03EFh -ABANK8=0420h-046Fh -ABANK9=04A0h-04EFh \
  -ABANK10=0520h-056Fh -ABANK11=05A0h-05EFh -ABANK12=0620h-064Fh \
  -ABIGRAM=02000h-023EFh \
  -ARAM=020h-06Fh,0A0h-0EFh,0120h-016Fh,01A0h-01EFh,0220h-026Fh,02A0h-02EFh,0320h-036Fh,03A0h-03EFh,0420h-046Fh,04A0h-04EFh,0520h-056Fh,05A0h-05EFh,0620h-064Fh \
  -AABS1=020h-07Fh,0A0h-0EFh,0120h-016Fh,01A0h-01EFh,0220h-026Fh,02A0h-02EFh,0320h-036Fh,03A0h-03EFh,0420h-046Fh,04A0h-04EFh,0520h-056Fh,05A0h-05EFh,0620h-064Fh \
  -ASFR0=00h-01Fh -ASFR1=080h-09Fh -ASFR2=0100h-011Fh -ASFR3=0180h-019Fh \
  -ASFR4=0200h-021Fh -ASFR5=0280h-029Fh -ASFR6=0300h-031Fh \
  -ASFR7=0380h-039Fh -ASFR8=0400h-041Fh -ASFR9=0480h-049Fh \
  -ASFR10=0500h-051Fh -ASFR11=0580h-059Fh -ASFR12=0600h-061Fh \
  -ASFR13=0680h-06EFh -ASFR14=0700h-076Fh -ASFR15=0780h-07EFh \
  -ASFR16=0800h-086Fh -ASFR17=0880h-08EFh -ASFR18=0900h-096Fh \
  -ASFR19=0980h-09EFh -ASFR20=0A00h-0A6Fh -ASFR21=0A80h-0AEFh \
  -ASFR22=0B00h-0B6Fh -ASFR23=0B80h-0BEFh -ASFR24=0C00h-0C6Fh \
  -ASFR25=0C80h-0CEFh -ASFR26=0D00h-0D6Fh -ASFR27=0D80h-0DEFh \
  -ASFR28=0E00h-0E6Fh -ASFR29=0E80h-0EEFh -ASFR30=0F00h-0F6Fh \
  -ASFR31=0F80h-0FEFh -preset_vec=00h,intentry=04h,init,end_init \
  -ppowerup=CODE -pcinit=CODE -pfunctab=ENTRY -ACONFIG=08007h-0800Bh \
  -pconfig=CONFIG -DCONFIG=2 -AIDLOC=08000h-08003h -pidloc=IDLOC -DIDLOC=2 \
  -AEEDATA=00h-0FFh/0F000h -peeprom_data=EEDATA -DEEDATA=2 -DCODE=2 \
  -DSTRCODE=2 -DSTRING=2 -DCONST=2 -DENTRY=2 -k /tmp/xcDZrQfS4.o \
  dist/default/debug/WeatherStation_g8.x.debug.o 

Object code version is 3.11

Machine type is 16F18875



                Name                               Link     Load   Length Selector   Space Scale
/tmp/xcDZrQfS4.o
                end_init                             43       43        2        8       0
                reset_vec                             0        0        2        0       0
                config                             8007     8007        5    1000E       0
dist/default/debug/WeatherStation_g8.x.debug.o
                cinit                                45       45       1D        8       0
                intentry                              4        4       3F        8       0
                text71                              F90      F90        F     1F20       0
                text70                              E91      E91        3     1D22       0
                text69                              F02      F02        9     1E04       0
                text68                              F9F      F9F        F     1F3E       0
                text67                              E8E      E8E        1     1D1C       0
                text66                              F4E      F4E        D     1E9C       0
                text65                              EA6      EA6        6     1D4C       0
                text64                              FDD      FDD       11     1FBA       0
                text63                              370      370       5C        8       0
                text62                              E8F      E8F        1     1D1E       0
                text61                              4C3      4C3       49        8       0
                text60                              77C      77C       17        8       0
                text59                              E90      E90        1     1D20       0
                text58                              F5B      F5B        D     1EB6       0
                text57                              EAC      EAC        6     1D58       0
                text55                              7D5      7D5       16        8       0
                text54                              FBD      FBD       10     1F7A       0
                text53                              E94      E94        3     1D28       0
                text52                              E9D      E9D        4     1D3A       0
                text51                              695      695       22        8       0
                text50                              553      553       43        8       0
                text49                              E97      E97        3     1D2E       0
                text48                              E9A      E9A        3     1D34       0
                text47                              F1E      F1E        C     1E3C       0
                text46                              711      711       1E        8       0
                text45                              6F3      6F3       1E        8       0
                text44                              645      645       2A        8       0
                text43                              F2A      F2A        C     1E54       0
                text42                              310      310       60        8       0
                text41                              424      424       54        8       0
                text40                              7EB      7EB       15        8       0
                text39                              6D5      6D5       1E        8       0
                text38                              749      749       1A        8       0
                text37                              F14      F14        A     1E28       0
                text36                              142      142       B5        8       0
                text35                              F82      F82        E     1F04       0
                text34                              3CC      3CC       58        8       0
                text33                              610      610       35        8       0
                text32                              EB2      EB2        6     1D64       0
                text31                              596      596       40        8       0
                text30                              FEE      FEE       12     1FDC       0
                text29                              FCD      FCD       10     1F9A       0
                text28                              72F      72F       1A        8       0
                text27                              478      478       4B        8       0
                text26                                2        2        2        0       0
                text25                              7BF      7BF       16        8       0
                text24                              EB8      EB8        6     1D70       0
                text23                              F68      F68        D     1ED0       0
                text22                              F0B      F0B        9     1E16       0
                text21                              50C      50C       47        8       0
                text20                              ECA      ECA        8     1D94       0
                text19                              F75      F75        D     1EEA       0
                text18                              6B7      6B7       1E        8       0
                text17                              EBE      EBE        6     1D7C       0
                text16                              7A9      7A9       16        8       0
                text15                              763      763       19        8       0
                text14                              F36      F36        C     1E6C       0
                text13                              295      295       7B        8       0
                text12                              66F      66F       26        8       0
                text11                              F42      F42        C     1E84       0
                text10                              ED2      ED2        8     1DA4       0
                text9                               EDA      EDA        8     1DB4       0
                text8                               EE2      EE2        8     1DC4       0
                text7                               EEA      EEA        8     1DD4       0
                text6                               EF2      EF2        8     1DE4       0
                text5                               EFA      EFA        8     1DF4       0
                text4                               FAE      FAE        F     1F5C       0
                text3                               5D6      5D6       3A        8       0
                text2                               1F7      1F7       9E        8       0
                text1                               793      793       16        8       0
                maintext                             62       62       E0        8       0
                cstackBANK0                          20       20       21       20       1
                cstackCOMMON                         70       70        8       70       1
                clrtext                             EC4      EC4        6     1D88       0
                dataBANK0                            61       61        5       20       1
                bssBANK0                             41       41       20       20       1
                bssCOMMON                            78       78        3       70       1
                idataBANK0                          EA1      EA1        5     1D42       0

TOTAL           Name                               Link     Load   Length     Space
        CLASS   STACK          

        CLASS   CODE           
                end_init                             43       43        2         0
                cinit                                45       45       1D         0
                intentry                              4        4       3F         0
                reset_vec                             0        0        2         0
                text71                              F90      F90        F         0
                text70                              E91      E91        3         0
                text69                              F02      F02        9         0
                text68                              F9F      F9F        F         0
                text67                              E8E      E8E        1         0
                text66                              F4E      F4E        D         0
                text65                              EA6      EA6        6         0
                text64                              FDD      FDD       11         0
                text63                              370      370       5C         0
                text62                              E8F      E8F        1         0
                text61                              4C3      4C3       49         0
                text60                              77C      77C       17         0
                text59                              E90      E90        1         0
                text58                              F5B      F5B        D         0
                text57                              EAC      EAC        6         0
                text55                              7D5      7D5       16         0
                text54                              FBD      FBD       10         0
                text53                              E94      E94        3         0
                text52                              E9D      E9D        4         0
                text51                              695      695       22         0
                text50                              553      553       43         0
                text49                              E97      E97        3         0
                text48                              E9A      E9A        3         0
                text47                              F1E      F1E        C         0
                text46                              711      711       1E         0
                text45                              6F3      6F3       1E         0
                text44                              645      645       2A         0
                text43                              F2A      F2A        C         0
                text42                              310      310       60         0
                text41                              424      424       54         0
                text40                              7EB      7EB       15         0
                text39                              6D5      6D5       1E         0
                text38                              749      749       1A         0
                text37                              F14      F14        A         0
                text36                              142      142       B5         0
                text35                              F82      F82        E         0
                text34                              3CC      3CC       58         0
                text33                              610      610       35         0
                text32                              EB2      EB2        6         0
                text31                              596      596       40         0
                text30                              FEE      FEE       12         0
                text29                              FCD      FCD       10         0
                text28                              72F      72F       1A         0
                text27                              478      478       4B         0
                text26                                2        2        2         0
                text25                              7BF      7BF       16         0
                text24                              EB8      EB8        6         0
                text23                              F68      F68        D         0
                text22                              F0B      F0B        9         0
                text21                              50C      50C       47         0
                text20                              ECA      ECA        8         0
                text19                              F75      F75        D         0
                text18                              6B7      6B7       1E         0
                text17                              EBE      EBE        6         0
                text16                              7A9      7A9       16         0
                text15                              763      763       19         0
                text14                              F36      F36        C         0
                text13                              295      295       7B         0
                text12                              66F      66F       26         0
                text11                              F42      F42        C         0
                text10                              ED2      ED2        8         0
                text9                               EDA      EDA        8         0
                text8                               EE2      EE2        8         0
                text7                               EEA      EEA        8         0
                text6                               EF2      EF2        8         0
                text5                               EFA      EFA        8         0
                text4                               FAE      FAE        F         0
                text3                               5D6      5D6       3A         0
                text2                               1F7      1F7       9E         0
                text1                               793      793       16         0
                maintext                             62       62       E0         0
                clrtext                             EC4      EC4        6         0
                idataBANK0                          EA1      EA1        5         0

        CLASS   STRCODE        

        CLASS   STRING         

        CLASS   CONST          

        CLASS   ENTRY          

        CLASS   COMMON         
                cstackCOMMON                         70       70        8         1
                bssCOMMON                            78       78        3         1

        CLASS   BANK0          
                cstackBANK0                          20       20       21         1
                dataBANK0                            61       61        5         1
                bssBANK0                             41       41       20         1

        CLASS   BANK1          

        CLASS   BANK2          

        CLASS   BANK3          

        CLASS   BANK4          

        CLASS   BANK5          

        CLASS   BANK6          

        CLASS   BANK7          

        CLASS   BANK8          

        CLASS   BANK9          

        CLASS   BANK10         

        CLASS   BANK11         

        CLASS   BANK12         

        CLASS   BIGRAM         

        CLASS   RAM            

        CLASS   ABS1           
                abs_s1                               7E       7E        2         1

        CLASS   SFR0           

        CLASS   SFR1           

        CLASS   SFR2           

        CLASS   SFR3           

        CLASS   SFR4           

        CLASS   SFR5           

        CLASS   SFR6           

        CLASS   SFR7           

        CLASS   SFR8           

        CLASS   SFR9           

        CLASS   SFR10          

        CLASS   SFR11          

        CLASS   SFR12          

        CLASS   SFR13          

        CLASS   SFR14          

        CLASS   SFR15          

        CLASS   SFR16          

        CLASS   SFR17          

        CLASS   SFR18          

        CLASS   SFR19          

        CLASS   SFR20          

        CLASS   SFR21          

        CLASS   SFR22          

        CLASS   SFR23          

        CLASS   SFR24          

        CLASS   SFR25          

        CLASS   SFR26          

        CLASS   SFR27          

        CLASS   SFR28          

        CLASS   SFR29          

        CLASS   SFR30          

        CLASS   SFR31          

        CLASS   CONFIG         
                config                             8007     8007        5         0

        CLASS   IDLOC          

        CLASS   EEDATA         

        CLASS   BANK31         

        CLASS   BANK30         

        CLASS   BANK29         

        CLASS   BANK28         

        CLASS   BANK27         

        CLASS   BANK26         

        CLASS   BANK25         

        CLASS   BANK24         

        CLASS   BANK23         

        CLASS   BANK22         

        CLASS   BANK21         

        CLASS   BANK20         

        CLASS   BANK19         

        CLASS   BANK18         

        CLASS   BANK17         

        CLASS   BANK16         

        CLASS   BANK15         

        CLASS   BANK14         

        CLASS   BANK13         



SEGMENTS        Name                           Load    Length   Top    Selector   Space  Class     Delta

                clrtext                        000EC4  000006  000ECA      1D88       0  CODE        2
                text9                          000EDA  000008  000EE2      1DB4       0  CODE        2
                text8                          000EE2  000008  000EEA      1DC4       0  CODE        2
                text20                         000ECA  000008  000ED2      1D94       0  CODE        2
                text10                         000ED2  000008  000EDA      1DA4       0  CODE        2
                text17                         000EBE  000006  000EC4      1D7C       0  CODE        2
                text32                         000EB2  000006  000EB8      1D64       0  CODE        2
                reset_vec                      000000  000004  000004         0       0  CODE        2
                text24                         000EB8  000006  000EBE      1D70       0  CODE        2
                text7                          000EEA  000008  000EF2      1DD4       0  CODE        2
                text5                          000EFA  000008  000F02      1DF4       0  CODE        2
                text6                          000EF2  000008  000EFA      1DE4       0  CODE        2
                text65                         000EA6  000006  000EAC      1D4C       0  CODE        2
                text52                         000E9D  000004  000EA1      1D3A       0  CODE        2
                idataBANK0                     000EA1  000005  000EA6      1D42       0  CODE        2
                text57                         000EAC  000006  000EB2      1D58       0  CODE        2
                text22                         000F0B  000009  000F14      1E16       0  CODE        2
                text43                         000F2A  00000C  000F36      1E54       0  CODE        2
                text47                         000F1E  00000C  000F2A      1E3C       0  CODE        2
                text37                         000F14  00000A  000F1E      1E28       0  CODE        2
                text69                         000F02  000009  000F0B      1E04       0  CODE        2
                text48                         000E9A  000003  000E9D      1D34       0  CODE        2
                text70                         000E91  000003  000E94      1D22       0  CODE        2
                text59                         000E90  000001  000E91      1D20       0  CODE        2
                text62                         000E8F  000001  000E90      1D1E       0  CODE        2
                text67                         000E8E  000001  000E8F      1D1C       0  CODE        2
                text49                         000E97  000003  000E9A      1D2E       0  CODE        2
                text53                         000E94  000003  000E97      1D28       0  CODE        2
                text14                         000F36  00000C  000F42      1E6C       0  CODE        2
                cstackBANK0                    000020  000046  000066        20       1  BANK0       1
                intentry                       000004  0007FC  000800         8       0  CODE        2
                cstackCOMMON                   000070  00000B  00007B        70       1  COMMON      1
                config                         008007  000005  00800C     1000E       0  CONFIG      2
                text23                         000F68  00000D  000F75      1ED0       0  CODE        2
                text19                         000F75  00000D  000F82      1EEA       0  CODE        2
                text35                         000F82  00000E  000F90      1F04       0  CODE        2
                text11                         000F42  00000C  000F4E      1E84       0  CODE        2
                text66                         000F4E  00000D  000F5B      1E9C       0  CODE        2
                text58                         000F5B  00000D  000F68      1EB6       0  CODE        2
                text71                         000F90  00000F  000F9F      1F20       0  CODE        2
                text29                         000FCD  000010  000FDD      1F9A       0  CODE        2
                text64                         000FDD  000011  000FEE      1FBA       0  CODE        2
                text30                         000FEE  000012  001000      1FDC       0  CODE        2
                text68                         000F9F  00000F  000FAE      1F3E       0  CODE        2
                text4                          000FAE  00000F  000FBD      1F5C       0  CODE        2
                text54                         000FBD  000010  000FCD      1F7A       0  CODE        2


UNUSED ADDRESS RANGES

        Name                Unused          Largest block    Delta
        BANK0            00066-0006F               A           1
        BANK1            000A0-000EF              50           1
        BANK10           00520-0056F              50           1
        BANK11           005A0-005EF              50           1
        BANK12           00620-0064F              30           1
        BANK2            00120-0016F              50           1
        BANK3            001A0-001EF              50           1
        BANK4            00220-0026F              50           1
        BANK5            002A0-002EF              50           1
        BANK6            00320-0036F              50           1
        BANK7            003A0-003EF              50           1
        BANK8            00420-0046F              50           1
        BANK9            004A0-004EF              50           1
        BIGRAM           02000-023EF             3F0           1
        CODE             00800-00E8D             68E           2
                         01000-01FFF             800
        COMMON           0007B-0007D               3           1
        CONST            00800-00E8D             100           2
                         01000-01FFF             100
        EEDATA           0F000-0F0FF             100           2
        ENTRY            00800-00E8D             100           2
                         01000-01FFF             100
        IDLOC            08000-08003               4           2
        RAM              00066-0006F               A           1
                         000A0-000EF              50
                         00120-0016F              50
                         001A0-001EF              50
                         00220-0026F              50
                         002A0-002EF              50
                         00320-0036F              50
                         003A0-003EF              50
                         00420-0046F              50
                         004A0-004EF              50
                         00520-0056F              50
                         005A0-005EF              50
                         00620-0064F              30
        SFR0             00000-0001F              20           1
        SFR1             00080-0009F              20           1
        SFR10            00500-0051F              20           1
        SFR11            00580-0059F              20           1
        SFR12            00600-0061F              20           1
        SFR13            00680-006EF              70           1
        SFR14            00700-0076F              70           1
        SFR15            00780-007EF              70           1
        SFR16            00800-0086F              70           1
        SFR17            00880-008EF              70           1
        SFR18            00900-0096F              70           1
        SFR19            00980-009EF              70           1
        SFR2             00100-0011F              20           1
        SFR20            00A00-00A6F              70           1
        SFR21            00A80-00AEF              70           1
        SFR22            00B00-00B6F              70           1
        SFR23            00B80-00BEF              70           1
        SFR24            00C00-00C6F              70           1
        SFR25            00C80-00CEF              70           1
        SFR26            00D00-00D6F              70           1
        SFR27            00D80-00DEF              70           1
        SFR28            00E00-00E6F              70           1
        SFR29            00E80-00EEF              70           1
        SFR3             00180-0019F              20           1
        SFR30            00F00-00F6F              70           1
        SFR31            00F80-00FEF              70           1
        SFR4             00200-0021F              20           1
        SFR5             00280-0029F              20           1
        SFR6             00300-0031F              20           1
        SFR7             00380-0039F              20           1
        SFR8             00400-0041F              20           1
        SFR9             00480-0049F              20           1
        STACK            02046-023EF             3AA           1
        STRCODE          00800-00E8D             68E           2
                         01000-01FFF            1000
        STRING           00800-00E8D             100           2
                         01000-01FFF             100

                                  Symbol Table

?_ADCC_GetSingleConversion                cstackCOMMON 00073
?___awdiv                                 cstackCOMMON 00073
?___awmod                                 cstackCOMMON 00073
?___wmul                                  cstackCOMMON 00073
ADCC_GetSingleConversion@channel          cstackCOMMON 00076
DATAEE_ReadByte@bAdd                      cstackCOMMON 00073
DATAEE_WriteByte@GIEBitValue              cstackCOMMON 00076
DATAEE_WriteByte@bAdd                     cstackCOMMON 00073
DATAEE_WriteByte@bData                    cstackCOMMON 00075
INT_SetInterruptHandler@InterruptHandler  cstackCOMMON 00073
Menu@mode                                 cstackBANK0  0002D
PWM6_LoadDutyValue@dutyValue              cstackCOMMON 00073
ShowOnLEDs@num                            cstackCOMMON 00074
TMR1_SetInterruptHandler@InterruptHandler cstackCOMMON 00073
TMR1_WriteTimer@timerVal                  cstackCOMMON 00070
TMR2_SetInterruptHandler@InterruptHandler cstackCOMMON 00073
Update@thr                                cstackCOMMON 00075
Update@var                                cstackCOMMON 00077
WriteI2C@data_out                         cstackCOMMON 00074
_ADACCH                                   (abs)        00091
_ADACCL                                   (abs)        00090
_ADACQ                                    (abs)        0009D
_ADACT                                    (abs)        00099
_ADCAP                                    (abs)        0009B
_ADCC_GetSingleConversion                 text30       00FEE
_ADCC_Initialize                          text25       007BF
_ADCLK                                    (abs)        00098
_ADCNT                                    (abs)        0010C
_ADCON0                                   (abs)        00093
_ADCON0bits                               (abs)        00093
_ADCON1                                   (abs)        00094
_ADCON1bits                               (abs)        00094
_ADCON2                                   (abs)        00095
_ADCON2bits                               (abs)        00095
_ADCON3                                   (abs)        00096
_ADCON3bits                               (abs)        00096
_ADERRH                                   (abs)        00117
_ADERRL                                   (abs)        00116
_ADFLTRH                                  (abs)        00115
_ADFLTRL                                  (abs)        00114
_ADLTHH                                   (abs)        0010F
_ADLTHL                                   (abs)        0010E
_ADPCH                                    (abs)        0009E
_ADPRE                                    (abs)        0009C
_ADPREVH                                  (abs)        0008F
_ADPREVL                                  (abs)        0008E
_ADREF                                    (abs)        0009A
_ADRESH                                   (abs)        0008D
_ADRESL                                   (abs)        0008C
_ADRPT                                    (abs)        0010D
_ADSTAT                                   (abs)        00097
_ADSTATbits                               (abs)        00097
_ADSTPTH                                  (abs)        00113
_ADSTPTL                                  (abs)        00112
_ADUTHH                                   (abs)        00111
_ADUTHL                                   (abs)        00110
_ALAF                                     bssBANK0     00059
_ALAL                                     dataBANK0    00061
_ALAT                                     dataBANK0    00062
_ANSELA                                   (abs)        00F38
_ANSELB                                   (abs)        00F43
_ANSELC                                   (abs)        00F4E
_ANSELD                                   (abs)        00F59
_ANSELE                                   (abs)        00F64
_Alarm                                    text50       00553
_Blink                                    text61       004C3
_CCPTMRS1bits                             (abs)        0021F
_CLKH                                     bssCOMMON    0007A
_CLKM                                     bssCOMMON    00079
_ClearAlarm                               text69       00F02
_DATAEE_ReadByte                          text11       00F42
_DATAEE_WriteByte                         text39       006D5
_EXT_INT_Initialize                       text23       00F68
_INLVLA                                   (abs)        00F3C
_INLVLB                                   (abs)        00F47
_INLVLC                                   (abs)        00F52
_INLVLD                                   (abs)        00F5D
_INLVLE                                   (abs)        00F68
_INTCONbits                               (abs)        0000B
_INTERRUPT_InterruptManager               intentry     00004
_INTPPS                                   (abs)        00E90
_INT_CallBack                             text66       00F4E
_INT_DefaultInterruptHandler              text67       00E8E
_INT_ISR                                  text65       00EA6
_INT_InterruptHandler                     bssBANK0     0004F
_INT_SetInterruptHandler                  text24       00EB8
_LATA                                     (abs)        00016
_LATAbits                                 (abs)        00016
_LATB                                     (abs)        00017
_LATBbits                                 (abs)        00017
_LATC                                     (abs)        00018
_LATD                                     (abs)        00019
_LATE                                     (abs)        0001A
_Menu                                     text33       00610
_Menus                                    text31       00596
_NREG                                     dataBANK0    00064
_NVMADRH                                  (abs)        0081B
_NVMADRL                                  (abs)        0081A
_NVMCON1bits                              (abs)        0081E
_NVMCON2                                  (abs)        0081F
_NVMDATH                                  (abs)        0081D
_NVMDATL                                  (abs)        0081C
_ODCONA                                   (abs)        00F3A
_ODCONB                                   (abs)        00F45
_ODCONC                                   (abs)        00F50
_ODCOND                                   (abs)        00F5B
_ODCONE                                   (abs)        00F66
_OSCCON1                                  (abs)        0088D
_OSCCON3                                  (abs)        0088F
_OSCEN                                    (abs)        00891
_OSCFRQ                                   (abs)        00893
_OSCILLATOR_Initialize                    text22       00F0B
_OSCTUNE                                  (abs)        00892
_PIE0bits                                 (abs)        00716
_PIE3bits                                 (abs)        00719
_PIE4bits                                 (abs)        0071A
_PIN_MANAGER_Initialize                   text21       0050C
_PIR0bits                                 (abs)        0070C
_PIR3bits                                 (abs)        0070F
_PIR4bits                                 (abs)        00710
_PMD0                                     (abs)        00796
_PMD1                                     (abs)        00797
_PMD2                                     (abs)        00798
_PMD3                                     (abs)        00799
_PMD4                                     (abs)        0079A
_PMD5                                     (abs)        0079B
_PMD_Initialize                           text20       00ECA
_PMON                                     dataBANK0    00065
_PORTBbits                                (abs)        0000D
_PORTCbits                                (abs)        0000E
_PPSLOCK                                  (abs)        00E8F
_PPSLOCKbits                              (abs)        00E8F
_PR2                                      (abs)        0028D
_PWM6CON                                  (abs)        0038E
_PWM6DCH                                  (abs)        0038D
_PWM6DCL                                  (abs)        0038C
_PWM6_Initialize                          text19       00F75
_PWM6_LoadDutyValue                       text55       007D5
_PWM_Output_D4_Disable                    text71       00F90
_PWM_Output_D4_Enable                     text54       00FBD
_RA6PPS                                   (abs)        00F16
_RC3PPS                                   (abs)        00F23
_RC4PPS                                   (abs)        00F24
_ReadI2C                                  text28       0072F
_ReadIllum                                text29       00FCD
_ReadTemp                                 text26       00002
_SLRCONA                                  (abs)        00F3B
_SLRCONB                                  (abs)        00F46
_SLRCONC                                  (abs)        00F51
_SLRCOND                                  (abs)        00F5C
_SLRCONE                                  (abs)        00F67
_SSP1ADD                                  (abs)        0018D
_SSP1BUF                                  (abs)        0018C
_SSP1CLKPPS                               (abs)        00EC5
_SSP1CON1                                 (abs)        00190
_SSP1CON1bits                             (abs)        00190
_SSP1CON2                                 (abs)        00191
_SSP1CON2bits                             (abs)        00191
_SSP1DATPPS                               (abs)        00EC6
_SSP1MSK                                  (abs)        0018E
_SSP1STAT                                 (abs)        0018F
_SSP1STATbits                             (abs)        0018F
_SYSTEM_Initialize                        text15       00763
_ShowOnLEDs                               text47       00F1E
_Switch1                                  text68       00F9F
_T1CLK                                    (abs)        00211
_T1CON                                    (abs)        0020E
_T1CONbits                                (abs)        0020E
_T1GATE                                   (abs)        00210
_T1GCON                                   (abs)        0020F
_T1GCONbits                               (abs)        0020F
_T2CLKCON                                 (abs)        00290
_T2CON                                    (abs)        0028E
_T2CONbits                                (abs)        0028E
_T2HLT                                    (abs)        0028F
_T2HLTbits                                (abs)        0028F
_T2PR                                     (abs)        0028D
_T2RST                                    (abs)        00291
_T2RSTbits                                (abs)        00291
_T2TMR                                    (abs)        0028C
_TALA                                     dataBANK0    00063
_TMR1H                                    (abs)        0020D
_TMR1L                                    (abs)        0020C
_TMR1_DefaultInterruptHandler             text62       00E8F
_TMR1_ISR                                 text60       0077C
_TMR1_Initialize                          text18       006B7
_TMR1_InterruptHandler                    bssBANK0     00051
_TMR1_SetInterruptHandler                 text32       00EB2
_TMR1_StartTimer                          text49       00E97
_TMR1_StopTimer                           text48       00E9A
_TMR1_WriteTimer                          text64       00FDD
_TMR2                                     (abs)        0028C
_TMR2_CallBack                            text58       00F5B
_TMR2_DefaultInterruptHandler             text59       00E90
_TMR2_ISR                                 text57       00EAC
_TMR2_Initialize                          text16       007A9
_TMR2_InterruptHandler                    bssBANK0     00049
_TMR2_SetInterruptHandler                 text17       00EBE
_TMR2_Start                               text53       00E94
_TMR2_StartTimer                          text52       00E9D
_TMR2_Stop                                text70       00E91
_TRISA                                    (abs)        00011
_TRISB                                    (abs)        00012
_TRISC                                    (abs)        00013
_TRISCbits                                (abs)        00013
_TRISD                                    (abs)        00014
_TRISE                                    (abs)        00015
_Timer                                    text63       00370
_Update                                   text44       00645
_WPUA                                     (abs)        00F39
_WPUB                                     (abs)        00F44
_WPUC                                     (abs)        00F4F
_WPUC3                                    (abs)        07A7B
_WPUC4                                    (abs)        07A7C
_WPUD                                     (abs)        00F5A
_WPUE                                     (abs)        00F65
_WriteI2C                                 text27       00478
__CFG_BOREN$ON                            (abs)        00000
__CFG_BORV$LO                             (abs)        00000
__CFG_CLKOUTEN$OFF                        (abs)        00000
__CFG_CP$OFF                              (abs)        00000
__CFG_CPD$OFF                             (abs)        00000
__CFG_CSWEN$ON                            (abs)        00000
__CFG_DEBUG$OFF                           (abs)        00000
__CFG_FCMEN$ON                            (abs)        00000
__CFG_FEXTOSC$OFF                         (abs)        00000
__CFG_LPBOREN$OFF                         (abs)        00000
__CFG_LVP$ON                              (abs)        00000
__CFG_MCLRE$ON                            (abs)        00000
__CFG_PPS1WAY$OFF                         (abs)        00000
__CFG_PWRTE$OFF                           (abs)        00000
__CFG_RSTOSC$HFINT1                       (abs)        00000
__CFG_SCANE$available                     (abs)        00000
__CFG_STVREN$ON                           (abs)        00000
__CFG_WDTCCS$SC                           (abs)        00000
__CFG_WDTCPS$WDTCPS_31                    (abs)        00000
__CFG_WDTCWS$WDTCWS_7                     (abs)        00000
__CFG_WDTE$OFF                            (abs)        00000
__CFG_WRT$OFF                             (abs)        00000
__CFG_ZCD$OFF                             (abs)        00000
__Habs1                                   abs1         00000
__Hbank0                                  bank0        00000
__Hbank1                                  bank1        00000
__Hbank10                                 bank10       00000
__Hbank11                                 bank11       00000
__Hbank12                                 bank12       00000
__Hbank13                                 bank13       00000
__Hbank14                                 bank14       00000
__Hbank15                                 bank15       00000
__Hbank16                                 bank16       00000
__Hbank17                                 bank17       00000
__Hbank18                                 bank18       00000
__Hbank19                                 bank19       00000
__Hbank2                                  bank2        00000
__Hbank20                                 bank20       00000
__Hbank21                                 bank21       00000
__Hbank22                                 bank22       00000
__Hbank23                                 bank23       00000
__Hbank24                                 bank24       00000
__Hbank25                                 bank25       00000
__Hbank26                                 bank26       00000
__Hbank27                                 bank27       00000
__Hbank28                                 bank28       00000
__Hbank29                                 bank29       00000
__Hbank3                                  bank3        00000
__Hbank30                                 bank30       00000
__Hbank31                                 bank31       00000
__Hbank4                                  bank4        00000
__Hbank5                                  bank5        00000
__Hbank6                                  bank6        00000
__Hbank7                                  bank7        00000
__Hbank8                                  bank8        00000
__Hbank9                                  bank9        00000
__Hbigram                                 bigram       00000
__HbssBANK0                               bssBANK0     00000
__HbssCOMMON                              bssCOMMON    00000
__Hcinit                                  cinit        00062
__Hclrtext                                clrtext      00000
__Hcode                                   code         00000
__Hcommon                                 common       00000
__Hconfig                                 config       0800C
__HcstackBANK0                            cstackBANK0  00000
__HcstackCOMMON                           cstackCOMMON 00000
__HdataBANK0                              dataBANK0    00000
__Heeprom_data                            eeprom_data  00000
__Hend_init                               end_init     00045
__Hfunctab                                functab      00000
__HidataBANK0                             idataBANK0   00000
__Hidloc                                  idloc        00000
__Hinit                                   init         00043
__Hintentry                               intentry     00043
__Hmaintext                               maintext     00000
__Hpowerup                                powerup      00000
__Hram                                    ram          00000
__Hreset_vec                              reset_vec    00002
__Hsfr0                                   sfr0         00000
__Hsfr1                                   sfr1         00000
__Hsfr10                                  sfr10        00000
__Hsfr11                                  sfr11        00000
__Hsfr12                                  sfr12        00000
__Hsfr13                                  sfr13        00000
__Hsfr14                                  sfr14        00000
__Hsfr15                                  sfr15        00000
__Hsfr16                                  sfr16        00000
__Hsfr17                                  sfr17        00000
__Hsfr18                                  sfr18        00000
__Hsfr19                                  sfr19        00000
__Hsfr2                                   sfr2         00000
__Hsfr20                                  sfr20        00000
__Hsfr21                                  sfr21        00000
__Hsfr22                                  sfr22        00000
__Hsfr23                                  sfr23        00000
__Hsfr24                                  sfr24        00000
__Hsfr25                                  sfr25        00000
__Hsfr26                                  sfr26        00000
__Hsfr27                                  sfr27        00000
__Hsfr28                                  sfr28        00000
__Hsfr29                                  sfr29        00000
__Hsfr3                                   sfr3         00000
__Hsfr30                                  sfr30        00000
__Hsfr31                                  sfr31        00000
__Hsfr4                                   sfr4         00000
__Hsfr5                                   sfr5         00000
__Hsfr6                                   sfr6         00000
__Hsfr7                                   sfr7         00000
__Hsfr8                                   sfr8         00000
__Hsfr9                                   sfr9         00000
__Hspace_0                                (abs)        0800C
__Hspace_1                                (abs)        0007B
__Hspace_2                                (abs)        00000
__Hspace_3                                (abs)        00000
__Hstack                                  stack        00000
__Hstrings                                strings      00000
__Htext                                   text         00000
__Labs1                                   abs1         00000
__Lbank0                                  bank0        00000
__Lbank1                                  bank1        00000
__Lbank10                                 bank10       00000
__Lbank11                                 bank11       00000
__Lbank12                                 bank12       00000
__Lbank13                                 bank13       00000
__Lbank14                                 bank14       00000
__Lbank15                                 bank15       00000
__Lbank16                                 bank16       00000
__Lbank17                                 bank17       00000
__Lbank18                                 bank18       00000
__Lbank19                                 bank19       00000
__Lbank2                                  bank2        00000
__Lbank20                                 bank20       00000
__Lbank21                                 bank21       00000
__Lbank22                                 bank22       00000
__Lbank23                                 bank23       00000
__Lbank24                                 bank24       00000
__Lbank25                                 bank25       00000
__Lbank26                                 bank26       00000
__Lbank27                                 bank27       00000
__Lbank28                                 bank28       00000
__Lbank29                                 bank29       00000
__Lbank3                                  bank3        00000
__Lbank30                                 bank30       00000
__Lbank31                                 bank31       00000
__Lbank4                                  bank4        00000
__Lbank5                                  bank5        00000
__Lbank6                                  bank6        00000
__Lbank7                                  bank7        00000
__Lbank8                                  bank8        00000
__Lbank9                                  bank9        00000
__Lbigram                                 bigram       00000
__LbssBANK0                               bssBANK0     00000
__LbssCOMMON                              bssCOMMON    00000
__Lcinit                                  cinit        00045
__Lclrtext                                clrtext      00000
__Lcode                                   code         00000
__Lcommon                                 common       00000
__Lconfig                                 config       08007
__LcstackBANK0                            cstackBANK0  00000
__LcstackCOMMON                           cstackCOMMON 00000
__LdataBANK0                              dataBANK0    00000
__Leeprom_data                            eeprom_data  00000
__Lend_init                               end_init     00043
__Lfunctab                                functab      00000
__LidataBANK0                             idataBANK0   00000
__Lidloc                                  idloc        00000
__Linit                                   init         00043
__Lintentry                               intentry     00004
__Lmaintext                               maintext     00000
__Lpowerup                                powerup      00000
__Lram                                    ram          00000
__Lreset_vec                              reset_vec    00000
__Lsfr0                                   sfr0         00000
__Lsfr1                                   sfr1         00000
__Lsfr10                                  sfr10        00000
__Lsfr11                                  sfr11        00000
__Lsfr12                                  sfr12        00000
__Lsfr13                                  sfr13        00000
__Lsfr14                                  sfr14        00000
__Lsfr15                                  sfr15        00000
__Lsfr16                                  sfr16        00000
__Lsfr17                                  sfr17        00000
__Lsfr18                                  sfr18        00000
__Lsfr19                                  sfr19        00000
__Lsfr2                                   sfr2         00000
__Lsfr20                                  sfr20        00000
__Lsfr21                                  sfr21        00000
__Lsfr22                                  sfr22        00000
__Lsfr23                                  sfr23        00000
__Lsfr24                                  sfr24        00000
__Lsfr25                                  sfr25        00000
__Lsfr26                                  sfr26        00000
__Lsfr27                                  sfr27        00000
__Lsfr28                                  sfr28        00000
__Lsfr29                                  sfr29        00000
__Lsfr3                                   sfr3         00000
__Lsfr30                                  sfr30        00000
__Lsfr31                                  sfr31        00000
__Lsfr4                                   sfr4         00000
__Lsfr5                                   sfr5         00000
__Lsfr6                                   sfr6         00000
__Lsfr7                                   sfr7         00000
__Lsfr8                                   sfr8         00000
__Lsfr9                                   sfr9         00000
__Lspace_0                                (abs)        00000
__Lspace_1                                (abs)        00000
__Lspace_2                                (abs)        00000
__Lspace_3                                (abs)        00000
__Lstack                                  stack        00000
__Lstrings                                strings      00000
__Ltext                                   text         00000
__S0                                      (abs)        0800C
__S1                                      (abs)        0007B
__S2                                      (abs)        00000
__S3                                      (abs)        00000
___awdiv                                  text42       00310
___awdiv@counter                          cstackBANK0  00020
___awdiv@dividend                         cstackCOMMON 00075
___awdiv@divisor                          cstackCOMMON 00073
___awdiv@quotient                         cstackBANK0  00022
___awdiv@sign                             cstackBANK0  00021
___awmod                                  text41       00424
___awmod@counter                          cstackBANK0  00020
___awmod@dividend                         cstackCOMMON 00075
___awmod@divisor                          cstackCOMMON 00073
___awmod@sign                             cstackBANK0  00021
___bmul                                   text40       007EB
___bmul@multiplicand                      cstackCOMMON 00073
___bmul@multiplier                        cstackCOMMON 00076
___bmul@product                           cstackCOMMON 00075
___int_sp                                 stack        00000
___latbits                                (abs)        00002
___sp                                     stack        00000
___stackhi                                (abs)        023EF
___stacklo                                (abs)        02046
___wmul                                   text51       00695
___wmul@multiplicand                      cstackCOMMON 00075
___wmul@multiplier                        cstackCOMMON 00073
___wmul@product                           cstackBANK0  00020
__end_of_ADCC_GetSingleConversion         text30       01000
__end_of_ADCC_Initialize                  text25       007D5
__end_of_Alarm                            text50       00596
__end_of_Blink                            text61       0050C
__end_of_ClearAlarm                       text69       00F0B
__end_of_DATAEE_ReadByte                  text11       00F4E
__end_of_DATAEE_WriteByte                 text39       006F3
__end_of_EXT_INT_Initialize               text23       00F75
__end_of_INTERRUPT_InterruptManager       intentry     00043
__end_of_INT_CallBack                     text66       00F5B
__end_of_INT_DefaultInterruptHandler      text67       00E8F
__end_of_INT_ISR                          text65       00EAC
__end_of_INT_SetInterruptHandler          text24       00EBE
__end_of_Menu                             text33       00645
__end_of_Menus                            text31       005D6
__end_of_OSCILLATOR_Initialize            text22       00F14
__end_of_PIN_MANAGER_Initialize           text21       00553
__end_of_PMD_Initialize                   text20       00ED2
__end_of_PWM6_Initialize                  text19       00F82
__end_of_PWM6_LoadDutyValue               text55       007EB
__end_of_PWM_Output_D4_Disable            text71       00F9F
__end_of_PWM_Output_D4_Enable             text54       00FCD
__end_of_ReadI2C                          text28       00749
__end_of_ReadIllum                        text29       00FDD
__end_of_ReadTemp                         text26       00004
__end_of_SYSTEM_Initialize                text15       0077C
__end_of_ShowOnLEDs                       text47       00F2A
__end_of_Switch1                          text68       00FAE
__end_of_TMR1_DefaultInterruptHandler     text62       00E90
__end_of_TMR1_ISR                         text60       00793
__end_of_TMR1_Initialize                  text18       006D5
__end_of_TMR1_SetInterruptHandler         text32       00EB8
__end_of_TMR1_StartTimer                  text49       00E9A
__end_of_TMR1_StopTimer                   text48       00E9D
__end_of_TMR1_WriteTimer                  text64       00FEE
__end_of_TMR2_CallBack                    text58       00F68
__end_of_TMR2_DefaultInterruptHandler     text59       00E91
__end_of_TMR2_ISR                         text57       00EB2
__end_of_TMR2_Initialize                  text16       007BF
__end_of_TMR2_SetInterruptHandler         text17       00EC4
__end_of_TMR2_Start                       text53       00E97
__end_of_TMR2_StartTimer                  text52       00EA1
__end_of_TMR2_Stop                        text70       00E94
__end_of_Timer                            text63       003CC
__end_of_Update                           text44       0066F
__end_of_WriteI2C                         text27       004C3
__end_of___awdiv                          text42       00370
__end_of___awmod                          text41       00478
__end_of___bmul                           text40       00800
__end_of___wmul                           text51       006B7
__end_of__initialization                  cinit        0005E
__end_of_checkButtonS1                    text46       0072F
__end_of_checkButtonS2                    text45       00711
__end_of_eeprom_clk_update                text38       00763
__end_of_eeprom_default_setup             text12       00695
__end_of_eeprom_setup                     text13       00310
__end_of_i2c1_driver_open                 text14       00F42
__end_of_load_eeprom                      text3        00610
__end_of_main                             maintext     00142
__end_of_read_alaf                        text10       00EDA
__end_of_read_alal                        text9        00EE2
__end_of_read_alat                        text8        00EEA
__end_of_read_nreg                        text7        00EF2
__end_of_read_pmon                        text6        00EFA
__end_of_read_tala                        text5        00F02
__end_of_ring_buffer                      text1        007A9
__end_of_ring_buffer_write                text2        00295
__end_of_submenu_alarm                    text43       00F36
__end_of_submenu_clock                    text36       001F7
__end_of_submenu_illum                    text35       00F90
__end_of_submenu_temp                     text34       00424
__end_of_update_clk                       text37       00F1E
__end_of_used                             text4        00FBD
__initialization                          cinit        00045
__pbssBANK0                               bssBANK0     00041
__pbssCOMMON                              bssCOMMON    00078
__pcstackBANK0                            cstackBANK0  00020
__pcstackCOMMON                           cstackCOMMON 00070
__pdataBANK0                              dataBANK0    00061
__pidataBANK0                             idataBANK0   00EA1
__pintentry                               intentry     00004
__pmaintext                               maintext     00062
__ptext1                                  text1        00793
__ptext10                                 text10       00ED2
__ptext11                                 text11       00F42
__ptext12                                 text12       0066F
__ptext13                                 text13       00295
__ptext14                                 text14       00F36
__ptext15                                 text15       00763
__ptext16                                 text16       007A9
__ptext17                                 text17       00EBE
__ptext18                                 text18       006B7
__ptext19                                 text19       00F75
__ptext2                                  text2        001F7
__ptext20                                 text20       00ECA
__ptext21                                 text21       0050C
__ptext22                                 text22       00F0B
__ptext23                                 text23       00F68
__ptext24                                 text24       00EB8
__ptext25                                 text25       007BF
__ptext26                                 text26       00002
__ptext27                                 text27       00478
__ptext28                                 text28       0072F
__ptext29                                 text29       00FCD
__ptext3                                  text3        005D6
__ptext30                                 text30       00FEE
__ptext31                                 text31       00596
__ptext32                                 text32       00EB2
__ptext33                                 text33       00610
__ptext34                                 text34       003CC
__ptext35                                 text35       00F82
__ptext36                                 text36       00142
__ptext37                                 text37       00F14
__ptext38                                 text38       00749
__ptext39                                 text39       006D5
__ptext4                                  text4        00FAE
__ptext40                                 text40       007EB
__ptext41                                 text41       00424
__ptext42                                 text42       00310
__ptext43                                 text43       00F2A
__ptext44                                 text44       00645
__ptext45                                 text45       006F3
__ptext46                                 text46       00711
__ptext47                                 text47       00F1E
__ptext48                                 text48       00E9A
__ptext49                                 text49       00E97
__ptext5                                  text5        00EFA
__ptext50                                 text50       00553
__ptext51                                 text51       00695
__ptext52                                 text52       00E9D
__ptext53                                 text53       00E94
__ptext54                                 text54       00FBD
__ptext55                                 text55       007D5
__ptext57                                 text57       00EAC
__ptext58                                 text58       00F5B
__ptext59                                 text59       00E90
__ptext6                                  text6        00EF2
__ptext60                                 text60       0077C
__ptext61                                 text61       004C3
__ptext62                                 text62       00E8F
__ptext63                                 text63       00370
__ptext64                                 text64       00FDD
__ptext65                                 text65       00EA6
__ptext66                                 text66       00F4E
__ptext67                                 text67       00E8E
__ptext68                                 text68       00F9F
__ptext69                                 text69       00F02
__ptext7                                  text7        00EEA
__ptext70                                 text70       00E91
__ptext71                                 text71       00F90
__ptext8                                  text8        00EE2
__ptext9                                  text9        00EDA
__size_of_ADCC_GetSingleConversion        (abs)        00000
__size_of_ADCC_Initialize                 (abs)        00000
__size_of_Alarm                           (abs)        00000
__size_of_Blink                           (abs)        00000
__size_of_ClearAlarm                      (abs)        00000
__size_of_DATAEE_ReadByte                 (abs)        00000
__size_of_DATAEE_WriteByte                (abs)        00000
__size_of_EXT_INT_Initialize              (abs)        00000
__size_of_INTERRUPT_InterruptManager      (abs)        00000
__size_of_INT_CallBack                    (abs)        00000
__size_of_INT_DefaultInterruptHandler     (abs)        00000
__size_of_INT_ISR                         (abs)        00000
__size_of_INT_SetInterruptHandler         (abs)        00000
__size_of_Menu                            (abs)        00000
__size_of_Menus                           (abs)        00000
__size_of_OSCILLATOR_Initialize           (abs)        00000
__size_of_PIN_MANAGER_Initialize          (abs)        00000
__size_of_PMD_Initialize                  (abs)        00000
__size_of_PWM6_Initialize                 (abs)        00000
__size_of_PWM6_LoadDutyValue              (abs)        00000
__size_of_PWM_Output_D4_Disable           (abs)        00000
__size_of_PWM_Output_D4_Enable            (abs)        00000
__size_of_ReadI2C                         (abs)        00000
__size_of_ReadIllum                       (abs)        00000
__size_of_ReadTemp                        (abs)        00000
__size_of_SYSTEM_Initialize               (abs)        00000
__size_of_ShowOnLEDs                      (abs)        00000
__size_of_Switch1                         (abs)        00000
__size_of_TMR1_DefaultInterruptHandler    (abs)        00000
__size_of_TMR1_ISR                        (abs)        00000
__size_of_TMR1_Initialize                 (abs)        00000
__size_of_TMR1_SetInterruptHandler        (abs)        00000
__size_of_TMR1_StartTimer                 (abs)        00000
__size_of_TMR1_StopTimer                  (abs)        00000
__size_of_TMR1_WriteTimer                 (abs)        00000
__size_of_TMR2_CallBack                   (abs)        00000
__size_of_TMR2_DefaultInterruptHandler    (abs)        00000
__size_of_TMR2_ISR                        (abs)        00000
__size_of_TMR2_Initialize                 (abs)        00000
__size_of_TMR2_SetInterruptHandler        (abs)        00000
__size_of_TMR2_Start                      (abs)        00000
__size_of_TMR2_StartTimer                 (abs)        00000
__size_of_TMR2_Stop                       (abs)        00000
__size_of_Timer                           (abs)        00000
__size_of_Update                          (abs)        00000
__size_of_WriteI2C                        (abs)        00000
__size_of___awdiv                         (abs)        00000
__size_of___awmod                         (abs)        00000
__size_of___bmul                          (abs)        00000
__size_of___wmul                          (abs)        00000
__size_of_checkButtonS1                   (abs)        00000
__size_of_checkButtonS2                   (abs)        00000
__size_of_eeprom_clk_update               (abs)        00000
__size_of_eeprom_default_setup            (abs)        00000
__size_of_eeprom_setup                    (abs)        00000
__size_of_i2c1_driver_open                (abs)        00000
__size_of_load_eeprom                     (abs)        00000
__size_of_main                            (abs)        00000
__size_of_read_alaf                       (abs)        00000
__size_of_read_alal                       (abs)        00000
__size_of_read_alat                       (abs)        00000
__size_of_read_nreg                       (abs)        00000
__size_of_read_pmon                       (abs)        00000
__size_of_read_tala                       (abs)        00000
__size_of_ring_buffer                     (abs)        00000
__size_of_ring_buffer_write               (abs)        00000
__size_of_submenu_alarm                   (abs)        00000
__size_of_submenu_clock                   (abs)        00000
__size_of_submenu_illum                   (abs)        00000
__size_of_submenu_temp                    (abs)        00000
__size_of_update_clk                      (abs)        00000
__size_of_used                            (abs)        00000
_alarm                                    bssBANK0     00056
_btn1State                                bssBANK0     00060
_btn2State                                bssBANK0     0005F
_checkButtonS1                            text46       00711
_checkButtonS2                            text45       006F3
_eeprom_clk_update                        text38       00749
_eeprom_default_setup                     text12       0066F
_eeprom_setup                             text13       00295
_flag_timer                               bssBANK0     0005A
_i2c1_driver_busCollisionISR              bssBANK0     0004D
_i2c1_driver_i2cISR                       bssBANK0     0004B
_i2c1_driver_open                         text14       00F36
_illum                                    bssBANK0     00057
_initial_time                             bssBANK0     00045
_load_eeprom                              text3        005D6
_main                                     maintext     00062
_mode                                     bssBANK0     0005E
_read_alaf                                text10       00ED2
_read_alal                                text9        00EDA
_read_alat                                text8        00EE2
_read_nreg                                text7        00EEA
_read_pmon                                text6        00EF2
_read_tala                                text5        00EFA
_ring_buffer                              text1        00793
_ring_buffer_write                        text2        001F7
_s1flag                                   bssBANK0     0005D
_s2flag                                   bssBANK0     0005C
_seconds                                  bssCOMMON    00078
_submenu_alarm                            text43       00F2A
_submenu_clock                            text36       00142
_submenu_illum                            text35       00F82
_submenu_temp                             text34       003CC
_switch1                                  bssBANK0     0005B
_temp                                     bssBANK0     00058
_timer                                    bssBANK0     00047
_timer1                                   bssBANK0     00055
_timer1ReloadVal                          bssBANK0     00053
_update_clk                               text37       00F14
_used                                     text4        00FAE
btemp                                     (abs)        0007E
clear_ram0                                clrtext      00EC4
eeprom_clk_update@clkh                    cstackBANK0  00021
eeprom_clk_update@clkm                    cstackCOMMON 00077
eeprom_setup@alaf                         cstackBANK0  00025
eeprom_setup@alal                         cstackBANK0  00024
eeprom_setup@alat                         cstackBANK0  00023
eeprom_setup@clkh                         cstackBANK0  00026
eeprom_setup@clkm                         cstackBANK0  00027
eeprom_setup@nreg                         cstackBANK0  00020
eeprom_setup@pmon                         cstackBANK0  00021
eeprom_setup@reset_buffer                 cstackBANK0  00028
eeprom_setup@tala                         cstackBANK0  00022
end_of_initialization                     cinit        0005E
int$flags                                 (abs)        0007E
intlevel0                                 functab      00000
intlevel1                                 functab      00000
intlevel2                                 functab      00000
intlevel3                                 functab      00000
intlevel4                                 functab      00000
intlevel5                                 functab      00000
reset_vec                                 reset_vec    00000
ring_buffer_write@L                       cstackBANK0  00023
ring_buffer_write@T                       cstackBANK0  00022
ring_buffer_write@h                       cstackBANK0  00026
ring_buffer_write@m                       cstackBANK0  00020
ring_buffer_write@ring_pos                cstackBANK0  00027
ring_buffer_write@s                       cstackBANK0  00021
start                                     init         00043
start_initialization                      cinit        00045
submenu_clock@hours_tens                  cstackBANK0  00029
submenu_clock@hours_units                 cstackBANK0  0002A
submenu_clock@minutes_tens                cstackBANK0  00027
submenu_clock@minutes_units               cstackBANK0  00028
submenu_temp@temperature_tens             cstackBANK0  00028
submenu_temp@temperature_units            cstackBANK0  00027
wtemp0                                    (abs)        0007E


FUNCTION INFORMATION:

 *************** function _main *****************
 Defined at:
		line 148 in file "main.c"
 Parameters:    Size  Location     Type
		None
 Auto vars:     Size  Location     Type
		None
 Return value:  Size  Location     Type
                  1    wreg      void 
 Registers used:
		wreg, fsr0l, fsr0h, status,2, status,0, pclath, cstack
 Tracked objects:
		On entry : 
		On exit  : 
		Unchanged: 
 Data sizes:     COMMON   BANK0   BANK1   BANK2   BANK3   BANK4   BANK5   BANK6   BANK7   BANK8   BANK9  BANK10  BANK11  BANK12
      Params:         0       0       0       0       0       0       0       0       0       0       0       0       0       0
      Locals:         0       0       0       0       0       0       0       0       0       0       0       0       0       0
      Temps:          0      15       0       0       0       0       0       0       0       0       0       0       0       0
      Totals:         0      15       0       0       0       0       0       0       0       0       0       0       0       0
Total ram usage:       15 bytes
 Hardware stack levels required when called:   12
 This function calls:
		_Alarm
		_INT_SetInterruptHandler
		_Menus
		_PWM6_LoadDutyValue
		_ReadIllum
		_ReadTemp
		_SYSTEM_Initialize
		_TMR1_SetInterruptHandler
		___wmul
		_i2c1_driver_open
		_load_eeprom
		_ring_buffer
		_update_clk
 This function is called by:
		Startup code after reset
 This function uses a non-reentrant model


 *************** function _ring_buffer *****************
 Defined at:
		line 121 in file "utils.c"
 Parameters:    Size  Location     Type
		None
 Auto vars:     Size  Location     Type
		None
 Return value:  Size  Location     Type
                  1    wreg      _Bool 
 Registers used:
		wreg, status,2, status,0, pclath, cstack
 Tracked objects:
		On entry : 
		On exit  : 
		Unchanged: 
 Data sizes:     COMMON   BANK0   BANK1   BANK2   BANK3   BANK4   BANK5   BANK6   BANK7   BANK8   BANK9  BANK10  BANK11  BANK12
      Params:         0       0       0       0       0       0       0       0       0       0       0       0       0       0
      Locals:         0       0       0       0       0       0       0       0       0       0       0       0       0       0
      Temps:          0       4       0       0       0       0       0       0       0       0       0       0       0       0
      Totals:         0       4       0       0       0       0       0       0       0       0       0       0       0       0
Total ram usage:        4 bytes
 Hardware stack levels used:    1
 Hardware stack levels required when called:    8
 This function calls:
		_ring_buffer_write
 This function is called by:
		_main
 This function uses a non-reentrant model


 *************** function _ring_buffer_write *****************
 Defined at:
		line 89 in file "eeprom.c"
 Parameters:    Size  Location     Type
  h               1    wreg     unsigned char 
  m               1    0[BANK0 ] unsigned char 
  s               1    1[BANK0 ] unsigned char 
  T               1    2[BANK0 ] unsigned char 
  L               1    3[BANK0 ] unsigned char 
 Auto vars:     Size  Location     Type
  h               1    6[BANK0 ] unsigned char 
  ring_pos        2    7[BANK0 ] unsigned short 
 Return value:  Size  Location     Type
                  1    wreg      _Bool 
 Registers used:
		wreg, status,2, status,0, pclath, cstack
 Tracked objects:
		On entry : 
		On exit  : 
		Unchanged: 
 Data sizes:     COMMON   BANK0   BANK1   BANK2   BANK3   BANK4   BANK5   BANK6   BANK7   BANK8   BANK9  BANK10  BANK11  BANK12
      Params:         0       4       0       0       0       0       0       0       0       0       0       0       0       0
      Locals:         0       3       0       0       0       0       0       0       0       0       0       0       0       0
      Temps:          0       2       0       0       0       0       0       0       0       0       0       0       0       0
      Totals:         0       9       0       0       0       0       0       0       0       0       0       0       0       0
Total ram usage:        9 bytes
 Hardware stack levels used:    1
 Hardware stack levels required when called:    7
 This function calls:
		_DATAEE_ReadByte
		_DATAEE_WriteByte
 This function is called by:
		_ring_buffer
 This function uses a non-reentrant model


 *************** function _load_eeprom *****************
 Defined at:
		line 96 in file "utils.c"
 Parameters:    Size  Location     Type
		None
 Auto vars:     Size  Location     Type
		None
 Return value:  Size  Location     Type
                  1    wreg      void 
 Registers used:
[...]
      Params:         0       0       0       0       0       0       0       0       0       0       0       0       0       0
      Locals:         0       0       0       0       0       0       0       0       0       0       0       0       0       0
      Temps:          0       0       0       0       0       0       0       0       0       0       0       0       0       0
      Totals:         0       0       0       0       0       0       0       0       0       0       0       0       0       0
Total ram usage:        0 bytes
 Hardware stack levels used:    1
 Hardware stack levels required when called:    1
 This function calls:
		Absolute function
		_Blink
		_TMR1_DefaultInterruptHandler
		_TMR1_WriteTimer
		_Timer
 This function is called by:
		_INTERRUPT_InterruptManager
 This function uses a non-reentrant model


 *************** function _Blink *****************
 Defined at:
		line 110 in file "menus.c"
 Parameters:    Size  Location     Type
		None
 Auto vars:     Size  Location     Type
		None
 Return value:  Size  Location     Type
                  1    wreg      void 
 Registers used:
		wreg, fsr0l, fsr0h, status,2, status,0
 Tracked objects:
		On entry : 
		On exit  : 
		Unchanged: 
 Data sizes:     COMMON   BANK0   BANK1   BANK2   BANK3   BANK4   BANK5   BANK6   BANK7   BANK8   BANK9  BANK10  BANK11  BANK12
      Params:         0       0       0       0       0       0       0       0       0       0       0       0       0       0
      Locals:         0       0       0       0       0       0       0       0       0       0       0       0       0       0
      Temps:          2       0       0       0       0       0       0       0       0       0       0       0       0       0
      Totals:         2       0       0       0       0       0       0       0       0       0       0       0       0       0
Total ram usage:        2 bytes
 Hardware stack levels used:    1
 This function calls:
		Nothing
 This function is called by:
		_Menus
		_TMR1_ISR
 This function uses a non-reentrant model


 *************** function _TMR1_DefaultInterruptHandler *****************
 Defined at:
		line 182 in file "mcc_generated_files/tmr1.c"
 Parameters:    Size  Location     Type
		None
 Auto vars:     Size  Location     Type
		None
 Return value:  Size  Location     Type
                  1    wreg      void 
 Registers used:
		None
 Tracked objects:
		On entry : 
		On exit  : 
		Unchanged: 
 Data sizes:     COMMON   BANK0   BANK1   BANK2   BANK3   BANK4   BANK5   BANK6   BANK7   BANK8   BANK9  BANK10  BANK11  BANK12
      Params:         0       0       0       0       0       0       0       0       0       0       0       0       0       0
      Locals:         0       0       0       0       0       0       0       0       0       0       0       0       0       0
      Temps:          0       0       0       0       0       0       0       0       0       0       0       0       0       0
      Totals:         0       0       0       0       0       0       0       0       0       0       0       0       0       0
Total ram usage:        0 bytes
 Hardware stack levels used:    1
 This function calls:
		Nothing
 This function is called by:
		_TMR1_Initialize
		_TMR1_ISR
 This function uses a non-reentrant model


 *************** function _Timer *****************
 Defined at:
		line 81 in file "main.c"
 Parameters:    Size  Location     Type
		None
 Auto vars:     Size  Location     Type
		None
 Return value:  Size  Location     Type
                  1    wreg      void 
 Registers used:
		wreg, status,2, status,0
 Tracked objects:
		On entry : 
		On exit  : 
		Unchanged: 
 Data sizes:     COMMON   BANK0   BANK1   BANK2   BANK3   BANK4   BANK5   BANK6   BANK7   BANK8   BANK9  BANK10  BANK11  BANK12
      Params:         0       0       0       0       0       0       0       0       0       0       0       0       0       0
      Locals:         0       0       0       0       0       0       0       0       0       0       0       0       0       0
      Temps:          3       0       0       0       0       0       0       0       0       0       0       0       0       0
      Totals:         3       0       0       0       0       0       0       0       0       0       0       0       0       0
Total ram usage:        3 bytes
 Hardware stack levels used:    1
 This function calls:
		Nothing
 This function is called by:
		_main
		_TMR1_ISR
 This function uses a non-reentrant model


 *************** function _TMR1_WriteTimer *****************
 Defined at:
		line 127 in file "mcc_generated_files/tmr1.c"
 Parameters:    Size  Location     Type
  timerVal        2    0[COMMON] unsigned short 
 Auto vars:     Size  Location     Type
		None
 Return value:  Size  Location     Type
                  1    wreg      void 
 Registers used:
		wreg, status,2
 Tracked objects:
		On entry : 
		On exit  : 
		Unchanged: 
 Data sizes:     COMMON   BANK0   BANK1   BANK2   BANK3   BANK4   BANK5   BANK6   BANK7   BANK8   BANK9  BANK10  BANK11  BANK12
      Params:         2       0       0       0       0       0       0       0       0       0       0       0       0       0
      Locals:         0       0       0       0       0       0       0       0       0       0       0       0       0       0
      Temps:          0       0       0       0       0       0       0       0       0       0       0       0       0       0
      Totals:         2       0       0       0       0       0       0       0       0       0       0       0       0       0
Total ram usage:        2 bytes
 Hardware stack levels used:    1
 This function calls:
		Nothing
 This function is called by:
		_TMR1_ISR
		_TMR1_Reload
 This function uses a non-reentrant model


 *************** function _INT_ISR *****************
 Defined at:
		line 32 in file "mcc_generated_files/ext_int.c"
 Parameters:    Size  Location     Type
		None
 Auto vars:     Size  Location     Type
		None
 Return value:  Size  Location     Type
                  1    wreg      void 
 Registers used:
		wreg, status,2, status,0, pclath, cstack
 Tracked objects:
		On entry : 
		On exit  : 
		Unchanged: 
 Data sizes:     COMMON   BANK0   BANK1   BANK2   BANK3   BANK4   BANK5   BANK6   BANK7   BANK8   BANK9  BANK10  BANK11  BANK12
      Params:         0       0       0       0       0       0       0       0       0       0       0       0       0       0
      Locals:         0       0       0       0       0       0       0       0       0       0       0       0       0       0
      Temps:          0       0       0       0       0       0       0       0       0       0       0       0       0       0
      Totals:         0       0       0       0       0       0       0       0       0       0       0       0       0       0
Total ram usage:        0 bytes
 Hardware stack levels used:    1
 Hardware stack levels required when called:    4
 This function calls:
		_INT_CallBack
 This function is called by:
		_INTERRUPT_InterruptManager
 This function uses a non-reentrant model


 *************** function _INT_CallBack *****************
 Defined at:
		line 41 in file "mcc_generated_files/ext_int.c"
 Parameters:    Size  Location     Type
		None
 Auto vars:     Size  Location     Type
		None
 Return value:  Size  Location     Type
                  1    wreg      void 
 Registers used:
		wreg, status,2, status,0, pclath, cstack
 Tracked objects:
		On entry : 
		On exit  : 
		Unchanged: 
 Data sizes:     COMMON   BANK0   BANK1   BANK2   BANK3   BANK4   BANK5   BANK6   BANK7   BANK8   BANK9  BANK10  BANK11  BANK12
      Params:         0       0       0       0       0       0       0       0       0       0       0       0       0       0
      Locals:         0       0       0       0       0       0       0       0       0       0       0       0       0       0
      Temps:          0       0       0       0       0       0       0       0       0       0       0       0       0       0
      Totals:         0       0       0       0       0       0       0       0       0       0       0       0       0       0
Total ram usage:        0 bytes
 Hardware stack levels used:    1
 Hardware stack levels required when called:    3
 This function calls:
		Absolute function
		_INT_DefaultInterruptHandler
		_Switch1
 This function is called by:
		_INT_ISR
 This function uses a non-reentrant model


 *************** function _INT_DefaultInterruptHandler *****************
 Defined at:
		line 54 in file "mcc_generated_files/ext_int.c"
 Parameters:    Size  Location     Type
		None
 Auto vars:     Size  Location     Type
		None
 Return value:  Size  Location     Type
                  1    wreg      void 
 Registers used:
		None
 Tracked objects:
		On entry : 
		On exit  : 
		Unchanged: 
 Data sizes:     COMMON   BANK0   BANK1   BANK2   BANK3   BANK4   BANK5   BANK6   BANK7   BANK8   BANK9  BANK10  BANK11  BANK12
      Params:         0       0       0       0       0       0       0       0       0       0       0       0       0       0
      Locals:         0       0       0       0       0       0       0       0       0       0       0       0       0       0
      Temps:          0       0       0       0       0       0       0       0       0       0       0       0       0       0
      Totals:         0       0       0       0       0       0       0       0       0       0       0       0       0       0
Total ram usage:        0 bytes
 Hardware stack levels used:    1
 This function calls:
		Nothing
 This function is called by:
		_EXT_INT_Initialize
		_INT_CallBack
 This function uses a non-reentrant model


 *************** function _Switch1 *****************
 Defined at:
		line 118 in file "main.c"
 Parameters:    Size  Location     Type
		None
 Auto vars:     Size  Location     Type
		None
 Return value:  Size  Location     Type
                  1    wreg      void 
 Registers used:
		wreg, status,2, status,0, pclath, cstack
 Tracked objects:
		On entry : 
		On exit  : 
		Unchanged: 
 Data sizes:     COMMON   BANK0   BANK1   BANK2   BANK3   BANK4   BANK5   BANK6   BANK7   BANK8   BANK9  BANK10  BANK11  BANK12
      Params:         0       0       0       0       0       0       0       0       0       0       0       0       0       0
      Locals:         0       0       0       0       0       0       0       0       0       0       0       0       0       0
      Temps:          1       0       0       0       0       0       0       0       0       0       0       0       0       0
      Totals:         1       0       0       0       0       0       0       0       0       0       0       0       0       0
Total ram usage:        1 bytes
 Hardware stack levels used:    1
 Hardware stack levels required when called:    2
 This function calls:
		_ClearAlarm
 This function is called by:
		_main
		_INT_CallBack
 This function uses a non-reentrant model


 *************** function _ClearAlarm *****************
 Defined at:
		line 112 in file "main.c"
 Parameters:    Size  Location     Type
		None
 Auto vars:     Size  Location     Type
		None
 Return value:  Size  Location     Type
                  1    wreg      void 
 Registers used:
		wreg, status,2, status,0, pclath, cstack
 Tracked objects:
		On entry : 
		On exit  : 
		Unchanged: 
 Data sizes:     COMMON   BANK0   BANK1   BANK2   BANK3   BANK4   BANK5   BANK6   BANK7   BANK8   BANK9  BANK10  BANK11  BANK12
      Params:         0       0       0       0       0       0       0       0       0       0       0       0       0       0
      Locals:         0       0       0       0       0       0       0       0       0       0       0       0       0       0
      Temps:          0       0       0       0       0       0       0       0       0       0       0       0       0       0
      Totals:         0       0       0       0       0       0       0       0       0       0       0       0       0       0
Total ram usage:        0 bytes
 Hardware stack levels used:    1
 Hardware stack levels required when called:    1
 This function calls:
		_PWM_Output_D4_Disable
		_TMR2_Stop
 This function is called by:
		_Switch1
 This function uses a non-reentrant model


 *************** function _TMR2_Stop *****************
 Defined at:
		line 119 in file "mcc_generated_files/tmr2.c"
 Parameters:    Size  Location     Type
		None
 Auto vars:     Size  Location     Type
		None
 Return value:  Size  Location     Type
                  1    wreg      void 
 Registers used:
		None
 Tracked objects:
		On entry : 
		On exit  : 
		Unchanged: 
 Data sizes:     COMMON   BANK0   BANK1   BANK2   BANK3   BANK4   BANK5   BANK6   BANK7   BANK8   BANK9  BANK10  BANK11  BANK12
      Params:         0       0       0       0       0       0       0       0       0       0       0       0       0       0
      Locals:         0       0       0       0       0       0       0       0       0       0       0       0       0       0
      Temps:          0       0       0       0       0       0       0       0       0       0       0       0       0       0
      Totals:         0       0       0       0       0       0       0       0       0       0       0       0       0       0
Total ram usage:        0 bytes
 Hardware stack levels used:    1
 This function calls:
		Nothing
 This function is called by:
		_ClearAlarm
		_TMR2_StopTimer
 This function uses a non-reentrant model


 *************** function _PWM_Output_D4_Disable *****************
 Defined at:
		line 57 in file "utils.c"
 Parameters:    Size  Location     Type
		None
 Auto vars:     Size  Location     Type
		None
 Return value:  Size  Location     Type
                  1    wreg      void 
 Registers used:
		wreg, status,2
 Tracked objects:
		On entry : 
		On exit  : 
		Unchanged: 
 Data sizes:     COMMON   BANK0   BANK1   BANK2   BANK3   BANK4   BANK5   BANK6   BANK7   BANK8   BANK9  BANK10  BANK11  BANK12
      Params:         0       0       0       0       0       0       0       0       0       0       0       0       0       0
      Locals:         0       0       0       0       0       0       0       0       0       0       0       0       0       0
      Temps:          0       0       0       0       0       0       0       0       0       0       0       0       0       0
      Totals:         0       0       0       0       0       0       0       0       0       0       0       0       0       0
Total ram usage:        0 bytes
 Hardware stack levels used:    1
 This function calls:
		Nothing
 This function is called by:
		_ClearAlarm
 This function uses a non-reentrant model



MODULE INFORMATION

Module		Function		Class		Link	Load	Size
/Applications/microchip/xc8/v2.10/pic/sources/c99/common/awdiv.c
		___awdiv       		CODE           	0310	0000	97

/Applications/microchip/xc8/v2.10/pic/sources/c99/common/awdiv.c estimated size: 97

mcc_generated_files/pwm6.c
		_PWM6_LoadDutyValue		CODE           	07D5	0000	23
		_PWM6_Initialize		CODE           	0F75	0000	14

mcc_generated_files/pwm6.c estimated size: 37

/Applications/microchip/xc8/v2.10/pic/sources/c99/common/Umul8.c
		___bmul        		CODE           	07EB	0000	22

/Applications/microchip/xc8/v2.10/pic/sources/c99/common/Umul8.c estimated size: 22

mcc_generated_files/tmr2.c
		_TMR2_ISR      		CODE           	0EAC	0000	7
		_TMR2_Initialize		CODE           	07A9	0000	23
		_TMR2_Stop     		CODE           	0E91	0000	4
		_TMR2_Start    		CODE           	0E94	0000	4
		_TMR2_SetInterruptHandler		CODE           	0EBE	0000	7
		_TMR2_DefaultInterruptHandler		CODE           	0E90	0000	2
		_TMR2_CallBack 		CODE           	0F5B	0000	14
		_TMR2_StartTimer		CODE           	0E9D	0000	5

mcc_generated_files/tmr2.c estimated size: 66

mcc_generated_files/interrupt_manager.c
		_INTERRUPT_InterruptManager		CODE           	0004	0000	64

mcc_generated_files/interrupt_manager.c estimated size: 64

mcc_generated_files/pin_manager.c
		_PIN_MANAGER_Initialize		CODE           	050C	0000	72

mcc_generated_files/pin_manager.c estimated size: 72

I2C/i2c.c
		_ReadI2C       		CODE           	072F	0000	27
		_WriteI2C      		CODE           	0478	0000	76

I2C/i2c.c estimated size: 103

menus.c
		_submenu_temp  		CODE           	03CC	0000	89
		_submenu_clock 		CODE           	0142	0000	182
		_submenu_alarm 		CODE           	0F2A	0000	13
		_submenu_illum 		CODE           	0F82	0000	15
		_Blink         		CODE           	04C3	0000	74
		_Menus         		CODE           	0596	0000	65
		_Update        		CODE           	0645	0000	43
		_Menu          		CODE           	0610	0000	54

menus.c estimated size: 535

eeprom.c
		_read_pmon     		CODE           	0EF2	0000	9
		_eeprom_clk_update		CODE           	0749	0000	27
		_read_tala     		CODE           	0EFA	0000	9
		_read_alaf     		CODE           	0ED2	0000	9
		_read_alal     		CODE           	0EDA	0000	9
		_read_alat     		CODE           	0EE2	0000	9
		_used          		CODE           	0FAE	0000	16
		_read_nreg     		CODE           	0EEA	0000	9
		_eeprom_setup  		CODE           	0295	0000	124
		_ring_buffer_write		CODE           	01F7	0000	159

eeprom.c estimated size: 380

/Applications/microchip/xc8/v2.10/pic/sources/c99/common/Umul16.c
		___wmul        		CODE           	0695	0000	35

/Applications/microchip/xc8/v2.10/pic/sources/c99/common/Umul16.c estimated size: 35

mcc_generated_files/ext_int.c
		_INT_DefaultInterruptHandler		CODE           	0E8E	0000	2
		_EXT_INT_Initialize		CODE           	0F68	0000	14
		_INT_SetInterruptHandler		CODE           	0EB8	0000	7
		_INT_CallBack  		CODE           	0F4E	0000	14
		_INT_ISR       		CODE           	0EA6	0000	7

mcc_generated_files/ext_int.c estimated size: 44

shared
		__initialization		CODE           	0045	0000	26

shared estimated size: 26

mcc_generated_files/mcc.c
		_PMD_Initialize		CODE           	0ECA	0000	9
		_OSCILLATOR_Initialize		CODE           	0F0B	0000	10
		_SYSTEM_Initialize		CODE           	0763	0000	26

mcc_generated_files/mcc.c estimated size: 45

/Applications/microchip/xc8/v2.10/pic/sources/c99/common/awmod.c
		___awmod       		CODE           	0424	0000	85

/Applications/microchip/xc8/v2.10/pic/sources/c99/common/awmod.c estimated size: 85

mcc_generated_files/tmr1.c
		_TMR1_Initialize		CODE           	06B7	0000	31
		_TMR1_SetInterruptHandler		CODE           	0EB2	0000	7
		_TMR1_StopTimer		CODE           	0E9A	0000	4
		_TMR1_DefaultInterruptHandler		CODE           	0E8F	0000	2
		_TMR1_WriteTimer		CODE           	0FDD	0000	18
		_TMR1_StartTimer		CODE           	0E97	0000	4
		_TMR1_ISR      		CODE           	077C	0000	24

mcc_generated_files/tmr1.c estimated size: 90

utils.c
		_ReadTemp      		CODE           	0002	0000	3
		_PWM_Output_D4_Disable		CODE           	0F90	0000	16
		_eeprom_default_setup		CODE           	066F	0000	39
		_PWM_Output_D4_Enable		CODE           	0FBD	0000	17
		_update_clk    		CODE           	0F14	0000	11
		_ring_buffer   		CODE           	0793	0000	23
		_ReadIllum     		CODE           	0FCD	0000	17
		_checkButtonS1 		CODE           	0711	0000	31
		_checkButtonS2 		CODE           	06F3	0000	31
		_ShowOnLEDs    		CODE           	0F1E	0000	13
		_load_eeprom   		CODE           	05D6	0000	59

utils.c estimated size: 260

mcc_generated_files/memory.c
		_DATAEE_WriteByte		CODE           	06D5	0000	31
		_DATAEE_ReadByte		CODE           	0F42	0000	13

mcc_generated_files/memory.c estimated size: 44

mcc_generated_files/i2c1_driver.c
		_i2c1_driver_open		CODE           	0F36	0000	13

mcc_generated_files/i2c1_driver.c estimated size: 13

mcc_generated_files/adcc.c
		_ADCC_GetSingleConversion		CODE           	0FEE	0000	19
		_ADCC_Initialize		CODE           	07BF	0000	23

mcc_generated_files/adcc.c estimated size: 42

main.c
		_ClearAlarm    		CODE           	0F02	0000	10
		_Timer         		CODE           	0370	0000	93
		_main          		CODE           	0062	0000	225
		_Switch1       		CODE           	0F9F	0000	16
		_Alarm         		CODE           	0553	0000	68

main.c estimated size: 412

